------------------------------------------------------------
Timing Analyzer Summary
------------------------------------------------------------

Type  : Slow 1100mV 85C Model Setup 'clk'
Slack : -3.519
TNS   : -41006.030

Type  : Slow 1100mV 85C Model Hold 'clk'
Slack : 0.252
TNS   : 0.000

Type  : Slow 1100mV 85C Model Recovery 'clk'
Slack : -0.938
TNS   : -7.276

Type  : Slow 1100mV 85C Model Removal 'clk'
Slack : 1.267
TNS   : 0.000

Type  : Slow 1100mV 85C Model Minimum Pulse Width 'clk'
Slack : 3.600
TNS   : 0.000

Type  : Slow 1100mV 0C Model Setup 'clk'
Slack : -2.753
TNS   : -22915.773

Type  : Slow 1100mV 0C Model Hold 'clk'
Slack : 0.241
TNS   : 0.000

Type  : Slow 1100mV 0C Model Recovery 'clk'
Slack : -0.413
TNS   : -3.066

Type  : Slow 1100mV 0C Model Removal 'clk'
Slack : 1.718
TNS   : 0.000

Type  : Slow 1100mV 0C Model Minimum Pulse Width 'clk'
Slack : 3.548
TNS   : 0.000

Type  : Fast 1100mV 85C Model Setup 'clk'
Slack : 2.679
TNS   : 0.000

Type  : Fast 1100mV 85C Model Hold 'clk'
Slack : 0.130
TNS   : 0.000

Type  : Fast 1100mV 85C Model Recovery 'clk'
Slack : 3.590
TNS   : 0.000

Type  : Fast 1100mV 85C Model Removal 'clk'
Slack : 1.339
TNS   : 0.000

Type  : Fast 1100mV 85C Model Minimum Pulse Width 'clk'
Slack : 3.795
TNS   : 0.000

Type  : Fast 1100mV 0C Model Setup 'clk'
Slack : 3.572
TNS   : 0.000

Type  : Fast 1100mV 0C Model Hold 'clk'
Slack : 0.119
TNS   : 0.000

Type  : Fast 1100mV 0C Model Recovery 'clk'
Slack : 4.369
TNS   : 0.000

Type  : Fast 1100mV 0C Model Removal 'clk'
Slack : 1.085
TNS   : 0.000

Type  : Fast 1100mV 0C Model Minimum Pulse Width 'clk'
Slack : 3.773
TNS   : 0.000

------------------------------------------------------------
