TBBmalloc: skip allocation functions replacement in ucrtbase.dll: unknown prologue for function _msize
Info: *******************************************************************
Info: Running Quartus Prime Fitter
    Info: Version 25.1std.0 Build 1129 10/21/2025 SC Lite Edition
    Info: Copyright (C) 2025  Altera Corporation. All rights reserved.
    Info: Your use of Altera Corporation's design tools, logic functions 
    Info: and other software and tools, and any partner logic 
    Info: functions, and any output files from any of the foregoing 
    Info: (including device programming or simulation files), and any 
    Info: associated documentation or information are expressly subject 
    Info: to the terms and conditions of the Altera Program License 
    Info: Subscription Agreement, the Altera Quartus Prime License Agreement,
    Info: the Altera IP License Agreement, or other applicable license
    Info: agreement, including, without limitation, that your use is for
    Info: the sole purpose of programming logic devices manufactured by
    Info: Altera and sold by Altera or its authorized distributors.  Please
    Info: refer to the Altera Software License Subscription Agreements 
    Info: on the Quartus Prime software download page.
    Info: Processing started: Sun Oct  4 13:37:44 2026
Info: Command: quartus_fit --read_settings_files=on --write_settings_files=off llm_soc -c llm_soc
Info: qfit2_default_script.tcl version: #1
Info: Project  = llm_soc
Info: Revision = llm_soc
Info (20030): Parallel compilation is enabled and will use 16 of the 16 processors detected
Info (119006): Selected device 5CGXFC9E6F35C7 for design "llm_soc"
Info (21077): Low junction temperature is 0 degrees C
Info (21077): High junction temperature is 85 degrees C
Info (171004): Fitter is performing a Standard Fit compilation using maximum Fitter effort to optimize design performance
Warning (292013): Feature LogicLock is only available with a valid subscription license. You can purchase a software subscription to gain full access to this feature.
Warning (15714): Some pins have incomplete I/O assignments. Refer to the I/O Assignment Warnings report for details
Info (176045): Design uses memory blocks. Violating setup or hold times of memory block address registers for either read or write operations could cause memory contents to be corrupted. Make sure that all memory block address registers meet the setup and hold time requirements.
Critical Warning (169085): No exact pin location assignment(s) for 125 pins of 127 total pins. For the list of pins please refer to the I/O Assignment Warnings table in the fitter report.
Info (184025): 59 differential I/O pins do not have complementary pins. As a result, the Fitter automatically creates the complementary pins.
    Info (184026): differential I/O pin "instr_debug[0]" does not have a complementary pin. As a result, the Fitter automatically creates the complementary pin "instr_debug[0](n)". File: D:/2151097_Nguyen Nhut Khanh/Verilog Source code/llm_soc.sv Line: 467
    Info (184026): differential I/O pin "instr_debug[1]" does not have a complementary pin. As a result, the Fitter automatically creates the complementary pin "instr_debug[1](n)". File: D:/2151097_Nguyen Nhut Khanh/Verilog Source code/llm_soc.sv Line: 467
    Info (184026): differential I/O pin "instr_debug[2]" does not have a complementary pin. As a result, the Fitter automatically creates the complementary pin "instr_debug[2](n)". File: D:/2151097_Nguyen Nhut Khanh/Verilog Source code/llm_soc.sv Line: 467
    Info (184026): differential I/O pin "instr_debug[3]" does not have a complementary pin. As a result, the Fitter automatically creates the complementary pin "instr_debug[3](n)". File: D:/2151097_Nguyen Nhut Khanh/Verilog Source code/llm_soc.sv Line: 467
    Info (184026): differential I/O pin "instr_debug[4]" does not have a complementary pin. As a result, the Fitter automatically creates the complementary pin "instr_debug[4](n)". File: D:/2151097_Nguyen Nhut Khanh/Verilog Source code/llm_soc.sv Line: 467
    Info (184026): differential I/O pin "instr_debug[5]" does not have a complementary pin. As a result, the Fitter automatically creates the complementary pin "instr_debug[5](n)". File: D:/2151097_Nguyen Nhut Khanh/Verilog Source code/llm_soc.sv Line: 467
    Info (184026): differential I/O pin "instr_debug[6]" does not have a complementary pin. As a result, the Fitter automatically creates the complementary pin "instr_debug[6](n)". File: D:/2151097_Nguyen Nhut Khanh/Verilog Source code/llm_soc.sv Line: 467
    Info (184026): differential I/O pin "instr_debug[7]" does not have a complementary pin. As a result, the Fitter automatically creates the complementary pin "instr_debug[7](n)". File: D:/2151097_Nguyen Nhut Khanh/Verilog Source code/llm_soc.sv Line: 467
    Info (184026): differential I/O pin "instr_debug[8]" does not have a complementary pin. As a result, the Fitter automatically creates the complementary pin "instr_debug[8](n)". File: D:/2151097_Nguyen Nhut Khanh/Verilog Source code/llm_soc.sv Line: 467
    Info (184026): differential I/O pin "instr_debug[9]" does not have a complementary pin. As a result, the Fitter automatically creates the complementary pin "instr_debug[9](n)". File: D:/2151097_Nguyen Nhut Khanh/Verilog Source code/llm_soc.sv Line: 467
    Info (184026): differential I/O pin "instr_debug[10]" does not have a complementary pin. As a result, the Fitter automatically creates the complementary pin "instr_debug[10](n)". File: D:/2151097_Nguyen Nhut Khanh/Verilog Source code/llm_soc.sv Line: 467
    Info (184026): differential I/O pin "instr_debug[11]" does not have a complementary pin. As a result, the Fitter automatically creates the complementary pin "instr_debug[11](n)". File: D:/2151097_Nguyen Nhut Khanh/Verilog Source code/llm_soc.sv Line: 467
    Info (184026): differential I/O pin "host_ready" does not have a complementary pin. As a result, the Fitter automatically creates the complementary pin "host_ready(n)". File: D:/2151097_Nguyen Nhut Khanh/Verilog Source code/llm_soc.sv Line: 7
    Info (184026): differential I/O pin "running" does not have a complementary pin. As a result, the Fitter automatically creates the complementary pin "running(n)". File: D:/2151097_Nguyen Nhut Khanh/Verilog Source code/llm_soc.sv Line: 7
    Info (184026): differential I/O pin "ready" does not have a complementary pin. As a result, the Fitter automatically creates the complementary pin "ready(n)". File: D:/2151097_Nguyen Nhut Khanh/Verilog Source code/llm_soc.sv Line: 7
    Info (184026): differential I/O pin "pc_debug[0]" does not have a complementary pin. As a result, the Fitter automatically creates the complementary pin "pc_debug[0](n)". File: D:/2151097_Nguyen Nhut Khanh/Verilog Source code/llm_soc.sv Line: 467
    Info (184026): differential I/O pin "pc_debug[1]" does not have a complementary pin. As a result, the Fitter automatically creates the complementary pin "pc_debug[1](n)". File: D:/2151097_Nguyen Nhut Khanh/Verilog Source code/llm_soc.sv Line: 467
    Info (184026): differential I/O pin "pc_debug[2]" does not have a complementary pin. As a result, the Fitter automatically creates the complementary pin "pc_debug[2](n)". File: D:/2151097_Nguyen Nhut Khanh/Verilog Source code/llm_soc.sv Line: 467
    Info (184026): differential I/O pin "pc_debug[3]" does not have a complementary pin. As a result, the Fitter automatically creates the complementary pin "pc_debug[3](n)". File: D:/2151097_Nguyen Nhut Khanh/Verilog Source code/llm_soc.sv Line: 467
    Info (184026): differential I/O pin "pc_debug[4]" does not have a complementary pin. As a result, the Fitter automatically creates the complementary pin "pc_debug[4](n)". File: D:/2151097_Nguyen Nhut Khanh/Verilog Source code/llm_soc.sv Line: 467
    Info (184026): differential I/O pin "pc_debug[5]" does not have a complementary pin. As a result, the Fitter automatically creates the complementary pin "pc_debug[5](n)". File: D:/2151097_Nguyen Nhut Khanh/Verilog Source code/llm_soc.sv Line: 467
    Info (184026): differential I/O pin "pc_debug[6]" does not have a complementary pin. As a result, the Fitter automatically creates the complementary pin "pc_debug[6](n)". File: D:/2151097_Nguyen Nhut Khanh/Verilog Source code/llm_soc.sv Line: 467
    Info (184026): differential I/O pin "host_rdata[0]" does not have a complementary pin. As a result, the Fitter automatically creates the complementary pin "host_rdata[0](n)". File: D:/2151097_Nguyen Nhut Khanh/Verilog Source code/llm_soc.sv Line: 410
    Info (184026): differential I/O pin "host_rdata[1]" does not have a complementary pin. As a result, the Fitter automatically creates the complementary pin "host_rdata[1](n)". File: D:/2151097_Nguyen Nhut Khanh/Verilog Source code/llm_soc.sv Line: 410
    Info (184026): differential I/O pin "host_rdata[2]" does not have a complementary pin. As a result, the Fitter automatically creates the complementary pin "host_rdata[2](n)". File: D:/2151097_Nguyen Nhut Khanh/Verilog Source code/llm_soc.sv Line: 410
    Info (184026): differential I/O pin "host_rdata[3]" does not have a complementary pin. As a result, the Fitter automatically creates the complementary pin "host_rdata[3](n)". File: D:/2151097_Nguyen Nhut Khanh/Verilog Source code/llm_soc.sv Line: 410
    Info (184026): differential I/O pin "host_rdata[4]" does not have a complementary pin. As a result, the Fitter automatically creates the complementary pin "host_rdata[4](n)". File: D:/2151097_Nguyen Nhut Khanh/Verilog Source code/llm_soc.sv Line: 410
    Info (184026): differential I/O pin "host_rdata[5]" does not have a complementary pin. As a result, the Fitter automatically creates the complementary pin "host_rdata[5](n)". File: D:/2151097_Nguyen Nhut Khanh/Verilog Source code/llm_soc.sv Line: 410
    Info (184026): differential I/O pin "host_rdata[6]" does not have a complementary pin. As a result, the Fitter automatically creates the complementary pin "host_rdata[6](n)". File: D:/2151097_Nguyen Nhut Khanh/Verilog Source code/llm_soc.sv Line: 410
    Info (184026): differential I/O pin "host_rdata[7]" does not have a complementary pin. As a result, the Fitter automatically creates the complementary pin "host_rdata[7](n)". File: D:/2151097_Nguyen Nhut Khanh/Verilog Source code/llm_soc.sv Line: 410
    Info (184026): differential I/O pin "host_rdata[8]" does not have a complementary pin. As a result, the Fitter automatically creates the complementary pin "host_rdata[8](n)". File: D:/2151097_Nguyen Nhut Khanh/Verilog Source code/llm_soc.sv Line: 410
    Info (184026): differential I/O pin "host_rdata[9]" does not have a complementary pin. As a result, the Fitter automatically creates the complementary pin "host_rdata[9](n)". File: D:/2151097_Nguyen Nhut Khanh/Verilog Source code/llm_soc.sv Line: 410
    Info (184026): differential I/O pin "host_rdata[10]" does not have a complementary pin. As a result, the Fitter automatically creates the complementary pin "host_rdata[10](n)". File: D:/2151097_Nguyen Nhut Khanh/Verilog Source code/llm_soc.sv Line: 410
    Info (184026): differential I/O pin "host_rdata[11]" does not have a complementary pin. As a result, the Fitter automatically creates the complementary pin "host_rdata[11](n)". File: D:/2151097_Nguyen Nhut Khanh/Verilog Source code/llm_soc.sv Line: 410
    Info (184026): differential I/O pin "host_rdata[12]" does not have a complementary pin. As a result, the Fitter automatically creates the complementary pin "host_rdata[12](n)". File: D:/2151097_Nguyen Nhut Khanh/Verilog Source code/llm_soc.sv Line: 410
    Info (184026): differential I/O pin "host_rdata[13]" does not have a complementary pin. As a result, the Fitter automatically creates the complementary pin "host_rdata[13](n)". File: D:/2151097_Nguyen Nhut Khanh/Verilog Source code/llm_soc.sv Line: 410
    Info (184026): differential I/O pin "host_rdata[14]" does not have a complementary pin. As a result, the Fitter automatically creates the complementary pin "host_rdata[14](n)". File: D:/2151097_Nguyen Nhut Khanh/Verilog Source code/llm_soc.sv Line: 410
    Info (184026): differential I/O pin "host_rdata[15]" does not have a complementary pin. As a result, the Fitter automatically creates the complementary pin "host_rdata[15](n)". File: D:/2151097_Nguyen Nhut Khanh/Verilog Source code/llm_soc.sv Line: 410
    Info (184026): differential I/O pin "host_rdata[16]" does not have a complementary pin. As a result, the Fitter automatically creates the complementary pin "host_rdata[16](n)". File: D:/2151097_Nguyen Nhut Khanh/Verilog Source code/llm_soc.sv Line: 410
    Info (184026): differential I/O pin "host_rdata[17]" does not have a complementary pin. As a result, the Fitter automatically creates the complementary pin "host_rdata[17](n)". File: D:/2151097_Nguyen Nhut Khanh/Verilog Source code/llm_soc.sv Line: 410
    Info (184026): differential I/O pin "host_rdata[18]" does not have a complementary pin. As a result, the Fitter automatically creates the complementary pin "host_rdata[18](n)". File: D:/2151097_Nguyen Nhut Khanh/Verilog Source code/llm_soc.sv Line: 410
    Info (184026): differential I/O pin "host_rdata[19]" does not have a complementary pin. As a result, the Fitter automatically creates the complementary pin "host_rdata[19](n)". File: D:/2151097_Nguyen Nhut Khanh/Verilog Source code/llm_soc.sv Line: 410
    Info (184026): differential I/O pin "host_rdata[20]" does not have a complementary pin. As a result, the Fitter automatically creates the complementary pin "host_rdata[20](n)". File: D:/2151097_Nguyen Nhut Khanh/Verilog Source code/llm_soc.sv Line: 410
    Info (184026): differential I/O pin "host_rdata[21]" does not have a complementary pin. As a result, the Fitter automatically creates the complementary pin "host_rdata[21](n)". File: D:/2151097_Nguyen Nhut Khanh/Verilog Source code/llm_soc.sv Line: 410
    Info (184026): differential I/O pin "host_rdata[22]" does not have a complementary pin. As a result, the Fitter automatically creates the complementary pin "host_rdata[22](n)". File: D:/2151097_Nguyen Nhut Khanh/Verilog Source code/llm_soc.sv Line: 410
    Info (184026): differential I/O pin "host_rdata[23]" does not have a complementary pin. As a result, the Fitter automatically creates the complementary pin "host_rdata[23](n)". File: D:/2151097_Nguyen Nhut Khanh/Verilog Source code/llm_soc.sv Line: 410
    Info (184026): differential I/O pin "host_rdata[24]" does not have a complementary pin. As a result, the Fitter automatically creates the complementary pin "host_rdata[24](n)". File: D:/2151097_Nguyen Nhut Khanh/Verilog Source code/llm_soc.sv Line: 410
    Info (184026): differential I/O pin "host_rdata[25]" does not have a complementary pin. As a result, the Fitter automatically creates the complementary pin "host_rdata[25](n)". File: D:/2151097_Nguyen Nhut Khanh/Verilog Source code/llm_soc.sv Line: 410
    Info (184026): differential I/O pin "host_rdata[26]" does not have a complementary pin. As a result, the Fitter automatically creates the complementary pin "host_rdata[26](n)". File: D:/2151097_Nguyen Nhut Khanh/Verilog Source code/llm_soc.sv Line: 410
    Info (184026): differential I/O pin "host_rdata[27]" does not have a complementary pin. As a result, the Fitter automatically creates the complementary pin "host_rdata[27](n)". File: D:/2151097_Nguyen Nhut Khanh/Verilog Source code/llm_soc.sv Line: 410
    Info (184026): differential I/O pin "host_rdata[28]" does not have a complementary pin. As a result, the Fitter automatically creates the complementary pin "host_rdata[28](n)". File: D:/2151097_Nguyen Nhut Khanh/Verilog Source code/llm_soc.sv Line: 410
    Info (184026): differential I/O pin "host_rdata[29]" does not have a complementary pin. As a result, the Fitter automatically creates the complementary pin "host_rdata[29](n)". File: D:/2151097_Nguyen Nhut Khanh/Verilog Source code/llm_soc.sv Line: 410
    Info (184026): differential I/O pin "host_rdata[30]" does not have a complementary pin. As a result, the Fitter automatically creates the complementary pin "host_rdata[30](n)". File: D:/2151097_Nguyen Nhut Khanh/Verilog Source code/llm_soc.sv Line: 410
    Info (184026): differential I/O pin "host_rdata[31]" does not have a complementary pin. As a result, the Fitter automatically creates the complementary pin "host_rdata[31](n)". File: D:/2151097_Nguyen Nhut Khanh/Verilog Source code/llm_soc.sv Line: 410
    Info (184026): differential I/O pin "error" does not have a complementary pin. As a result, the Fitter automatically creates the complementary pin "error(n)". File: D:/2151097_Nguyen Nhut Khanh/Verilog Source code/llm_soc.sv Line: 7
    Info (184026): differential I/O pin "overflow_out" does not have a complementary pin. As a result, the Fitter automatically creates the complementary pin "overflow_out(n)". File: D:/2151097_Nguyen Nhut Khanh/Verilog Source code/llm_soc.sv Line: 7
    Info (184026): differential I/O pin "pc_debug[7]" does not have a complementary pin. As a result, the Fitter automatically creates the complementary pin "pc_debug[7](n)". File: D:/2151097_Nguyen Nhut Khanh/Verilog Source code/llm_soc.sv Line: 467
    Info (184026): differential I/O pin "pc_debug[8]" does not have a complementary pin. As a result, the Fitter automatically creates the complementary pin "pc_debug[8](n)". File: D:/2151097_Nguyen Nhut Khanh/Verilog Source code/llm_soc.sv Line: 467
    Info (184026): differential I/O pin "instr_debug[12]" does not have a complementary pin. As a result, the Fitter automatically creates the complementary pin "instr_debug[12](n)". File: D:/2151097_Nguyen Nhut Khanh/Verilog Source code/llm_soc.sv Line: 467
Info (184020): Starting Fitter periphery placement operations
Info (11178): Promoted 1 clock (1 global)
    Info (11162): clk~inputCLKENA0 with 48554 fanout uses global clock CLKCTRL_G4
Info (11191): Automatically promoted 1 clock (1 global)
    Info (11162): rst_n~inputCLKENA0 with 1225 fanout uses global clock CLKCTRL_G9
Info (184021): Fitter periphery placement operations ending: elapsed time is 00:00:11
Info (176233): Starting register packing
Info (332104): Reading SDC File: 'llm_soc.sdc'
Info (332151): Clock uncertainty is not calculated until you update the timing netlist.
Info (332123): Deriving Clock Uncertainty. Please refer to report_sdc in the Timing Analyzer to see clock uncertainties.
Info (332129): Detected timing requirements -- optimizing circuit to achieve only the specified requirements
Info (332111): Found 1 clocks
    Info (332111):   Period   Clock Name
    Info (332111): ======== ============
    Info (332111):   10.000          clk
Warning (176251): Ignoring some wildcard destinations of fast I/O register assignments
    Info (176252): Wildcard assignment "Fast Output Register=ON" to "pc_debug[*]" matches multiple destination nodes -- some destinations are not valid targets for this assignment
    Info (176252): Wildcard assignment "Fast Output Register=ON" to "instr_debug[*]" matches multiple destination nodes -- some destinations are not valid targets for this assignment
Info (176235): Finished register packing
    Extra Info (176218): Packed 1536 registers into blocks of type Block RAM
    Extra Info (176218): Packed 56 registers into blocks of type I/O output buffer
    Extra Info (176220): Created 5 register duplicates
Info (11798): Fitter preparation operations ending: elapsed time is 00:02:30
Info (170189): Fitter placement preparation operations beginning
Info (14951): The Fitter is using Advanced Physical Optimization.
Info (170190): Fitter placement preparation operations ending: elapsed time is 00:23:40
Info (170191): Fitter placement operations beginning
Info (170137): Fitter placement was successful
Info (170192): Fitter placement operations ending: elapsed time is 00:06:10
Info (170193): Fitter routing operations beginning
Info (170195): Router estimated average interconnect usage is 24% of the available device resources
    Info (170196): Router estimated peak interconnect usage is 61% of the available device resources in the region that extends from location X48_Y46 to location X60_Y57
Info (170194): Fitter routing operations ending: elapsed time is 00:03:44
Info (11888): Total time spent on timing analysis during the Fitter is 336.21 seconds.
Info (334003): Started post-fitting delay annotation
Info (334004): Delay annotation completed successfully
Info (334003): Started post-fitting delay annotation
Info (334004): Delay annotation completed successfully
Info (11801): Fitter post-fit operations ending: elapsed time is 00:04:28
Info (144001): Generated suppressed messages file D:/2151097_Nguyen Nhut Khanh/quartus_explicit2/output_files/llm_soc.fit.smsg
Info: Quartus Prime Fitter was successful. 0 errors, 4 warnings
    Info: Peak virtual memory: 10870 megabytes
    Info: Processing ended: Sun Oct  4 14:40:20 2026
    Info: Elapsed time: 01:02:36
    Info: Total CPU time (on all processors): 04:56:35
