# ** Note: (vsim-220) 'C:/altera_lite/25.1std/questa_fse/win64/../modelsim.ini' is used as the ini file.
# vsim -c -onfinish exit -voptargs="-duselectreport=tests/full_rtl/build/npu100_b1_all_tb_llm_graph_design_units.json" -L tests/full_rtl/build/questa25_model/altera_mf_ver -L tests/full_rtl/build/npu100_b1_all -lib tests/full_rtl/build/npu100_b1_all -l D:\2151097_Nguyen Nhut Khanh\tests\full_rtl\build\tb_llm_graph.log tb_llm_graph -do "run -all; quit -f" 
# Start time: 09:29:32 on Oct 05,2026
# ** Note: (vsim-3812) Design is being optimized...
# ** Note: (vopt-220) 'C:/altera_lite/25.1std/questa_fse/win64/../modelsim.ini' is used as the ini file.
# //  Questa Altera Starter FPGA Edition-64
# //  Version 2025.2 win64 May 31 2025
# //
# // Unpublished work. Copyright 2025 Siemens
# //
# // This material contains trade secrets or otherwise confidential information
# // owned by Siemens Industry Software Inc. or its affiliates (collectively,
# // "SISW"), or its licensors. Access to and use of this information is strictly
# // limited as set forth in the Customer's applicable agreements with SISW.
# //
# // This material may not be copied, distributed, or otherwise disclosed outside
# // of the Customer's facilities without the express written permission of SISW,
# // and may not be used in any way not expressly authorized by SISW.
# //
# Loading sv_std.std
# Loading work.llm_pkg(fast)
# Loading work.npu_pkg(fast)
# Loading work.tb_llm_graph(fast)
# Loading work.quartus_word_ram(fast)
# Loading work.pipelined_word_ram(fast__1)
# Loading work.pipelined_word_ram(fast__2)
# run -all
# LLM_GRAPH_PROGRESS clocks=500000 position=0 generated=0
# LLM_GRAPH_PROGRESS clocks=1000000 position=1 generated=0
# LLM_GRAPH_PROGRESS clocks=1500000 position=1 generated=0
# LLM_GRAPH_PROGRESS clocks=2000000 position=2 generated=1
# LLM_GRAPH_PROGRESS clocks=2500000 position=2 generated=1
# LLM_GRAPH_PROGRESS clocks=3000000 position=2 generated=1
# LLM_GRAPH_PROGRESS clocks=3500000 position=3 generated=2
# LLM_GRAPH_PROGRESS clocks=4000000 position=3 generated=2
# LLM_GRAPH_PASS prompt=2 tokens=3 layers=16 causal=checked clocks=4254046 host_commands=196619 fixtures=synthetic
# ** Note: $finish    : D:/2151097_Nguyen Nhut Khanh/tests/full_rtl/tb_graph.sv(91)
#    Time: 62201960 ns  Iteration: 1  Instance: /tb_llm_graph
# End time: 11:03:48 on Oct 05,2026, Elapsed time: 1:34:16
# Errors: 0, Warnings: 0
