----------------
; Command Info ;
----------------
Report Timing: Found 3 setup paths (3 violated).  Worst case slack is -8.918 

Tcl Command:
    report_timing -setup -show_routing -file {D:/2151097_Nguyen Nhut Khanh/docs/verification/timing/user_baseline/modules/scheduler_slow_1100mv_0c_setup.rpt} -from [get_registers {*sched*}] -to [get_registers *] -nworst 1 -npaths 3 -detail full_path

Options:
    -from [get_registers {*sched*}] 
    -to [get_registers *] 
    -setup 
    -nworst 1 
    -npaths 3 
    -show_routing 
    -detail full_path 
    -file {D:/2151097_Nguyen Nhut Khanh/docs/verification/timing/user_baseline/modules/scheduler_slow_1100mv_0c_setup.rpt} 

Delay Model:
    Slow 1100mV 0C Model

+----------------------------------------------------------------------------------------------------------------------------------+
; Summary of Paths                                                                                                                 ;
+--------+------------------+--------------------------------+--------------+-------------+--------------+------------+------------+
; Slack  ; From Node        ; To Node                        ; Launch Clock ; Latch Clock ; Relationship ; Clock Skew ; Data Delay ;
+--------+------------------+--------------------------------+--------------+-------------+--------------+------------+------------+
; -8.918 ; sched.S_TM_START ; ternary_mul:u_tm|pack_buf[154] ; clk          ; clk         ; 1.000        ; -0.175     ; 9.643      ;
; -8.918 ; sched.S_TM_START ; ternary_mul:u_tm|pack_buf[151] ; clk          ; clk         ; 1.000        ; -0.175     ; 9.643      ;
; -8.918 ; sched.S_TM_START ; ternary_mul:u_tm|pack_buf[156] ; clk          ; clk         ; 1.000        ; -0.175     ; 9.643      ;
+--------+------------------+--------------------------------+--------------+-------------+--------------+------------+------------+

Path #1: Setup slack is -8.918 (VIOLATED)
===============================================================================
+-----------------------------------------------------+
; Path Summary                                        ;
+--------------------+--------------------------------+
; Property           ; Value                          ;
+--------------------+--------------------------------+
; From Node          ; sched.S_TM_START               ;
; To Node            ; ternary_mul:u_tm|pack_buf[154] ;
; Launch Clock       ; clk                            ;
; Latch Clock        ; clk                            ;
; Data Arrival Time  ; 14.484                         ;
; Data Required Time ; 5.566                          ;
; Slack              ; -8.918 (VIOLATED)              ;
+--------------------+--------------------------------+

+-------------------------------------------------------------------------------------+
; Statistics                                                                          ;
+------------------------+--------+-------+-------------+------------+--------+-------+
; Property               ; Value  ; Count ; Total Delay ; % of Total ; Min    ; Max   ;
+------------------------+--------+-------+-------------+------------+--------+-------+
; Setup Relationship     ; 1.000  ;       ;             ;            ;        ;       ;
; Clock Skew             ; -0.175 ;       ;             ;            ;        ;       ;
; Data Delay             ; 9.643  ;       ;             ;            ;        ;       ;
; Number of Logic Levels ;        ; 3     ;             ;            ;        ;       ;
; Physical Delays        ;        ;       ;             ;            ;        ;       ;
;  Arrival Path          ;        ;       ;             ;            ;        ;       ;
;   Clock                ;        ;       ;             ;            ;        ;       ;
;    IC                  ;        ; 3     ; 0.000       ; 0          ; 0.000  ; 0.000 ;
;    Cell                ;        ; 3     ; 2.141       ; 44         ; 0.538  ; 0.989 ;
;    Routing Element     ;        ; 27    ; 2.700       ; 56         ; 0.000  ; 0.859 ;
;   Data                 ;        ;       ;             ;            ;        ;       ;
;    IC                  ;        ; 4     ; -0.004      ; 0          ; -0.002 ; 0.000 ;
;    Cell                ;        ; 5     ; 2.578       ; 27         ; 0.000  ; 0.756 ;
;    uTco                ;        ; 1     ; 0.000       ; 0          ; 0.000  ; 0.000 ;
;    Routing Element     ;        ; 38    ; 7.069       ; 73         ; 0.000  ; 0.528 ;
;  Required Path         ;        ;       ;             ;            ;        ;       ;
;   Clock                ;        ;       ;             ;            ;        ;       ;
;    IC                  ;        ; 3     ; 0.000       ; 0          ; 0.000  ; 0.000 ;
;    Cell                ;        ; 3     ; 2.025       ; 44         ; 0.505  ; 0.989 ;
;    Routing Element     ;        ; 27    ; 2.593       ; 56         ; 0.000  ; 0.826 ;
+------------------------+--------+-------+-------------+------------+--------+-------+
Note: Negative delays are omitted from totals when calculating percentages

+------------------------------------------------------------------------------------------------------------------------+
; Data Arrival Path                                                                                                      ;
+----------+----------+----+------+--------+--------------------------------------------+--------------------------------+
; Total    ; Incr     ; RF ; Type ; Fanout ; Location                                   ; Element                        ;
+----------+----------+----+------+--------+--------------------------------------------+--------------------------------+
; 0.000    ; 0.000    ;    ;      ;        ;                                            ; launch edge time               ;
; 4.841    ; 4.841    ;    ;      ;        ;                                            ; clock path                     ;
;   0.000  ;   0.000  ;    ;      ;        ;                                            ; source latency                 ;
;   0.000  ;   0.000  ;    ;      ; 1      ; PIN_N16                                    ; clk                            ;
;   0.000  ;   0.000  ;    ; RE   ; 1      ; IOPAD_X89_Y35_N43                          ; ARRIAV_IO_PAD                  ;
;   0.000  ;   0.000  ;    ; RE   ; 1      ; IO_PAD_OUTPUT_X89_Y35_N43_I1               ; IO_PAD_OUTPUT                  ;
;   0.000  ;   0.000  ;    ; RE   ; 1      ; IO_INPUT_BUFFER_INPUT_X89_Y35_N44_I0       ; IO_INPUT_BUFFER_INPUT          ;
;   0.000  ;   0.000  ; RR ; IC   ; 1      ; IOIBUF_X89_Y35_N44                         ; clk~input|i                    ;
;   0.989  ;   0.989  ; RR ; CELL ; 1      ; IOIBUF_X89_Y35_N44                         ; clk~input|o                    ;
;   0.989  ;   0.000  ;    ; RE   ; 1      ; IOIBUF_X89_Y35_N44                         ; ARRIAV_IO_IBUF                 ;
;   0.989  ;   0.000  ;    ; RE   ; 1      ; IO_INPUT_BUFFER_OUTPUT_X89_Y35_N44_I2      ; IO_INPUT_BUFFER_OUTPUT         ;
;   0.989  ;   0.000  ;    ; RE   ; 1      ; IO_RE_X89_Y35_N43_I96                      ; IO_RE                          ;
;   1.089  ;   0.100  ;    ; RE   ; 1      ; IO_RE_X89_Y35_N43_I66                      ; IO_RE                          ;
;   1.311  ;   0.222  ;    ; RE   ; 1      ; CLKBUF_CLUSTER_RE_X89_Y39_N3_I368          ; CLKBUF_CLUSTER_RE              ;
;   1.311  ;   0.000  ;    ; RE   ; 1      ; CLKBUF_CLUSTER_RE_X89_Y39_N3_I764          ; CLKBUF_CLUSTER_RE              ;
;   1.311  ;   0.000  ;    ; RE   ; 1      ; CLKBUF_CLUSTER_RE_X89_Y39_N3_I813          ; CLKBUF_CLUSTER_RE              ;
;   1.311  ;   0.000  ;    ; RE   ; 1      ; CLKBUF_CLUSTER_RE_X89_Y39_N3_I553          ; CLKBUF_CLUSTER_RE              ;
;   1.311  ;   0.000  ;    ; RE   ; 1      ; GCLK_CLUSTER_RE_X89_Y39_N6_I10             ; GCLK_CLUSTER_RE                ;
;   1.311  ;   0.000  ;    ; RE   ; 1      ; CLKBUFBLOCK_INPUT_X89_Y39_N7_I0            ; CLKBUFBLOCK_INPUT              ;
;   1.311  ;   0.000  ; RR ; IC   ; 1      ; CLKCTRL_G9                                 ; clk~inputCLKENA0|inclk         ;
;   1.849  ;   0.538  ; RR ; CELL ; 6701   ; CLKCTRL_G9                                 ; clk~inputCLKENA0|outclk        ;
;   1.849  ;   0.000  ;    ; RE   ; 1      ; CLKCTRL_G9                                 ; ARRIAV_CLKBUF                  ;
;   1.849  ;   0.000  ;    ; RE   ; 1      ; CLKBUFBLOCK_OUTPUT_X89_Y39_N7_I2           ; CLKBUFBLOCK_OUTPUT             ;
;   1.849  ;   0.000  ;    ; RE   ; 1      ; GCLK_CLUSTER_RE_X89_Y39_N6_I12             ; GCLK_CLUSTER_RE                ;
;   1.849  ;   0.000  ;    ; RE   ; 1      ; CLKBUF_CLUSTER_RE_X89_Y39_N3_I416          ; CLKBUF_CLUSTER_RE              ;
;   2.708  ;   0.859  ;    ; RE   ; 10     ; GLOBAL_CLOCK_X0_Y36_N0_I9                  ; GLOBAL_CLOCK                   ;
;   2.876  ;   0.168  ;    ; RE   ; 18     ; SPINE_CLOCK_X55_Y59_N0_I22                 ; SPINE_CLOCK                    ;
;   3.359  ;   0.483  ;    ; RE   ; 1      ; SCLK_TO_ROWCLK_BUF_X55_Y68_N0_I133         ; SCLK_TO_ROWCLK_BUF             ;
;   3.458  ;   0.099  ;    ; RE   ; 2      ; SCLK_TO_ROWCLK_BUF_X55_Y68_N0_I136         ; SCLK_TO_ROWCLK_BUF             ;
;   3.961  ;   0.503  ;    ; RE   ; 2      ; LAB_CLK_X56_Y68_N0_I5                      ; LAB_CLK                        ;
;   4.115  ;   0.154  ;    ; RE   ; 1      ; BLK_CLK_BUF_X60_Y68_N0_I5                  ; BLK_CLK_BUF                    ;
;   4.180  ;   0.065  ;    ; RE   ; 1      ; ROWCLKSEL_PREBUF_X60_Y68_N0_I5             ; ROWCLKSEL_PREBUF               ;
;   4.227  ;   0.047  ;    ; RE   ; 1      ; ROWCLKSEL_X60_Y68_N0_I0                    ; ROWCLKSEL                      ;
;   4.227  ;   0.000  ;    ; RE   ; 2      ; GLOBAL_LOCAL_SEL_X60_Y68_N0_I0             ; GLOBAL_LOCAL_SEL               ;
;   4.227  ;   0.000  ;    ; RE   ; 3      ; LAB_INPUT_X60_Y68_N0_I1                    ; LAB_INPUT                      ;
;   4.227  ;   0.000  ; RR ; IC   ; 1      ; FF_X60_Y68_N50                             ; sched.S_TM_START|clk           ;
;   4.841  ;   0.614  ; RR ; CELL ; 1      ; FF_X60_Y68_N50                             ; sched.S_TM_START               ;
; 14.484   ; 9.643    ;    ;      ;        ;                                            ; data path                      ;
;   4.841  ;   0.000  ;    ; uTco ; 1      ; FF_X60_Y68_N50                             ; sched.S_TM_START               ;
;   4.841  ;   0.000  ; FF ; CELL ; 17     ; FF_X60_Y68_N50                             ; sched.S_TM_START|q             ;
;   4.908  ;   0.067  ;    ; RE   ; 1      ; FF_X60_Y68_N50                             ; ARRIAV_FF                      ;
;   4.980  ;   0.072  ;    ; RE   ; 1      ; LE_BUFFER_X60_Y68_N0_I33                   ; LE_BUFFER                      ;
;   5.215  ;   0.235  ;    ; RE   ; 1      ; R3_X60_Y68_N0_I4                           ; H_SEG3                         ;
;   5.215  ;   0.000  ;    ; RE   ; 1      ; R14_C12_INTERCONNECT_DRIVER_X61_Y68_N0_I1  ; WIRE_MUX                       ;
;   5.610  ;   0.395  ;    ; RE   ; 1      ; C12_X61_Y56_N0_I1                          ; V_SEG12                        ;
;   5.610  ;   0.000  ;    ; RE   ; 1      ; R14_C12_INTERCONNECT_DRIVER_X61_Y56_N0_I0  ; WIRE_MUX                       ;
;   6.013  ;   0.403  ;    ; RE   ; 3      ; R14_X48_Y56_N0_I1                          ; H_SEG14                        ;
;   6.013  ;   0.000  ;    ; RE   ; 1      ; R14_C12_INTERCONNECT_DRIVER_X47_Y56_N0_I0  ; WIRE_MUX                       ;
;   6.378  ;   0.365  ;    ; RE   ; 2      ; R14_X34_Y56_N0_I1                          ; H_SEG14                        ;
;   6.378  ;   0.000  ;    ; RE   ; 1      ; R14_C12_INTERCONNECT_DRIVER_X39_Y56_N0_I0  ; WIRE_MUX                       ;
;   6.796  ;   0.418  ;    ; RE   ; 1      ; C12_X39_Y44_N0_I1                          ; V_SEG12                        ;
;   7.324  ;   0.528  ;    ; RE   ; 1      ; R6_X34_Y44_N0_I30                          ; H_SEG6                         ;
;   7.668  ;   0.344  ;    ; RE   ; 3      ; LOCAL_INTERCONNECT_X35_Y44_N0_I32          ; LAB_LINE                       ;
;   7.833  ;   0.165  ;    ; RE   ; 1      ; BLOCK_INPUT_MUX_X35_Y44_N0_I52             ; LEIM_INPUT                     ;
;   7.832  ;   -0.001 ; FF ; IC   ; 1      ; LABCELL_X35_Y44_N36                        ; u_tm|Selector1085~0|datac      ;
;   8.338  ;   0.506  ; FR ; CELL ; 15     ; LABCELL_X35_Y44_N36                        ; u_tm|Selector1085~0|combout    ;
;   8.338  ;   0.000  ;    ; RE   ; 1      ; LABCELL_X35_Y44_N36                        ; ARRIAV_LCELL_COMB              ;
;   8.447  ;   0.109  ;    ; RE   ; 1      ; LE_BUFFER_X35_Y44_N0_I25                   ; LE_BUFFER                      ;
;   8.648  ;   0.201  ;    ; RE   ; 2      ; R3_X35_Y44_N0_I8                           ; H_SEG3                         ;
;   8.912  ;   0.264  ;    ; RE   ; 2      ; C4_X36_Y40_N0_I6                           ; V_SEG4                         ;
;   9.110  ;   0.198  ;    ; RE   ; 1      ; R3_X34_Y41_N0_I22                          ; H_SEG3                         ;
;   9.300  ;   0.190  ;    ; RE   ; 3      ; LOCAL_INTERCONNECT_X36_Y41_N0_I18          ; LAB_LINE                       ;
;   9.437  ;   0.137  ;    ; RE   ; 1      ; BLOCK_INPUT_MUX_X36_Y41_N0_I20             ; LEIM_INPUT                     ;
;   9.437  ;   0.000  ; RR ; IC   ; 1      ; LABCELL_X36_Y41_N12                        ; u_tm|pack_buf[34]~2|datac      ;
;   10.057 ;   0.620  ; RF ; CELL ; 16     ; LABCELL_X36_Y41_N12                        ; u_tm|pack_buf[34]~2|combout    ;
;   10.057 ;   0.000  ;    ; RE   ; 2      ; LABCELL_X36_Y41_N12                        ; ARRIAV_LCELL_COMB              ;
;   10.124 ;   0.067  ;    ; RE   ; 2      ; LE_BUFFER_X36_Y41_N0_I8                    ; LE_BUFFER                      ;
;   10.316 ;   0.192  ;    ; RE   ; 2      ; C4_X36_Y42_N0_I2                           ; V_SEG4                         ;
;   10.657 ;   0.341  ;    ; RE   ; 2      ; R6_X37_Y42_N0_I6                           ; H_SEG6                         ;
;   10.968 ;   0.311  ;    ; RE   ; 5      ; LOCAL_INTERCONNECT_X37_Y42_N0_I41          ; LAB_LINE                       ;
;   11.108 ;   0.140  ;    ; RE   ; 1      ; BLOCK_INPUT_MUX_X37_Y42_N0_I19             ; LEIM_INPUT                     ;
;   11.107 ;   -0.001 ; FF ; IC   ; 1      ; LABCELL_X37_Y42_N12                        ; u_tm|pack_buf[153]~16|datab    ;
;   11.803 ;   0.696  ; FF ; CELL ; 15     ; LABCELL_X37_Y42_N12                        ; u_tm|pack_buf[153]~16|combout  ;
;   11.803 ;   0.000  ;    ; RE   ; 1      ; LABCELL_X37_Y42_N12                        ; ARRIAV_LCELL_COMB              ;
;   11.879 ;   0.076  ;    ; RE   ; 1      ; LE_BUFFER_X37_Y42_N0_I9                    ; LE_BUFFER                      ;
;   12.068 ;   0.189  ;    ; RE   ; 1      ; C2_X36_Y40_N0_I11                          ; V_SEG2                         ;
;   12.281 ;   0.213  ;    ; RE   ; 2      ; C2_X36_Y38_N0_I11                          ; V_SEG2                         ;
;   12.500 ;   0.219  ;    ; RE   ; 1      ; C2_X36_Y37_N0_I18                          ; V_SEG2                         ;
;   12.789 ;   0.289  ;    ; RE   ; 1      ; R3_X34_Y38_N0_I22                          ; H_SEG3                         ;
;   13.077 ;   0.288  ;    ; RE   ; 1      ; C2_X33_Y39_N0_I5                           ; V_SEG2                         ;
;   13.377 ;   0.300  ;    ; RE   ; 1      ; R3_X34_Y39_N0_I9                           ; H_SEG3                         ;
;   13.605 ;   0.228  ;    ; RE   ; 1      ; LOCAL_INTERCONNECT_X35_Y39_N0_I19          ; LAB_LINE                       ;
;   13.730 ;   0.125  ;    ; RE   ; 1      ; BLOCK_INPUT_MUX_PASSTHROUGH_X35_Y39_N0_I80 ; LEIM                           ;
;   13.730 ;   0.000  ;    ; RE   ; 5      ; LAB_INPUT_X35_Y39_N0_I7                    ; LAB_INPUT                      ;
;   13.728 ;   -0.002 ; FF ; IC   ; 1      ; FF_X35_Y39_N1                              ; u_tm|pack_buf[154]|ena         ;
;   14.484 ;   0.756  ; FF ; CELL ; 1      ; FF_X35_Y39_N1                              ; ternary_mul:u_tm|pack_buf[154] ;
+----------+----------+----+------+--------+--------------------------------------------+--------------------------------+

+-----------------------------------------------------------------------------------------------------------------+
; Data Required Path                                                                                              ;
+---------+---------+----+------+--------+---------------------------------------+--------------------------------+
; Total   ; Incr    ; RF ; Type ; Fanout ; Location                              ; Element                        ;
+---------+---------+----+------+--------+---------------------------------------+--------------------------------+
; 1.000   ; 1.000   ;    ;      ;        ;                                       ; latch edge time                ;
; 5.666   ; 4.666   ;    ;      ;        ;                                       ; clock path                     ;
;   1.000 ;   0.000 ;    ;      ;        ;                                       ; source latency                 ;
;   1.000 ;   0.000 ;    ;      ; 1      ; PIN_N16                               ; clk                            ;
;   1.000 ;   0.000 ;    ; RE   ; 1      ; IOPAD_X89_Y35_N43                     ; ARRIAV_IO_PAD                  ;
;   1.000 ;   0.000 ;    ; RE   ; 1      ; IO_PAD_OUTPUT_X89_Y35_N43_I1          ; IO_PAD_OUTPUT                  ;
;   1.000 ;   0.000 ;    ; RE   ; 1      ; IO_INPUT_BUFFER_INPUT_X89_Y35_N44_I0  ; IO_INPUT_BUFFER_INPUT          ;
;   1.000 ;   0.000 ; RR ; IC   ; 1      ; IOIBUF_X89_Y35_N44                    ; clk~input|i                    ;
;   1.989 ;   0.989 ; RR ; CELL ; 1      ; IOIBUF_X89_Y35_N44                    ; clk~input|o                    ;
;   1.989 ;   0.000 ;    ; RE   ; 1      ; IOIBUF_X89_Y35_N44                    ; ARRIAV_IO_IBUF                 ;
;   1.989 ;   0.000 ;    ; RE   ; 1      ; IO_INPUT_BUFFER_OUTPUT_X89_Y35_N44_I2 ; IO_INPUT_BUFFER_OUTPUT         ;
;   1.989 ;   0.000 ;    ; RE   ; 1      ; IO_RE_X89_Y35_N43_I96                 ; IO_RE                          ;
;   2.084 ;   0.095 ;    ; RE   ; 1      ; IO_RE_X89_Y35_N43_I66                 ; IO_RE                          ;
;   2.296 ;   0.212 ;    ; RE   ; 1      ; CLKBUF_CLUSTER_RE_X89_Y39_N3_I368     ; CLKBUF_CLUSTER_RE              ;
;   2.296 ;   0.000 ;    ; RE   ; 1      ; CLKBUF_CLUSTER_RE_X89_Y39_N3_I764     ; CLKBUF_CLUSTER_RE              ;
;   2.296 ;   0.000 ;    ; RE   ; 1      ; CLKBUF_CLUSTER_RE_X89_Y39_N3_I813     ; CLKBUF_CLUSTER_RE              ;
;   2.296 ;   0.000 ;    ; RE   ; 1      ; CLKBUF_CLUSTER_RE_X89_Y39_N3_I553     ; CLKBUF_CLUSTER_RE              ;
;   2.296 ;   0.000 ;    ; RE   ; 1      ; GCLK_CLUSTER_RE_X89_Y39_N6_I10        ; GCLK_CLUSTER_RE                ;
;   2.296 ;   0.000 ;    ; RE   ; 1      ; CLKBUFBLOCK_INPUT_X89_Y39_N7_I0       ; CLKBUFBLOCK_INPUT              ;
;   2.296 ;   0.000 ; RR ; IC   ; 1      ; CLKCTRL_G9                            ; clk~inputCLKENA0|inclk         ;
;   2.801 ;   0.505 ; RR ; CELL ; 6701   ; CLKCTRL_G9                            ; clk~inputCLKENA0|outclk        ;
;   2.801 ;   0.000 ;    ; RE   ; 1      ; CLKCTRL_G9                            ; ARRIAV_CLKBUF                  ;
;   2.801 ;   0.000 ;    ; RE   ; 1      ; CLKBUFBLOCK_OUTPUT_X89_Y39_N7_I2      ; CLKBUFBLOCK_OUTPUT             ;
;   2.801 ;   0.000 ;    ; RE   ; 1      ; GCLK_CLUSTER_RE_X89_Y39_N6_I12        ; GCLK_CLUSTER_RE                ;
;   2.801 ;   0.000 ;    ; RE   ; 1      ; CLKBUF_CLUSTER_RE_X89_Y39_N3_I416     ; CLKBUF_CLUSTER_RE              ;
;   3.627 ;   0.826 ;    ; RE   ; 10     ; GLOBAL_CLOCK_X0_Y36_N0_I9             ; GLOBAL_CLOCK                   ;
;   3.792 ;   0.165 ;    ; RE   ; 22     ; SPINE_CLOCK_X33_Y37_N0_I22            ; SPINE_CLOCK                    ;
;   4.249 ;   0.457 ;    ; RE   ; 1      ; SCLK_TO_ROWCLK_BUF_X33_Y39_N0_I133    ; SCLK_TO_ROWCLK_BUF             ;
;   4.348 ;   0.099 ;    ; RE   ; 2      ; SCLK_TO_ROWCLK_BUF_X33_Y39_N0_I136    ; SCLK_TO_ROWCLK_BUF             ;
;   4.835 ;   0.487 ;    ; RE   ; 2      ; LAB_CLK_X34_Y39_N0_I5                 ; LAB_CLK                        ;
;   4.981 ;   0.146 ;    ; RE   ; 1      ; BLK_CLK_BUF_X35_Y39_N0_I5             ; BLK_CLK_BUF                    ;
;   5.044 ;   0.063 ;    ; RE   ; 1      ; ROWCLKSEL_PREBUF_X35_Y39_N0_I5        ; ROWCLKSEL_PREBUF               ;
;   5.087 ;   0.043 ;    ; RE   ; 1      ; ROWCLKSEL_X35_Y39_N0_I1               ; ROWCLKSEL                      ;
;   5.087 ;   0.000 ;    ; RE   ; 2      ; GLOBAL_LOCAL_SEL_X35_Y39_N0_I1        ; GLOBAL_LOCAL_SEL               ;
;   5.087 ;   0.000 ;    ; RE   ; 5      ; LAB_INPUT_X35_Y39_N0_I2               ; LAB_INPUT                      ;
;   5.087 ;   0.000 ; RR ; IC   ; 1      ; FF_X35_Y39_N1                         ; u_tm|pack_buf[154]|clk         ;
;   5.618 ;   0.531 ; RR ; CELL ; 1      ; FF_X35_Y39_N1                         ; ternary_mul:u_tm|pack_buf[154] ;
;   5.666 ;   0.048 ;    ;      ;        ;                                       ; clock pessimism removed        ;
; 5.566   ; -0.100  ;    ;      ;        ;                                       ; clock uncertainty              ;
; 5.566   ; 0.000   ;    ; uTsu ; 1      ; FF_X35_Y39_N1                         ; ternary_mul:u_tm|pack_buf[154] ;
+---------+---------+----+------+--------+---------------------------------------+--------------------------------+

----------------------------
; Extra Fitter Information ;
----------------------------
HTML report is unavailable in plain text report export.


Path #2: Setup slack is -8.918 (VIOLATED)
===============================================================================
+-----------------------------------------------------+
; Path Summary                                        ;
+--------------------+--------------------------------+
; Property           ; Value                          ;
+--------------------+--------------------------------+
; From Node          ; sched.S_TM_START               ;
; To Node            ; ternary_mul:u_tm|pack_buf[151] ;
; Launch Clock       ; clk                            ;
; Latch Clock        ; clk                            ;
; Data Arrival Time  ; 14.484                         ;
; Data Required Time ; 5.566                          ;
; Slack              ; -8.918 (VIOLATED)              ;
+--------------------+--------------------------------+

+-------------------------------------------------------------------------------------+
; Statistics                                                                          ;
+------------------------+--------+-------+-------------+------------+--------+-------+
; Property               ; Value  ; Count ; Total Delay ; % of Total ; Min    ; Max   ;
+------------------------+--------+-------+-------------+------------+--------+-------+
; Setup Relationship     ; 1.000  ;       ;             ;            ;        ;       ;
; Clock Skew             ; -0.175 ;       ;             ;            ;        ;       ;
; Data Delay             ; 9.643  ;       ;             ;            ;        ;       ;
; Number of Logic Levels ;        ; 3     ;             ;            ;        ;       ;
; Physical Delays        ;        ;       ;             ;            ;        ;       ;
;  Arrival Path          ;        ;       ;             ;            ;        ;       ;
;   Clock                ;        ;       ;             ;            ;        ;       ;
;    IC                  ;        ; 3     ; 0.000       ; 0          ; 0.000  ; 0.000 ;
;    Cell                ;        ; 3     ; 2.141       ; 44         ; 0.538  ; 0.989 ;
;    Routing Element     ;        ; 27    ; 2.700       ; 56         ; 0.000  ; 0.859 ;
;   Data                 ;        ;       ;             ;            ;        ;       ;
;    IC                  ;        ; 4     ; -0.004      ; 0          ; -0.002 ; 0.000 ;
;    Cell                ;        ; 5     ; 2.578       ; 27         ; 0.000  ; 0.756 ;
;    uTco                ;        ; 1     ; 0.000       ; 0          ; 0.000  ; 0.000 ;
;    Routing Element     ;        ; 38    ; 7.069       ; 73         ; 0.000  ; 0.528 ;
;  Required Path         ;        ;       ;             ;            ;        ;       ;
;   Clock                ;        ;       ;             ;            ;        ;       ;
;    IC                  ;        ; 3     ; 0.000       ; 0          ; 0.000  ; 0.000 ;
;    Cell                ;        ; 3     ; 2.025       ; 44         ; 0.505  ; 0.989 ;
;    Routing Element     ;        ; 27    ; 2.593       ; 56         ; 0.000  ; 0.826 ;
+------------------------+--------+-------+-------------+------------+--------+-------+
Note: Negative delays are omitted from totals when calculating percentages

+------------------------------------------------------------------------------------------------------------------------+
; Data Arrival Path                                                                                                      ;
+----------+----------+----+------+--------+--------------------------------------------+--------------------------------+
; Total    ; Incr     ; RF ; Type ; Fanout ; Location                                   ; Element                        ;
+----------+----------+----+------+--------+--------------------------------------------+--------------------------------+
; 0.000    ; 0.000    ;    ;      ;        ;                                            ; launch edge time               ;
; 4.841    ; 4.841    ;    ;      ;        ;                                            ; clock path                     ;
;   0.000  ;   0.000  ;    ;      ;        ;                                            ; source latency                 ;
;   0.000  ;   0.000  ;    ;      ; 1      ; PIN_N16                                    ; clk                            ;
;   0.000  ;   0.000  ;    ; RE   ; 1      ; IOPAD_X89_Y35_N43                          ; ARRIAV_IO_PAD                  ;
;   0.000  ;   0.000  ;    ; RE   ; 1      ; IO_PAD_OUTPUT_X89_Y35_N43_I1               ; IO_PAD_OUTPUT                  ;
;   0.000  ;   0.000  ;    ; RE   ; 1      ; IO_INPUT_BUFFER_INPUT_X89_Y35_N44_I0       ; IO_INPUT_BUFFER_INPUT          ;
;   0.000  ;   0.000  ; RR ; IC   ; 1      ; IOIBUF_X89_Y35_N44                         ; clk~input|i                    ;
;   0.989  ;   0.989  ; RR ; CELL ; 1      ; IOIBUF_X89_Y35_N44                         ; clk~input|o                    ;
;   0.989  ;   0.000  ;    ; RE   ; 1      ; IOIBUF_X89_Y35_N44                         ; ARRIAV_IO_IBUF                 ;
;   0.989  ;   0.000  ;    ; RE   ; 1      ; IO_INPUT_BUFFER_OUTPUT_X89_Y35_N44_I2      ; IO_INPUT_BUFFER_OUTPUT         ;
;   0.989  ;   0.000  ;    ; RE   ; 1      ; IO_RE_X89_Y35_N43_I96                      ; IO_RE                          ;
;   1.089  ;   0.100  ;    ; RE   ; 1      ; IO_RE_X89_Y35_N43_I66                      ; IO_RE                          ;
;   1.311  ;   0.222  ;    ; RE   ; 1      ; CLKBUF_CLUSTER_RE_X89_Y39_N3_I368          ; CLKBUF_CLUSTER_RE              ;
;   1.311  ;   0.000  ;    ; RE   ; 1      ; CLKBUF_CLUSTER_RE_X89_Y39_N3_I764          ; CLKBUF_CLUSTER_RE              ;
;   1.311  ;   0.000  ;    ; RE   ; 1      ; CLKBUF_CLUSTER_RE_X89_Y39_N3_I813          ; CLKBUF_CLUSTER_RE              ;
;   1.311  ;   0.000  ;    ; RE   ; 1      ; CLKBUF_CLUSTER_RE_X89_Y39_N3_I553          ; CLKBUF_CLUSTER_RE              ;
;   1.311  ;   0.000  ;    ; RE   ; 1      ; GCLK_CLUSTER_RE_X89_Y39_N6_I10             ; GCLK_CLUSTER_RE                ;
;   1.311  ;   0.000  ;    ; RE   ; 1      ; CLKBUFBLOCK_INPUT_X89_Y39_N7_I0            ; CLKBUFBLOCK_INPUT              ;
;   1.311  ;   0.000  ; RR ; IC   ; 1      ; CLKCTRL_G9                                 ; clk~inputCLKENA0|inclk         ;
;   1.849  ;   0.538  ; RR ; CELL ; 6701   ; CLKCTRL_G9                                 ; clk~inputCLKENA0|outclk        ;
;   1.849  ;   0.000  ;    ; RE   ; 1      ; CLKCTRL_G9                                 ; ARRIAV_CLKBUF                  ;
;   1.849  ;   0.000  ;    ; RE   ; 1      ; CLKBUFBLOCK_OUTPUT_X89_Y39_N7_I2           ; CLKBUFBLOCK_OUTPUT             ;
;   1.849  ;   0.000  ;    ; RE   ; 1      ; GCLK_CLUSTER_RE_X89_Y39_N6_I12             ; GCLK_CLUSTER_RE                ;
;   1.849  ;   0.000  ;    ; RE   ; 1      ; CLKBUF_CLUSTER_RE_X89_Y39_N3_I416          ; CLKBUF_CLUSTER_RE              ;
;   2.708  ;   0.859  ;    ; RE   ; 10     ; GLOBAL_CLOCK_X0_Y36_N0_I9                  ; GLOBAL_CLOCK                   ;
;   2.876  ;   0.168  ;    ; RE   ; 18     ; SPINE_CLOCK_X55_Y59_N0_I22                 ; SPINE_CLOCK                    ;
;   3.359  ;   0.483  ;    ; RE   ; 1      ; SCLK_TO_ROWCLK_BUF_X55_Y68_N0_I133         ; SCLK_TO_ROWCLK_BUF             ;
;   3.458  ;   0.099  ;    ; RE   ; 2      ; SCLK_TO_ROWCLK_BUF_X55_Y68_N0_I136         ; SCLK_TO_ROWCLK_BUF             ;
;   3.961  ;   0.503  ;    ; RE   ; 2      ; LAB_CLK_X56_Y68_N0_I5                      ; LAB_CLK                        ;
;   4.115  ;   0.154  ;    ; RE   ; 1      ; BLK_CLK_BUF_X60_Y68_N0_I5                  ; BLK_CLK_BUF                    ;
;   4.180  ;   0.065  ;    ; RE   ; 1      ; ROWCLKSEL_PREBUF_X60_Y68_N0_I5             ; ROWCLKSEL_PREBUF               ;
;   4.227  ;   0.047  ;    ; RE   ; 1      ; ROWCLKSEL_X60_Y68_N0_I0                    ; ROWCLKSEL                      ;
;   4.227  ;   0.000  ;    ; RE   ; 2      ; GLOBAL_LOCAL_SEL_X60_Y68_N0_I0             ; GLOBAL_LOCAL_SEL               ;
;   4.227  ;   0.000  ;    ; RE   ; 3      ; LAB_INPUT_X60_Y68_N0_I1                    ; LAB_INPUT                      ;
;   4.227  ;   0.000  ; RR ; IC   ; 1      ; FF_X60_Y68_N50                             ; sched.S_TM_START|clk           ;
;   4.841  ;   0.614  ; RR ; CELL ; 1      ; FF_X60_Y68_N50                             ; sched.S_TM_START               ;
; 14.484   ; 9.643    ;    ;      ;        ;                                            ; data path                      ;
;   4.841  ;   0.000  ;    ; uTco ; 1      ; FF_X60_Y68_N50                             ; sched.S_TM_START               ;
;   4.841  ;   0.000  ; FF ; CELL ; 17     ; FF_X60_Y68_N50                             ; sched.S_TM_START|q             ;
;   4.908  ;   0.067  ;    ; RE   ; 1      ; FF_X60_Y68_N50                             ; ARRIAV_FF                      ;
;   4.980  ;   0.072  ;    ; RE   ; 1      ; LE_BUFFER_X60_Y68_N0_I33                   ; LE_BUFFER                      ;
;   5.215  ;   0.235  ;    ; RE   ; 1      ; R3_X60_Y68_N0_I4                           ; H_SEG3                         ;
;   5.215  ;   0.000  ;    ; RE   ; 1      ; R14_C12_INTERCONNECT_DRIVER_X61_Y68_N0_I1  ; WIRE_MUX                       ;
;   5.610  ;   0.395  ;    ; RE   ; 1      ; C12_X61_Y56_N0_I1                          ; V_SEG12                        ;
;   5.610  ;   0.000  ;    ; RE   ; 1      ; R14_C12_INTERCONNECT_DRIVER_X61_Y56_N0_I0  ; WIRE_MUX                       ;
;   6.013  ;   0.403  ;    ; RE   ; 3      ; R14_X48_Y56_N0_I1                          ; H_SEG14                        ;
;   6.013  ;   0.000  ;    ; RE   ; 1      ; R14_C12_INTERCONNECT_DRIVER_X47_Y56_N0_I0  ; WIRE_MUX                       ;
;   6.378  ;   0.365  ;    ; RE   ; 2      ; R14_X34_Y56_N0_I1                          ; H_SEG14                        ;
;   6.378  ;   0.000  ;    ; RE   ; 1      ; R14_C12_INTERCONNECT_DRIVER_X39_Y56_N0_I0  ; WIRE_MUX                       ;
;   6.796  ;   0.418  ;    ; RE   ; 1      ; C12_X39_Y44_N0_I1                          ; V_SEG12                        ;
;   7.324  ;   0.528  ;    ; RE   ; 1      ; R6_X34_Y44_N0_I30                          ; H_SEG6                         ;
;   7.668  ;   0.344  ;    ; RE   ; 3      ; LOCAL_INTERCONNECT_X35_Y44_N0_I32          ; LAB_LINE                       ;
;   7.833  ;   0.165  ;    ; RE   ; 1      ; BLOCK_INPUT_MUX_X35_Y44_N0_I52             ; LEIM_INPUT                     ;
;   7.832  ;   -0.001 ; FF ; IC   ; 1      ; LABCELL_X35_Y44_N36                        ; u_tm|Selector1085~0|datac      ;
;   8.338  ;   0.506  ; FR ; CELL ; 15     ; LABCELL_X35_Y44_N36                        ; u_tm|Selector1085~0|combout    ;
;   8.338  ;   0.000  ;    ; RE   ; 1      ; LABCELL_X35_Y44_N36                        ; ARRIAV_LCELL_COMB              ;
;   8.447  ;   0.109  ;    ; RE   ; 1      ; LE_BUFFER_X35_Y44_N0_I25                   ; LE_BUFFER                      ;
;   8.648  ;   0.201  ;    ; RE   ; 2      ; R3_X35_Y44_N0_I8                           ; H_SEG3                         ;
;   8.912  ;   0.264  ;    ; RE   ; 2      ; C4_X36_Y40_N0_I6                           ; V_SEG4                         ;
;   9.110  ;   0.198  ;    ; RE   ; 1      ; R3_X34_Y41_N0_I22                          ; H_SEG3                         ;
;   9.300  ;   0.190  ;    ; RE   ; 3      ; LOCAL_INTERCONNECT_X36_Y41_N0_I18          ; LAB_LINE                       ;
;   9.437  ;   0.137  ;    ; RE   ; 1      ; BLOCK_INPUT_MUX_X36_Y41_N0_I20             ; LEIM_INPUT                     ;
;   9.437  ;   0.000  ; RR ; IC   ; 1      ; LABCELL_X36_Y41_N12                        ; u_tm|pack_buf[34]~2|datac      ;
;   10.057 ;   0.620  ; RF ; CELL ; 16     ; LABCELL_X36_Y41_N12                        ; u_tm|pack_buf[34]~2|combout    ;
;   10.057 ;   0.000  ;    ; RE   ; 2      ; LABCELL_X36_Y41_N12                        ; ARRIAV_LCELL_COMB              ;
;   10.124 ;   0.067  ;    ; RE   ; 2      ; LE_BUFFER_X36_Y41_N0_I8                    ; LE_BUFFER                      ;
;   10.316 ;   0.192  ;    ; RE   ; 2      ; C4_X36_Y42_N0_I2                           ; V_SEG4                         ;
;   10.657 ;   0.341  ;    ; RE   ; 2      ; R6_X37_Y42_N0_I6                           ; H_SEG6                         ;
;   10.968 ;   0.311  ;    ; RE   ; 5      ; LOCAL_INTERCONNECT_X37_Y42_N0_I41          ; LAB_LINE                       ;
;   11.108 ;   0.140  ;    ; RE   ; 1      ; BLOCK_INPUT_MUX_X37_Y42_N0_I19             ; LEIM_INPUT                     ;
;   11.107 ;   -0.001 ; FF ; IC   ; 1      ; LABCELL_X37_Y42_N12                        ; u_tm|pack_buf[153]~16|datab    ;
;   11.803 ;   0.696  ; FF ; CELL ; 15     ; LABCELL_X37_Y42_N12                        ; u_tm|pack_buf[153]~16|combout  ;
;   11.803 ;   0.000  ;    ; RE   ; 1      ; LABCELL_X37_Y42_N12                        ; ARRIAV_LCELL_COMB              ;
;   11.879 ;   0.076  ;    ; RE   ; 1      ; LE_BUFFER_X37_Y42_N0_I9                    ; LE_BUFFER                      ;
;   12.068 ;   0.189  ;    ; RE   ; 1      ; C2_X36_Y40_N0_I11                          ; V_SEG2                         ;
;   12.281 ;   0.213  ;    ; RE   ; 2      ; C2_X36_Y38_N0_I11                          ; V_SEG2                         ;
;   12.500 ;   0.219  ;    ; RE   ; 1      ; C2_X36_Y37_N0_I18                          ; V_SEG2                         ;
;   12.789 ;   0.289  ;    ; RE   ; 1      ; R3_X34_Y38_N0_I22                          ; H_SEG3                         ;
;   13.077 ;   0.288  ;    ; RE   ; 1      ; C2_X33_Y39_N0_I5                           ; V_SEG2                         ;
;   13.377 ;   0.300  ;    ; RE   ; 1      ; R3_X34_Y39_N0_I9                           ; H_SEG3                         ;
;   13.605 ;   0.228  ;    ; RE   ; 1      ; LOCAL_INTERCONNECT_X35_Y39_N0_I19          ; LAB_LINE                       ;
;   13.730 ;   0.125  ;    ; RE   ; 1      ; BLOCK_INPUT_MUX_PASSTHROUGH_X35_Y39_N0_I80 ; LEIM                           ;
;   13.730 ;   0.000  ;    ; RE   ; 5      ; LAB_INPUT_X35_Y39_N0_I7                    ; LAB_INPUT                      ;
;   13.728 ;   -0.002 ; FF ; IC   ; 1      ; FF_X35_Y39_N7                              ; u_tm|pack_buf[151]|ena         ;
;   14.484 ;   0.756  ; FF ; CELL ; 1      ; FF_X35_Y39_N7                              ; ternary_mul:u_tm|pack_buf[151] ;
+----------+----------+----+------+--------+--------------------------------------------+--------------------------------+

+-----------------------------------------------------------------------------------------------------------------+
; Data Required Path                                                                                              ;
+---------+---------+----+------+--------+---------------------------------------+--------------------------------+
; Total   ; Incr    ; RF ; Type ; Fanout ; Location                              ; Element                        ;
+---------+---------+----+------+--------+---------------------------------------+--------------------------------+
; 1.000   ; 1.000   ;    ;      ;        ;                                       ; latch edge time                ;
; 5.666   ; 4.666   ;    ;      ;        ;                                       ; clock path                     ;
;   1.000 ;   0.000 ;    ;      ;        ;                                       ; source latency                 ;
;   1.000 ;   0.000 ;    ;      ; 1      ; PIN_N16                               ; clk                            ;
;   1.000 ;   0.000 ;    ; RE   ; 1      ; IOPAD_X89_Y35_N43                     ; ARRIAV_IO_PAD                  ;
;   1.000 ;   0.000 ;    ; RE   ; 1      ; IO_PAD_OUTPUT_X89_Y35_N43_I1          ; IO_PAD_OUTPUT                  ;
;   1.000 ;   0.000 ;    ; RE   ; 1      ; IO_INPUT_BUFFER_INPUT_X89_Y35_N44_I0  ; IO_INPUT_BUFFER_INPUT          ;
;   1.000 ;   0.000 ; RR ; IC   ; 1      ; IOIBUF_X89_Y35_N44                    ; clk~input|i                    ;
;   1.989 ;   0.989 ; RR ; CELL ; 1      ; IOIBUF_X89_Y35_N44                    ; clk~input|o                    ;
;   1.989 ;   0.000 ;    ; RE   ; 1      ; IOIBUF_X89_Y35_N44                    ; ARRIAV_IO_IBUF                 ;
;   1.989 ;   0.000 ;    ; RE   ; 1      ; IO_INPUT_BUFFER_OUTPUT_X89_Y35_N44_I2 ; IO_INPUT_BUFFER_OUTPUT         ;
;   1.989 ;   0.000 ;    ; RE   ; 1      ; IO_RE_X89_Y35_N43_I96                 ; IO_RE                          ;
;   2.084 ;   0.095 ;    ; RE   ; 1      ; IO_RE_X89_Y35_N43_I66                 ; IO_RE                          ;
;   2.296 ;   0.212 ;    ; RE   ; 1      ; CLKBUF_CLUSTER_RE_X89_Y39_N3_I368     ; CLKBUF_CLUSTER_RE              ;
;   2.296 ;   0.000 ;    ; RE   ; 1      ; CLKBUF_CLUSTER_RE_X89_Y39_N3_I764     ; CLKBUF_CLUSTER_RE              ;
;   2.296 ;   0.000 ;    ; RE   ; 1      ; CLKBUF_CLUSTER_RE_X89_Y39_N3_I813     ; CLKBUF_CLUSTER_RE              ;
;   2.296 ;   0.000 ;    ; RE   ; 1      ; CLKBUF_CLUSTER_RE_X89_Y39_N3_I553     ; CLKBUF_CLUSTER_RE              ;
;   2.296 ;   0.000 ;    ; RE   ; 1      ; GCLK_CLUSTER_RE_X89_Y39_N6_I10        ; GCLK_CLUSTER_RE                ;
;   2.296 ;   0.000 ;    ; RE   ; 1      ; CLKBUFBLOCK_INPUT_X89_Y39_N7_I0       ; CLKBUFBLOCK_INPUT              ;
;   2.296 ;   0.000 ; RR ; IC   ; 1      ; CLKCTRL_G9                            ; clk~inputCLKENA0|inclk         ;
;   2.801 ;   0.505 ; RR ; CELL ; 6701   ; CLKCTRL_G9                            ; clk~inputCLKENA0|outclk        ;
;   2.801 ;   0.000 ;    ; RE   ; 1      ; CLKCTRL_G9                            ; ARRIAV_CLKBUF                  ;
;   2.801 ;   0.000 ;    ; RE   ; 1      ; CLKBUFBLOCK_OUTPUT_X89_Y39_N7_I2      ; CLKBUFBLOCK_OUTPUT             ;
;   2.801 ;   0.000 ;    ; RE   ; 1      ; GCLK_CLUSTER_RE_X89_Y39_N6_I12        ; GCLK_CLUSTER_RE                ;
;   2.801 ;   0.000 ;    ; RE   ; 1      ; CLKBUF_CLUSTER_RE_X89_Y39_N3_I416     ; CLKBUF_CLUSTER_RE              ;
;   3.627 ;   0.826 ;    ; RE   ; 10     ; GLOBAL_CLOCK_X0_Y36_N0_I9             ; GLOBAL_CLOCK                   ;
;   3.792 ;   0.165 ;    ; RE   ; 22     ; SPINE_CLOCK_X33_Y37_N0_I22            ; SPINE_CLOCK                    ;
;   4.249 ;   0.457 ;    ; RE   ; 1      ; SCLK_TO_ROWCLK_BUF_X33_Y39_N0_I133    ; SCLK_TO_ROWCLK_BUF             ;
;   4.348 ;   0.099 ;    ; RE   ; 2      ; SCLK_TO_ROWCLK_BUF_X33_Y39_N0_I136    ; SCLK_TO_ROWCLK_BUF             ;
;   4.835 ;   0.487 ;    ; RE   ; 2      ; LAB_CLK_X34_Y39_N0_I5                 ; LAB_CLK                        ;
;   4.981 ;   0.146 ;    ; RE   ; 1      ; BLK_CLK_BUF_X35_Y39_N0_I5             ; BLK_CLK_BUF                    ;
;   5.044 ;   0.063 ;    ; RE   ; 1      ; ROWCLKSEL_PREBUF_X35_Y39_N0_I5        ; ROWCLKSEL_PREBUF               ;
;   5.087 ;   0.043 ;    ; RE   ; 1      ; ROWCLKSEL_X35_Y39_N0_I1               ; ROWCLKSEL                      ;
;   5.087 ;   0.000 ;    ; RE   ; 2      ; GLOBAL_LOCAL_SEL_X35_Y39_N0_I1        ; GLOBAL_LOCAL_SEL               ;
;   5.087 ;   0.000 ;    ; RE   ; 5      ; LAB_INPUT_X35_Y39_N0_I2               ; LAB_INPUT                      ;
;   5.087 ;   0.000 ; RR ; IC   ; 1      ; FF_X35_Y39_N7                         ; u_tm|pack_buf[151]|clk         ;
;   5.618 ;   0.531 ; RR ; CELL ; 1      ; FF_X35_Y39_N7                         ; ternary_mul:u_tm|pack_buf[151] ;
;   5.666 ;   0.048 ;    ;      ;        ;                                       ; clock pessimism removed        ;
; 5.566   ; -0.100  ;    ;      ;        ;                                       ; clock uncertainty              ;
; 5.566   ; 0.000   ;    ; uTsu ; 1      ; FF_X35_Y39_N7                         ; ternary_mul:u_tm|pack_buf[151] ;
+---------+---------+----+------+--------+---------------------------------------+--------------------------------+

----------------------------
; Extra Fitter Information ;
----------------------------
HTML report is unavailable in plain text report export.


Path #3: Setup slack is -8.918 (VIOLATED)
===============================================================================
+-----------------------------------------------------+
; Path Summary                                        ;
+--------------------+--------------------------------+
; Property           ; Value                          ;
+--------------------+--------------------------------+
; From Node          ; sched.S_TM_START               ;
; To Node            ; ternary_mul:u_tm|pack_buf[156] ;
; Launch Clock       ; clk                            ;
; Latch Clock        ; clk                            ;
; Data Arrival Time  ; 14.484                         ;
; Data Required Time ; 5.566                          ;
; Slack              ; -8.918 (VIOLATED)              ;
+--------------------+--------------------------------+

+-------------------------------------------------------------------------------------+
; Statistics                                                                          ;
+------------------------+--------+-------+-------------+------------+--------+-------+
; Property               ; Value  ; Count ; Total Delay ; % of Total ; Min    ; Max   ;
+------------------------+--------+-------+-------------+------------+--------+-------+
; Setup Relationship     ; 1.000  ;       ;             ;            ;        ;       ;
; Clock Skew             ; -0.175 ;       ;             ;            ;        ;       ;
; Data Delay             ; 9.643  ;       ;             ;            ;        ;       ;
; Number of Logic Levels ;        ; 3     ;             ;            ;        ;       ;
; Physical Delays        ;        ;       ;             ;            ;        ;       ;
;  Arrival Path          ;        ;       ;             ;            ;        ;       ;
;   Clock                ;        ;       ;             ;            ;        ;       ;
;    IC                  ;        ; 3     ; 0.000       ; 0          ; 0.000  ; 0.000 ;
;    Cell                ;        ; 3     ; 2.141       ; 44         ; 0.538  ; 0.989 ;
;    Routing Element     ;        ; 27    ; 2.700       ; 56         ; 0.000  ; 0.859 ;
;   Data                 ;        ;       ;             ;            ;        ;       ;
;    IC                  ;        ; 4     ; -0.004      ; 0          ; -0.002 ; 0.000 ;
;    Cell                ;        ; 5     ; 2.578       ; 27         ; 0.000  ; 0.756 ;
;    uTco                ;        ; 1     ; 0.000       ; 0          ; 0.000  ; 0.000 ;
;    Routing Element     ;        ; 38    ; 7.069       ; 73         ; 0.000  ; 0.528 ;
;  Required Path         ;        ;       ;             ;            ;        ;       ;
;   Clock                ;        ;       ;             ;            ;        ;       ;
;    IC                  ;        ; 3     ; 0.000       ; 0          ; 0.000  ; 0.000 ;
;    Cell                ;        ; 3     ; 2.025       ; 44         ; 0.505  ; 0.989 ;
;    Routing Element     ;        ; 27    ; 2.593       ; 56         ; 0.000  ; 0.826 ;
+------------------------+--------+-------+-------------+------------+--------+-------+
Note: Negative delays are omitted from totals when calculating percentages

+------------------------------------------------------------------------------------------------------------------------+
; Data Arrival Path                                                                                                      ;
+----------+----------+----+------+--------+--------------------------------------------+--------------------------------+
; Total    ; Incr     ; RF ; Type ; Fanout ; Location                                   ; Element                        ;
+----------+----------+----+------+--------+--------------------------------------------+--------------------------------+
; 0.000    ; 0.000    ;    ;      ;        ;                                            ; launch edge time               ;
; 4.841    ; 4.841    ;    ;      ;        ;                                            ; clock path                     ;
;   0.000  ;   0.000  ;    ;      ;        ;                                            ; source latency                 ;
;   0.000  ;   0.000  ;    ;      ; 1      ; PIN_N16                                    ; clk                            ;
;   0.000  ;   0.000  ;    ; RE   ; 1      ; IOPAD_X89_Y35_N43                          ; ARRIAV_IO_PAD                  ;
;   0.000  ;   0.000  ;    ; RE   ; 1      ; IO_PAD_OUTPUT_X89_Y35_N43_I1               ; IO_PAD_OUTPUT                  ;
;   0.000  ;   0.000  ;    ; RE   ; 1      ; IO_INPUT_BUFFER_INPUT_X89_Y35_N44_I0       ; IO_INPUT_BUFFER_INPUT          ;
;   0.000  ;   0.000  ; RR ; IC   ; 1      ; IOIBUF_X89_Y35_N44                         ; clk~input|i                    ;
;   0.989  ;   0.989  ; RR ; CELL ; 1      ; IOIBUF_X89_Y35_N44                         ; clk~input|o                    ;
;   0.989  ;   0.000  ;    ; RE   ; 1      ; IOIBUF_X89_Y35_N44                         ; ARRIAV_IO_IBUF                 ;
;   0.989  ;   0.000  ;    ; RE   ; 1      ; IO_INPUT_BUFFER_OUTPUT_X89_Y35_N44_I2      ; IO_INPUT_BUFFER_OUTPUT         ;
;   0.989  ;   0.000  ;    ; RE   ; 1      ; IO_RE_X89_Y35_N43_I96                      ; IO_RE                          ;
;   1.089  ;   0.100  ;    ; RE   ; 1      ; IO_RE_X89_Y35_N43_I66                      ; IO_RE                          ;
;   1.311  ;   0.222  ;    ; RE   ; 1      ; CLKBUF_CLUSTER_RE_X89_Y39_N3_I368          ; CLKBUF_CLUSTER_RE              ;
;   1.311  ;   0.000  ;    ; RE   ; 1      ; CLKBUF_CLUSTER_RE_X89_Y39_N3_I764          ; CLKBUF_CLUSTER_RE              ;
;   1.311  ;   0.000  ;    ; RE   ; 1      ; CLKBUF_CLUSTER_RE_X89_Y39_N3_I813          ; CLKBUF_CLUSTER_RE              ;
;   1.311  ;   0.000  ;    ; RE   ; 1      ; CLKBUF_CLUSTER_RE_X89_Y39_N3_I553          ; CLKBUF_CLUSTER_RE              ;
;   1.311  ;   0.000  ;    ; RE   ; 1      ; GCLK_CLUSTER_RE_X89_Y39_N6_I10             ; GCLK_CLUSTER_RE                ;
;   1.311  ;   0.000  ;    ; RE   ; 1      ; CLKBUFBLOCK_INPUT_X89_Y39_N7_I0            ; CLKBUFBLOCK_INPUT              ;
;   1.311  ;   0.000  ; RR ; IC   ; 1      ; CLKCTRL_G9                                 ; clk~inputCLKENA0|inclk         ;
;   1.849  ;   0.538  ; RR ; CELL ; 6701   ; CLKCTRL_G9                                 ; clk~inputCLKENA0|outclk        ;
;   1.849  ;   0.000  ;    ; RE   ; 1      ; CLKCTRL_G9                                 ; ARRIAV_CLKBUF                  ;
;   1.849  ;   0.000  ;    ; RE   ; 1      ; CLKBUFBLOCK_OUTPUT_X89_Y39_N7_I2           ; CLKBUFBLOCK_OUTPUT             ;
;   1.849  ;   0.000  ;    ; RE   ; 1      ; GCLK_CLUSTER_RE_X89_Y39_N6_I12             ; GCLK_CLUSTER_RE                ;
;   1.849  ;   0.000  ;    ; RE   ; 1      ; CLKBUF_CLUSTER_RE_X89_Y39_N3_I416          ; CLKBUF_CLUSTER_RE              ;
;   2.708  ;   0.859  ;    ; RE   ; 10     ; GLOBAL_CLOCK_X0_Y36_N0_I9                  ; GLOBAL_CLOCK                   ;
;   2.876  ;   0.168  ;    ; RE   ; 18     ; SPINE_CLOCK_X55_Y59_N0_I22                 ; SPINE_CLOCK                    ;
;   3.359  ;   0.483  ;    ; RE   ; 1      ; SCLK_TO_ROWCLK_BUF_X55_Y68_N0_I133         ; SCLK_TO_ROWCLK_BUF             ;
;   3.458  ;   0.099  ;    ; RE   ; 2      ; SCLK_TO_ROWCLK_BUF_X55_Y68_N0_I136         ; SCLK_TO_ROWCLK_BUF             ;
;   3.961  ;   0.503  ;    ; RE   ; 2      ; LAB_CLK_X56_Y68_N0_I5                      ; LAB_CLK                        ;
;   4.115  ;   0.154  ;    ; RE   ; 1      ; BLK_CLK_BUF_X60_Y68_N0_I5                  ; BLK_CLK_BUF                    ;
;   4.180  ;   0.065  ;    ; RE   ; 1      ; ROWCLKSEL_PREBUF_X60_Y68_N0_I5             ; ROWCLKSEL_PREBUF               ;
;   4.227  ;   0.047  ;    ; RE   ; 1      ; ROWCLKSEL_X60_Y68_N0_I0                    ; ROWCLKSEL                      ;
;   4.227  ;   0.000  ;    ; RE   ; 2      ; GLOBAL_LOCAL_SEL_X60_Y68_N0_I0             ; GLOBAL_LOCAL_SEL               ;
;   4.227  ;   0.000  ;    ; RE   ; 3      ; LAB_INPUT_X60_Y68_N0_I1                    ; LAB_INPUT                      ;
;   4.227  ;   0.000  ; RR ; IC   ; 1      ; FF_X60_Y68_N50                             ; sched.S_TM_START|clk           ;
;   4.841  ;   0.614  ; RR ; CELL ; 1      ; FF_X60_Y68_N50                             ; sched.S_TM_START               ;
; 14.484   ; 9.643    ;    ;      ;        ;                                            ; data path                      ;
;   4.841  ;   0.000  ;    ; uTco ; 1      ; FF_X60_Y68_N50                             ; sched.S_TM_START               ;
;   4.841  ;   0.000  ; FF ; CELL ; 17     ; FF_X60_Y68_N50                             ; sched.S_TM_START|q             ;
;   4.908  ;   0.067  ;    ; RE   ; 1      ; FF_X60_Y68_N50                             ; ARRIAV_FF                      ;
;   4.980  ;   0.072  ;    ; RE   ; 1      ; LE_BUFFER_X60_Y68_N0_I33                   ; LE_BUFFER                      ;
;   5.215  ;   0.235  ;    ; RE   ; 1      ; R3_X60_Y68_N0_I4                           ; H_SEG3                         ;
;   5.215  ;   0.000  ;    ; RE   ; 1      ; R14_C12_INTERCONNECT_DRIVER_X61_Y68_N0_I1  ; WIRE_MUX                       ;
;   5.610  ;   0.395  ;    ; RE   ; 1      ; C12_X61_Y56_N0_I1                          ; V_SEG12                        ;
;   5.610  ;   0.000  ;    ; RE   ; 1      ; R14_C12_INTERCONNECT_DRIVER_X61_Y56_N0_I0  ; WIRE_MUX                       ;
;   6.013  ;   0.403  ;    ; RE   ; 3      ; R14_X48_Y56_N0_I1                          ; H_SEG14                        ;
;   6.013  ;   0.000  ;    ; RE   ; 1      ; R14_C12_INTERCONNECT_DRIVER_X47_Y56_N0_I0  ; WIRE_MUX                       ;
;   6.378  ;   0.365  ;    ; RE   ; 2      ; R14_X34_Y56_N0_I1                          ; H_SEG14                        ;
;   6.378  ;   0.000  ;    ; RE   ; 1      ; R14_C12_INTERCONNECT_DRIVER_X39_Y56_N0_I0  ; WIRE_MUX                       ;
;   6.796  ;   0.418  ;    ; RE   ; 1      ; C12_X39_Y44_N0_I1                          ; V_SEG12                        ;
;   7.324  ;   0.528  ;    ; RE   ; 1      ; R6_X34_Y44_N0_I30                          ; H_SEG6                         ;
;   7.668  ;   0.344  ;    ; RE   ; 3      ; LOCAL_INTERCONNECT_X35_Y44_N0_I32          ; LAB_LINE                       ;
;   7.833  ;   0.165  ;    ; RE   ; 1      ; BLOCK_INPUT_MUX_X35_Y44_N0_I52             ; LEIM_INPUT                     ;
;   7.832  ;   -0.001 ; FF ; IC   ; 1      ; LABCELL_X35_Y44_N36                        ; u_tm|Selector1085~0|datac      ;
;   8.338  ;   0.506  ; FR ; CELL ; 15     ; LABCELL_X35_Y44_N36                        ; u_tm|Selector1085~0|combout    ;
;   8.338  ;   0.000  ;    ; RE   ; 1      ; LABCELL_X35_Y44_N36                        ; ARRIAV_LCELL_COMB              ;
;   8.447  ;   0.109  ;    ; RE   ; 1      ; LE_BUFFER_X35_Y44_N0_I25                   ; LE_BUFFER                      ;
;   8.648  ;   0.201  ;    ; RE   ; 2      ; R3_X35_Y44_N0_I8                           ; H_SEG3                         ;
;   8.912  ;   0.264  ;    ; RE   ; 2      ; C4_X36_Y40_N0_I6                           ; V_SEG4                         ;
;   9.110  ;   0.198  ;    ; RE   ; 1      ; R3_X34_Y41_N0_I22                          ; H_SEG3                         ;
;   9.300  ;   0.190  ;    ; RE   ; 3      ; LOCAL_INTERCONNECT_X36_Y41_N0_I18          ; LAB_LINE                       ;
;   9.437  ;   0.137  ;    ; RE   ; 1      ; BLOCK_INPUT_MUX_X36_Y41_N0_I20             ; LEIM_INPUT                     ;
;   9.437  ;   0.000  ; RR ; IC   ; 1      ; LABCELL_X36_Y41_N12                        ; u_tm|pack_buf[34]~2|datac      ;
;   10.057 ;   0.620  ; RF ; CELL ; 16     ; LABCELL_X36_Y41_N12                        ; u_tm|pack_buf[34]~2|combout    ;
;   10.057 ;   0.000  ;    ; RE   ; 2      ; LABCELL_X36_Y41_N12                        ; ARRIAV_LCELL_COMB              ;
;   10.124 ;   0.067  ;    ; RE   ; 2      ; LE_BUFFER_X36_Y41_N0_I8                    ; LE_BUFFER                      ;
;   10.316 ;   0.192  ;    ; RE   ; 2      ; C4_X36_Y42_N0_I2                           ; V_SEG4                         ;
;   10.657 ;   0.341  ;    ; RE   ; 2      ; R6_X37_Y42_N0_I6                           ; H_SEG6                         ;
;   10.968 ;   0.311  ;    ; RE   ; 5      ; LOCAL_INTERCONNECT_X37_Y42_N0_I41          ; LAB_LINE                       ;
;   11.108 ;   0.140  ;    ; RE   ; 1      ; BLOCK_INPUT_MUX_X37_Y42_N0_I19             ; LEIM_INPUT                     ;
;   11.107 ;   -0.001 ; FF ; IC   ; 1      ; LABCELL_X37_Y42_N12                        ; u_tm|pack_buf[153]~16|datab    ;
;   11.803 ;   0.696  ; FF ; CELL ; 15     ; LABCELL_X37_Y42_N12                        ; u_tm|pack_buf[153]~16|combout  ;
;   11.803 ;   0.000  ;    ; RE   ; 1      ; LABCELL_X37_Y42_N12                        ; ARRIAV_LCELL_COMB              ;
;   11.879 ;   0.076  ;    ; RE   ; 1      ; LE_BUFFER_X37_Y42_N0_I9                    ; LE_BUFFER                      ;
;   12.068 ;   0.189  ;    ; RE   ; 1      ; C2_X36_Y40_N0_I11                          ; V_SEG2                         ;
;   12.281 ;   0.213  ;    ; RE   ; 2      ; C2_X36_Y38_N0_I11                          ; V_SEG2                         ;
;   12.500 ;   0.219  ;    ; RE   ; 1      ; C2_X36_Y37_N0_I18                          ; V_SEG2                         ;
;   12.789 ;   0.289  ;    ; RE   ; 1      ; R3_X34_Y38_N0_I22                          ; H_SEG3                         ;
;   13.077 ;   0.288  ;    ; RE   ; 1      ; C2_X33_Y39_N0_I5                           ; V_SEG2                         ;
;   13.377 ;   0.300  ;    ; RE   ; 1      ; R3_X34_Y39_N0_I9                           ; H_SEG3                         ;
;   13.605 ;   0.228  ;    ; RE   ; 1      ; LOCAL_INTERCONNECT_X35_Y39_N0_I19          ; LAB_LINE                       ;
;   13.730 ;   0.125  ;    ; RE   ; 1      ; BLOCK_INPUT_MUX_PASSTHROUGH_X35_Y39_N0_I80 ; LEIM                           ;
;   13.730 ;   0.000  ;    ; RE   ; 5      ; LAB_INPUT_X35_Y39_N0_I7                    ; LAB_INPUT                      ;
;   13.728 ;   -0.002 ; FF ; IC   ; 1      ; FF_X35_Y39_N49                             ; u_tm|pack_buf[156]|ena         ;
;   14.484 ;   0.756  ; FF ; CELL ; 1      ; FF_X35_Y39_N49                             ; ternary_mul:u_tm|pack_buf[156] ;
+----------+----------+----+------+--------+--------------------------------------------+--------------------------------+

+-----------------------------------------------------------------------------------------------------------------+
; Data Required Path                                                                                              ;
+---------+---------+----+------+--------+---------------------------------------+--------------------------------+
; Total   ; Incr    ; RF ; Type ; Fanout ; Location                              ; Element                        ;
+---------+---------+----+------+--------+---------------------------------------+--------------------------------+
; 1.000   ; 1.000   ;    ;      ;        ;                                       ; latch edge time                ;
; 5.666   ; 4.666   ;    ;      ;        ;                                       ; clock path                     ;
;   1.000 ;   0.000 ;    ;      ;        ;                                       ; source latency                 ;
;   1.000 ;   0.000 ;    ;      ; 1      ; PIN_N16                               ; clk                            ;
;   1.000 ;   0.000 ;    ; RE   ; 1      ; IOPAD_X89_Y35_N43                     ; ARRIAV_IO_PAD                  ;
;   1.000 ;   0.000 ;    ; RE   ; 1      ; IO_PAD_OUTPUT_X89_Y35_N43_I1          ; IO_PAD_OUTPUT                  ;
;   1.000 ;   0.000 ;    ; RE   ; 1      ; IO_INPUT_BUFFER_INPUT_X89_Y35_N44_I0  ; IO_INPUT_BUFFER_INPUT          ;
;   1.000 ;   0.000 ; RR ; IC   ; 1      ; IOIBUF_X89_Y35_N44                    ; clk~input|i                    ;
;   1.989 ;   0.989 ; RR ; CELL ; 1      ; IOIBUF_X89_Y35_N44                    ; clk~input|o                    ;
;   1.989 ;   0.000 ;    ; RE   ; 1      ; IOIBUF_X89_Y35_N44                    ; ARRIAV_IO_IBUF                 ;
;   1.989 ;   0.000 ;    ; RE   ; 1      ; IO_INPUT_BUFFER_OUTPUT_X89_Y35_N44_I2 ; IO_INPUT_BUFFER_OUTPUT         ;
;   1.989 ;   0.000 ;    ; RE   ; 1      ; IO_RE_X89_Y35_N43_I96                 ; IO_RE                          ;
;   2.084 ;   0.095 ;    ; RE   ; 1      ; IO_RE_X89_Y35_N43_I66                 ; IO_RE                          ;
;   2.296 ;   0.212 ;    ; RE   ; 1      ; CLKBUF_CLUSTER_RE_X89_Y39_N3_I368     ; CLKBUF_CLUSTER_RE              ;
;   2.296 ;   0.000 ;    ; RE   ; 1      ; CLKBUF_CLUSTER_RE_X89_Y39_N3_I764     ; CLKBUF_CLUSTER_RE              ;
;   2.296 ;   0.000 ;    ; RE   ; 1      ; CLKBUF_CLUSTER_RE_X89_Y39_N3_I813     ; CLKBUF_CLUSTER_RE              ;
;   2.296 ;   0.000 ;    ; RE   ; 1      ; CLKBUF_CLUSTER_RE_X89_Y39_N3_I553     ; CLKBUF_CLUSTER_RE              ;
;   2.296 ;   0.000 ;    ; RE   ; 1      ; GCLK_CLUSTER_RE_X89_Y39_N6_I10        ; GCLK_CLUSTER_RE                ;
;   2.296 ;   0.000 ;    ; RE   ; 1      ; CLKBUFBLOCK_INPUT_X89_Y39_N7_I0       ; CLKBUFBLOCK_INPUT              ;
;   2.296 ;   0.000 ; RR ; IC   ; 1      ; CLKCTRL_G9                            ; clk~inputCLKENA0|inclk         ;
;   2.801 ;   0.505 ; RR ; CELL ; 6701   ; CLKCTRL_G9                            ; clk~inputCLKENA0|outclk        ;
;   2.801 ;   0.000 ;    ; RE   ; 1      ; CLKCTRL_G9                            ; ARRIAV_CLKBUF                  ;
;   2.801 ;   0.000 ;    ; RE   ; 1      ; CLKBUFBLOCK_OUTPUT_X89_Y39_N7_I2      ; CLKBUFBLOCK_OUTPUT             ;
;   2.801 ;   0.000 ;    ; RE   ; 1      ; GCLK_CLUSTER_RE_X89_Y39_N6_I12        ; GCLK_CLUSTER_RE                ;
;   2.801 ;   0.000 ;    ; RE   ; 1      ; CLKBUF_CLUSTER_RE_X89_Y39_N3_I416     ; CLKBUF_CLUSTER_RE              ;
;   3.627 ;   0.826 ;    ; RE   ; 10     ; GLOBAL_CLOCK_X0_Y36_N0_I9             ; GLOBAL_CLOCK                   ;
;   3.792 ;   0.165 ;    ; RE   ; 22     ; SPINE_CLOCK_X33_Y37_N0_I22            ; SPINE_CLOCK                    ;
;   4.249 ;   0.457 ;    ; RE   ; 1      ; SCLK_TO_ROWCLK_BUF_X33_Y39_N0_I133    ; SCLK_TO_ROWCLK_BUF             ;
;   4.348 ;   0.099 ;    ; RE   ; 2      ; SCLK_TO_ROWCLK_BUF_X33_Y39_N0_I136    ; SCLK_TO_ROWCLK_BUF             ;
;   4.835 ;   0.487 ;    ; RE   ; 2      ; LAB_CLK_X34_Y39_N0_I5                 ; LAB_CLK                        ;
;   4.981 ;   0.146 ;    ; RE   ; 1      ; BLK_CLK_BUF_X35_Y39_N0_I5             ; BLK_CLK_BUF                    ;
;   5.044 ;   0.063 ;    ; RE   ; 1      ; ROWCLKSEL_PREBUF_X35_Y39_N0_I5        ; ROWCLKSEL_PREBUF               ;
;   5.087 ;   0.043 ;    ; RE   ; 1      ; ROWCLKSEL_X35_Y39_N0_I1               ; ROWCLKSEL                      ;
;   5.087 ;   0.000 ;    ; RE   ; 2      ; GLOBAL_LOCAL_SEL_X35_Y39_N0_I1        ; GLOBAL_LOCAL_SEL               ;
;   5.087 ;   0.000 ;    ; RE   ; 5      ; LAB_INPUT_X35_Y39_N0_I2               ; LAB_INPUT                      ;
;   5.087 ;   0.000 ; RR ; IC   ; 1      ; FF_X35_Y39_N49                        ; u_tm|pack_buf[156]|clk         ;
;   5.618 ;   0.531 ; RR ; CELL ; 1      ; FF_X35_Y39_N49                        ; ternary_mul:u_tm|pack_buf[156] ;
;   5.666 ;   0.048 ;    ;      ;        ;                                       ; clock pessimism removed        ;
; 5.566   ; -0.100  ;    ;      ;        ;                                       ; clock uncertainty              ;
; 5.566   ; 0.000   ;    ; uTsu ; 1      ; FF_X35_Y39_N49                        ; ternary_mul:u_tm|pack_buf[156] ;
+---------+---------+----+------+--------+---------------------------------------+--------------------------------+

----------------------------
; Extra Fitter Information ;
----------------------------
HTML report is unavailable in plain text report export.


