------------------------------------------------------------
Timing Analyzer Summary
------------------------------------------------------------

Type  : Slow 1100mV 85C Model Setup 'clk'
Slack : -2.265
TNS   : -46.475

Type  : Slow 1100mV 85C Model Hold 'clk'
Slack : -0.072
TNS   : -0.175

Type  : Slow 1100mV 85C Model Recovery 'clk'
Slack : 6.179
TNS   : 0.000

Type  : Slow 1100mV 85C Model Removal 'clk'
Slack : 1.129
TNS   : 0.000

Type  : Slow 1100mV 85C Model Minimum Pulse Width 'clk'
Slack : 3.600
TNS   : 0.000

Type  : Slow 1100mV 0C Model Setup 'clk'
Slack : -2.187
TNS   : -40.230

Type  : Slow 1100mV 0C Model Hold 'clk'
Slack : 0.013
TNS   : 0.000

Type  : Slow 1100mV 0C Model Recovery 'clk'
Slack : 6.270
TNS   : 0.000

Type  : Slow 1100mV 0C Model Removal 'clk'
Slack : 1.001
TNS   : 0.000

Type  : Slow 1100mV 0C Model Minimum Pulse Width 'clk'
Slack : 3.548
TNS   : 0.000

Type  : Fast 1100mV 85C Model Setup 'clk'
Slack : 2.688
TNS   : 0.000

Type  : Fast 1100mV 85C Model Hold 'clk'
Slack : 0.110
TNS   : 0.000

Type  : Fast 1100mV 85C Model Recovery 'clk'
Slack : 6.985
TNS   : 0.000

Type  : Fast 1100mV 85C Model Removal 'clk'
Slack : 0.870
TNS   : 0.000

Type  : Fast 1100mV 85C Model Minimum Pulse Width 'clk'
Slack : 3.799
TNS   : 0.000

Type  : Fast 1100mV 0C Model Setup 'clk'
Slack : 2.887
TNS   : 0.000

Type  : Fast 1100mV 0C Model Hold 'clk'
Slack : 0.041
TNS   : 0.000

Type  : Fast 1100mV 0C Model Recovery 'clk'
Slack : 6.975
TNS   : 0.000

Type  : Fast 1100mV 0C Model Removal 'clk'
Slack : 0.878
TNS   : 0.000

Type  : Fast 1100mV 0C Model Minimum Pulse Width 'clk'
Slack : 3.788
TNS   : 0.000

------------------------------------------------------------
