# vsim -c -onfinish exit -l D:\2151097_Nguyen Nhut Khanh\review\addsub_20260917\sim\after-reproduce.log after_lib.tb_reproduce -do "run -all; quit -f" 
# Start time: 17:17:21 on Sep 17,2026
# Loading sv_std.std
# Loading after_lib.tb_reproduce
# Loading after_lib.addsub
# Loading after_lib.rowwise_op
# Loading after_lib.mul
# Loading after_lib.div
# Loading after_lib.sigmoid
# Loading after_lib.exp_row
# run -all
# DIRECT_SUB 5-3=0002
# ROW_ADD 5+3=0008 carry=0 overflow=0
# ROW_SUB 5-3=0002 carry=0 overflow=0
# ROW_SUB -1-1=fffe carry=0 overflow=0
# REPRO_PASS EXPECT_BUGS=0 bugs=0
# ** Note: $finish    : D:/2151097_Nguyen Nhut Khanh/review/addsub_20260917/tb_reproduce.sv(32)
#    Time: 4 ns  Iteration: 0  Instance: /tb_reproduce
# End time: 17:17:23 on Sep 17,2026, Elapsed time: 0:00:02
# Errors: 0, Warnings: 0
