# vsim -c -onfinish exit -l scaled-rowwise-probe.log after_lib.tb_param_probe -do "run -all; quit -f" 
# Start time: 17:13:22 on Sep 17,2026
# Loading sv_std.std
# Loading after_lib.tb_param_probe
# Loading after_lib.rowwise_op
# Loading after_lib.mul
# Loading after_lib.div
# Loading after_lib.sigmoid
# Loading after_lib.addsub
# Loading after_lib.exp_row
# ** Warning: (vsim-3015) [PCDPC] - Port size (16) does not match connection size (8) for port 'x'. The port definition is at: D:/2151097_Nguyen Nhut Khanh/Verilog Source code/sigmoid.sv(2).
#    Time: 0 ps  Iteration: 0  Instance: /tb_param_probe/dut/rowwise_sig[0]/sig File: D:/2151097_Nguyen Nhut Khanh/Verilog Source code/rowwise_op.sv Line: 24
# ** Warning: (vsim-3015) [PCDPC] - Port size (16) does not match connection size (8) for port 'out'. The port definition is at: D:/2151097_Nguyen Nhut Khanh/Verilog Source code/sigmoid.sv(3).
#    Time: 0 ps  Iteration: 0  Instance: /tb_param_probe/dut/rowwise_sig[0]/sig File: D:/2151097_Nguyen Nhut Khanh/Verilog Source code/rowwise_op.sv Line: 24
# ** Warning: (vsim-3015) [PCDPC] - Port size (16) does not match connection size (8) for port 'x'. The port definition is at: D:/2151097_Nguyen Nhut Khanh/Verilog Source code/sigmoid.sv(2).
#    Time: 0 ps  Iteration: 0  Instance: /tb_param_probe/dut/rowwise_sig[1]/sig File: D:/2151097_Nguyen Nhut Khanh/Verilog Source code/rowwise_op.sv Line: 24
# ** Warning: (vsim-3015) [PCDPC] - Port size (16) does not match connection size (8) for port 'out'. The port definition is at: D:/2151097_Nguyen Nhut Khanh/Verilog Source code/sigmoid.sv(3).
#    Time: 0 ps  Iteration: 0  Instance: /tb_param_probe/dut/rowwise_sig[1]/sig File: D:/2151097_Nguyen Nhut Khanh/Verilog Source code/rowwise_op.sv Line: 24
# ** Warning: (vsim-3015) [PCDPC] - Port size (16) does not match connection size (8) for port 'x'. The port definition is at: D:/2151097_Nguyen Nhut Khanh/Verilog Source code/sigmoid.sv(2).
#    Time: 0 ps  Iteration: 0  Instance: /tb_param_probe/dut/rowwise_sig[2]/sig File: D:/2151097_Nguyen Nhut Khanh/Verilog Source code/rowwise_op.sv Line: 24
# ** Warning: (vsim-3015) [PCDPC] - Port size (16) does not match connection size (8) for port 'out'. The port definition is at: D:/2151097_Nguyen Nhut Khanh/Verilog Source code/sigmoid.sv(3).
#    Time: 0 ps  Iteration: 0  Instance: /tb_param_probe/dut/rowwise_sig[2]/sig File: D:/2151097_Nguyen Nhut Khanh/Verilog Source code/rowwise_op.sv Line: 24
# ** Warning: (vsim-3015) [PCDPC] - Port size (16) does not match connection size (8) for port 'x'. The port definition is at: D:/2151097_Nguyen Nhut Khanh/Verilog Source code/sigmoid.sv(2).
#    Time: 0 ps  Iteration: 0  Instance: /tb_param_probe/dut/rowwise_sig[3]/sig File: D:/2151097_Nguyen Nhut Khanh/Verilog Source code/rowwise_op.sv Line: 24
# ** Warning: (vsim-3015) [PCDPC] - Port size (16) does not match connection size (8) for port 'out'. The port definition is at: D:/2151097_Nguyen Nhut Khanh/Verilog Source code/sigmoid.sv(3).
#    Time: 0 ps  Iteration: 0  Instance: /tb_param_probe/dut/rowwise_sig[3]/sig File: D:/2151097_Nguyen Nhut Khanh/Verilog Source code/rowwise_op.sv Line: 24
# ** Warning: (vsim-3015) [PCDPC] - Port size (16) does not match connection size (8) for port 'x'. The port definition is at: D:/2151097_Nguyen Nhut Khanh/Verilog Source code/sigmoid.sv(2).
#    Time: 0 ps  Iteration: 0  Instance: /tb_param_probe/dut/rowwise_sig[4]/sig File: D:/2151097_Nguyen Nhut Khanh/Verilog Source code/rowwise_op.sv Line: 24
# ** Warning: (vsim-3015) [PCDPC] - Port size (16) does not match connection size (8) for port 'out'. The port definition is at: D:/2151097_Nguyen Nhut Khanh/Verilog Source code/sigmoid.sv(3).
#    Time: 0 ps  Iteration: 0  Instance: /tb_param_probe/dut/rowwise_sig[4]/sig File: D:/2151097_Nguyen Nhut Khanh/Verilog Source code/rowwise_op.sv Line: 24
# ** Warning: (vsim-3015) [PCDPC] - Port size (16) does not match connection size (8) for port 'x'. The port definition is at: D:/2151097_Nguyen Nhut Khanh/Verilog Source code/sigmoid.sv(2).
#    Time: 0 ps  Iteration: 0  Instance: /tb_param_probe/dut/rowwise_sig[5]/sig File: D:/2151097_Nguyen Nhut Khanh/Verilog Source code/rowwise_op.sv Line: 24
# ** Warning: (vsim-3015) [PCDPC] - Port size (16) does not match connection size (8) for port 'out'. The port definition is at: D:/2151097_Nguyen Nhut Khanh/Verilog Source code/sigmoid.sv(3).
#    Time: 0 ps  Iteration: 0  Instance: /tb_param_probe/dut/rowwise_sig[5]/sig File: D:/2151097_Nguyen Nhut Khanh/Verilog Source code/rowwise_op.sv Line: 24
# ** Warning: (vsim-3015) [PCDPC] - Port size (16) does not match connection size (8) for port 'x'. The port definition is at: D:/2151097_Nguyen Nhut Khanh/Verilog Source code/sigmoid.sv(2).
#    Time: 0 ps  Iteration: 0  Instance: /tb_param_probe/dut/rowwise_sig[6]/sig File: D:/2151097_Nguyen Nhut Khanh/Verilog Source code/rowwise_op.sv Line: 24
# ** Warning: (vsim-3015) [PCDPC] - Port size (16) does not match connection size (8) for port 'out'. The port definition is at: D:/2151097_Nguyen Nhut Khanh/Verilog Source code/sigmoid.sv(3).
#    Time: 0 ps  Iteration: 0  Instance: /tb_param_probe/dut/rowwise_sig[6]/sig File: D:/2151097_Nguyen Nhut Khanh/Verilog Source code/rowwise_op.sv Line: 24
# ** Warning: (vsim-3015) [PCDPC] - Port size (16) does not match connection size (8) for port 'x'. The port definition is at: D:/2151097_Nguyen Nhut Khanh/Verilog Source code/sigmoid.sv(2).
#    Time: 0 ps  Iteration: 0  Instance: /tb_param_probe/dut/rowwise_sig[7]/sig File: D:/2151097_Nguyen Nhut Khanh/Verilog Source code/rowwise_op.sv Line: 24
# ** Warning: (vsim-3015) [PCDPC] - Port size (16) does not match connection size (8) for port 'out'. The port definition is at: D:/2151097_Nguyen Nhut Khanh/Verilog Source code/sigmoid.sv(3).
#    Time: 0 ps  Iteration: 0  Instance: /tb_param_probe/dut/rowwise_sig[7]/sig File: D:/2151097_Nguyen Nhut Khanh/Verilog Source code/rowwise_op.sv Line: 24
# ** Warning: (vsim-3015) [PCDPC] - Port size (16) does not match connection size (8) for port 'x'. The port definition is at: D:/2151097_Nguyen Nhut Khanh/Verilog Source code/sigmoid.sv(2).
#    Time: 0 ps  Iteration: 0  Instance: /tb_param_probe/dut/rowwise_sig[8]/sig File: D:/2151097_Nguyen Nhut Khanh/Verilog Source code/rowwise_op.sv Line: 24
# ** Warning: (vsim-3015) [PCDPC] - Port size (16) does not match connection size (8) for port 'out'. The port definition is at: D:/2151097_Nguyen Nhut Khanh/Verilog Source code/sigmoid.sv(3).
#    Time: 0 ps  Iteration: 0  Instance: /tb_param_probe/dut/rowwise_sig[8]/sig File: D:/2151097_Nguyen Nhut Khanh/Verilog Source code/rowwise_op.sv Line: 24
# ** Warning: (vsim-3015) [PCDPC] - Port size (16) does not match connection size (8) for port 'x'. The port definition is at: D:/2151097_Nguyen Nhut Khanh/Verilog Source code/sigmoid.sv(2).
#    Time: 0 ps  Iteration: 0  Instance: /tb_param_probe/dut/rowwise_sig[9]/sig File: D:/2151097_Nguyen Nhut Khanh/Verilog Source code/rowwise_op.sv Line: 24
# ** Warning: (vsim-3015) [PCDPC] - Port size (16) does not match connection size (8) for port 'out'. The port definition is at: D:/2151097_Nguyen Nhut Khanh/Verilog Source code/sigmoid.sv(3).
#    Time: 0 ps  Iteration: 0  Instance: /tb_param_probe/dut/rowwise_sig[9]/sig File: D:/2151097_Nguyen Nhut Khanh/Verilog Source code/rowwise_op.sv Line: 24
# ** Warning: (vsim-3015) [PCDPC] - Port size (16) does not match connection size (8) for port 'x'. The port definition is at: D:/2151097_Nguyen Nhut Khanh/Verilog Source code/sigmoid.sv(2).
#    Time: 0 ps  Iteration: 0  Instance: /tb_param_probe/dut/rowwise_sig[10]/sig File: D:/2151097_Nguyen Nhut Khanh/Verilog Source code/rowwise_op.sv Line: 24
# ** Warning: (vsim-3015) [PCDPC] - Port size (16) does not match connection size (8) for port 'out'. The port definition is at: D:/2151097_Nguyen Nhut Khanh/Verilog Source code/sigmoid.sv(3).
#    Time: 0 ps  Iteration: 0  Instance: /tb_param_probe/dut/rowwise_sig[10]/sig File: D:/2151097_Nguyen Nhut Khanh/Verilog Source code/rowwise_op.sv Line: 24
# ** Warning: (vsim-3015) [PCDPC] - Port size (16) does not match connection size (8) for port 'x'. The port definition is at: D:/2151097_Nguyen Nhut Khanh/Verilog Source code/sigmoid.sv(2).
#    Time: 0 ps  Iteration: 0  Instance: /tb_param_probe/dut/rowwise_sig[11]/sig File: D:/2151097_Nguyen Nhut Khanh/Verilog Source code/rowwise_op.sv Line: 24
# ** Warning: (vsim-3015) [PCDPC] - Port size (16) does not match connection size (8) for port 'out'. The port definition is at: D:/2151097_Nguyen Nhut Khanh/Verilog Source code/sigmoid.sv(3).
#    Time: 0 ps  Iteration: 0  Instance: /tb_param_probe/dut/rowwise_sig[11]/sig File: D:/2151097_Nguyen Nhut Khanh/Verilog Source code/rowwise_op.sv Line: 24
# ** Warning: (vsim-3015) [PCDPC] - Port size (16) does not match connection size (8) for port 'x'. The port definition is at: D:/2151097_Nguyen Nhut Khanh/Verilog Source code/sigmoid.sv(2).
#    Time: 0 ps  Iteration: 0  Instance: /tb_param_probe/dut/rowwise_sig[12]/sig File: D:/2151097_Nguyen Nhut Khanh/Verilog Source code/rowwise_op.sv Line: 24
# ** Warning: (vsim-3015) [PCDPC] - Port size (16) does not match connection size (8) for port 'out'. The port definition is at: D:/2151097_Nguyen Nhut Khanh/Verilog Source code/sigmoid.sv(3).
#    Time: 0 ps  Iteration: 0  Instance: /tb_param_probe/dut/rowwise_sig[12]/sig File: D:/2151097_Nguyen Nhut Khanh/Verilog Source code/rowwise_op.sv Line: 24
# ** Warning: (vsim-3015) [PCDPC] - Port size (16) does not match connection size (8) for port 'x'. The port definition is at: D:/2151097_Nguyen Nhut Khanh/Verilog Source code/sigmoid.sv(2).
#    Time: 0 ps  Iteration: 0  Instance: /tb_param_probe/dut/rowwise_sig[13]/sig File: D:/2151097_Nguyen Nhut Khanh/Verilog Source code/rowwise_op.sv Line: 24
# ** Warning: (vsim-3015) [PCDPC] - Port size (16) does not match connection size (8) for port 'out'. The port definition is at: D:/2151097_Nguyen Nhut Khanh/Verilog Source code/sigmoid.sv(3).
#    Time: 0 ps  Iteration: 0  Instance: /tb_param_probe/dut/rowwise_sig[13]/sig File: D:/2151097_Nguyen Nhut Khanh/Verilog Source code/rowwise_op.sv Line: 24
# ** Warning: (vsim-3015) [PCDPC] - Port size (16) does not match connection size (8) for port 'x'. The port definition is at: D:/2151097_Nguyen Nhut Khanh/Verilog Source code/sigmoid.sv(2).
#    Time: 0 ps  Iteration: 0  Instance: /tb_param_probe/dut/rowwise_sig[14]/sig File: D:/2151097_Nguyen Nhut Khanh/Verilog Source code/rowwise_op.sv Line: 24
# ** Warning: (vsim-3015) [PCDPC] - Port size (16) does not match connection size (8) for port 'out'. The port definition is at: D:/2151097_Nguyen Nhut Khanh/Verilog Source code/sigmoid.sv(3).
#    Time: 0 ps  Iteration: 0  Instance: /tb_param_probe/dut/rowwise_sig[14]/sig File: D:/2151097_Nguyen Nhut Khanh/Verilog Source code/rowwise_op.sv Line: 24
# ** Warning: (vsim-3015) [PCDPC] - Port size (16) does not match connection size (8) for port 'x'. The port definition is at: D:/2151097_Nguyen Nhut Khanh/Verilog Source code/sigmoid.sv(2).
#    Time: 0 ps  Iteration: 0  Instance: /tb_param_probe/dut/rowwise_sig[15]/sig File: D:/2151097_Nguyen Nhut Khanh/Verilog Source code/rowwise_op.sv Line: 24
# ** Warning: (vsim-3015) [PCDPC] - Port size (16) does not match connection size (8) for port 'out'. The port definition is at: D:/2151097_Nguyen Nhut Khanh/Verilog Source code/sigmoid.sv(3).
#    Time: 0 ps  Iteration: 0  Instance: /tb_param_probe/dut/rowwise_sig[15]/sig File: D:/2151097_Nguyen Nhut Khanh/Verilog Source code/rowwise_op.sv Line: 24
# ** Warning: (vsim-3015) [PCDPC] - Port size (16) does not match connection size (8) for port 'x'. The port definition is at: D:/2151097_Nguyen Nhut Khanh/Verilog Source code/sigmoid.sv(2).
#    Time: 0 ps  Iteration: 0  Instance: /tb_param_probe/dut/rowwise_sig[16]/sig File: D:/2151097_Nguyen Nhut Khanh/Verilog Source code/rowwise_op.sv Line: 24
# ** Warning: (vsim-3015) [PCDPC] - Port size (16) does not match connection size (8) for port 'out'. The port definition is at: D:/2151097_Nguyen Nhut Khanh/Verilog Source code/sigmoid.sv(3).
#    Time: 0 ps  Iteration: 0  Instance: /tb_param_probe/dut/rowwise_sig[16]/sig File: D:/2151097_Nguyen Nhut Khanh/Verilog Source code/rowwise_op.sv Line: 24
# ** Warning: (vsim-3015) [PCDPC] - Port size (16) does not match connection size (8) for port 'x'. The port definition is at: D:/2151097_Nguyen Nhut Khanh/Verilog Source code/sigmoid.sv(2).
#    Time: 0 ps  Iteration: 0  Instance: /tb_param_probe/dut/rowwise_sig[17]/sig File: D:/2151097_Nguyen Nhut Khanh/Verilog Source code/rowwise_op.sv Line: 24
# ** Warning: (vsim-3015) [PCDPC] - Port size (16) does not match connection size (8) for port 'out'. The port definition is at: D:/2151097_Nguyen Nhut Khanh/Verilog Source code/sigmoid.sv(3).
#    Time: 0 ps  Iteration: 0  Instance: /tb_param_probe/dut/rowwise_sig[17]/sig File: D:/2151097_Nguyen Nhut Khanh/Verilog Source code/rowwise_op.sv Line: 24
# ** Warning: (vsim-3015) [PCDPC] - Port size (16) does not match connection size (8) for port 'x'. The port definition is at: D:/2151097_Nguyen Nhut Khanh/Verilog Source code/sigmoid.sv(2).
#    Time: 0 ps  Iteration: 0  Instance: /tb_param_probe/dut/rowwise_sig[18]/sig File: D:/2151097_Nguyen Nhut Khanh/Verilog Source code/rowwise_op.sv Line: 24
# ** Warning: (vsim-3015) [PCDPC] - Port size (16) does not match connection size (8) for port 'out'. The port definition is at: D:/2151097_Nguyen Nhut Khanh/Verilog Source code/sigmoid.sv(3).
#    Time: 0 ps  Iteration: 0  Instance: /tb_param_probe/dut/rowwise_sig[18]/sig File: D:/2151097_Nguyen Nhut Khanh/Verilog Source code/rowwise_op.sv Line: 24
# ** Warning: (vsim-3015) [PCDPC] - Port size (16) does not match connection size (8) for port 'x'. The port definition is at: D:/2151097_Nguyen Nhut Khanh/Verilog Source code/sigmoid.sv(2).
#    Time: 0 ps  Iteration: 0  Instance: /tb_param_probe/dut/rowwise_sig[19]/sig File: D:/2151097_Nguyen Nhut Khanh/Verilog Source code/rowwise_op.sv Line: 24
# ** Warning: (vsim-3015) [PCDPC] - Port size (16) does not match connection size (8) for port 'out'. The port definition is at: D:/2151097_Nguyen Nhut Khanh/Verilog Source code/sigmoid.sv(3).
#    Time: 0 ps  Iteration: 0  Instance: /tb_param_probe/dut/rowwise_sig[19]/sig File: D:/2151097_Nguyen Nhut Khanh/Verilog Source code/rowwise_op.sv Line: 24
# ** Warning: (vsim-3015) [PCDPC] - Port size (16) does not match connection size (8) for port 'x'. The port definition is at: D:/2151097_Nguyen Nhut Khanh/Verilog Source code/sigmoid.sv(2).
#    Time: 0 ps  Iteration: 0  Instance: /tb_param_probe/dut/rowwise_sig[20]/sig File: D:/2151097_Nguyen Nhut Khanh/Verilog Source code/rowwise_op.sv Line: 24
# ** Warning: (vsim-3015) [PCDPC] - Port size (16) does not match connection size (8) for port 'out'. The port definition is at: D:/2151097_Nguyen Nhut Khanh/Verilog Source code/sigmoid.sv(3).
#    Time: 0 ps  Iteration: 0  Instance: /tb_param_probe/dut/rowwise_sig[20]/sig File: D:/2151097_Nguyen Nhut Khanh/Verilog Source code/rowwise_op.sv Line: 24
# ** Warning: (vsim-3015) [PCDPC] - Port size (16) does not match connection size (8) for port 'x'. The port definition is at: D:/2151097_Nguyen Nhut Khanh/Verilog Source code/sigmoid.sv(2).
#    Time: 0 ps  Iteration: 0  Instance: /tb_param_probe/dut/rowwise_sig[21]/sig File: D:/2151097_Nguyen Nhut Khanh/Verilog Source code/rowwise_op.sv Line: 24
# ** Warning: (vsim-3015) [PCDPC] - Port size (16) does not match connection size (8) for port 'out'. The port definition is at: D:/2151097_Nguyen Nhut Khanh/Verilog Source code/sigmoid.sv(3).
#    Time: 0 ps  Iteration: 0  Instance: /tb_param_probe/dut/rowwise_sig[21]/sig File: D:/2151097_Nguyen Nhut Khanh/Verilog Source code/rowwise_op.sv Line: 24
# ** Warning: (vsim-3015) [PCDPC] - Port size (16) does not match connection size (8) for port 'x'. The port definition is at: D:/2151097_Nguyen Nhut Khanh/Verilog Source code/sigmoid.sv(2).
#    Time: 0 ps  Iteration: 0  Instance: /tb_param_probe/dut/rowwise_sig[22]/sig File: D:/2151097_Nguyen Nhut Khanh/Verilog Source code/rowwise_op.sv Line: 24
# ** Warning: (vsim-3015) [PCDPC] - Port size (16) does not match connection size (8) for port 'out'. The port definition is at: D:/2151097_Nguyen Nhut Khanh/Verilog Source code/sigmoid.sv(3).
#    Time: 0 ps  Iteration: 0  Instance: /tb_param_probe/dut/rowwise_sig[22]/sig File: D:/2151097_Nguyen Nhut Khanh/Verilog Source code/rowwise_op.sv Line: 24
# ** Warning: (vsim-3015) [PCDPC] - Port size (16) does not match connection size (8) for port 'x'. The port definition is at: D:/2151097_Nguyen Nhut Khanh/Verilog Source code/sigmoid.sv(2).
#    Time: 0 ps  Iteration: 0  Instance: /tb_param_probe/dut/rowwise_sig[23]/sig File: D:/2151097_Nguyen Nhut Khanh/Verilog Source code/rowwise_op.sv Line: 24
# ** Warning: (vsim-3015) [PCDPC] - Port size (16) does not match connection size (8) for port 'out'. The port definition is at: D:/2151097_Nguyen Nhut Khanh/Verilog Source code/sigmoid.sv(3).
#    Time: 0 ps  Iteration: 0  Instance: /tb_param_probe/dut/rowwise_sig[23]/sig File: D:/2151097_Nguyen Nhut Khanh/Verilog Source code/rowwise_op.sv Line: 24
# ** Warning: (vsim-3015) [PCDPC] - Port size (16) does not match connection size (8) for port 'x'. The port definition is at: D:/2151097_Nguyen Nhut Khanh/Verilog Source code/sigmoid.sv(2).
#    Time: 0 ps  Iteration: 0  Instance: /tb_param_probe/dut/rowwise_sig[24]/sig File: D:/2151097_Nguyen Nhut Khanh/Verilog Source code/rowwise_op.sv Line: 24
# ** Warning: (vsim-3015) [PCDPC] - Port size (16) does not match connection size (8) for port 'out'. The port definition is at: D:/2151097_Nguyen Nhut Khanh/Verilog Source code/sigmoid.sv(3).
#    Time: 0 ps  Iteration: 0  Instance: /tb_param_probe/dut/rowwise_sig[24]/sig File: D:/2151097_Nguyen Nhut Khanh/Verilog Source code/rowwise_op.sv Line: 24
# ** Warning: (vsim-3015) [PCDPC] - Port size (16) does not match connection size (8) for port 'x'. The port definition is at: D:/2151097_Nguyen Nhut Khanh/Verilog Source code/sigmoid.sv(2).
#    Time: 0 ps  Iteration: 0  Instance: /tb_param_probe/dut/rowwise_sig[25]/sig File: D:/2151097_Nguyen Nhut Khanh/Verilog Source code/rowwise_op.sv Line: 24
# ** Warning: (vsim-3015) [PCDPC] - Port size (16) does not match connection size (8) for port 'out'. The port definition is at: D:/2151097_Nguyen Nhut Khanh/Verilog Source code/sigmoid.sv(3).
#    Time: 0 ps  Iteration: 0  Instance: /tb_param_probe/dut/rowwise_sig[25]/sig File: D:/2151097_Nguyen Nhut Khanh/Verilog Source code/rowwise_op.sv Line: 24
# ** Warning: (vsim-3015) [PCDPC] - Port size (16) does not match connection size (8) for port 'x'. The port definition is at: D:/2151097_Nguyen Nhut Khanh/Verilog Source code/sigmoid.sv(2).
#    Time: 0 ps  Iteration: 0  Instance: /tb_param_probe/dut/rowwise_sig[26]/sig File: D:/2151097_Nguyen Nhut Khanh/Verilog Source code/rowwise_op.sv Line: 24
# ** Warning: (vsim-3015) [PCDPC] - Port size (16) does not match connection size (8) for port 'out'. The port definition is at: D:/2151097_Nguyen Nhut Khanh/Verilog Source code/sigmoid.sv(3).
#    Time: 0 ps  Iteration: 0  Instance: /tb_param_probe/dut/rowwise_sig[26]/sig File: D:/2151097_Nguyen Nhut Khanh/Verilog Source code/rowwise_op.sv Line: 24
# ** Warning: (vsim-3015) [PCDPC] - Port size (16) does not match connection size (8) for port 'x'. The port definition is at: D:/2151097_Nguyen Nhut Khanh/Verilog Source code/sigmoid.sv(2).
#    Time: 0 ps  Iteration: 0  Instance: /tb_param_probe/dut/rowwise_sig[27]/sig File: D:/2151097_Nguyen Nhut Khanh/Verilog Source code/rowwise_op.sv Line: 24
# ** Warning: (vsim-3015) [PCDPC] - Port size (16) does not match connection size (8) for port 'out'. The port definition is at: D:/2151097_Nguyen Nhut Khanh/Verilog Source code/sigmoid.sv(3).
#    Time: 0 ps  Iteration: 0  Instance: /tb_param_probe/dut/rowwise_sig[27]/sig File: D:/2151097_Nguyen Nhut Khanh/Verilog Source code/rowwise_op.sv Line: 24
# ** Warning: (vsim-3015) [PCDPC] - Port size (16) does not match connection size (8) for port 'x'. The port definition is at: D:/2151097_Nguyen Nhut Khanh/Verilog Source code/sigmoid.sv(2).
#    Time: 0 ps  Iteration: 0  Instance: /tb_param_probe/dut/rowwise_sig[28]/sig File: D:/2151097_Nguyen Nhut Khanh/Verilog Source code/rowwise_op.sv Line: 24
# ** Warning: (vsim-3015) [PCDPC] - Port size (16) does not match connection size (8) for port 'out'. The port definition is at: D:/2151097_Nguyen Nhut Khanh/Verilog Source code/sigmoid.sv(3).
#    Time: 0 ps  Iteration: 0  Instance: /tb_param_probe/dut/rowwise_sig[28]/sig File: D:/2151097_Nguyen Nhut Khanh/Verilog Source code/rowwise_op.sv Line: 24
# ** Warning: (vsim-3015) [PCDPC] - Port size (16) does not match connection size (8) for port 'x'. The port definition is at: D:/2151097_Nguyen Nhut Khanh/Verilog Source code/sigmoid.sv(2).
#    Time: 0 ps  Iteration: 0  Instance: /tb_param_probe/dut/rowwise_sig[29]/sig File: D:/2151097_Nguyen Nhut Khanh/Verilog Source code/rowwise_op.sv Line: 24
# ** Warning: (vsim-3015) [PCDPC] - Port size (16) does not match connection size (8) for port 'out'. The port definition is at: D:/2151097_Nguyen Nhut Khanh/Verilog Source code/sigmoid.sv(3).
#    Time: 0 ps  Iteration: 0  Instance: /tb_param_probe/dut/rowwise_sig[29]/sig File: D:/2151097_Nguyen Nhut Khanh/Verilog Source code/rowwise_op.sv Line: 24
# ** Warning: (vsim-3015) [PCDPC] - Port size (16) does not match connection size (8) for port 'x'. The port definition is at: D:/2151097_Nguyen Nhut Khanh/Verilog Source code/sigmoid.sv(2).
#    Time: 0 ps  Iteration: 0  Instance: /tb_param_probe/dut/rowwise_sig[30]/sig File: D:/2151097_Nguyen Nhut Khanh/Verilog Source code/rowwise_op.sv Line: 24
# ** Warning: (vsim-3015) [PCDPC] - Port size (16) does not match connection size (8) for port 'out'. The port definition is at: D:/2151097_Nguyen Nhut Khanh/Verilog Source code/sigmoid.sv(3).
#    Time: 0 ps  Iteration: 0  Instance: /tb_param_probe/dut/rowwise_sig[30]/sig File: D:/2151097_Nguyen Nhut Khanh/Verilog Source code/rowwise_op.sv Line: 24
# ** Warning: (vsim-3015) [PCDPC] - Port size (16) does not match connection size (8) for port 'x'. The port definition is at: D:/2151097_Nguyen Nhut Khanh/Verilog Source code/sigmoid.sv(2).
#    Time: 0 ps  Iteration: 0  Instance: /tb_param_probe/dut/rowwise_sig[31]/sig File: D:/2151097_Nguyen Nhut Khanh/Verilog Source code/rowwise_op.sv Line: 24
# ** Warning: (vsim-3015) [PCDPC] - Port size (16) does not match connection size (8) for port 'out'. The port definition is at: D:/2151097_Nguyen Nhut Khanh/Verilog Source code/sigmoid.sv(3).
#    Time: 0 ps  Iteration: 0  Instance: /tb_param_probe/dut/rowwise_sig[31]/sig File: D:/2151097_Nguyen Nhut Khanh/Verilog Source code/rowwise_op.sv Line: 24
# ** Error: (vsim-3906) Connection type 'reg[7:0]$[31:0]' is incompatible with 'reg[15:0]$[31:0]' for  port (a):  Array elem. widths 16 & 8 don't match.
#    Time: 0 ps  Iteration: 0  Instance: /tb_param_probe/dut/mul File: D:/2151097_Nguyen Nhut Khanh/Verilog Source code/rowwise_op.sv Line: 52
# ** Error: (vsim-3906) Connection type 'reg[7:0]$[31:0]' is incompatible with 'reg[15:0]$[31:0]' for  port (b):  Array elem. widths 16 & 8 don't match.
#    Time: 0 ps  Iteration: 0  Instance: /tb_param_probe/dut/mul File: D:/2151097_Nguyen Nhut Khanh/Verilog Source code/rowwise_op.sv Line: 52
# ** Error: (vsim-3906) Connection type 'reg[7:0]$[31:0]' is incompatible with 'reg[15:0]$[31:0]' for  port (result):  Array elem. widths 16 & 8 don't match.
#    Time: 0 ps  Iteration: 0  Instance: /tb_param_probe/dut/mul File: D:/2151097_Nguyen Nhut Khanh/Verilog Source code/rowwise_op.sv Line: 52
# ** Error: (vsim-3906) Connection type 'reg[7:0]$[31:0]' is incompatible with 'reg[15:0]$[31:0]' for  port (a):  Array elem. widths 16 & 8 don't match.
#    Time: 0 ps  Iteration: 0  Instance: /tb_param_probe/dut/div File: D:/2151097_Nguyen Nhut Khanh/Verilog Source code/rowwise_op.sv Line: 60
# ** Error: (vsim-3906) Connection type 'reg[7:0]$[31:0]' is incompatible with 'reg[15:0]$[31:0]' for  port (b):  Array elem. widths 16 & 8 don't match.
#    Time: 0 ps  Iteration: 0  Instance: /tb_param_probe/dut/div File: D:/2151097_Nguyen Nhut Khanh/Verilog Source code/rowwise_op.sv Line: 60
# ** Error: (vsim-3906) Connection type 'reg[7:0]$[31:0]' is incompatible with 'reg[15:0]$[31:0]' for  port (result):  Array elem. widths 16 & 8 don't match.
#    Time: 0 ps  Iteration: 0  Instance: /tb_param_probe/dut/div File: D:/2151097_Nguyen Nhut Khanh/Verilog Source code/rowwise_op.sv Line: 60
# ** Warning: (vsim-3015) [PCDPC] - Port size (16) does not match connection size (8) for port 'a'. The port definition is at: D:/2151097_Nguyen Nhut Khanh/Verilog Source code/exp.sv(2).
#    Time: 0 ps  Iteration: 0  Instance: /tb_param_probe/dut/rowwise_exp[0]/exp_block File: D:/2151097_Nguyen Nhut Khanh/Verilog Source code/rowwise_op.sv Line: 70
# ** Warning: (vsim-3015) [PCDPC] - Port size (16) does not match connection size (8) for port 'result'. The port definition is at: D:/2151097_Nguyen Nhut Khanh/Verilog Source code/exp.sv(3).
#    Time: 0 ps  Iteration: 0  Instance: /tb_param_probe/dut/rowwise_exp[0]/exp_block File: D:/2151097_Nguyen Nhut Khanh/Verilog Source code/rowwise_op.sv Line: 70
# ** Warning: (vsim-3015) [PCDPC] - Port size (16) does not match connection size (8) for port 'a'. The port definition is at: D:/2151097_Nguyen Nhut Khanh/Verilog Source code/exp.sv(2).
#    Time: 0 ps  Iteration: 0  Instance: /tb_param_probe/dut/rowwise_exp[1]/exp_block File: D:/2151097_Nguyen Nhut Khanh/Verilog Source code/rowwise_op.sv Line: 70
# ** Warning: (vsim-3015) [PCDPC] - Port size (16) does not match connection size (8) for port 'result'. The port definition is at: D:/2151097_Nguyen Nhut Khanh/Verilog Source code/exp.sv(3).
#    Time: 0 ps  Iteration: 0  Instance: /tb_param_probe/dut/rowwise_exp[1]/exp_block File: D:/2151097_Nguyen Nhut Khanh/Verilog Source code/rowwise_op.sv Line: 70
# ** Warning: (vsim-3015) [PCDPC] - Port size (16) does not match connection size (8) for port 'a'. The port definition is at: D:/2151097_Nguyen Nhut Khanh/Verilog Source code/exp.sv(2).
#    Time: 0 ps  Iteration: 0  Instance: /tb_param_probe/dut/rowwise_exp[2]/exp_block File: D:/2151097_Nguyen Nhut Khanh/Verilog Source code/rowwise_op.sv Line: 70
# ** Warning: (vsim-3015) [PCDPC] - Port size (16) does not match connection size (8) for port 'result'. The port definition is at: D:/2151097_Nguyen Nhut Khanh/Verilog Source code/exp.sv(3).
#    Time: 0 ps  Iteration: 0  Instance: /tb_param_probe/dut/rowwise_exp[2]/exp_block File: D:/2151097_Nguyen Nhut Khanh/Verilog Source code/rowwise_op.sv Line: 70
# ** Warning: (vsim-3015) [PCDPC] - Port size (16) does not match connection size (8) for port 'a'. The port definition is at: D:/2151097_Nguyen Nhut Khanh/Verilog Source code/exp.sv(2).
#    Time: 0 ps  Iteration: 0  Instance: /tb_param_probe/dut/rowwise_exp[3]/exp_block File: D:/2151097_Nguyen Nhut Khanh/Verilog Source code/rowwise_op.sv Line: 70
# ** Warning: (vsim-3015) [PCDPC] - Port size (16) does not match connection size (8) for port 'result'. The port definition is at: D:/2151097_Nguyen Nhut Khanh/Verilog Source code/exp.sv(3).
#    Time: 0 ps  Iteration: 0  Instance: /tb_param_probe/dut/rowwise_exp[3]/exp_block File: D:/2151097_Nguyen Nhut Khanh/Verilog Source code/rowwise_op.sv Line: 70
# ** Warning: (vsim-3015) [PCDPC] - Port size (16) does not match connection size (8) for port 'a'. The port definition is at: D:/2151097_Nguyen Nhut Khanh/Verilog Source code/exp.sv(2).
#    Time: 0 ps  Iteration: 0  Instance: /tb_param_probe/dut/rowwise_exp[4]/exp_block File: D:/2151097_Nguyen Nhut Khanh/Verilog Source code/rowwise_op.sv Line: 70
# ** Warning: (vsim-3015) [PCDPC] - Port size (16) does not match connection size (8) for port 'result'. The port definition is at: D:/2151097_Nguyen Nhut Khanh/Verilog Source code/exp.sv(3).
#    Time: 0 ps  Iteration: 0  Instance: /tb_param_probe/dut/rowwise_exp[4]/exp_block File: D:/2151097_Nguyen Nhut Khanh/Verilog Source code/rowwise_op.sv Line: 70
# ** Warning: (vsim-3015) [PCDPC] - Port size (16) does not match connection size (8) for port 'a'. The port definition is at: D:/2151097_Nguyen Nhut Khanh/Verilog Source code/exp.sv(2).
#    Time: 0 ps  Iteration: 0  Instance: /tb_param_probe/dut/rowwise_exp[5]/exp_block File: D:/2151097_Nguyen Nhut Khanh/Verilog Source code/rowwise_op.sv Line: 70
# ** Warning: (vsim-3015) [PCDPC] - Port size (16) does not match connection size (8) for port 'result'. The port definition is at: D:/2151097_Nguyen Nhut Khanh/Verilog Source code/exp.sv(3).
#    Time: 0 ps  Iteration: 0  Instance: /tb_param_probe/dut/rowwise_exp[5]/exp_block File: D:/2151097_Nguyen Nhut Khanh/Verilog Source code/rowwise_op.sv Line: 70
# ** Warning: (vsim-3015) [PCDPC] - Port size (16) does not match connection size (8) for port 'a'. The port definition is at: D:/2151097_Nguyen Nhut Khanh/Verilog Source code/exp.sv(2).
#    Time: 0 ps  Iteration: 0  Instance: /tb_param_probe/dut/rowwise_exp[6]/exp_block File: D:/2151097_Nguyen Nhut Khanh/Verilog Source code/rowwise_op.sv Line: 70
# ** Warning: (vsim-3015) [PCDPC] - Port size (16) does not match connection size (8) for port 'result'. The port definition is at: D:/2151097_Nguyen Nhut Khanh/Verilog Source code/exp.sv(3).
#    Time: 0 ps  Iteration: 0  Instance: /tb_param_probe/dut/rowwise_exp[6]/exp_block File: D:/2151097_Nguyen Nhut Khanh/Verilog Source code/rowwise_op.sv Line: 70
# ** Warning: (vsim-3015) [PCDPC] - Port size (16) does not match connection size (8) for port 'a'. The port definition is at: D:/2151097_Nguyen Nhut Khanh/Verilog Source code/exp.sv(2).
#    Time: 0 ps  Iteration: 0  Instance: /tb_param_probe/dut/rowwise_exp[7]/exp_block File: D:/2151097_Nguyen Nhut Khanh/Verilog Source code/rowwise_op.sv Line: 70
# ** Warning: (vsim-3015) [PCDPC] - Port size (16) does not match connection size (8) for port 'result'. The port definition is at: D:/2151097_Nguyen Nhut Khanh/Verilog Source code/exp.sv(3).
#    Time: 0 ps  Iteration: 0  Instance: /tb_param_probe/dut/rowwise_exp[7]/exp_block File: D:/2151097_Nguyen Nhut Khanh/Verilog Source code/rowwise_op.sv Line: 70
# ** Warning: (vsim-3015) [PCDPC] - Port size (16) does not match connection size (8) for port 'a'. The port definition is at: D:/2151097_Nguyen Nhut Khanh/Verilog Source code/exp.sv(2).
#    Time: 0 ps  Iteration: 0  Instance: /tb_param_probe/dut/rowwise_exp[8]/exp_block File: D:/2151097_Nguyen Nhut Khanh/Verilog Source code/rowwise_op.sv Line: 70
# ** Warning: (vsim-3015) [PCDPC] - Port size (16) does not match connection size (8) for port 'result'. The port definition is at: D:/2151097_Nguyen Nhut Khanh/Verilog Source code/exp.sv(3).
#    Time: 0 ps  Iteration: 0  Instance: /tb_param_probe/dut/rowwise_exp[8]/exp_block File: D:/2151097_Nguyen Nhut Khanh/Verilog Source code/rowwise_op.sv Line: 70
# ** Warning: (vsim-3015) [PCDPC] - Port size (16) does not match connection size (8) for port 'a'. The port definition is at: D:/2151097_Nguyen Nhut Khanh/Verilog Source code/exp.sv(2).
#    Time: 0 ps  Iteration: 0  Instance: /tb_param_probe/dut/rowwise_exp[9]/exp_block File: D:/2151097_Nguyen Nhut Khanh/Verilog Source code/rowwise_op.sv Line: 70
# ** Warning: (vsim-3015) [PCDPC] - Port size (16) does not match connection size (8) for port 'result'. The port definition is at: D:/2151097_Nguyen Nhut Khanh/Verilog Source code/exp.sv(3).
#    Time: 0 ps  Iteration: 0  Instance: /tb_param_probe/dut/rowwise_exp[9]/exp_block File: D:/2151097_Nguyen Nhut Khanh/Verilog Source code/rowwise_op.sv Line: 70
# ** Warning: (vsim-3015) [PCDPC] - Port size (16) does not match connection size (8) for port 'a'. The port definition is at: D:/2151097_Nguyen Nhut Khanh/Verilog Source code/exp.sv(2).
#    Time: 0 ps  Iteration: 0  Instance: /tb_param_probe/dut/rowwise_exp[10]/exp_block File: D:/2151097_Nguyen Nhut Khanh/Verilog Source code/rowwise_op.sv Line: 70
# ** Warning: (vsim-3015) [PCDPC] - Port size (16) does not match connection size (8) for port 'result'. The port definition is at: D:/2151097_Nguyen Nhut Khanh/Verilog Source code/exp.sv(3).
#    Time: 0 ps  Iteration: 0  Instance: /tb_param_probe/dut/rowwise_exp[10]/exp_block File: D:/2151097_Nguyen Nhut Khanh/Verilog Source code/rowwise_op.sv Line: 70
# ** Warning: (vsim-3015) [PCDPC] - Port size (16) does not match connection size (8) for port 'a'. The port definition is at: D:/2151097_Nguyen Nhut Khanh/Verilog Source code/exp.sv(2).
#    Time: 0 ps  Iteration: 0  Instance: /tb_param_probe/dut/rowwise_exp[11]/exp_block File: D:/2151097_Nguyen Nhut Khanh/Verilog Source code/rowwise_op.sv Line: 70
# ** Warning: (vsim-3015) [PCDPC] - Port size (16) does not match connection size (8) for port 'result'. The port definition is at: D:/2151097_Nguyen Nhut Khanh/Verilog Source code/exp.sv(3).
#    Time: 0 ps  Iteration: 0  Instance: /tb_param_probe/dut/rowwise_exp[11]/exp_block File: D:/2151097_Nguyen Nhut Khanh/Verilog Source code/rowwise_op.sv Line: 70
# ** Warning: (vsim-3015) [PCDPC] - Port size (16) does not match connection size (8) for port 'a'. The port definition is at: D:/2151097_Nguyen Nhut Khanh/Verilog Source code/exp.sv(2).
#    Time: 0 ps  Iteration: 0  Instance: /tb_param_probe/dut/rowwise_exp[12]/exp_block File: D:/2151097_Nguyen Nhut Khanh/Verilog Source code/rowwise_op.sv Line: 70
# ** Warning: (vsim-3015) [PCDPC] - Port size (16) does not match connection size (8) for port 'result'. The port definition is at: D:/2151097_Nguyen Nhut Khanh/Verilog Source code/exp.sv(3).
#    Time: 0 ps  Iteration: 0  Instance: /tb_param_probe/dut/rowwise_exp[12]/exp_block File: D:/2151097_Nguyen Nhut Khanh/Verilog Source code/rowwise_op.sv Line: 70
# ** Warning: (vsim-3015) [PCDPC] - Port size (16) does not match connection size (8) for port 'a'. The port definition is at: D:/2151097_Nguyen Nhut Khanh/Verilog Source code/exp.sv(2).
#    Time: 0 ps  Iteration: 0  Instance: /tb_param_probe/dut/rowwise_exp[13]/exp_block File: D:/2151097_Nguyen Nhut Khanh/Verilog Source code/rowwise_op.sv Line: 70
# ** Warning: (vsim-3015) [PCDPC] - Port size (16) does not match connection size (8) for port 'result'. The port definition is at: D:/2151097_Nguyen Nhut Khanh/Verilog Source code/exp.sv(3).
#    Time: 0 ps  Iteration: 0  Instance: /tb_param_probe/dut/rowwise_exp[13]/exp_block File: D:/2151097_Nguyen Nhut Khanh/Verilog Source code/rowwise_op.sv Line: 70
# ** Warning: (vsim-3015) [PCDPC] - Port size (16) does not match connection size (8) for port 'a'. The port definition is at: D:/2151097_Nguyen Nhut Khanh/Verilog Source code/exp.sv(2).
#    Time: 0 ps  Iteration: 0  Instance: /tb_param_probe/dut/rowwise_exp[14]/exp_block File: D:/2151097_Nguyen Nhut Khanh/Verilog Source code/rowwise_op.sv Line: 70
# ** Warning: (vsim-3015) [PCDPC] - Port size (16) does not match connection size (8) for port 'result'. The port definition is at: D:/2151097_Nguyen Nhut Khanh/Verilog Source code/exp.sv(3).
#    Time: 0 ps  Iteration: 0  Instance: /tb_param_probe/dut/rowwise_exp[14]/exp_block File: D:/2151097_Nguyen Nhut Khanh/Verilog Source code/rowwise_op.sv Line: 70
# ** Warning: (vsim-3015) [PCDPC] - Port size (16) does not match connection size (8) for port 'a'. The port definition is at: D:/2151097_Nguyen Nhut Khanh/Verilog Source code/exp.sv(2).
#    Time: 0 ps  Iteration: 0  Instance: /tb_param_probe/dut/rowwise_exp[15]/exp_block File: D:/2151097_Nguyen Nhut Khanh/Verilog Source code/rowwise_op.sv Line: 70
# ** Warning: (vsim-3015) [PCDPC] - Port size (16) does not match connection size (8) for port 'result'. The port definition is at: D:/2151097_Nguyen Nhut Khanh/Verilog Source code/exp.sv(3).
#    Time: 0 ps  Iteration: 0  Instance: /tb_param_probe/dut/rowwise_exp[15]/exp_block File: D:/2151097_Nguyen Nhut Khanh/Verilog Source code/rowwise_op.sv Line: 70
# ** Warning: (vsim-3015) [PCDPC] - Port size (16) does not match connection size (8) for port 'a'. The port definition is at: D:/2151097_Nguyen Nhut Khanh/Verilog Source code/exp.sv(2).
#    Time: 0 ps  Iteration: 0  Instance: /tb_param_probe/dut/rowwise_exp[16]/exp_block File: D:/2151097_Nguyen Nhut Khanh/Verilog Source code/rowwise_op.sv Line: 70
# ** Warning: (vsim-3015) [PCDPC] - Port size (16) does not match connection size (8) for port 'result'. The port definition is at: D:/2151097_Nguyen Nhut Khanh/Verilog Source code/exp.sv(3).
#    Time: 0 ps  Iteration: 0  Instance: /tb_param_probe/dut/rowwise_exp[16]/exp_block File: D:/2151097_Nguyen Nhut Khanh/Verilog Source code/rowwise_op.sv Line: 70
# ** Warning: (vsim-3015) [PCDPC] - Port size (16) does not match connection size (8) for port 'a'. The port definition is at: D:/2151097_Nguyen Nhut Khanh/Verilog Source code/exp.sv(2).
#    Time: 0 ps  Iteration: 0  Instance: /tb_param_probe/dut/rowwise_exp[17]/exp_block File: D:/2151097_Nguyen Nhut Khanh/Verilog Source code/rowwise_op.sv Line: 70
# ** Warning: (vsim-3015) [PCDPC] - Port size (16) does not match connection size (8) for port 'result'. The port definition is at: D:/2151097_Nguyen Nhut Khanh/Verilog Source code/exp.sv(3).
#    Time: 0 ps  Iteration: 0  Instance: /tb_param_probe/dut/rowwise_exp[17]/exp_block File: D:/2151097_Nguyen Nhut Khanh/Verilog Source code/rowwise_op.sv Line: 70
# ** Warning: (vsim-3015) [PCDPC] - Port size (16) does not match connection size (8) for port 'a'. The port definition is at: D:/2151097_Nguyen Nhut Khanh/Verilog Source code/exp.sv(2).
#    Time: 0 ps  Iteration: 0  Instance: /tb_param_probe/dut/rowwise_exp[18]/exp_block File: D:/2151097_Nguyen Nhut Khanh/Verilog Source code/rowwise_op.sv Line: 70
# ** Warning: (vsim-3015) [PCDPC] - Port size (16) does not match connection size (8) for port 'result'. The port definition is at: D:/2151097_Nguyen Nhut Khanh/Verilog Source code/exp.sv(3).
#    Time: 0 ps  Iteration: 0  Instance: /tb_param_probe/dut/rowwise_exp[18]/exp_block File: D:/2151097_Nguyen Nhut Khanh/Verilog Source code/rowwise_op.sv Line: 70
# ** Warning: (vsim-3015) [PCDPC] - Port size (16) does not match connection size (8) for port 'a'. The port definition is at: D:/2151097_Nguyen Nhut Khanh/Verilog Source code/exp.sv(2).
#    Time: 0 ps  Iteration: 0  Instance: /tb_param_probe/dut/rowwise_exp[19]/exp_block File: D:/2151097_Nguyen Nhut Khanh/Verilog Source code/rowwise_op.sv Line: 70
# ** Warning: (vsim-3015) [PCDPC] - Port size (16) does not match connection size (8) for port 'result'. The port definition is at: D:/2151097_Nguyen Nhut Khanh/Verilog Source code/exp.sv(3).
#    Time: 0 ps  Iteration: 0  Instance: /tb_param_probe/dut/rowwise_exp[19]/exp_block File: D:/2151097_Nguyen Nhut Khanh/Verilog Source code/rowwise_op.sv Line: 70
# ** Warning: (vsim-3015) [PCDPC] - Port size (16) does not match connection size (8) for port 'a'. The port definition is at: D:/2151097_Nguyen Nhut Khanh/Verilog Source code/exp.sv(2).
#    Time: 0 ps  Iteration: 0  Instance: /tb_param_probe/dut/rowwise_exp[20]/exp_block File: D:/2151097_Nguyen Nhut Khanh/Verilog Source code/rowwise_op.sv Line: 70
# ** Warning: (vsim-3015) [PCDPC] - Port size (16) does not match connection size (8) for port 'result'. The port definition is at: D:/2151097_Nguyen Nhut Khanh/Verilog Source code/exp.sv(3).
#    Time: 0 ps  Iteration: 0  Instance: /tb_param_probe/dut/rowwise_exp[20]/exp_block File: D:/2151097_Nguyen Nhut Khanh/Verilog Source code/rowwise_op.sv Line: 70
# ** Warning: (vsim-3015) [PCDPC] - Port size (16) does not match connection size (8) for port 'a'. The port definition is at: D:/2151097_Nguyen Nhut Khanh/Verilog Source code/exp.sv(2).
#    Time: 0 ps  Iteration: 0  Instance: /tb_param_probe/dut/rowwise_exp[21]/exp_block File: D:/2151097_Nguyen Nhut Khanh/Verilog Source code/rowwise_op.sv Line: 70
# ** Warning: (vsim-3015) [PCDPC] - Port size (16) does not match connection size (8) for port 'result'. The port definition is at: D:/2151097_Nguyen Nhut Khanh/Verilog Source code/exp.sv(3).
#    Time: 0 ps  Iteration: 0  Instance: /tb_param_probe/dut/rowwise_exp[21]/exp_block File: D:/2151097_Nguyen Nhut Khanh/Verilog Source code/rowwise_op.sv Line: 70
# ** Warning: (vsim-3015) [PCDPC] - Port size (16) does not match connection size (8) for port 'a'. The port definition is at: D:/2151097_Nguyen Nhut Khanh/Verilog Source code/exp.sv(2).
#    Time: 0 ps  Iteration: 0  Instance: /tb_param_probe/dut/rowwise_exp[22]/exp_block File: D:/2151097_Nguyen Nhut Khanh/Verilog Source code/rowwise_op.sv Line: 70
# ** Warning: (vsim-3015) [PCDPC] - Port size (16) does not match connection size (8) for port 'result'. The port definition is at: D:/2151097_Nguyen Nhut Khanh/Verilog Source code/exp.sv(3).
#    Time: 0 ps  Iteration: 0  Instance: /tb_param_probe/dut/rowwise_exp[22]/exp_block File: D:/2151097_Nguyen Nhut Khanh/Verilog Source code/rowwise_op.sv Line: 70
# ** Warning: (vsim-3015) [PCDPC] - Port size (16) does not match connection size (8) for port 'a'. The port definition is at: D:/2151097_Nguyen Nhut Khanh/Verilog Source code/exp.sv(2).
#    Time: 0 ps  Iteration: 0  Instance: /tb_param_probe/dut/rowwise_exp[23]/exp_block File: D:/2151097_Nguyen Nhut Khanh/Verilog Source code/rowwise_op.sv Line: 70
# ** Warning: (vsim-3015) [PCDPC] - Port size (16) does not match connection size (8) for port 'result'. The port definition is at: D:/2151097_Nguyen Nhut Khanh/Verilog Source code/exp.sv(3).
#    Time: 0 ps  Iteration: 0  Instance: /tb_param_probe/dut/rowwise_exp[23]/exp_block File: D:/2151097_Nguyen Nhut Khanh/Verilog Source code/rowwise_op.sv Line: 70
# ** Warning: (vsim-3015) [PCDPC] - Port size (16) does not match connection size (8) for port 'a'. The port definition is at: D:/2151097_Nguyen Nhut Khanh/Verilog Source code/exp.sv(2).
#    Time: 0 ps  Iteration: 0  Instance: /tb_param_probe/dut/rowwise_exp[24]/exp_block File: D:/2151097_Nguyen Nhut Khanh/Verilog Source code/rowwise_op.sv Line: 70
# ** Warning: (vsim-3015) [PCDPC] - Port size (16) does not match connection size (8) for port 'result'. The port definition is at: D:/2151097_Nguyen Nhut Khanh/Verilog Source code/exp.sv(3).
#    Time: 0 ps  Iteration: 0  Instance: /tb_param_probe/dut/rowwise_exp[24]/exp_block File: D:/2151097_Nguyen Nhut Khanh/Verilog Source code/rowwise_op.sv Line: 70
# ** Warning: (vsim-3015) [PCDPC] - Port size (16) does not match connection size (8) for port 'a'. The port definition is at: D:/2151097_Nguyen Nhut Khanh/Verilog Source code/exp.sv(2).
#    Time: 0 ps  Iteration: 0  Instance: /tb_param_probe/dut/rowwise_exp[25]/exp_block File: D:/2151097_Nguyen Nhut Khanh/Verilog Source code/rowwise_op.sv Line: 70
# ** Warning: (vsim-3015) [PCDPC] - Port size (16) does not match connection size (8) for port 'result'. The port definition is at: D:/2151097_Nguyen Nhut Khanh/Verilog Source code/exp.sv(3).
#    Time: 0 ps  Iteration: 0  Instance: /tb_param_probe/dut/rowwise_exp[25]/exp_block File: D:/2151097_Nguyen Nhut Khanh/Verilog Source code/rowwise_op.sv Line: 70
# ** Warning: (vsim-3015) [PCDPC] - Port size (16) does not match connection size (8) for port 'a'. The port definition is at: D:/2151097_Nguyen Nhut Khanh/Verilog Source code/exp.sv(2).
#    Time: 0 ps  Iteration: 0  Instance: /tb_param_probe/dut/rowwise_exp[26]/exp_block File: D:/2151097_Nguyen Nhut Khanh/Verilog Source code/rowwise_op.sv Line: 70
# ** Warning: (vsim-3015) [PCDPC] - Port size (16) does not match connection size (8) for port 'result'. The port definition is at: D:/2151097_Nguyen Nhut Khanh/Verilog Source code/exp.sv(3).
#    Time: 0 ps  Iteration: 0  Instance: /tb_param_probe/dut/rowwise_exp[26]/exp_block File: D:/2151097_Nguyen Nhut Khanh/Verilog Source code/rowwise_op.sv Line: 70
# ** Warning: (vsim-3015) [PCDPC] - Port size (16) does not match connection size (8) for port 'a'. The port definition is at: D:/2151097_Nguyen Nhut Khanh/Verilog Source code/exp.sv(2).
#    Time: 0 ps  Iteration: 0  Instance: /tb_param_probe/dut/rowwise_exp[27]/exp_block File: D:/2151097_Nguyen Nhut Khanh/Verilog Source code/rowwise_op.sv Line: 70
# ** Warning: (vsim-3015) [PCDPC] - Port size (16) does not match connection size (8) for port 'result'. The port definition is at: D:/2151097_Nguyen Nhut Khanh/Verilog Source code/exp.sv(3).
#    Time: 0 ps  Iteration: 0  Instance: /tb_param_probe/dut/rowwise_exp[27]/exp_block File: D:/2151097_Nguyen Nhut Khanh/Verilog Source code/rowwise_op.sv Line: 70
# ** Warning: (vsim-3015) [PCDPC] - Port size (16) does not match connection size (8) for port 'a'. The port definition is at: D:/2151097_Nguyen Nhut Khanh/Verilog Source code/exp.sv(2).
#    Time: 0 ps  Iteration: 0  Instance: /tb_param_probe/dut/rowwise_exp[28]/exp_block File: D:/2151097_Nguyen Nhut Khanh/Verilog Source code/rowwise_op.sv Line: 70
# ** Warning: (vsim-3015) [PCDPC] - Port size (16) does not match connection size (8) for port 'result'. The port definition is at: D:/2151097_Nguyen Nhut Khanh/Verilog Source code/exp.sv(3).
#    Time: 0 ps  Iteration: 0  Instance: /tb_param_probe/dut/rowwise_exp[28]/exp_block File: D:/2151097_Nguyen Nhut Khanh/Verilog Source code/rowwise_op.sv Line: 70
# ** Warning: (vsim-3015) [PCDPC] - Port size (16) does not match connection size (8) for port 'a'. The port definition is at: D:/2151097_Nguyen Nhut Khanh/Verilog Source code/exp.sv(2).
#    Time: 0 ps  Iteration: 0  Instance: /tb_param_probe/dut/rowwise_exp[29]/exp_block File: D:/2151097_Nguyen Nhut Khanh/Verilog Source code/rowwise_op.sv Line: 70
# ** Warning: (vsim-3015) [PCDPC] - Port size (16) does not match connection size (8) for port 'result'. The port definition is at: D:/2151097_Nguyen Nhut Khanh/Verilog Source code/exp.sv(3).
#    Time: 0 ps  Iteration: 0  Instance: /tb_param_probe/dut/rowwise_exp[29]/exp_block File: D:/2151097_Nguyen Nhut Khanh/Verilog Source code/rowwise_op.sv Line: 70
# ** Warning: (vsim-3015) [PCDPC] - Port size (16) does not match connection size (8) for port 'a'. The port definition is at: D:/2151097_Nguyen Nhut Khanh/Verilog Source code/exp.sv(2).
#    Time: 0 ps  Iteration: 0  Instance: /tb_param_probe/dut/rowwise_exp[30]/exp_block File: D:/2151097_Nguyen Nhut Khanh/Verilog Source code/rowwise_op.sv Line: 70
# ** Warning: (vsim-3015) [PCDPC] - Port size (16) does not match connection size (8) for port 'result'. The port definition is at: D:/2151097_Nguyen Nhut Khanh/Verilog Source code/exp.sv(3).
#    Time: 0 ps  Iteration: 0  Instance: /tb_param_probe/dut/rowwise_exp[30]/exp_block File: D:/2151097_Nguyen Nhut Khanh/Verilog Source code/rowwise_op.sv Line: 70
# ** Warning: (vsim-3015) [PCDPC] - Port size (16) does not match connection size (8) for port 'a'. The port definition is at: D:/2151097_Nguyen Nhut Khanh/Verilog Source code/exp.sv(2).
#    Time: 0 ps  Iteration: 0  Instance: /tb_param_probe/dut/rowwise_exp[31]/exp_block File: D:/2151097_Nguyen Nhut Khanh/Verilog Source code/rowwise_op.sv Line: 70
# ** Warning: (vsim-3015) [PCDPC] - Port size (16) does not match connection size (8) for port 'result'. The port definition is at: D:/2151097_Nguyen Nhut Khanh/Verilog Source code/exp.sv(3).
#    Time: 0 ps  Iteration: 0  Instance: /tb_param_probe/dut/rowwise_exp[31]/exp_block File: D:/2151097_Nguyen Nhut Khanh/Verilog Source code/rowwise_op.sv Line: 70
# Error loading design
