----------------
; Command Info ;
----------------
Report Timing: Found 2 setup paths (0 violated).  Worst case slack is 9.352 

Tcl Command:
    report_timing -setup -show_routing -file {D:/2151097_Nguyen Nhut Khanh/docs/verification/timing/nanofable_max_20261006/fast_1100mv_85c_scalar_return.rpt} -from [get_registers {op*}] -to [get_registers {*return_scalar*}] -nworst 1 -npaths 20 -detail full_path

Options:
    -from [get_registers {op*}] 
    -to [get_registers {*return_scalar*}] 
    -setup 
    -nworst 1 
    -npaths 20 
    -show_routing 
    -detail full_path 
    -file {D:/2151097_Nguyen Nhut Khanh/docs/verification/timing/nanofable_max_20261006/fast_1100mv_85c_scalar_return.rpt} 

Delay Model:
    Fast 1100mV 85C Model

+----------------------------------------------------------------------------------------------------------------------------+
; Summary of Paths                                                                                                           ;
+-------+-----------+----------------------------------+--------------+-------------+--------------+------------+------------+
; Slack ; From Node ; To Node                          ; Launch Clock ; Latch Clock ; Relationship ; Clock Skew ; Data Delay ;
+-------+-----------+----------------------------------+--------------+-------------+--------------+------------+------------+
; 9.352 ; op[19]    ; return_scalar.RET_SCALAR_H_ROUND ; clk          ; clk         ; 10.000       ; -0.035     ; 0.513      ;
; 9.355 ; op[19]    ; return_scalar.RET_SCALAR_L_ROUND ; clk          ; clk         ; 10.000       ; -0.034     ; 0.511      ;
+-------+-----------+----------------------------------+--------------+-------------+--------------+------------+------------+

Path #1: Setup slack is 9.352 
===============================================================================
+-------------------------------------------------------+
; Path Summary                                          ;
+--------------------+----------------------------------+
; Property           ; Value                            ;
+--------------------+----------------------------------+
; From Node          ; op[19]                           ;
; To Node            ; return_scalar.RET_SCALAR_H_ROUND ;
; Launch Clock       ; clk                              ;
; Latch Clock        ; clk                              ;
; Data Arrival Time  ; 2.694                            ;
; Data Required Time ; 12.046                           ;
; Slack              ; 9.352                            ;
+--------------------+----------------------------------+

+-------------------------------------------------------------------------------------+
; Statistics                                                                          ;
+------------------------+--------+-------+-------------+------------+--------+-------+
; Property               ; Value  ; Count ; Total Delay ; % of Total ; Min    ; Max   ;
+------------------------+--------+-------+-------------+------------+--------+-------+
; Setup Relationship     ; 10.000 ;       ;             ;            ;        ;       ;
; Clock Skew             ; -0.035 ;       ;             ;            ;        ;       ;
; Data Delay             ; 0.513  ;       ;             ;            ;        ;       ;
; Number of Logic Levels ;        ; 1     ;             ;            ;        ;       ;
; Physical Delays        ;        ;       ;             ;            ;        ;       ;
;  Arrival Path          ;        ;       ;             ;            ;        ;       ;
;   Clock                ;        ;       ;             ;            ;        ;       ;
;    IC                  ;        ; 3     ; 0.000       ; 0          ; 0.000  ; 0.000 ;
;    Cell                ;        ; 3     ; 0.794       ; 36         ; 0.146  ; 0.417 ;
;    Routing Element     ;        ; 25    ; 1.387       ; 64         ; 0.000  ; 0.492 ;
;   Data                 ;        ;       ;             ;            ;        ;       ;
;    IC                  ;        ; 2     ; 0.001       ; 0          ; 0.000  ; 0.001 ;
;    Cell                ;        ; 3     ; 0.335       ; 65         ; 0.000  ; 0.206 ;
;    uTco                ;        ; 1     ; 0.000       ; 0          ; 0.000  ; 0.000 ;
;    Routing Element     ;        ; 4     ; 0.177       ; 35         ; 0.000  ; 0.092 ;
;  Required Path         ;        ;       ;             ;            ;        ;       ;
;   Clock                ;        ;       ;             ;            ;        ;       ;
;    IC                  ;        ; 3     ; -0.001      ; 0          ; -0.001 ; 0.000 ;
;    Cell                ;        ; 3     ; 0.764       ; 38         ; 0.139  ; 0.417 ;
;    Routing Element     ;        ; 25    ; 1.225       ; 62         ; 0.000  ; 0.478 ;
+------------------------+--------+-------+-------------+------------+--------+-------+
Note: Negative delays are omitted from totals when calculating percentages

+-------------------------------------------------------------------------------------------------------------------+
; Data Arrival Path                                                                                                 ;
+---------+---------+----+------+--------+-------------------------------------+------------------------------------+
; Total   ; Incr    ; RF ; Type ; Fanout ; Location                            ; Element                            ;
+---------+---------+----+------+--------+-------------------------------------+------------------------------------+
; 0.000   ; 0.000   ;    ;      ;        ;                                     ; launch edge time                   ;
; 2.181   ; 2.181   ;    ;      ;        ;                                     ; clock path                         ;
;   0.000 ;   0.000 ;    ;      ;        ;                                     ; source latency                     ;
;   0.000 ;   0.000 ;    ;      ; 1      ; PIN_AC18                            ; clk                                ;
;   0.000 ;   0.000 ;    ; RE   ; 1      ; IOPAD_X54_Y0_N0                     ; ARRIAV_IO_PAD                      ;
;   0.000 ;   0.000 ;    ; RE   ; 1      ; IO_PAD_OUTPUT_X54_Y0_N0_I1          ; IO_PAD_OUTPUT                      ;
;   0.000 ;   0.000 ;    ; RE   ; 1      ; IO_INPUT_BUFFER_INPUT_X54_Y0_N1_I0  ; IO_INPUT_BUFFER_INPUT              ;
;   0.000 ;   0.000 ; RR ; IC   ; 1      ; IOIBUF_X54_Y0_N1                    ; clk~input|i                        ;
;   0.417 ;   0.417 ; RR ; CELL ; 1      ; IOIBUF_X54_Y0_N1                    ; clk~input|o                        ;
;   0.417 ;   0.000 ;    ; RE   ; 1      ; IOIBUF_X54_Y0_N1                    ; ARRIAV_IO_IBUF                     ;
;   0.417 ;   0.000 ;    ; RE   ; 1      ; IO_INPUT_BUFFER_OUTPUT_X54_Y0_N1_I2 ; IO_INPUT_BUFFER_OUTPUT             ;
;   0.417 ;   0.000 ;    ; RE   ; 1      ; IO_RE_X54_Y0_N0_I96                 ; IO_RE                              ;
;   0.552 ;   0.135 ;    ; RE   ; 1      ; IO_RE_X54_Y0_N0_I66                 ; IO_RE                              ;
;   0.633 ;   0.081 ;    ; RE   ; 1      ; CLKBUF_CLUSTER_RE_X58_Y0_N0_I1614   ; CLKBUF_CLUSTER_RE                  ;
;   0.633 ;   0.000 ;    ; RE   ; 1      ; CLKBUF_CLUSTER_RE_X58_Y0_N0_I616    ; CLKBUF_CLUSTER_RE                  ;
;   0.633 ;   0.000 ;    ; RE   ; 1      ; GCLK_CLUSTER_RE_X58_Y0_N6_I10       ; GCLK_CLUSTER_RE                    ;
;   0.633 ;   0.000 ;    ; RE   ; 1      ; CLKBUFBLOCK_INPUT_X58_Y0_N7_I0      ; CLKBUFBLOCK_INPUT                  ;
;   0.633 ;   0.000 ; RR ; IC   ; 1      ; CLKCTRL_G6                          ; clk~inputCLKENA0|inclk             ;
;   0.779 ;   0.146 ; RR ; CELL ; 68111  ; CLKCTRL_G6                          ; clk~inputCLKENA0|outclk            ;
;   0.779 ;   0.000 ;    ; RE   ; 1      ; CLKCTRL_G6                          ; ARRIAV_CLKBUF                      ;
;   0.779 ;   0.000 ;    ; RE   ; 1      ; CLKBUFBLOCK_OUTPUT_X58_Y0_N7_I2     ; CLKBUFBLOCK_OUTPUT                 ;
;   0.779 ;   0.000 ;    ; RE   ; 1      ; GCLK_CLUSTER_RE_X58_Y0_N6_I12       ; GCLK_CLUSTER_RE                    ;
;   0.779 ;   0.000 ;    ; RE   ; 1      ; CLKBUF_CLUSTER_RE_X58_Y0_N0_I417    ; CLKBUF_CLUSTER_RE                  ;
;   1.271 ;   0.492 ;    ; RE   ; 16     ; GLOBAL_CLOCK_X0_Y58_N0_I6           ; GLOBAL_CLOCK                       ;
;   1.392 ;   0.121 ;    ; RE   ; 29     ; SPINE_CLOCK_X45_Y30_N0_I22          ; SPINE_CLOCK                        ;
;   1.581 ;   0.189 ;    ; RE   ; 1      ; SCLK_TO_ROWCLK_BUF_X45_Y45_N0_I133  ; SCLK_TO_ROWCLK_BUF                 ;
;   1.622 ;   0.041 ;    ; RE   ; 2      ; SCLK_TO_ROWCLK_BUF_X45_Y45_N0_I136  ; SCLK_TO_ROWCLK_BUF                 ;
;   1.847 ;   0.225 ;    ; RE   ; 13     ; LAB_CLK_X46_Y45_N0_I5               ; LAB_CLK                            ;
;   1.915 ;   0.068 ;    ; RE   ; 1      ; BLK_CLK_BUF_X59_Y45_N0_I5           ; BLK_CLK_BUF                        ;
;   1.929 ;   0.014 ;    ; RE   ; 1      ; ROWCLKSEL_PREBUF_X59_Y45_N0_I5      ; ROWCLKSEL_PREBUF                   ;
;   1.950 ;   0.021 ;    ; RE   ; 1      ; ROWCLKSEL_X59_Y45_N0_I1             ; ROWCLKSEL                          ;
;   1.950 ;   0.000 ;    ; RE   ; 2      ; GLOBAL_LOCAL_SEL_X59_Y45_N0_I1      ; GLOBAL_LOCAL_SEL                   ;
;   1.950 ;   0.000 ;    ; RE   ; 5      ; LAB_INPUT_X59_Y45_N0_I0             ; LAB_INPUT                          ;
;   1.950 ;   0.000 ; RR ; IC   ; 1      ; FF_X59_Y45_N2                       ; op[19]|clk                         ;
;   2.181 ;   0.231 ; RR ; CELL ; 1      ; FF_X59_Y45_N2                       ; op[19]                             ;
; 2.694   ; 0.513   ;    ;      ;        ;                                     ; data path                          ;
;   2.181 ;   0.000 ;    ; uTco ; 1      ; FF_X59_Y45_N2                       ; op[19]                             ;
;   2.181 ;   0.000 ; RR ; CELL ; 4      ; FF_X59_Y45_N2                       ; op[19]|q                           ;
;   2.208 ;   0.027 ;    ; RE   ; 2      ; FF_X59_Y45_N2                       ; ARRIAV_FF                          ;
;   2.300 ;   0.092 ;    ; RE   ; 3      ; LOCAL_LINE_X59_Y45_N0_I0            ; LOCAL_LINE                         ;
;   2.358 ;   0.058 ;    ; RE   ; 1      ; BLOCK_INPUT_MUX_X59_Y45_N0_I52      ; LEIM_INPUT                         ;
;   2.359 ;   0.001 ; RR ; IC   ; 1      ; LABCELL_X59_Y45_N39                 ; return_scalar~10|datad             ;
;   2.565 ;   0.206 ; RF ; CELL ; 1      ; LABCELL_X59_Y45_N39                 ; return_scalar~10|combout           ;
;   2.565 ;   0.000 ;    ; RE   ; 1      ; LABCELL_X59_Y45_N39                 ; ARRIAV_LCELL_COMB                  ;
;   2.565 ;   0.000 ; FF ; IC   ; 1      ; FF_X59_Y45_N40                      ; return_scalar.RET_SCALAR_H_ROUND|d ;
;   2.694 ;   0.129 ; FF ; CELL ; 1      ; FF_X59_Y45_N40                      ; return_scalar.RET_SCALAR_H_ROUND   ;
+---------+---------+----+------+--------+-------------------------------------+------------------------------------+

+-----------------------------------------------------------------------------------------------------------------------+
; Data Required Path                                                                                                    ;
+----------+----------+----+------+--------+-------------------------------------+--------------------------------------+
; Total    ; Incr     ; RF ; Type ; Fanout ; Location                            ; Element                              ;
+----------+----------+----+------+--------+-------------------------------------+--------------------------------------+
; 10.000   ; 10.000   ;    ;      ;        ;                                     ; latch edge time                      ;
; 12.146   ; 2.146    ;    ;      ;        ;                                     ; clock path                           ;
;   10.000 ;   0.000  ;    ;      ;        ;                                     ; source latency                       ;
;   10.000 ;   0.000  ;    ;      ; 1      ; PIN_AC18                            ; clk                                  ;
;   10.000 ;   0.000  ;    ; RE   ; 1      ; IOPAD_X54_Y0_N0                     ; ARRIAV_IO_PAD                        ;
;   10.000 ;   0.000  ;    ; RE   ; 1      ; IO_PAD_OUTPUT_X54_Y0_N0_I1          ; IO_PAD_OUTPUT                        ;
;   10.000 ;   0.000  ;    ; RE   ; 1      ; IO_INPUT_BUFFER_INPUT_X54_Y0_N1_I0  ; IO_INPUT_BUFFER_INPUT                ;
;   10.000 ;   0.000  ; RR ; IC   ; 1      ; IOIBUF_X54_Y0_N1                    ; clk~input|i                          ;
;   10.417 ;   0.417  ; RR ; CELL ; 1      ; IOIBUF_X54_Y0_N1                    ; clk~input|o                          ;
;   10.417 ;   0.000  ;    ; RE   ; 1      ; IOIBUF_X54_Y0_N1                    ; ARRIAV_IO_IBUF                       ;
;   10.417 ;   0.000  ;    ; RE   ; 1      ; IO_INPUT_BUFFER_OUTPUT_X54_Y0_N1_I2 ; IO_INPUT_BUFFER_OUTPUT               ;
;   10.417 ;   0.000  ;    ; RE   ; 1      ; IO_RE_X54_Y0_N0_I96                 ; IO_RE                                ;
;   10.505 ;   0.088  ;    ; RE   ; 1      ; IO_RE_X54_Y0_N0_I66                 ; IO_RE                                ;
;   10.505 ;   0.000  ;    ; RE   ; 1      ; CLKBUF_CLUSTER_RE_X58_Y0_N0_I1614   ; CLKBUF_CLUSTER_RE                    ;
;   10.505 ;   0.000  ;    ; RE   ; 1      ; CLKBUF_CLUSTER_RE_X58_Y0_N0_I616    ; CLKBUF_CLUSTER_RE                    ;
;   10.505 ;   0.000  ;    ; RE   ; 1      ; GCLK_CLUSTER_RE_X58_Y0_N6_I10       ; GCLK_CLUSTER_RE                      ;
;   10.505 ;   0.000  ;    ; RE   ; 1      ; CLKBUFBLOCK_INPUT_X58_Y0_N7_I0      ; CLKBUFBLOCK_INPUT                    ;
;   10.505 ;   0.000  ; RR ; IC   ; 1      ; CLKCTRL_G6                          ; clk~inputCLKENA0|inclk               ;
;   10.644 ;   0.139  ; RR ; CELL ; 68111  ; CLKCTRL_G6                          ; clk~inputCLKENA0|outclk              ;
;   10.644 ;   0.000  ;    ; RE   ; 1      ; CLKCTRL_G6                          ; ARRIAV_CLKBUF                        ;
;   10.644 ;   0.000  ;    ; RE   ; 1      ; CLKBUFBLOCK_OUTPUT_X58_Y0_N7_I2     ; CLKBUFBLOCK_OUTPUT                   ;
;   10.644 ;   0.000  ;    ; RE   ; 1      ; GCLK_CLUSTER_RE_X58_Y0_N6_I12       ; GCLK_CLUSTER_RE                      ;
;   10.644 ;   0.000  ;    ; RE   ; 1      ; CLKBUF_CLUSTER_RE_X58_Y0_N0_I417    ; CLKBUF_CLUSTER_RE                    ;
;   11.122 ;   0.478  ;    ; RE   ; 16     ; GLOBAL_CLOCK_X0_Y58_N0_I6           ; GLOBAL_CLOCK                         ;
;   11.240 ;   0.118  ;    ; RE   ; 29     ; SPINE_CLOCK_X45_Y30_N0_I22          ; SPINE_CLOCK                          ;
;   11.424 ;   0.184  ;    ; RE   ; 1      ; SCLK_TO_ROWCLK_BUF_X45_Y45_N0_I133  ; SCLK_TO_ROWCLK_BUF                   ;
;   11.464 ;   0.040  ;    ; RE   ; 2      ; SCLK_TO_ROWCLK_BUF_X45_Y45_N0_I136  ; SCLK_TO_ROWCLK_BUF                   ;
;   11.684 ;   0.220  ;    ; RE   ; 13     ; LAB_CLK_X46_Y45_N0_I5               ; LAB_CLK                              ;
;   11.747 ;   0.063  ;    ; RE   ; 1      ; BLK_CLK_BUF_X59_Y45_N0_I5           ; BLK_CLK_BUF                          ;
;   11.761 ;   0.014  ;    ; RE   ; 1      ; ROWCLKSEL_PREBUF_X59_Y45_N0_I5      ; ROWCLKSEL_PREBUF                     ;
;   11.781 ;   0.020  ;    ; RE   ; 1      ; ROWCLKSEL_X59_Y45_N0_I1             ; ROWCLKSEL                            ;
;   11.781 ;   0.000  ;    ; RE   ; 2      ; GLOBAL_LOCAL_SEL_X59_Y45_N0_I1      ; GLOBAL_LOCAL_SEL                     ;
;   11.781 ;   0.000  ;    ; RE   ; 5      ; LAB_INPUT_X59_Y45_N0_I0             ; LAB_INPUT                            ;
;   11.780 ;   -0.001 ; RR ; IC   ; 1      ; FF_X59_Y45_N40                      ; return_scalar.RET_SCALAR_H_ROUND|clk ;
;   11.988 ;   0.208  ; RR ; CELL ; 1      ; FF_X59_Y45_N40                      ; return_scalar.RET_SCALAR_H_ROUND     ;
;   12.146 ;   0.158  ;    ;      ;        ;                                     ; clock pessimism removed              ;
; 12.046   ; -0.100   ;    ;      ;        ;                                     ; clock uncertainty                    ;
; 12.046   ; 0.000    ;    ; uTsu ; 1      ; FF_X59_Y45_N40                      ; return_scalar.RET_SCALAR_H_ROUND     ;
+----------+----------+----+------+--------+-------------------------------------+--------------------------------------+

----------------------------
; Extra Fitter Information ;
----------------------------
HTML report is unavailable in plain text report export.


Path #2: Setup slack is 9.355 
===============================================================================
+-------------------------------------------------------+
; Path Summary                                          ;
+--------------------+----------------------------------+
; Property           ; Value                            ;
+--------------------+----------------------------------+
; From Node          ; op[19]                           ;
; To Node            ; return_scalar.RET_SCALAR_L_ROUND ;
; Launch Clock       ; clk                              ;
; Latch Clock        ; clk                              ;
; Data Arrival Time  ; 2.692                            ;
; Data Required Time ; 12.047                           ;
; Slack              ; 9.355                            ;
+--------------------+----------------------------------+

+-------------------------------------------------------------------------------------+
; Statistics                                                                          ;
+------------------------+--------+-------+-------------+------------+--------+-------+
; Property               ; Value  ; Count ; Total Delay ; % of Total ; Min    ; Max   ;
+------------------------+--------+-------+-------------+------------+--------+-------+
; Setup Relationship     ; 10.000 ;       ;             ;            ;        ;       ;
; Clock Skew             ; -0.034 ;       ;             ;            ;        ;       ;
; Data Delay             ; 0.511  ;       ;             ;            ;        ;       ;
; Number of Logic Levels ;        ; 1     ;             ;            ;        ;       ;
; Physical Delays        ;        ;       ;             ;            ;        ;       ;
;  Arrival Path          ;        ;       ;             ;            ;        ;       ;
;   Clock                ;        ;       ;             ;            ;        ;       ;
;    IC                  ;        ; 3     ; 0.000       ; 0          ; 0.000  ; 0.000 ;
;    Cell                ;        ; 3     ; 0.794       ; 36         ; 0.146  ; 0.417 ;
;    Routing Element     ;        ; 25    ; 1.387       ; 64         ; 0.000  ; 0.492 ;
;   Data                 ;        ;       ;             ;            ;        ;       ;
;    IC                  ;        ; 2     ; 0.000       ; 0          ; 0.000  ; 0.000 ;
;    Cell                ;        ; 3     ; 0.331       ; 65         ; 0.000  ; 0.202 ;
;    uTco                ;        ; 1     ; 0.000       ; 0          ; 0.000  ; 0.000 ;
;    Routing Element     ;        ; 4     ; 0.180       ; 35         ; 0.000  ; 0.088 ;
;  Required Path         ;        ;       ;             ;            ;        ;       ;
;   Clock                ;        ;       ;             ;            ;        ;       ;
;    IC                  ;        ; 3     ; -0.001      ; 0          ; -0.001 ; 0.000 ;
;    Cell                ;        ; 3     ; 0.765       ; 38         ; 0.139  ; 0.417 ;
;    Routing Element     ;        ; 25    ; 1.225       ; 62         ; 0.000  ; 0.478 ;
+------------------------+--------+-------+-------------+------------+--------+-------+
Note: Negative delays are omitted from totals when calculating percentages

+-------------------------------------------------------------------------------------------------------------------+
; Data Arrival Path                                                                                                 ;
+---------+---------+----+------+--------+-------------------------------------+------------------------------------+
; Total   ; Incr    ; RF ; Type ; Fanout ; Location                            ; Element                            ;
+---------+---------+----+------+--------+-------------------------------------+------------------------------------+
; 0.000   ; 0.000   ;    ;      ;        ;                                     ; launch edge time                   ;
; 2.181   ; 2.181   ;    ;      ;        ;                                     ; clock path                         ;
;   0.000 ;   0.000 ;    ;      ;        ;                                     ; source latency                     ;
;   0.000 ;   0.000 ;    ;      ; 1      ; PIN_AC18                            ; clk                                ;
;   0.000 ;   0.000 ;    ; RE   ; 1      ; IOPAD_X54_Y0_N0                     ; ARRIAV_IO_PAD                      ;
;   0.000 ;   0.000 ;    ; RE   ; 1      ; IO_PAD_OUTPUT_X54_Y0_N0_I1          ; IO_PAD_OUTPUT                      ;
;   0.000 ;   0.000 ;    ; RE   ; 1      ; IO_INPUT_BUFFER_INPUT_X54_Y0_N1_I0  ; IO_INPUT_BUFFER_INPUT              ;
;   0.000 ;   0.000 ; RR ; IC   ; 1      ; IOIBUF_X54_Y0_N1                    ; clk~input|i                        ;
;   0.417 ;   0.417 ; RR ; CELL ; 1      ; IOIBUF_X54_Y0_N1                    ; clk~input|o                        ;
;   0.417 ;   0.000 ;    ; RE   ; 1      ; IOIBUF_X54_Y0_N1                    ; ARRIAV_IO_IBUF                     ;
;   0.417 ;   0.000 ;    ; RE   ; 1      ; IO_INPUT_BUFFER_OUTPUT_X54_Y0_N1_I2 ; IO_INPUT_BUFFER_OUTPUT             ;
;   0.417 ;   0.000 ;    ; RE   ; 1      ; IO_RE_X54_Y0_N0_I96                 ; IO_RE                              ;
;   0.552 ;   0.135 ;    ; RE   ; 1      ; IO_RE_X54_Y0_N0_I66                 ; IO_RE                              ;
;   0.633 ;   0.081 ;    ; RE   ; 1      ; CLKBUF_CLUSTER_RE_X58_Y0_N0_I1614   ; CLKBUF_CLUSTER_RE                  ;
;   0.633 ;   0.000 ;    ; RE   ; 1      ; CLKBUF_CLUSTER_RE_X58_Y0_N0_I616    ; CLKBUF_CLUSTER_RE                  ;
;   0.633 ;   0.000 ;    ; RE   ; 1      ; GCLK_CLUSTER_RE_X58_Y0_N6_I10       ; GCLK_CLUSTER_RE                    ;
;   0.633 ;   0.000 ;    ; RE   ; 1      ; CLKBUFBLOCK_INPUT_X58_Y0_N7_I0      ; CLKBUFBLOCK_INPUT                  ;
;   0.633 ;   0.000 ; RR ; IC   ; 1      ; CLKCTRL_G6                          ; clk~inputCLKENA0|inclk             ;
;   0.779 ;   0.146 ; RR ; CELL ; 68111  ; CLKCTRL_G6                          ; clk~inputCLKENA0|outclk            ;
;   0.779 ;   0.000 ;    ; RE   ; 1      ; CLKCTRL_G6                          ; ARRIAV_CLKBUF                      ;
;   0.779 ;   0.000 ;    ; RE   ; 1      ; CLKBUFBLOCK_OUTPUT_X58_Y0_N7_I2     ; CLKBUFBLOCK_OUTPUT                 ;
;   0.779 ;   0.000 ;    ; RE   ; 1      ; GCLK_CLUSTER_RE_X58_Y0_N6_I12       ; GCLK_CLUSTER_RE                    ;
;   0.779 ;   0.000 ;    ; RE   ; 1      ; CLKBUF_CLUSTER_RE_X58_Y0_N0_I417    ; CLKBUF_CLUSTER_RE                  ;
;   1.271 ;   0.492 ;    ; RE   ; 16     ; GLOBAL_CLOCK_X0_Y58_N0_I6           ; GLOBAL_CLOCK                       ;
;   1.392 ;   0.121 ;    ; RE   ; 29     ; SPINE_CLOCK_X45_Y30_N0_I22          ; SPINE_CLOCK                        ;
;   1.581 ;   0.189 ;    ; RE   ; 1      ; SCLK_TO_ROWCLK_BUF_X45_Y45_N0_I133  ; SCLK_TO_ROWCLK_BUF                 ;
;   1.622 ;   0.041 ;    ; RE   ; 2      ; SCLK_TO_ROWCLK_BUF_X45_Y45_N0_I136  ; SCLK_TO_ROWCLK_BUF                 ;
;   1.847 ;   0.225 ;    ; RE   ; 13     ; LAB_CLK_X46_Y45_N0_I5               ; LAB_CLK                            ;
;   1.915 ;   0.068 ;    ; RE   ; 1      ; BLK_CLK_BUF_X59_Y45_N0_I5           ; BLK_CLK_BUF                        ;
;   1.929 ;   0.014 ;    ; RE   ; 1      ; ROWCLKSEL_PREBUF_X59_Y45_N0_I5      ; ROWCLKSEL_PREBUF                   ;
;   1.950 ;   0.021 ;    ; RE   ; 1      ; ROWCLKSEL_X59_Y45_N0_I1             ; ROWCLKSEL                          ;
;   1.950 ;   0.000 ;    ; RE   ; 2      ; GLOBAL_LOCAL_SEL_X59_Y45_N0_I1      ; GLOBAL_LOCAL_SEL                   ;
;   1.950 ;   0.000 ;    ; RE   ; 5      ; LAB_INPUT_X59_Y45_N0_I0             ; LAB_INPUT                          ;
;   1.950 ;   0.000 ; RR ; IC   ; 1      ; FF_X59_Y45_N2                       ; op[19]|clk                         ;
;   2.181 ;   0.231 ; RR ; CELL ; 1      ; FF_X59_Y45_N2                       ; op[19]                             ;
; 2.692   ; 0.511   ;    ;      ;        ;                                     ; data path                          ;
;   2.181 ;   0.000 ;    ; uTco ; 1      ; FF_X59_Y45_N2                       ; op[19]                             ;
;   2.181 ;   0.000 ; FF ; CELL ; 4      ; FF_X59_Y45_N2                       ; op[19]|q                           ;
;   2.200 ;   0.019 ;    ; RE   ; 2      ; FF_X59_Y45_N2                       ; ARRIAV_FF                          ;
;   2.273 ;   0.073 ;    ; RE   ; 3      ; LOCAL_LINE_X59_Y45_N0_I0            ; LOCAL_LINE                         ;
;   2.361 ;   0.088 ;    ; RE   ; 1      ; BLOCK_INPUT_MUX_X59_Y45_N0_I44      ; LEIM_INPUT                         ;
;   2.361 ;   0.000 ; FF ; IC   ; 1      ; LABCELL_X59_Y45_N30                 ; return_scalar~9|datac              ;
;   2.563 ;   0.202 ; FF ; CELL ; 1      ; LABCELL_X59_Y45_N30                 ; return_scalar~9|combout            ;
;   2.563 ;   0.000 ;    ; RE   ; 1      ; LABCELL_X59_Y45_N30                 ; ARRIAV_LCELL_COMB                  ;
;   2.563 ;   0.000 ; FF ; IC   ; 1      ; FF_X59_Y45_N31                      ; return_scalar.RET_SCALAR_L_ROUND|d ;
;   2.692 ;   0.129 ; FF ; CELL ; 1      ; FF_X59_Y45_N31                      ; return_scalar.RET_SCALAR_L_ROUND   ;
+---------+---------+----+------+--------+-------------------------------------+------------------------------------+

+-----------------------------------------------------------------------------------------------------------------------+
; Data Required Path                                                                                                    ;
+----------+----------+----+------+--------+-------------------------------------+--------------------------------------+
; Total    ; Incr     ; RF ; Type ; Fanout ; Location                            ; Element                              ;
+----------+----------+----+------+--------+-------------------------------------+--------------------------------------+
; 10.000   ; 10.000   ;    ;      ;        ;                                     ; latch edge time                      ;
; 12.147   ; 2.147    ;    ;      ;        ;                                     ; clock path                           ;
;   10.000 ;   0.000  ;    ;      ;        ;                                     ; source latency                       ;
;   10.000 ;   0.000  ;    ;      ; 1      ; PIN_AC18                            ; clk                                  ;
;   10.000 ;   0.000  ;    ; RE   ; 1      ; IOPAD_X54_Y0_N0                     ; ARRIAV_IO_PAD                        ;
;   10.000 ;   0.000  ;    ; RE   ; 1      ; IO_PAD_OUTPUT_X54_Y0_N0_I1          ; IO_PAD_OUTPUT                        ;
;   10.000 ;   0.000  ;    ; RE   ; 1      ; IO_INPUT_BUFFER_INPUT_X54_Y0_N1_I0  ; IO_INPUT_BUFFER_INPUT                ;
;   10.000 ;   0.000  ; RR ; IC   ; 1      ; IOIBUF_X54_Y0_N1                    ; clk~input|i                          ;
;   10.417 ;   0.417  ; RR ; CELL ; 1      ; IOIBUF_X54_Y0_N1                    ; clk~input|o                          ;
;   10.417 ;   0.000  ;    ; RE   ; 1      ; IOIBUF_X54_Y0_N1                    ; ARRIAV_IO_IBUF                       ;
;   10.417 ;   0.000  ;    ; RE   ; 1      ; IO_INPUT_BUFFER_OUTPUT_X54_Y0_N1_I2 ; IO_INPUT_BUFFER_OUTPUT               ;
;   10.417 ;   0.000  ;    ; RE   ; 1      ; IO_RE_X54_Y0_N0_I96                 ; IO_RE                                ;
;   10.505 ;   0.088  ;    ; RE   ; 1      ; IO_RE_X54_Y0_N0_I66                 ; IO_RE                                ;
;   10.505 ;   0.000  ;    ; RE   ; 1      ; CLKBUF_CLUSTER_RE_X58_Y0_N0_I1614   ; CLKBUF_CLUSTER_RE                    ;
;   10.505 ;   0.000  ;    ; RE   ; 1      ; CLKBUF_CLUSTER_RE_X58_Y0_N0_I616    ; CLKBUF_CLUSTER_RE                    ;
;   10.505 ;   0.000  ;    ; RE   ; 1      ; GCLK_CLUSTER_RE_X58_Y0_N6_I10       ; GCLK_CLUSTER_RE                      ;
;   10.505 ;   0.000  ;    ; RE   ; 1      ; CLKBUFBLOCK_INPUT_X58_Y0_N7_I0      ; CLKBUFBLOCK_INPUT                    ;
;   10.505 ;   0.000  ; RR ; IC   ; 1      ; CLKCTRL_G6                          ; clk~inputCLKENA0|inclk               ;
;   10.644 ;   0.139  ; RR ; CELL ; 68111  ; CLKCTRL_G6                          ; clk~inputCLKENA0|outclk              ;
;   10.644 ;   0.000  ;    ; RE   ; 1      ; CLKCTRL_G6                          ; ARRIAV_CLKBUF                        ;
;   10.644 ;   0.000  ;    ; RE   ; 1      ; CLKBUFBLOCK_OUTPUT_X58_Y0_N7_I2     ; CLKBUFBLOCK_OUTPUT                   ;
;   10.644 ;   0.000  ;    ; RE   ; 1      ; GCLK_CLUSTER_RE_X58_Y0_N6_I12       ; GCLK_CLUSTER_RE                      ;
;   10.644 ;   0.000  ;    ; RE   ; 1      ; CLKBUF_CLUSTER_RE_X58_Y0_N0_I417    ; CLKBUF_CLUSTER_RE                    ;
;   11.122 ;   0.478  ;    ; RE   ; 16     ; GLOBAL_CLOCK_X0_Y58_N0_I6           ; GLOBAL_CLOCK                         ;
;   11.240 ;   0.118  ;    ; RE   ; 29     ; SPINE_CLOCK_X45_Y30_N0_I22          ; SPINE_CLOCK                          ;
;   11.424 ;   0.184  ;    ; RE   ; 1      ; SCLK_TO_ROWCLK_BUF_X45_Y45_N0_I133  ; SCLK_TO_ROWCLK_BUF                   ;
;   11.464 ;   0.040  ;    ; RE   ; 2      ; SCLK_TO_ROWCLK_BUF_X45_Y45_N0_I136  ; SCLK_TO_ROWCLK_BUF                   ;
;   11.684 ;   0.220  ;    ; RE   ; 13     ; LAB_CLK_X46_Y45_N0_I5               ; LAB_CLK                              ;
;   11.747 ;   0.063  ;    ; RE   ; 1      ; BLK_CLK_BUF_X59_Y45_N0_I5           ; BLK_CLK_BUF                          ;
;   11.761 ;   0.014  ;    ; RE   ; 1      ; ROWCLKSEL_PREBUF_X59_Y45_N0_I5      ; ROWCLKSEL_PREBUF                     ;
;   11.781 ;   0.020  ;    ; RE   ; 1      ; ROWCLKSEL_X59_Y45_N0_I1             ; ROWCLKSEL                            ;
;   11.781 ;   0.000  ;    ; RE   ; 2      ; GLOBAL_LOCAL_SEL_X59_Y45_N0_I1      ; GLOBAL_LOCAL_SEL                     ;
;   11.781 ;   0.000  ;    ; RE   ; 5      ; LAB_INPUT_X59_Y45_N0_I0             ; LAB_INPUT                            ;
;   11.780 ;   -0.001 ; RR ; IC   ; 1      ; FF_X59_Y45_N31                      ; return_scalar.RET_SCALAR_L_ROUND|clk ;
;   11.989 ;   0.209  ; RR ; CELL ; 1      ; FF_X59_Y45_N31                      ; return_scalar.RET_SCALAR_L_ROUND     ;
;   12.147 ;   0.158  ;    ;      ;        ;                                     ; clock pessimism removed              ;
; 12.047   ; -0.100   ;    ;      ;        ;                                     ; clock uncertainty                    ;
; 12.047   ; 0.000    ;    ; uTsu ; 1      ; FF_X59_Y45_N31                      ; return_scalar.RET_SCALAR_L_ROUND     ;
+----------+----------+----+------+--------+-------------------------------------+--------------------------------------+

----------------------------
; Extra Fitter Information ;
----------------------------
HTML report is unavailable in plain text report export.


