Pattern	Register	Type	Fanout_edges	Location
Count	*scalar_round_q*	43
*scalar_round_q*	scalar_round_q[27]	reg	1	FF_X74_Y20_N52
*scalar_round_q*	scalar_round_q[9]	reg	1	FF_X74_Y21_N59
*scalar_round_q*	scalar_round_q[40]	reg	1	FF_X74_Y19_N31
*scalar_round_q*	scalar_round_q[35]	reg	1	FF_X74_Y19_N16
*scalar_round_q*	scalar_round_q[11]	reg	1	FF_X74_Y20_N4
*scalar_round_q*	scalar_round_q[16]	reg	1	FF_X74_Y20_N19
*scalar_round_q*	scalar_round_q[23]	reg	1	FF_X74_Y20_N41
*scalar_round_q*	scalar_round_q[4]	reg	1	FF_X74_Y21_N43
*scalar_round_q*	scalar_round_q[13]	reg	1	FF_X74_Y20_N10
*scalar_round_q*	scalar_round_q[12]	reg	1	FF_X74_Y20_N7
*scalar_round_q*	scalar_round_q[0]~DUPLICATE	reg	1	FF_X74_Y21_N31
*scalar_round_q*	scalar_round_q[3]	reg	1	FF_X74_Y21_N40
*scalar_round_q*	scalar_round_q[21]	reg	1	FF_X74_Y20_N34
*scalar_round_q*	scalar_round_q[10]	reg	1	FF_X74_Y20_N2
*scalar_round_q*	scalar_round_q[17]	reg	1	FF_X74_Y20_N22
*scalar_round_q*	scalar_round_q[22]	reg	1	FF_X74_Y20_N37
*scalar_round_q*	scalar_round_q[2]	reg	1	FF_X74_Y21_N37
*scalar_round_q*	scalar_round_q[15]	reg	1	FF_X74_Y20_N16
*scalar_round_q*	scalar_round_q[19]	reg	1	FF_X74_Y20_N29
*scalar_round_q*	scalar_round_q[14]	reg	1	FF_X74_Y20_N13
*scalar_round_q*	scalar_round_q[6]	reg	1	FF_X74_Y21_N49
*scalar_round_q*	scalar_round_q[1]	reg	1	FF_X74_Y21_N35
*scalar_round_q*	scalar_round_q[8]	reg	1	FF_X74_Y21_N55
*scalar_round_q*	scalar_round_q[18]	reg	1	FF_X74_Y20_N25
*scalar_round_q*	scalar_round_q[20]	reg	1	FF_X74_Y20_N31
*scalar_round_q*	scalar_round_q[7]	reg	1	FF_X74_Y21_N52
*scalar_round_q*	scalar_round_q[5]	reg	1	FF_X74_Y21_N46
*scalar_round_q*	scalar_round_q[37]	reg	1	FF_X74_Y19_N23
*scalar_round_q*	scalar_round_q[38]	reg	1	FF_X74_Y19_N25
*scalar_round_q*	scalar_round_q[36]	reg	1	FF_X74_Y19_N19
*scalar_round_q*	scalar_round_q[39]	reg	1	FF_X74_Y19_N29
*scalar_round_q*	scalar_round_q[24]	reg	1	FF_X74_Y20_N43
*scalar_round_q*	scalar_round_q[26]	reg	1	FF_X74_Y20_N49
*scalar_round_q*	scalar_round_q[25]	reg	1	FF_X74_Y20_N46
*scalar_round_q*	scalar_round_q[33]	reg	1	FF_X74_Y19_N10
*scalar_round_q*	scalar_round_q[34]	reg	1	FF_X74_Y19_N13
*scalar_round_q*	scalar_round_q[28]	reg	1	FF_X74_Y20_N55
*scalar_round_q*	scalar_round_q[31]	reg	1	FF_X74_Y19_N4
*scalar_round_q*	scalar_round_q[32]	reg	1	FF_X74_Y19_N7
*scalar_round_q*	scalar_round_q[30]	reg	1	FF_X74_Y19_N1
*scalar_round_q*	scalar_round_q[29]	reg	1	FF_X74_Y20_N59
*scalar_round_q*	scalar_round_q[6]~DUPLICATE	reg	1	FF_X74_Y21_N50
*scalar_round_q*	scalar_round_q[0]	reg	1	FF_X74_Y21_N32
Count	*scalar_packet*	30
*scalar_packet*	scalar_packet_group_q[2]	reg	1	FF_X35_Y44_N25
*scalar_packet*	scalar_packet_valid_q	reg	1	FF_X54_Y49_N11
*scalar_packet*	scalar_packet_group_q[1]	reg	1	FF_X35_Y44_N44
*scalar_packet*	scalar_packet_group_q[0]	reg	1	FF_X59_Y42_N2
*scalar_packet*	scalar_packet_lower_q	reg	1	FF_X74_Y19_N49
*scalar_packet*	scalar_packet_high_q	reg	1	FF_X74_Y19_N56
*scalar_packet*	scalar_packet_low_q[11]	reg	1	FF_X69_Y21_N11
*scalar_packet*	scalar_packet_low_q[16]	reg	1	FF_X69_Y21_N59
*scalar_packet*	scalar_packet_low_q[23]	reg	1	FF_X73_Y20_N44
*scalar_packet*	scalar_packet_low_q[4]	reg	1	FF_X69_Y21_N1
*scalar_packet*	scalar_packet_low_q[13]	reg	1	FF_X69_Y21_N31
*scalar_packet*	scalar_packet_low_q[12]	reg	1	FF_X69_Y21_N35
*scalar_packet*	scalar_packet_low_q[0]	reg	1	FF_X69_Y21_N17
*scalar_packet*	scalar_packet_low_q[3]	reg	1	FF_X69_Y21_N44
*scalar_packet*	scalar_packet_low_q[21]	reg	1	FF_X69_Y21_N22
*scalar_packet*	scalar_packet_low_q[10]	reg	1	FF_X69_Y21_N50
*scalar_packet*	scalar_packet_low_q[17]	reg	1	FF_X37_Y29_N19
*scalar_packet*	scalar_packet_low_q[9]	reg	1	FF_X69_Y21_N53
*scalar_packet*	scalar_packet_low_q[22]	reg	1	FF_X69_Y21_N37
*scalar_packet*	scalar_packet_low_q[2]	reg	1	FF_X74_Y21_N10
*scalar_packet*	scalar_packet_low_q[15]	reg	1	FF_X69_Y21_N4
*scalar_packet*	scalar_packet_low_q[19]	reg	1	FF_X69_Y21_N55
*scalar_packet*	scalar_packet_low_q[14]	reg	1	FF_X35_Y44_N50
*scalar_packet*	scalar_packet_low_q[6]	reg	1	FF_X74_Y21_N28
*scalar_packet*	scalar_packet_low_q[1]	reg	1	FF_X69_Y21_N25
*scalar_packet*	scalar_packet_low_q[8]	reg	1	FF_X69_Y21_N13
*scalar_packet*	scalar_packet_low_q[18]	reg	1	FF_X73_Y20_N55
*scalar_packet*	scalar_packet_low_q[20]	reg	1	FF_X73_Y20_N37
*scalar_packet*	scalar_packet_low_q[7]	reg	1	FF_X69_Y21_N29
*scalar_packet*	scalar_packet_low_q[5]	reg	1	FF_X69_Y21_N7
Count	*scalar_cluster*	62
*scalar_cluster*	scalar_cluster_valid_q[1]	reg	1	FF_X35_Y44_N23
*scalar_cluster*	scalar_cluster_group_q[1][1]	reg	1	FF_X35_Y44_N32
*scalar_cluster*	scalar_cluster_group_q[1][0]	reg	1	FF_X35_Y44_N13
*scalar_cluster*	scalar_cluster_lower_q[1]	reg	1	FF_X35_Y44_N17
*scalar_cluster*	scalar_cluster_group_q[1][0]~DUPLICATE	reg	1	FF_X35_Y44_N14
*scalar_cluster*	scalar_cluster_high_q[1]	reg	1	FF_X35_Y44_N8
*scalar_cluster*	scalar_cluster_valid_q[0]	reg	1	FF_X55_Y56_N26
*scalar_cluster*	scalar_cluster_group_q[0][1]	reg	1	FF_X55_Y56_N2
*scalar_cluster*	scalar_cluster_group_q[0][0]~DUPLICATE	reg	1	FF_X55_Y56_N23
*scalar_cluster*	scalar_cluster_high_q[0]	reg	1	FF_X55_Y56_N56
*scalar_cluster*	scalar_cluster_lower_q[0]	reg	1	FF_X55_Y56_N58
*scalar_cluster*	scalar_cluster_low_q[0][11]	reg	1	FF_X37_Y63_N19
*scalar_cluster*	scalar_cluster_low_q[1][16]	reg	1	FF_X34_Y44_N34
*scalar_cluster*	scalar_cluster_low_q[1][23]	reg	1	FF_X34_Y44_N37
*scalar_cluster*	scalar_cluster_high_q[1]~DUPLICATE	reg	1	FF_X35_Y44_N7
*scalar_cluster*	scalar_cluster_low_q[1][4]	reg	1	FF_X35_Y44_N40
*scalar_cluster*	scalar_cluster_low_q[1][13]	reg	1	FF_X34_Y44_N38
*scalar_cluster*	scalar_cluster_low_q[1][12]	reg	1	FF_X35_Y44_N1
*scalar_cluster*	scalar_cluster_low_q[1][0]	reg	1	FF_X34_Y44_N41
*scalar_cluster*	scalar_cluster_low_q[1][3]	reg	1	FF_X34_Y44_N49
*scalar_cluster*	scalar_cluster_low_q[1][21]	reg	1	FF_X34_Y44_N32
*scalar_cluster*	scalar_cluster_low_q[1][10]	reg	1	FF_X35_Y44_N37
*scalar_cluster*	scalar_cluster_low_q[1][17]	reg	1	FF_X34_Y44_N40
*scalar_cluster*	scalar_cluster_low_q[1][9]	reg	1	FF_X34_Y44_N52
*scalar_cluster*	scalar_cluster_low_q[1][22]	reg	1	FF_X35_Y44_N2
*scalar_cluster*	scalar_cluster_low_q[1][2]	reg	1	FF_X35_Y44_N16
*scalar_cluster*	scalar_cluster_low_q[1][15]	reg	1	FF_X35_Y44_N55
*scalar_cluster*	scalar_cluster_low_q[1][19]	reg	1	FF_X35_Y44_N41
*scalar_cluster*	scalar_cluster_low_q[1][14]	reg	1	FF_X35_Y44_N5
*scalar_cluster*	scalar_cluster_low_q[1][6]	reg	1	FF_X35_Y44_N56
*scalar_cluster*	scalar_cluster_low_q[1][1]	reg	1	FF_X35_Y44_N4
*scalar_cluster*	scalar_cluster_low_q[1][8]	reg	1	FF_X35_Y44_N59
*scalar_cluster*	scalar_cluster_low_q[1][18]	reg	1	FF_X35_Y44_N58
*scalar_cluster*	scalar_cluster_low_q[1][20]	reg	1	FF_X34_Y44_N4
*scalar_cluster*	scalar_cluster_low_q[1][7]	reg	1	FF_X35_Y44_N11
*scalar_cluster*	scalar_cluster_low_q[0][5]	reg	1	FF_X37_Y63_N31
*scalar_cluster*	scalar_cluster_low_q[0][16]	reg	1	FF_X37_Y63_N28
*scalar_cluster*	scalar_cluster_low_q[0][23]	reg	1	FF_X37_Y63_N38
*scalar_cluster*	scalar_cluster_low_q[0][4]	reg	1	FF_X55_Y56_N40
*scalar_cluster*	scalar_cluster_low_q[0][13]	reg	1	FF_X55_Y56_N47
*scalar_cluster*	scalar_cluster_low_q[0][12]	reg	1	FF_X37_Y63_N16
*scalar_cluster*	scalar_cluster_low_q[0][0]	reg	1	FF_X37_Y63_N43
*scalar_cluster*	scalar_cluster_low_q[0][3]	reg	1	FF_X37_Y63_N25
*scalar_cluster*	scalar_cluster_low_q[0][21]	reg	1	FF_X37_Y63_N59
*scalar_cluster*	scalar_cluster_low_q[0][10]	reg	1	FF_X37_Y63_N22
*scalar_cluster*	scalar_cluster_low_q[0][17]	reg	1	FF_X37_Y63_N55
*scalar_cluster*	scalar_cluster_low_q[0][9]	reg	1	FF_X37_Y63_N13
*scalar_cluster*	scalar_cluster_low_q[0][22]	reg	1	FF_X37_Y63_N40
*scalar_cluster*	scalar_cluster_low_q[0][2]	reg	1	FF_X37_Y63_N46
*scalar_cluster*	scalar_cluster_low_q[0][15]	reg	1	FF_X37_Y63_N7
*scalar_cluster*	scalar_cluster_low_q[0][19]	reg	1	FF_X37_Y63_N4
*scalar_cluster*	scalar_cluster_low_q[0][14]	reg	1	FF_X37_Y63_N10
*scalar_cluster*	scalar_cluster_low_q[0][6]	reg	1	FF_X37_Y63_N20
*scalar_cluster*	scalar_cluster_low_q[0][1]	reg	1	FF_X55_Y56_N43
*scalar_cluster*	scalar_cluster_low_q[0][8]	reg	1	FF_X37_Y63_N49
*scalar_cluster*	scalar_cluster_low_q[0][18]	reg	1	FF_X37_Y63_N34
*scalar_cluster*	scalar_cluster_low_q[0][20]	reg	1	FF_X37_Y63_N1
*scalar_cluster*	scalar_cluster_low_q[0][7]	reg	1	FF_X37_Y63_N52
*scalar_cluster*	scalar_cluster_group_q[0][0]	reg	1	FF_X55_Y56_N22
*scalar_cluster*	scalar_cluster_low_q[1][5]	reg	1	FF_X34_Y44_N50
*scalar_cluster*	scalar_cluster_low_q[1][11]	reg	1	FF_X34_Y44_N2
*scalar_cluster*	scalar_cluster_lower_q[0]~DUPLICATE	reg	1	FF_X55_Y56_N59
Count	*scalar_group_q*	202
*scalar_group_q*	scalar_group_q[4][11]	reg	1	FF_X34_Y44_N44
*scalar_group_q*	scalar_group_q[7][11]	reg	1	FF_X38_Y36_N28
*scalar_group_q*	scalar_group_q[7][5]	reg	1	FF_X37_Y37_N7
*scalar_group_q*	scalar_group_q[3][11]	reg	1	FF_X53_Y79_N50
*scalar_group_q*	scalar_group_q[7][16]	reg	1	FF_X37_Y37_N35
*scalar_group_q*	scalar_group_q[7][23]	reg	1	FF_X38_Y36_N25
*scalar_group_q*	scalar_group_q[7][4]	reg	1	FF_X37_Y37_N17
*scalar_group_q*	scalar_group_q[7][13]	reg	1	FF_X37_Y37_N22
*scalar_group_q*	scalar_group_q[7][12]	reg	1	FF_X38_Y36_N46
*scalar_group_q*	scalar_group_q[7][0]	reg	1	FF_X37_Y37_N25
*scalar_group_q*	scalar_group_q[7][3]	reg	1	FF_X37_Y37_N46
*scalar_group_q*	scalar_group_q[7][21]	reg	1	FF_X38_Y36_N52
*scalar_group_q*	scalar_group_q[7][10]	reg	1	FF_X37_Y37_N49
*scalar_group_q*	scalar_group_q[7][17]	reg	1	FF_X37_Y37_N43
*scalar_group_q*	scalar_group_q[7][9]	reg	1	FF_X38_Y36_N16
*scalar_group_q*	scalar_group_q[7][22]	reg	1	FF_X38_Y36_N22
*scalar_group_q*	scalar_group_q[7][2]	reg	1	FF_X37_Y37_N13
*scalar_group_q*	scalar_group_q[7][15]	reg	1	FF_X38_Y36_N37
*scalar_group_q*	scalar_group_q[7][19]	reg	1	FF_X37_Y37_N28
*scalar_group_q*	scalar_group_q[7][14]	reg	1	FF_X38_Y36_N43
*scalar_group_q*	scalar_group_q[7][6]	reg	1	FF_X37_Y37_N10
*scalar_group_q*	scalar_group_q[7][1]	reg	1	FF_X38_Y36_N1
*scalar_group_q*	scalar_group_q[7][8]	reg	1	FF_X37_Y37_N40
*scalar_group_q*	scalar_group_q[7][18]	reg	1	FF_X38_Y36_N10
*scalar_group_q*	scalar_group_q[7][20]	reg	1	FF_X38_Y36_N55
*scalar_group_q*	scalar_group_q[7][7]	reg	1	FF_X38_Y36_N31
*scalar_group_q*	scalar_group_q[6][11]	reg	1	FF_X29_Y41_N23
*scalar_group_q*	scalar_group_q[6][5]	reg	1	FF_X29_Y41_N7
*scalar_group_q*	scalar_group_q[6][16]	reg	1	FF_X29_Y41_N49
*scalar_group_q*	scalar_group_q[6][23]	reg	1	FF_X29_Y41_N37
*scalar_group_q*	scalar_group_q[6][4]	reg	1	FF_X29_Y41_N28
*scalar_group_q*	scalar_group_q[6][13]	reg	1	FF_X30_Y42_N40
*scalar_group_q*	scalar_group_q[6][12]	reg	1	FF_X29_Y41_N31
*scalar_group_q*	scalar_group_q[6][0]	reg	1	FF_X32_Y42_N11
*scalar_group_q*	scalar_group_q[6][3]	reg	1	FF_X29_Y42_N22
*scalar_group_q*	scalar_group_q[6][21]~DUPLICATE	reg	1	FF_X29_Y41_N17
*scalar_group_q*	scalar_group_q[6][10]	reg	1	FF_X29_Y41_N5
*scalar_group_q*	scalar_group_q[6][17]	reg	1	FF_X29_Y41_N47
*scalar_group_q*	scalar_group_q[6][9]	reg	1	FF_X29_Y41_N14
*scalar_group_q*	scalar_group_q[6][22]~DUPLICATE	reg	1	FF_X29_Y41_N55
*scalar_group_q*	scalar_group_q[6][2]	reg	1	FF_X30_Y42_N13
*scalar_group_q*	scalar_group_q[6][15]~DUPLICATE	reg	1	FF_X29_Y44_N2
*scalar_group_q*	scalar_group_q[6][19]	reg	1	FF_X32_Y42_N4
*scalar_group_q*	scalar_group_q[6][14]	reg	1	FF_X32_Y42_N2
*scalar_group_q*	scalar_group_q[6][6]	reg	1	FF_X32_Y42_N31
*scalar_group_q*	scalar_group_q[6][1]	reg	1	FF_X30_Y44_N14
*scalar_group_q*	scalar_group_q[6][8]	reg	1	FF_X30_Y42_N7
*scalar_group_q*	scalar_group_q[6][18]	reg	1	FF_X29_Y42_N50
*scalar_group_q*	scalar_group_q[6][20]	reg	1	FF_X30_Y44_N26
*scalar_group_q*	scalar_group_q[6][7]	reg	1	FF_X29_Y41_N35
*scalar_group_q*	scalar_group_q[5][11]~DUPLICATE	reg	1	FF_X31_Y40_N34
*scalar_group_q*	scalar_group_q[5][5]	reg	1	FF_X34_Y44_N29
*scalar_group_q*	scalar_group_q[5][16]	reg	1	FF_X28_Y45_N41
*scalar_group_q*	scalar_group_q[5][23]	reg	1	FF_X29_Y44_N16
*scalar_group_q*	scalar_group_q[5][4]	reg	1	FF_X32_Y43_N16
*scalar_group_q*	scalar_group_q[5][13]	reg	1	FF_X34_Y44_N28
*scalar_group_q*	scalar_group_q[5][12]	reg	1	FF_X29_Y44_N37
*scalar_group_q*	scalar_group_q[5][0]	reg	1	FF_X38_Y41_N40
*scalar_group_q*	scalar_group_q[5][3]	reg	1	FF_X29_Y42_N25
*scalar_group_q*	scalar_group_q[5][21]	reg	1	FF_X29_Y44_N34
*scalar_group_q*	scalar_group_q[5][10]	reg	1	FF_X29_Y44_N46
*scalar_group_q*	scalar_group_q[5][17]	reg	1	FF_X29_Y44_N58
*scalar_group_q*	scalar_group_q[5][9]	reg	1	FF_X29_Y44_N26
*scalar_group_q*	scalar_group_q[5][22]	reg	1	FF_X29_Y44_N31
*scalar_group_q*	scalar_group_q[5][2]	reg	1	FF_X32_Y43_N40
*scalar_group_q*	scalar_group_q[5][15]~DUPLICATE	reg	1	FF_X29_Y44_N55
*scalar_group_q*	scalar_group_q[5][19]	reg	1	FF_X38_Y41_N58
*scalar_group_q*	scalar_group_q[5][14]	reg	1	FF_X32_Y43_N25
*scalar_group_q*	scalar_group_q[5][6]	reg	1	FF_X32_Y43_N22
*scalar_group_q*	scalar_group_q[5][1]	reg	1	FF_X32_Y43_N10
*scalar_group_q*	scalar_group_q[5][8]	reg	1	FF_X29_Y44_N43
*scalar_group_q*	scalar_group_q[5][18]	reg	1	FF_X29_Y44_N13
*scalar_group_q*	scalar_group_q[5][20]	reg	1	FF_X31_Y40_N46
*scalar_group_q*	scalar_group_q[5][7]	reg	1	FF_X31_Y40_N49
*scalar_group_q*	scalar_group_q[3][5]~DUPLICATE	reg	1	FF_X53_Y79_N7
*scalar_group_q*	scalar_group_q[3][16]	reg	1	FF_X53_Y79_N40
*scalar_group_q*	scalar_group_q[3][23]	reg	1	FF_X53_Y79_N26
*scalar_group_q*	scalar_group_q[3][4]	reg	1	FF_X54_Y79_N17
*scalar_group_q*	scalar_group_q[3][13]	reg	1	FF_X53_Y79_N23
*scalar_group_q*	scalar_group_q[3][12]	reg	1	FF_X53_Y79_N58
*scalar_group_q*	scalar_group_q[3][0]	reg	1	FF_X54_Y79_N13
*scalar_group_q*	scalar_group_q[3][3]	reg	1	FF_X53_Y79_N2
*scalar_group_q*	scalar_group_q[3][21]	reg	1	FF_X53_Y79_N38
*scalar_group_q*	scalar_group_q[3][10]	reg	1	FF_X53_Y79_N52
*scalar_group_q*	scalar_group_q[3][17]~DUPLICATE	reg	1	FF_X53_Y79_N35
*scalar_group_q*	scalar_group_q[3][9]	reg	1	FF_X53_Y79_N43
*scalar_group_q*	scalar_group_q[3][22]	reg	1	FF_X53_Y79_N31
*scalar_group_q*	scalar_group_q[3][2]	reg	1	FF_X53_Y79_N4
*scalar_group_q*	scalar_group_q[3][15]	reg	1	FF_X54_Y79_N37
*scalar_group_q*	scalar_group_q[3][19]	reg	1	FF_X53_Y79_N16
*scalar_group_q*	scalar_group_q[3][14]	reg	1	FF_X53_Y79_N56
*scalar_group_q*	scalar_group_q[3][6]	reg	1	FF_X53_Y79_N19
*scalar_group_q*	scalar_group_q[3][1]	reg	1	FF_X54_Y79_N43
*scalar_group_q*	scalar_group_q[3][8]	reg	1	FF_X53_Y79_N28
*scalar_group_q*	scalar_group_q[3][18]	reg	1	FF_X53_Y79_N11
*scalar_group_q*	scalar_group_q[3][20]	reg	1	FF_X53_Y79_N47
*scalar_group_q*	scalar_group_q[3][7]	reg	1	FF_X53_Y79_N14
*scalar_group_q*	scalar_group_q[2][11]	reg	1	FF_X42_Y79_N8
*scalar_group_q*	scalar_group_q[2][5]	reg	1	FF_X42_Y79_N29
*scalar_group_q*	scalar_group_q[2][16]	reg	1	FF_X42_Y79_N14
*scalar_group_q*	scalar_group_q[2][23]	reg	1	FF_X42_Y79_N17
*scalar_group_q*	scalar_group_q[2][4]	reg	1	FF_X54_Y79_N4
*scalar_group_q*	scalar_group_q[2][13]	reg	1	FF_X45_Y82_N59
*scalar_group_q*	scalar_group_q[2][12]	reg	1	FF_X42_Y79_N11
*scalar_group_q*	scalar_group_q[2][0]	reg	1	FF_X54_Y79_N58
*scalar_group_q*	scalar_group_q[2][3]	reg	1	FF_X42_Y79_N44
*scalar_group_q*	scalar_group_q[2][21]	reg	1	FF_X42_Y79_N32
*scalar_group_q*	scalar_group_q[2][10]	reg	1	FF_X42_Y79_N50
*scalar_group_q*	scalar_group_q[2][17]	reg	1	FF_X42_Y79_N23
*scalar_group_q*	scalar_group_q[2][9]	reg	1	FF_X42_Y79_N53
*scalar_group_q*	scalar_group_q[2][22]	reg	1	FF_X42_Y79_N35
*scalar_group_q*	scalar_group_q[2][2]	reg	1	FF_X42_Y79_N47
*scalar_group_q*	scalar_group_q[2][15]	reg	1	FF_X42_Y79_N38
*scalar_group_q*	scalar_group_q[2][19]	reg	1	FF_X42_Y79_N2
*scalar_group_q*	scalar_group_q[2][14]	reg	1	FF_X42_Y79_N41
*scalar_group_q*	scalar_group_q[2][6]	reg	1	FF_X42_Y79_N59
*scalar_group_q*	scalar_group_q[2][1]	reg	1	FF_X54_Y79_N55
*scalar_group_q*	scalar_group_q[2][8]	reg	1	FF_X42_Y79_N5
*scalar_group_q*	scalar_group_q[2][18]	reg	1	FF_X42_Y79_N20
*scalar_group_q*	scalar_group_q[2][20]	reg	1	FF_X42_Y79_N26
*scalar_group_q*	scalar_group_q[2][7]	reg	1	FF_X42_Y79_N56
*scalar_group_q*	scalar_group_q[6][22]	reg	1	FF_X29_Y41_N56
*scalar_group_q*	scalar_group_q[6][15]	reg	1	FF_X29_Y44_N1
*scalar_group_q*	scalar_group_q[0][11]	reg	1	FF_X59_Y79_N31
*scalar_group_q*	scalar_group_q[0][5]	reg	1	FF_X59_Y79_N10
*scalar_group_q*	scalar_group_q[0][16]	reg	1	FF_X59_Y79_N25
*scalar_group_q*	scalar_group_q[0][23]	reg	1	FF_X59_Y79_N7
*scalar_group_q*	scalar_group_q[0][4]	reg	1	FF_X59_Y79_N35
*scalar_group_q*	scalar_group_q[0][13]	reg	1	FF_X59_Y79_N37
*scalar_group_q*	scalar_group_q[0][12]	reg	1	FF_X59_Y79_N34
*scalar_group_q*	scalar_group_q[0][0]	reg	1	FF_X54_Y79_N25
*scalar_group_q*	scalar_group_q[0][3]	reg	1	FF_X59_Y79_N38
*scalar_group_q*	scalar_group_q[0][21]	reg	1	FF_X59_Y79_N22
*scalar_group_q*	scalar_group_q[0][10]	reg	1	FF_X54_Y79_N19
*scalar_group_q*	scalar_group_q[0][17]	reg	1	FF_X59_Y79_N46
*scalar_group_q*	scalar_group_q[0][9]	reg	1	FF_X59_Y79_N1
*scalar_group_q*	scalar_group_q[0][22]	reg	1	FF_X59_Y79_N16
*scalar_group_q*	scalar_group_q[0][2]	reg	1	FF_X59_Y79_N44
*scalar_group_q*	scalar_group_q[0][15]	reg	1	FF_X59_Y79_N41
*scalar_group_q*	scalar_group_q[0][19]	reg	1	FF_X59_Y79_N49
*scalar_group_q*	scalar_group_q[0][14]	reg	1	FF_X59_Y79_N52
*scalar_group_q*	scalar_group_q[0][6]	reg	1	FF_X59_Y79_N13
*scalar_group_q*	scalar_group_q[0][1]	reg	1	FF_X59_Y79_N29
*scalar_group_q*	scalar_group_q[0][8]	reg	1	FF_X59_Y79_N55
*scalar_group_q*	scalar_group_q[0][18]	reg	1	FF_X59_Y79_N58
*scalar_group_q*	scalar_group_q[0][20]~DUPLICATE	reg	1	FF_X59_Y79_N19
*scalar_group_q*	scalar_group_q[0][7]	reg	1	FF_X59_Y79_N5
*scalar_group_q*	scalar_group_q[5][16]~DUPLICATE	reg	1	FF_X28_Y45_N40
*scalar_group_q*	scalar_group_q[5][15]	reg	1	FF_X29_Y44_N56
*scalar_group_q*	scalar_group_q[1][11]	reg	1	FF_X56_Y79_N37
*scalar_group_q*	scalar_group_q[1][5]	reg	1	FF_X56_Y79_N5
*scalar_group_q*	scalar_group_q[1][16]	reg	1	FF_X56_Y79_N2
*scalar_group_q*	scalar_group_q[1][23]	reg	1	FF_X56_Y79_N28
*scalar_group_q*	scalar_group_q[1][4]	reg	1	FF_X56_Y79_N22
*scalar_group_q*	scalar_group_q[1][13]	reg	1	FF_X56_Y79_N8
*scalar_group_q*	scalar_group_q[1][12]	reg	1	FF_X56_Y79_N14
*scalar_group_q*	scalar_group_q[1][0]	reg	1	FF_X56_Y79_N16
*scalar_group_q*	scalar_group_q[1][3]	reg	1	FF_X56_Y79_N58
*scalar_group_q*	scalar_group_q[1][21]	reg	1	FF_X56_Y79_N52
*scalar_group_q*	scalar_group_q[1][10]	reg	1	FF_X56_Y79_N55
*scalar_group_q*	scalar_group_q[1][17]	reg	1	FF_X56_Y79_N7
*scalar_group_q*	scalar_group_q[1][9]	reg	1	FF_X56_Y79_N44
*scalar_group_q*	scalar_group_q[1][22]	reg	1	FF_X56_Y79_N31
*scalar_group_q*	scalar_group_q[1][2]	reg	1	FF_X56_Y79_N1
*scalar_group_q*	scalar_group_q[1][15]	reg	1	FF_X56_Y79_N19
*scalar_group_q*	scalar_group_q[1][19]	reg	1	FF_X56_Y79_N23
*scalar_group_q*	scalar_group_q[1][14]	reg	1	FF_X56_Y79_N35
*scalar_group_q*	scalar_group_q[1][6]	reg	1	FF_X56_Y79_N46
*scalar_group_q*	scalar_group_q[1][1]	reg	1	FF_X56_Y79_N49
*scalar_group_q*	scalar_group_q[1][8]	reg	1	FF_X56_Y79_N40
*scalar_group_q*	scalar_group_q[1][18]	reg	1	FF_X56_Y79_N4
*scalar_group_q*	scalar_group_q[1][20]	reg	1	FF_X56_Y79_N11
*scalar_group_q*	scalar_group_q[1][7]	reg	1	FF_X56_Y79_N25
*scalar_group_q*	scalar_group_q[4][5]	reg	1	FF_X34_Y44_N56
*scalar_group_q*	scalar_group_q[4][16]	reg	1	FF_X34_Y44_N11
*scalar_group_q*	scalar_group_q[4][23]	reg	1	FF_X30_Y44_N40
*scalar_group_q*	scalar_group_q[4][4]	reg	1	FF_X30_Y44_N22
*scalar_group_q*	scalar_group_q[4][13]	reg	1	FF_X34_Y44_N14
*scalar_group_q*	scalar_group_q[4][12]	reg	1	FF_X29_Y44_N19
*scalar_group_q*	scalar_group_q[4][0]	reg	1	FF_X34_Y44_N17
*scalar_group_q*	scalar_group_q[4][3]	reg	1	FF_X34_Y44_N47
*scalar_group_q*	scalar_group_q[4][21]	reg	1	FF_X30_Y44_N31
*scalar_group_q*	scalar_group_q[4][10]	reg	1	FF_X30_Y44_N47
*scalar_group_q*	scalar_group_q[4][17]	reg	1	FF_X30_Y44_N7
*scalar_group_q*	scalar_group_q[4][9]	reg	1	FF_X34_Y44_N23
*scalar_group_q*	scalar_group_q[4][22]	reg	1	FF_X32_Y44_N59
*scalar_group_q*	scalar_group_q[4][2]	reg	1	FF_X30_Y44_N10
*scalar_group_q*	scalar_group_q[4][15]	reg	1	FF_X29_Y44_N23
*scalar_group_q*	scalar_group_q[4][19]	reg	1	FF_X32_Y44_N55
*scalar_group_q*	scalar_group_q[4][14]	reg	1	FF_X34_Y44_N8
*scalar_group_q*	scalar_group_q[4][6]	reg	1	FF_X34_Y44_N19
*scalar_group_q*	scalar_group_q[4][1]	reg	1	FF_X30_Y44_N19
*scalar_group_q*	scalar_group_q[4][8]	reg	1	FF_X30_Y44_N43
*scalar_group_q*	scalar_group_q[4][18]	reg	1	FF_X30_Y44_N56
*scalar_group_q*	scalar_group_q[4][20]	reg	1	FF_X30_Y44_N34
*scalar_group_q*	scalar_group_q[4][7]	reg	1	FF_X34_Y44_N59
*scalar_group_q*	scalar_group_q[5][11]	reg	1	FF_X31_Y40_N35
*scalar_group_q*	scalar_group_q[0][20]	reg	1	FF_X59_Y79_N20
*scalar_group_q*	scalar_group_q[3][5]	reg	1	FF_X53_Y79_N8
*scalar_group_q*	scalar_group_q[3][17]	reg	1	FF_X53_Y79_N34
*scalar_group_q*	scalar_group_q[6][21]	reg	1	FF_X29_Y41_N16
*scalar_group_q*	scalar_group_q[6][19]~DUPLICATE	reg	1	FF_X32_Y42_N5
Count	*token_prompt*	106
*token_prompt*	token_prompt_word_q[2][5]	reg	1	FF_X86_Y11_N40
*token_prompt*	token_prompt_address_q[0]	reg	1	FF_X74_Y16_N1
*token_prompt*	token_prompt_address_q[1]	reg	1	FF_X74_Y16_N10
*token_prompt*	token_prompt_address_q[3]	reg	1	FF_X74_Y16_N58
*token_prompt*	token_prompt_address_q[2]	reg	1	FF_X74_Y16_N37
*token_prompt*	token_prompt_word_q[3][5]	reg	1	FF_X84_Y5_N40
*token_prompt*	token_prompt_word_q[0][5]	reg	1	FF_X79_Y14_N25
*token_prompt*	token_prompt_bank_q[1]	reg	1	FF_X79_Y12_N49
*token_prompt*	token_prompt_address_q[5]	reg	1	FF_X68_Y26_N4
*token_prompt*	token_prompt_bank_q[0]	reg	1	FF_X80_Y10_N56
*token_prompt*	token_prompt_address_q[4]	reg	1	FF_X68_Y26_N7
*token_prompt*	token_prompt_word_q[1][5]	reg	1	FF_X79_Y9_N22
*token_prompt*	token_prompt_word_q[6][5]	reg	1	FF_X88_Y9_N37
*token_prompt*	token_prompt_word_q[5][5]	reg	1	FF_X79_Y9_N28
*token_prompt*	token_prompt_word_q[7][5]	reg	1	FF_X86_Y4_N43
*token_prompt*	token_prompt_word_q[4][5]	reg	1	FF_X79_Y11_N37
*token_prompt*	token_prompt_bank_q[2]	reg	1	FF_X75_Y16_N13
*token_prompt*	token_prompt_address_q[6]	reg	1	FF_X68_Y26_N38
*token_prompt*	token_prompt_word_q[3][0]	reg	1	FF_X88_Y5_N40
*token_prompt*	token_prompt_word_q[1][0]	reg	1	FF_X78_Y7_N34
*token_prompt*	token_prompt_word_q[2][0]	reg	1	FF_X81_Y11_N26
*token_prompt*	token_prompt_word_q[0][0]	reg	1	FF_X77_Y14_N40
*token_prompt*	token_prompt_word_q[7][0]	reg	1	FF_X81_Y4_N31
*token_prompt*	token_prompt_word_q[4][0]	reg	1	FF_X79_Y11_N19
*token_prompt*	token_prompt_word_q[5][0]	reg	1	FF_X79_Y9_N50
*token_prompt*	token_prompt_word_q[6][0]	reg	1	FF_X88_Y9_N58
*token_prompt*	token_prompt_word_q[0][3]	reg	1	FF_X84_Y14_N55
*token_prompt*	token_prompt_word_q[1][3]	reg	1	FF_X80_Y6_N49
*token_prompt*	token_prompt_word_q[2][3]	reg	1	FF_X85_Y10_N37
*token_prompt*	token_prompt_word_q[3][3]	reg	1	FF_X84_Y5_N10
*token_prompt*	token_prompt_word_q[5][3]	reg	1	FF_X80_Y10_N50
*token_prompt*	token_prompt_word_q[6][3]	reg	1	FF_X86_Y7_N32
*token_prompt*	token_prompt_word_q[4][3]	reg	1	FF_X79_Y11_N43
*token_prompt*	token_prompt_word_q[7][3]	reg	1	FF_X81_Y4_N13
*token_prompt*	token_prompt_word_q[6][11]	reg	1	FF_X88_Y9_N31
*token_prompt*	token_prompt_word_q[5][11]	reg	1	FF_X79_Y11_N8
*token_prompt*	token_prompt_word_q[4][11]	reg	1	FF_X79_Y12_N13
*token_prompt*	token_prompt_word_q[7][11]	reg	1	FF_X85_Y6_N49
*token_prompt*	token_prompt_word_q[0][11]	reg	1	FF_X84_Y14_N1
*token_prompt*	token_prompt_word_q[1][11]	reg	1	FF_X81_Y6_N20
*token_prompt*	token_prompt_word_q[2][11]	reg	1	FF_X86_Y11_N49
*token_prompt*	token_prompt_word_q[3][11]	reg	1	FF_X80_Y6_N43
*token_prompt*	token_prompt_word_q[0][6]	reg	1	FF_X84_Y14_N14
*token_prompt*	token_prompt_word_q[1][6]	reg	1	FF_X79_Y7_N41
*token_prompt*	token_prompt_word_q[2][6]	reg	1	FF_X84_Y12_N4
*token_prompt*	token_prompt_word_q[3][6]	reg	1	FF_X83_Y5_N44
*token_prompt*	token_prompt_word_q[7][6]	reg	1	FF_X81_Y6_N37
*token_prompt*	token_prompt_word_q[4][6]	reg	1	FF_X79_Y11_N13
*token_prompt*	token_prompt_word_q[6][6]	reg	1	FF_X86_Y7_N49
*token_prompt*	token_prompt_word_q[5][6]	reg	1	FF_X80_Y10_N17
*token_prompt*	token_prompt_word_q[2][4]	reg	1	FF_X86_Y11_N58
*token_prompt*	token_prompt_word_q[3][4]	reg	1	FF_X77_Y5_N55
*token_prompt*	token_prompt_word_q[0][4]	reg	1	FF_X81_Y15_N55
*token_prompt*	token_prompt_word_q[1][4]	reg	1	FF_X78_Y7_N16
*token_prompt*	token_prompt_word_q[6][4]	reg	1	FF_X86_Y7_N25
*token_prompt*	token_prompt_word_q[5][4]	reg	1	FF_X79_Y9_N43
*token_prompt*	token_prompt_word_q[7][4]	reg	1	FF_X85_Y6_N31
*token_prompt*	token_prompt_word_q[4][4]	reg	1	FF_X76_Y11_N46
*token_prompt*	token_prompt_word_q[0][2]	reg	1	FF_X77_Y14_N1
*token_prompt*	token_prompt_word_q[3][2]	reg	1	FF_X84_Y5_N43
*token_prompt*	token_prompt_word_q[1][2]	reg	1	FF_X78_Y7_N37
*token_prompt*	token_prompt_word_q[2][2]	reg	1	FF_X84_Y12_N46
*token_prompt*	token_prompt_word_q[6][2]	reg	1	FF_X88_Y9_N49
*token_prompt*	token_prompt_word_q[5][2]	reg	1	FF_X79_Y9_N7
*token_prompt*	token_prompt_word_q[4][2]	reg	1	FF_X75_Y13_N25
*token_prompt*	token_prompt_word_q[7][2]	reg	1	FF_X85_Y6_N41
*token_prompt*	token_prompt_word_q[6][1]	reg	1	FF_X86_Y7_N7
*token_prompt*	token_prompt_word_q[7][1]	reg	1	FF_X85_Y4_N13
*token_prompt*	token_prompt_word_q[4][1]	reg	1	FF_X77_Y12_N28
*token_prompt*	token_prompt_word_q[5][1]	reg	1	FF_X80_Y10_N38
*token_prompt*	token_prompt_word_q[3][1]	reg	1	FF_X83_Y5_N40
*token_prompt*	token_prompt_word_q[0][1]	reg	1	FF_X77_Y14_N43
*token_prompt*	token_prompt_word_q[2][1]	reg	1	FF_X81_Y11_N14
*token_prompt*	token_prompt_word_q[1][1]	reg	1	FF_X79_Y7_N43
*token_prompt*	token_prompt_word_q[0][10]	reg	1	FF_X79_Y14_N55
*token_prompt*	token_prompt_word_q[2][10]	reg	1	FF_X85_Y10_N49
*token_prompt*	token_prompt_word_q[3][10]	reg	1	FF_X81_Y6_N25
*token_prompt*	token_prompt_word_q[1][10]	reg	1	FF_X80_Y6_N5
*token_prompt*	token_prompt_word_q[7][10]	reg	1	FF_X81_Y4_N49
*token_prompt*	token_prompt_word_q[5][10]	reg	1	FF_X80_Y10_N26
*token_prompt*	token_prompt_word_q[6][10]	reg	1	FF_X89_Y8_N4
*token_prompt*	token_prompt_word_q[4][10]	reg	1	FF_X79_Y11_N1
*token_prompt*	token_prompt_word_q[4][8]	reg	1	FF_X79_Y12_N55
*token_prompt*	token_prompt_word_q[5][8]	reg	1	FF_X79_Y9_N13
*token_prompt*	token_prompt_word_q[6][8]	reg	1	FF_X86_Y7_N5
*token_prompt*	token_prompt_word_q[7][8]	reg	1	FF_X81_Y4_N44
*token_prompt*	token_prompt_word_q[3][8]	reg	1	FF_X80_Y6_N20
*token_prompt*	token_prompt_word_q[2][8]	reg	1	FF_X85_Y10_N55
*token_prompt*	token_prompt_word_q[1][8]	reg	1	FF_X80_Y6_N14
*token_prompt*	token_prompt_word_q[0][8]	reg	1	FF_X81_Y15_N1
*token_prompt*	token_prompt_word_q[1][7]	reg	1	FF_X79_Y7_N34
*token_prompt*	token_prompt_word_q[3][7]	reg	1	FF_X83_Y5_N31
*token_prompt*	token_prompt_word_q[0][7]	reg	1	FF_X79_Y14_N7
*token_prompt*	token_prompt_word_q[2][7]	reg	1	FF_X86_Y11_N46
*token_prompt*	token_prompt_word_q[4][7]	reg	1	FF_X76_Y11_N52
*token_prompt*	token_prompt_word_q[6][7]	reg	1	FF_X86_Y7_N22
*token_prompt*	token_prompt_word_q[5][7]	reg	1	FF_X79_Y9_N1
*token_prompt*	token_prompt_word_q[7][7]	reg	1	FF_X83_Y5_N13
*token_prompt*	token_prompt_word_q[2][9]	reg	1	FF_X81_Y10_N29
*token_prompt*	token_prompt_word_q[3][9]	reg	1	FF_X84_Y5_N16
*token_prompt*	token_prompt_word_q[1][9]	reg	1	FF_X79_Y7_N4
*token_prompt*	token_prompt_word_q[0][9]	reg	1	FF_X79_Y14_N52
*token_prompt*	token_prompt_word_q[7][9]	reg	1	FF_X86_Y4_N49
*token_prompt*	token_prompt_word_q[5][9]	reg	1	FF_X80_Y10_N1
*token_prompt*	token_prompt_word_q[6][9]	reg	1	FF_X86_Y7_N43
*token_prompt*	token_prompt_word_q[4][9]	reg	1	FF_X76_Y11_N37
Count	token_q*	12
token_q*	token_q[7]	reg	1	FF_X74_Y22_N5
token_q*	token_q[5]	reg	1	FF_X68_Y26_N22
token_q*	token_q[0]	reg	1	FF_X66_Y26_N29
token_q*	token_q[3]	reg	1	FF_X74_Y22_N56
token_q*	token_q[11]	reg	1	FF_X68_Y26_N46
token_q*	token_q[6]	reg	1	FF_X68_Y26_N16
token_q*	token_q[4]	reg	1	FF_X74_Y22_N59
token_q*	token_q[2]	reg	1	FF_X74_Y22_N1
token_q*	token_q[1]	reg	1	FF_X74_Y22_N43
token_q*	token_q[10]	reg	1	FF_X74_Y22_N47
token_q*	token_q[8]	reg	1	FF_X74_Y22_N49
token_q*	token_q[9]	reg	1	FF_X74_Y22_N13
Count	*round16_group_q*	8
*round16_group_q*	round16_group_q[1]	reg	1	FF_X59_Y85_N26
*round16_group_q*	round16_group_q[7]	reg	1	FF_X38_Y32_N59
*round16_group_q*	round16_group_q[4]	reg	1	FF_X36_Y69_N56
*round16_group_q*	round16_group_q[5]	reg	1	FF_X27_Y35_N35
*round16_group_q*	round16_group_q[3]	reg	1	FF_X41_Y88_N17
*round16_group_q*	round16_group_q[0]	reg	1	FF_X59_Y85_N35
*round16_group_q*	round16_group_q[2]	reg	1	FF_X41_Y88_N32
*round16_group_q*	round16_group_q[6]	reg	1	FF_X27_Y35_N14
Count	*return_scalar*	2
*return_scalar*	return_scalar.RET_SCALAR_L_ROUND	reg	1	FF_X59_Y45_N31
*return_scalar*	return_scalar.RET_SCALAR_H_ROUND	reg	1	FF_X59_Y45_N40
