------------------------------------------------------------
Timing Analyzer Summary
------------------------------------------------------------

Type  : Slow 1100mV 85C Model Setup 'clk'
Slack : -0.139
TNS   : -0.268

Type  : Slow 1100mV 85C Model Hold 'clk'
Slack : -0.102
TNS   : -0.578

Type  : Slow 1100mV 85C Model Recovery 'clk'
Slack : 2.898
TNS   : 0.000

Type  : Slow 1100mV 85C Model Removal 'clk'
Slack : 0.936
TNS   : 0.000

Type  : Slow 1100mV 85C Model Minimum Pulse Width 'clk'
Slack : 3.600
TNS   : 0.000

Type  : Slow 1100mV 0C Model Setup 'clk'
Slack : 0.112
TNS   : 0.000

Type  : Slow 1100mV 0C Model Hold 'clk'
Slack : 0.231
TNS   : 0.000

Type  : Slow 1100mV 0C Model Recovery 'clk'
Slack : 2.752
TNS   : 0.000

Type  : Slow 1100mV 0C Model Removal 'clk'
Slack : 1.219
TNS   : 0.000

Type  : Slow 1100mV 0C Model Minimum Pulse Width 'clk'
Slack : 3.543
TNS   : 0.000

Type  : Fast 1100mV 85C Model Setup 'clk'
Slack : 3.321
TNS   : 0.000

Type  : Fast 1100mV 85C Model Hold 'clk'
Slack : 0.128
TNS   : 0.000

Type  : Fast 1100mV 85C Model Recovery 'clk'
Slack : 4.537
TNS   : 0.000

Type  : Fast 1100mV 85C Model Removal 'clk'
Slack : 0.642
TNS   : 0.000

Type  : Fast 1100mV 85C Model Minimum Pulse Width 'clk'
Slack : 3.798
TNS   : 0.000

Type  : Fast 1100mV 0C Model Setup 'clk'
Slack : 4.032
TNS   : 0.000

Type  : Fast 1100mV 0C Model Hold 'clk'
Slack : 0.115
TNS   : 0.000

Type  : Fast 1100mV 0C Model Recovery 'clk'
Slack : 6.320
TNS   : 0.000

Type  : Fast 1100mV 0C Model Removal 'clk'
Slack : 0.583
TNS   : 0.000

Type  : Fast 1100mV 0C Model Minimum Pulse Width 'clk'
Slack : 3.788
TNS   : 0.000

------------------------------------------------------------
