Info: *******************************************************************
Info: Running Quartus Prime Analysis & Synthesis
    Info: Version 18.1.0 Build 625 09/12/2018 SJ Lite Edition
    Info: Copyright (C) 2018  Intel Corporation. All rights reserved.
    Info: Your use of Intel Corporation's design tools, logic functions 
    Info: and other software and tools, and its AMPP partner logic 
    Info: functions, and any output files from any of the foregoing 
    Info: (including device programming or simulation files), and any 
    Info: associated documentation or information are expressly subject 
    Info: to the terms and conditions of the Intel Program License 
    Info: Subscription Agreement, the Intel Quartus Prime License Agreement,
    Info: the Intel FPGA IP License Agreement, or other applicable license
    Info: agreement, including, without limitation, that your use is for
    Info: the sole purpose of programming logic devices manufactured by
    Info: Intel and sold by Intel or its authorized distributors.  Please
    Info: refer to the applicable agreement for further details.
    Info: Processing started: Fri Oct 02 04:45:03 2026
Info: Command: quartus_map --read_settings_files=on --write_settings_files=off llm_soc -c llm_soc
Info (20030): Parallel compilation is enabled and will use 16 of the 16 processors detected
Info (12021): Found 1 design units, including 0 entities, in source file /2151097_nguyen nhut khanh/verilog source code/npu_pkg.sv
    Info (12022): Found design unit 1: npu_pkg (SystemVerilog) File: D:/2151097_Nguyen Nhut Khanh/Verilog Source code/npu_pkg.sv Line: 1
Info (12021): Found 2 design units, including 2 entities, in source file /2151097_nguyen nhut khanh/verilog source code/banked_word_ram.sv
    Info (12023): Found entity 1: sram_word_tile File: D:/2151097_Nguyen Nhut Khanh/Verilog Source code/banked_word_ram.sv Line: 3
    Info (12023): Found entity 2: banked_word_ram File: D:/2151097_Nguyen Nhut Khanh/Verilog Source code/banked_word_ram.sv Line: 19
Info (12021): Found 1 design units, including 0 entities, in source file /2151097_nguyen nhut khanh/verilog source code/llm_pkg.sv
    Info (12022): Found design unit 1: llm_pkg (SystemVerilog) File: D:/2151097_Nguyen Nhut Khanh/Verilog Source code/llm_pkg.sv Line: 1
Info (12021): Found 1 design units, including 1 entities, in source file /2151097_nguyen nhut khanh/verilog source code/div.sv
    Info (12023): Found entity 1: div File: D:/2151097_Nguyen Nhut Khanh/Verilog Source code/div.sv Line: 3
Info (12021): Found 1 design units, including 1 entities, in source file /2151097_nguyen nhut khanh/verilog source code/llm_bank_ram.sv
    Info (12023): Found entity 1: llm_bank_ram File: D:/2151097_Nguyen Nhut Khanh/Verilog Source code/llm_bank_ram.sv Line: 5
Info (12021): Found 1 design units, including 1 entities, in source file /2151097_nguyen nhut khanh/verilog source code/pipelined_word_ram.sv
    Info (12023): Found entity 1: pipelined_word_ram File: D:/2151097_Nguyen Nhut Khanh/Verilog Source code/pipelined_word_ram.sv Line: 4
Info (12021): Found 1 design units, including 1 entities, in source file /2151097_nguyen nhut khanh/verilog source code/llm_parameter_ram.sv
    Info (12023): Found entity 1: llm_parameter_ram File: D:/2151097_Nguyen Nhut Khanh/Verilog Source code/llm_parameter_ram.sv Line: 5
Info (12021): Found 1 design units, including 1 entities, in source file /2151097_nguyen nhut khanh/verilog source code/llm_math.sv
    Info (12023): Found entity 1: llm_math File: D:/2151097_Nguyen Nhut Khanh/Verilog Source code/llm_math.sv Line: 3
Info (12021): Found 1 design units, including 1 entities, in source file /2151097_nguyen nhut khanh/verilog source code/llm_soc.sv
    Info (12023): Found entity 1: llm_soc File: D:/2151097_Nguyen Nhut Khanh/Verilog Source code/llm_soc.sv Line: 3
Info (12021): Found 2 design units, including 2 entities, in source file /2151097_nguyen nhut khanh/verilog source code/norm.sv
    Info (12023): Found entity 1: isqrt_u64 File: D:/2151097_Nguyen Nhut Khanh/Verilog Source code/norm.sv Line: 1
    Info (12023): Found entity 2: norm File: D:/2151097_Nguyen Nhut Khanh/Verilog Source code/norm.sv Line: 65
Info (12021): Found 1 design units, including 1 entities, in source file /2151097_nguyen nhut khanh/verilog source code/sigmoid.sv
    Info (12023): Found entity 1: sigmoid File: D:/2151097_Nguyen Nhut Khanh/Verilog Source code/sigmoid.sv Line: 1
Info (12021): Found 1 design units, including 1 entities, in source file /2151097_nguyen nhut khanh/verilog source code/sram_256_wrapper.sv
    Info (12023): Found entity 1: sram_256_wrapper File: D:/2151097_Nguyen Nhut Khanh/Verilog Source code/sram_256_wrapper.sv Line: 3
Info (12021): Found 1 design units, including 1 entities, in source file /2151097_nguyen nhut khanh/verilog source code/quartus_word_ram.sv
    Info (12023): Found entity 1: quartus_word_ram File: D:/2151097_Nguyen Nhut Khanh/Verilog Source code/quartus_word_ram.sv Line: 5
Info (12127): Elaborating entity "llm_soc" for the top level hierarchy
Warning (10027): Verilog HDL or VHDL warning at the llm_soc.sv(632): index expression is not wide enough to address all of the elements in the array File: D:/2151097_Nguyen Nhut Khanh/Verilog Source code/llm_soc.sv Line: 632
Info (12128): Elaborating entity "llm_parameter_ram" for hierarchy "llm_parameter_ram:u_parameters" File: D:/2151097_Nguyen Nhut Khanh/Verilog Source code/llm_soc.sv Line: 295
Info (12128): Elaborating entity "pipelined_word_ram" for hierarchy "llm_parameter_ram:u_parameters|pipelined_word_ram:g_ram_lane[0].u_storage" File: D:/2151097_Nguyen Nhut Khanh/Verilog Source code/llm_parameter_ram.sv Line: 84
Info (12128): Elaborating entity "quartus_word_ram" for hierarchy "llm_parameter_ram:u_parameters|pipelined_word_ram:g_ram_lane[0].u_storage|quartus_word_ram:g_ip.u_storage" File: D:/2151097_Nguyen Nhut Khanh/Verilog Source code/pipelined_word_ram.sv Line: 49
Info (12128): Elaborating entity "altsyncram" for hierarchy "llm_parameter_ram:u_parameters|pipelined_word_ram:g_ram_lane[0].u_storage|quartus_word_ram:g_ip.u_storage|altsyncram:u_memory" File: D:/2151097_Nguyen Nhut Khanh/Verilog Source code/quartus_word_ram.sv Line: 38
Info (12130): Elaborated megafunction instantiation "llm_parameter_ram:u_parameters|pipelined_word_ram:g_ram_lane[0].u_storage|quartus_word_ram:g_ip.u_storage|altsyncram:u_memory" File: D:/2151097_Nguyen Nhut Khanh/Verilog Source code/quartus_word_ram.sv Line: 38
Info (12133): Instantiated megafunction "llm_parameter_ram:u_parameters|pipelined_word_ram:g_ram_lane[0].u_storage|quartus_word_ram:g_ip.u_storage|altsyncram:u_memory" with the following parameter: File: D:/2151097_Nguyen Nhut Khanh/Verilog Source code/quartus_word_ram.sv Line: 38
    Info (12134): Parameter "intended_device_family" = "Cyclone V"
    Info (12134): Parameter "operation_mode" = "DUAL_PORT"
    Info (12134): Parameter "ram_block_type" = "M10K"
    Info (12134): Parameter "width_a" = "32"
    Info (12134): Parameter "width_b" = "32"
    Info (12134): Parameter "widthad_a" = "15"
    Info (12134): Parameter "widthad_b" = "15"
    Info (12134): Parameter "numwords_a" = "24576"
    Info (12134): Parameter "numwords_b" = "24576"
    Info (12134): Parameter "width_byteena_a" = "1"
    Info (12134): Parameter "width_byteena_b" = "1"
    Info (12134): Parameter "address_reg_b" = "CLOCK0"
    Info (12134): Parameter "rdcontrol_reg_b" = "CLOCK0"
    Info (12134): Parameter "outdata_reg_b" = "UNREGISTERED"
    Info (12134): Parameter "outdata_aclr_b" = "NONE"
    Info (12134): Parameter "clock_enable_input_a" = "BYPASS"
    Info (12134): Parameter "clock_enable_input_b" = "BYPASS"
    Info (12134): Parameter "clock_enable_output_a" = "BYPASS"
    Info (12134): Parameter "clock_enable_output_b" = "BYPASS"
    Info (12134): Parameter "read_during_write_mode_mixed_ports" = "OLD_DATA"
    Info (12134): Parameter "power_up_uninitialized" = "TRUE"
    Info (12134): Parameter "lpm_type" = "altsyncram"
Info (12021): Found 1 design units, including 1 entities, in source file db/altsyncram_4a72.tdf
    Info (12023): Found entity 1: altsyncram_4a72 File: D:/2151097_Nguyen Nhut Khanh/quartus/db/altsyncram_4a72.tdf Line: 31
Info (12128): Elaborating entity "altsyncram_4a72" for hierarchy "llm_parameter_ram:u_parameters|pipelined_word_ram:g_ram_lane[0].u_storage|quartus_word_ram:g_ip.u_storage|altsyncram:u_memory|altsyncram_4a72:auto_generated" File: c:/intelfpga_lite/18.1/quartus/libraries/megafunctions/altsyncram.tdf Line: 791
Warning (287013): Variable or input pin "data_b" is defined but never used. File: D:/2151097_Nguyen Nhut Khanh/quartus/db/altsyncram_4a72.tdf Line: 37
Warning (287013): Variable or input pin "rden_a" is defined but never used. File: D:/2151097_Nguyen Nhut Khanh/quartus/db/altsyncram_4a72.tdf Line: 39
Info (12021): Found 1 design units, including 1 entities, in source file db/decode_7la.tdf
    Info (12023): Found entity 1: decode_7la File: D:/2151097_Nguyen Nhut Khanh/quartus/db/decode_7la.tdf Line: 22
Info (12128): Elaborating entity "decode_7la" for hierarchy "llm_parameter_ram:u_parameters|pipelined_word_ram:g_ram_lane[0].u_storage|quartus_word_ram:g_ip.u_storage|altsyncram:u_memory|altsyncram_4a72:auto_generated|decode_7la:decode2" File: D:/2151097_Nguyen Nhut Khanh/quartus/db/altsyncram_4a72.tdf Line: 45
Info (12021): Found 1 design units, including 1 entities, in source file db/mux_4hb.tdf
    Info (12023): Found entity 1: mux_4hb File: D:/2151097_Nguyen Nhut Khanh/quartus/db/mux_4hb.tdf Line: 22
Info (12128): Elaborating entity "mux_4hb" for hierarchy "llm_parameter_ram:u_parameters|pipelined_word_ram:g_ram_lane[0].u_storage|quartus_word_ram:g_ip.u_storage|altsyncram:u_memory|altsyncram_4a72:auto_generated|mux_4hb:mux3" File: D:/2151097_Nguyen Nhut Khanh/quartus/db/altsyncram_4a72.tdf Line: 46
Info (12128): Elaborating entity "llm_bank_ram" for hierarchy "llm_bank_ram:u_vectors" File: D:/2151097_Nguyen Nhut Khanh/Verilog Source code/llm_soc.sv Line: 375
Info (12128): Elaborating entity "pipelined_word_ram" for hierarchy "llm_bank_ram:u_vectors|pipelined_word_ram:g_bank[0].u_storage" File: D:/2151097_Nguyen Nhut Khanh/Verilog Source code/llm_bank_ram.sv Line: 70
Info (12128): Elaborating entity "quartus_word_ram" for hierarchy "llm_bank_ram:u_vectors|pipelined_word_ram:g_bank[0].u_storage|quartus_word_ram:g_ip.u_storage" File: D:/2151097_Nguyen Nhut Khanh/Verilog Source code/pipelined_word_ram.sv Line: 49
Info (12128): Elaborating entity "altsyncram" for hierarchy "llm_bank_ram:u_vectors|pipelined_word_ram:g_bank[0].u_storage|quartus_word_ram:g_ip.u_storage|altsyncram:u_memory" File: D:/2151097_Nguyen Nhut Khanh/Verilog Source code/quartus_word_ram.sv Line: 38
Info (12130): Elaborated megafunction instantiation "llm_bank_ram:u_vectors|pipelined_word_ram:g_bank[0].u_storage|quartus_word_ram:g_ip.u_storage|altsyncram:u_memory" File: D:/2151097_Nguyen Nhut Khanh/Verilog Source code/quartus_word_ram.sv Line: 38
Info (12133): Instantiated megafunction "llm_bank_ram:u_vectors|pipelined_word_ram:g_bank[0].u_storage|quartus_word_ram:g_ip.u_storage|altsyncram:u_memory" with the following parameter: File: D:/2151097_Nguyen Nhut Khanh/Verilog Source code/quartus_word_ram.sv Line: 38
    Info (12134): Parameter "intended_device_family" = "Cyclone V"
    Info (12134): Parameter "operation_mode" = "DUAL_PORT"
    Info (12134): Parameter "ram_block_type" = "M10K"
    Info (12134): Parameter "width_a" = "24"
    Info (12134): Parameter "width_b" = "24"
    Info (12134): Parameter "widthad_a" = "7"
    Info (12134): Parameter "widthad_b" = "7"
    Info (12134): Parameter "numwords_a" = "96"
    Info (12134): Parameter "numwords_b" = "96"
    Info (12134): Parameter "width_byteena_a" = "1"
    Info (12134): Parameter "width_byteena_b" = "1"
    Info (12134): Parameter "address_reg_b" = "CLOCK0"
    Info (12134): Parameter "rdcontrol_reg_b" = "CLOCK0"
    Info (12134): Parameter "outdata_reg_b" = "UNREGISTERED"
    Info (12134): Parameter "outdata_aclr_b" = "NONE"
    Info (12134): Parameter "clock_enable_input_a" = "BYPASS"
    Info (12134): Parameter "clock_enable_input_b" = "BYPASS"
    Info (12134): Parameter "clock_enable_output_a" = "BYPASS"
    Info (12134): Parameter "clock_enable_output_b" = "BYPASS"
    Info (12134): Parameter "read_during_write_mode_mixed_ports" = "OLD_DATA"
    Info (12134): Parameter "power_up_uninitialized" = "TRUE"
    Info (12134): Parameter "lpm_type" = "altsyncram"
Info (12021): Found 1 design units, including 1 entities, in source file db/altsyncram_mt62.tdf
    Info (12023): Found entity 1: altsyncram_mt62 File: D:/2151097_Nguyen Nhut Khanh/quartus/db/altsyncram_mt62.tdf Line: 27
Info (12128): Elaborating entity "altsyncram_mt62" for hierarchy "llm_bank_ram:u_vectors|pipelined_word_ram:g_bank[0].u_storage|quartus_word_ram:g_ip.u_storage|altsyncram:u_memory|altsyncram_mt62:auto_generated" File: c:/intelfpga_lite/18.1/quartus/libraries/megafunctions/altsyncram.tdf Line: 791
Warning (287013): Variable or input pin "data_b" is defined but never used. File: D:/2151097_Nguyen Nhut Khanh/quartus/db/altsyncram_mt62.tdf Line: 33
Warning (287013): Variable or input pin "rden_a" is defined but never used. File: D:/2151097_Nguyen Nhut Khanh/quartus/db/altsyncram_mt62.tdf Line: 35
Info (12128): Elaborating entity "llm_bank_ram" for hierarchy "llm_bank_ram:u_cache" File: D:/2151097_Nguyen Nhut Khanh/Verilog Source code/llm_soc.sv Line: 384
Info (12128): Elaborating entity "pipelined_word_ram" for hierarchy "llm_bank_ram:u_cache|pipelined_word_ram:g_bank[0].u_storage" File: D:/2151097_Nguyen Nhut Khanh/Verilog Source code/llm_bank_ram.sv Line: 70
Info (12128): Elaborating entity "quartus_word_ram" for hierarchy "llm_bank_ram:u_cache|pipelined_word_ram:g_bank[0].u_storage|quartus_word_ram:g_ip.u_storage" File: D:/2151097_Nguyen Nhut Khanh/Verilog Source code/pipelined_word_ram.sv Line: 49
Info (12128): Elaborating entity "altsyncram" for hierarchy "llm_bank_ram:u_cache|pipelined_word_ram:g_bank[0].u_storage|quartus_word_ram:g_ip.u_storage|altsyncram:u_memory" File: D:/2151097_Nguyen Nhut Khanh/Verilog Source code/quartus_word_ram.sv Line: 38
Info (12130): Elaborated megafunction instantiation "llm_bank_ram:u_cache|pipelined_word_ram:g_bank[0].u_storage|quartus_word_ram:g_ip.u_storage|altsyncram:u_memory" File: D:/2151097_Nguyen Nhut Khanh/Verilog Source code/quartus_word_ram.sv Line: 38
Info (12133): Instantiated megafunction "llm_bank_ram:u_cache|pipelined_word_ram:g_bank[0].u_storage|quartus_word_ram:g_ip.u_storage|altsyncram:u_memory" with the following parameter: File: D:/2151097_Nguyen Nhut Khanh/Verilog Source code/quartus_word_ram.sv Line: 38
    Info (12134): Parameter "intended_device_family" = "Cyclone V"
    Info (12134): Parameter "operation_mode" = "DUAL_PORT"
    Info (12134): Parameter "ram_block_type" = "M10K"
    Info (12134): Parameter "width_a" = "24"
    Info (12134): Parameter "width_b" = "24"
    Info (12134): Parameter "widthad_a" = "12"
    Info (12134): Parameter "widthad_b" = "12"
    Info (12134): Parameter "numwords_a" = "4096"
    Info (12134): Parameter "numwords_b" = "4096"
    Info (12134): Parameter "width_byteena_a" = "1"
    Info (12134): Parameter "width_byteena_b" = "1"
    Info (12134): Parameter "address_reg_b" = "CLOCK0"
    Info (12134): Parameter "rdcontrol_reg_b" = "CLOCK0"
    Info (12134): Parameter "outdata_reg_b" = "UNREGISTERED"
    Info (12134): Parameter "outdata_aclr_b" = "NONE"
    Info (12134): Parameter "clock_enable_input_a" = "BYPASS"
    Info (12134): Parameter "clock_enable_input_b" = "BYPASS"
    Info (12134): Parameter "clock_enable_output_a" = "BYPASS"
    Info (12134): Parameter "clock_enable_output_b" = "BYPASS"
    Info (12134): Parameter "read_during_write_mode_mixed_ports" = "OLD_DATA"
    Info (12134): Parameter "power_up_uninitialized" = "TRUE"
    Info (12134): Parameter "lpm_type" = "altsyncram"
Info (12021): Found 1 design units, including 1 entities, in source file db/altsyncram_m672.tdf
    Info (12023): Found entity 1: altsyncram_m672 File: D:/2151097_Nguyen Nhut Khanh/quartus/db/altsyncram_m672.tdf Line: 27
Info (12128): Elaborating entity "altsyncram_m672" for hierarchy "llm_bank_ram:u_cache|pipelined_word_ram:g_bank[0].u_storage|quartus_word_ram:g_ip.u_storage|altsyncram:u_memory|altsyncram_m672:auto_generated" File: c:/intelfpga_lite/18.1/quartus/libraries/megafunctions/altsyncram.tdf Line: 791
Warning (287013): Variable or input pin "data_b" is defined but never used. File: D:/2151097_Nguyen Nhut Khanh/quartus/db/altsyncram_m672.tdf Line: 33
Warning (287013): Variable or input pin "rden_a" is defined but never used. File: D:/2151097_Nguyen Nhut Khanh/quartus/db/altsyncram_m672.tdf Line: 35
Info (12128): Elaborating entity "llm_math" for hierarchy "llm_math:u_math" File: D:/2151097_Nguyen Nhut Khanh/Verilog Source code/llm_soc.sv Line: 394
Info (10008): Verilog HDL or VHDL information: EDA Netlist Writer cannot regroup multidimensional array "partial_q" into its bus
Info (10008): Verilog HDL or VHDL information: EDA Netlist Writer cannot regroup multidimensional array "pair_q" into its bus
Info (12128): Elaborating entity "isqrt_u64" for hierarchy "isqrt_u64:u_root" File: D:/2151097_Nguyen Nhut Khanh/Verilog Source code/llm_soc.sv Line: 399
Info (12128): Elaborating entity "div" for hierarchy "div:u_div" File: D:/2151097_Nguyen Nhut Khanh/Verilog Source code/llm_soc.sv Line: 408
Info (12128): Elaborating entity "sigmoid" for hierarchy "sigmoid:u_sig" File: D:/2151097_Nguyen Nhut Khanh/Verilog Source code/llm_soc.sv Line: 419
Warning (276020): Inferred RAM node "output_memory_rtl_0" from synchronous design logic.  Pass-through logic has been added to match the read-during-write behavior of the original design.
Warning (276020): Inferred RAM node "score_memory_rtl_0" from synchronous design logic.  Pass-through logic has been added to match the read-during-write behavior of the original design.
Info (276014): Found 1 instances of uninferred RAM logic
    Info (276007): RAM logic "prompt_memory" is uninferred due to asynchronous read logic File: D:/2151097_Nguyen Nhut Khanh/Verilog Source code/llm_soc.sv Line: 227
Info (19000): Inferred 3 megafunctions from design logic
    Info (276029): Inferred altsyncram megafunction from the following design logic: "output_memory_rtl_0" 
        Info (286033): Parameter OPERATION_MODE set to DUAL_PORT
        Info (286033): Parameter WIDTH_A set to 12
        Info (286033): Parameter WIDTHAD_A set to 7
        Info (286033): Parameter NUMWORDS_A set to 128
        Info (286033): Parameter WIDTH_B set to 12
        Info (286033): Parameter WIDTHAD_B set to 7
        Info (286033): Parameter NUMWORDS_B set to 128
        Info (286033): Parameter ADDRESS_ACLR_A set to NONE
        Info (286033): Parameter OUTDATA_REG_B set to UNREGISTERED
        Info (286033): Parameter ADDRESS_ACLR_B set to NONE
        Info (286033): Parameter OUTDATA_ACLR_B set to NONE
        Info (286033): Parameter ADDRESS_REG_B set to CLOCK0
        Info (286033): Parameter INDATA_ACLR_A set to NONE
        Info (286033): Parameter WRCONTROL_ACLR_A set to NONE
        Info (286033): Parameter READ_DURING_WRITE_MODE_MIXED_PORTS set to OLD_DATA
    Info (276029): Inferred altsyncram megafunction from the following design logic: "score_memory_rtl_0" 
        Info (286033): Parameter OPERATION_MODE set to DUAL_PORT
        Info (286033): Parameter WIDTH_A set to 32
        Info (286033): Parameter WIDTHAD_A set to 7
        Info (286033): Parameter NUMWORDS_A set to 128
        Info (286033): Parameter WIDTH_B set to 32
        Info (286033): Parameter WIDTHAD_B set to 7
        Info (286033): Parameter NUMWORDS_B set to 128
        Info (286033): Parameter ADDRESS_ACLR_A set to NONE
        Info (286033): Parameter OUTDATA_REG_B set to UNREGISTERED
        Info (286033): Parameter ADDRESS_ACLR_B set to NONE
        Info (286033): Parameter OUTDATA_ACLR_B set to NONE
        Info (286033): Parameter ADDRESS_REG_B set to CLOCK0
        Info (286033): Parameter INDATA_ACLR_A set to NONE
        Info (286033): Parameter WRCONTROL_ACLR_A set to NONE
        Info (286033): Parameter READ_DURING_WRITE_MODE_MIXED_PORTS set to OLD_DATA
    Info (276029): Inferred altsyncram megafunction from the following design logic: "probability_memory_rtl_0" 
        Info (286033): Parameter OPERATION_MODE set to DUAL_PORT
        Info (286033): Parameter WIDTH_A set to 25
        Info (286033): Parameter WIDTHAD_A set to 7
        Info (286033): Parameter NUMWORDS_A set to 128
        Info (286033): Parameter WIDTH_B set to 25
        Info (286033): Parameter WIDTHAD_B set to 7
        Info (286033): Parameter NUMWORDS_B set to 128
        Info (286033): Parameter ADDRESS_ACLR_A set to NONE
        Info (286033): Parameter OUTDATA_REG_B set to UNREGISTERED
        Info (286033): Parameter ADDRESS_ACLR_B set to NONE
        Info (286033): Parameter OUTDATA_ACLR_B set to NONE
        Info (286033): Parameter ADDRESS_REG_B set to CLOCK0
        Info (286033): Parameter INDATA_ACLR_A set to NONE
        Info (286033): Parameter WRCONTROL_ACLR_A set to NONE
        Info (286033): Parameter READ_DURING_WRITE_MODE_MIXED_PORTS set to OLD_DATA
        Info (286033): Parameter RDCONTROL_REG_B set to CLOCK0
Info (278001): Inferred 134 megafunctions from design logic
    Info (278003): Inferred multiplier megafunction ("lpm_mult") from the following logic: "Mult3" File: D:/2151097_Nguyen Nhut Khanh/Verilog Source code/llm_soc.sv Line: 857
    Info (278003): Inferred multiplier megafunction ("lpm_mult") from the following logic: "llm_math:u_math|Mult124" File: D:/2151097_Nguyen Nhut Khanh/Verilog Source code/llm_math.sv Line: 36
    Info (278003): Inferred multiplier megafunction ("lpm_mult") from the following logic: "llm_math:u_math|Mult120" File: D:/2151097_Nguyen Nhut Khanh/Verilog Source code/llm_math.sv Line: 36
    Info (278003): Inferred multiplier megafunction ("lpm_mult") from the following logic: "llm_math:u_math|Mult116" File: D:/2151097_Nguyen Nhut Khanh/Verilog Source code/llm_math.sv Line: 36
    Info (278003): Inferred multiplier megafunction ("lpm_mult") from the following logic: "llm_math:u_math|Mult112" File: D:/2151097_Nguyen Nhut Khanh/Verilog Source code/llm_math.sv Line: 36
    Info (278003): Inferred multiplier megafunction ("lpm_mult") from the following logic: "llm_math:u_math|Mult108" File: D:/2151097_Nguyen Nhut Khanh/Verilog Source code/llm_math.sv Line: 36
    Info (278003): Inferred multiplier megafunction ("lpm_mult") from the following logic: "llm_math:u_math|Mult104" File: D:/2151097_Nguyen Nhut Khanh/Verilog Source code/llm_math.sv Line: 36
    Info (278003): Inferred multiplier megafunction ("lpm_mult") from the following logic: "llm_math:u_math|Mult100" File: D:/2151097_Nguyen Nhut Khanh/Verilog Source code/llm_math.sv Line: 36
    Info (278003): Inferred multiplier megafunction ("lpm_mult") from the following logic: "llm_math:u_math|Mult96" File: D:/2151097_Nguyen Nhut Khanh/Verilog Source code/llm_math.sv Line: 36
    Info (278003): Inferred multiplier megafunction ("lpm_mult") from the following logic: "llm_math:u_math|Mult92" File: D:/2151097_Nguyen Nhut Khanh/Verilog Source code/llm_math.sv Line: 36
    Info (278003): Inferred multiplier megafunction ("lpm_mult") from the following logic: "llm_math:u_math|Mult88" File: D:/2151097_Nguyen Nhut Khanh/Verilog Source code/llm_math.sv Line: 36
    Info (278003): Inferred multiplier megafunction ("lpm_mult") from the following logic: "llm_math:u_math|Mult84" File: D:/2151097_Nguyen Nhut Khanh/Verilog Source code/llm_math.sv Line: 36
    Info (278003): Inferred multiplier megafunction ("lpm_mult") from the following logic: "llm_math:u_math|Mult80" File: D:/2151097_Nguyen Nhut Khanh/Verilog Source code/llm_math.sv Line: 36
    Info (278003): Inferred multiplier megafunction ("lpm_mult") from the following logic: "llm_math:u_math|Mult76" File: D:/2151097_Nguyen Nhut Khanh/Verilog Source code/llm_math.sv Line: 36
    Info (278003): Inferred multiplier megafunction ("lpm_mult") from the following logic: "llm_math:u_math|Mult72" File: D:/2151097_Nguyen Nhut Khanh/Verilog Source code/llm_math.sv Line: 36
    Info (278003): Inferred multiplier megafunction ("lpm_mult") from the following logic: "llm_math:u_math|Mult68" File: D:/2151097_Nguyen Nhut Khanh/Verilog Source code/llm_math.sv Line: 36
    Info (278003): Inferred multiplier megafunction ("lpm_mult") from the following logic: "llm_math:u_math|Mult64" File: D:/2151097_Nguyen Nhut Khanh/Verilog Source code/llm_math.sv Line: 36
    Info (278003): Inferred multiplier megafunction ("lpm_mult") from the following logic: "llm_math:u_math|Mult60" File: D:/2151097_Nguyen Nhut Khanh/Verilog Source code/llm_math.sv Line: 36
    Info (278003): Inferred multiplier megafunction ("lpm_mult") from the following logic: "llm_math:u_math|Mult56" File: D:/2151097_Nguyen Nhut Khanh/Verilog Source code/llm_math.sv Line: 36
    Info (278003): Inferred multiplier megafunction ("lpm_mult") from the following logic: "llm_math:u_math|Mult52" File: D:/2151097_Nguyen Nhut Khanh/Verilog Source code/llm_math.sv Line: 36
    Info (278003): Inferred multiplier megafunction ("lpm_mult") from the following logic: "llm_math:u_math|Mult48" File: D:/2151097_Nguyen Nhut Khanh/Verilog Source code/llm_math.sv Line: 36
    Info (278003): Inferred multiplier megafunction ("lpm_mult") from the following logic: "llm_math:u_math|Mult44" File: D:/2151097_Nguyen Nhut Khanh/Verilog Source code/llm_math.sv Line: 36
    Info (278003): Inferred multiplier megafunction ("lpm_mult") from the following logic: "llm_math:u_math|Mult40" File: D:/2151097_Nguyen Nhut Khanh/Verilog Source code/llm_math.sv Line: 36
    Info (278003): Inferred multiplier megafunction ("lpm_mult") from the following logic: "llm_math:u_math|Mult36" File: D:/2151097_Nguyen Nhut Khanh/Verilog Source code/llm_math.sv Line: 36
    Info (278003): Inferred multiplier megafunction ("lpm_mult") from the following logic: "llm_math:u_math|Mult32" File: D:/2151097_Nguyen Nhut Khanh/Verilog Source code/llm_math.sv Line: 36
    Info (278003): Inferred multiplier megafunction ("lpm_mult") from the following logic: "llm_math:u_math|Mult28" File: D:/2151097_Nguyen Nhut Khanh/Verilog Source code/llm_math.sv Line: 36
    Info (278003): Inferred multiplier megafunction ("lpm_mult") from the following logic: "llm_math:u_math|Mult24" File: D:/2151097_Nguyen Nhut Khanh/Verilog Source code/llm_math.sv Line: 36
    Info (278003): Inferred multiplier megafunction ("lpm_mult") from the following logic: "llm_math:u_math|Mult20" File: D:/2151097_Nguyen Nhut Khanh/Verilog Source code/llm_math.sv Line: 36
    Info (278003): Inferred multiplier megafunction ("lpm_mult") from the following logic: "llm_math:u_math|Mult16" File: D:/2151097_Nguyen Nhut Khanh/Verilog Source code/llm_math.sv Line: 36
    Info (278003): Inferred multiplier megafunction ("lpm_mult") from the following logic: "llm_math:u_math|Mult12" File: D:/2151097_Nguyen Nhut Khanh/Verilog Source code/llm_math.sv Line: 36
    Info (278003): Inferred multiplier megafunction ("lpm_mult") from the following logic: "llm_math:u_math|Mult8" File: D:/2151097_Nguyen Nhut Khanh/Verilog Source code/llm_math.sv Line: 36
    Info (278003): Inferred multiplier megafunction ("lpm_mult") from the following logic: "llm_math:u_math|Mult4" File: D:/2151097_Nguyen Nhut Khanh/Verilog Source code/llm_math.sv Line: 36
    Info (278003): Inferred multiplier megafunction ("lpm_mult") from the following logic: "llm_math:u_math|Mult0" File: D:/2151097_Nguyen Nhut Khanh/Verilog Source code/llm_math.sv Line: 36
    Info (278003): Inferred multiplier megafunction ("lpm_mult") from the following logic: "Mult2" File: D:/2151097_Nguyen Nhut Khanh/Verilog Source code/llm_soc.sv Line: 740
    Info (278003): Inferred multiplier megafunction ("lpm_mult") from the following logic: "Mult0" File: D:/2151097_Nguyen Nhut Khanh/Verilog Source code/llm_soc.sv Line: 738
    Info (278003): Inferred multiplier megafunction ("lpm_mult") from the following logic: "llm_math:u_math|Mult125" File: D:/2151097_Nguyen Nhut Khanh/Verilog Source code/llm_math.sv Line: 36
    Info (278003): Inferred multiplier megafunction ("lpm_mult") from the following logic: "llm_math:u_math|Mult126" File: D:/2151097_Nguyen Nhut Khanh/Verilog Source code/llm_math.sv Line: 36
    Info (278003): Inferred multiplier megafunction ("lpm_mult") from the following logic: "llm_math:u_math|Mult121" File: D:/2151097_Nguyen Nhut Khanh/Verilog Source code/llm_math.sv Line: 36
    Info (278003): Inferred multiplier megafunction ("lpm_mult") from the following logic: "llm_math:u_math|Mult122" File: D:/2151097_Nguyen Nhut Khanh/Verilog Source code/llm_math.sv Line: 36
    Info (278003): Inferred multiplier megafunction ("lpm_mult") from the following logic: "llm_math:u_math|Mult117" File: D:/2151097_Nguyen Nhut Khanh/Verilog Source code/llm_math.sv Line: 36
    Info (278003): Inferred multiplier megafunction ("lpm_mult") from the following logic: "llm_math:u_math|Mult118" File: D:/2151097_Nguyen Nhut Khanh/Verilog Source code/llm_math.sv Line: 36
    Info (278003): Inferred multiplier megafunction ("lpm_mult") from the following logic: "llm_math:u_math|Mult113" File: D:/2151097_Nguyen Nhut Khanh/Verilog Source code/llm_math.sv Line: 36
    Info (278003): Inferred multiplier megafunction ("lpm_mult") from the following logic: "llm_math:u_math|Mult114" File: D:/2151097_Nguyen Nhut Khanh/Verilog Source code/llm_math.sv Line: 36
    Info (278003): Inferred multiplier megafunction ("lpm_mult") from the following logic: "llm_math:u_math|Mult109" File: D:/2151097_Nguyen Nhut Khanh/Verilog Source code/llm_math.sv Line: 36
    Info (278003): Inferred multiplier megafunction ("lpm_mult") from the following logic: "llm_math:u_math|Mult110" File: D:/2151097_Nguyen Nhut Khanh/Verilog Source code/llm_math.sv Line: 36
    Info (278003): Inferred multiplier megafunction ("lpm_mult") from the following logic: "llm_math:u_math|Mult105" File: D:/2151097_Nguyen Nhut Khanh/Verilog Source code/llm_math.sv Line: 36
    Info (278003): Inferred multiplier megafunction ("lpm_mult") from the following logic: "llm_math:u_math|Mult106" File: D:/2151097_Nguyen Nhut Khanh/Verilog Source code/llm_math.sv Line: 36
    Info (278003): Inferred multiplier megafunction ("lpm_mult") from the following logic: "llm_math:u_math|Mult101" File: D:/2151097_Nguyen Nhut Khanh/Verilog Source code/llm_math.sv Line: 36
    Info (278003): Inferred multiplier megafunction ("lpm_mult") from the following logic: "llm_math:u_math|Mult102" File: D:/2151097_Nguyen Nhut Khanh/Verilog Source code/llm_math.sv Line: 36
    Info (278003): Inferred multiplier megafunction ("lpm_mult") from the following logic: "llm_math:u_math|Mult97" File: D:/2151097_Nguyen Nhut Khanh/Verilog Source code/llm_math.sv Line: 36
    Info (278003): Inferred multiplier megafunction ("lpm_mult") from the following logic: "llm_math:u_math|Mult98" File: D:/2151097_Nguyen Nhut Khanh/Verilog Source code/llm_math.sv Line: 36
    Info (278003): Inferred multiplier megafunction ("lpm_mult") from the following logic: "llm_math:u_math|Mult93" File: D:/2151097_Nguyen Nhut Khanh/Verilog Source code/llm_math.sv Line: 36
    Info (278003): Inferred multiplier megafunction ("lpm_mult") from the following logic: "llm_math:u_math|Mult94" File: D:/2151097_Nguyen Nhut Khanh/Verilog Source code/llm_math.sv Line: 36
    Info (278003): Inferred multiplier megafunction ("lpm_mult") from the following logic: "llm_math:u_math|Mult89" File: D:/2151097_Nguyen Nhut Khanh/Verilog Source code/llm_math.sv Line: 36
    Info (278003): Inferred multiplier megafunction ("lpm_mult") from the following logic: "llm_math:u_math|Mult90" File: D:/2151097_Nguyen Nhut Khanh/Verilog Source code/llm_math.sv Line: 36
    Info (278003): Inferred multiplier megafunction ("lpm_mult") from the following logic: "llm_math:u_math|Mult85" File: D:/2151097_Nguyen Nhut Khanh/Verilog Source code/llm_math.sv Line: 36
    Info (278003): Inferred multiplier megafunction ("lpm_mult") from the following logic: "llm_math:u_math|Mult86" File: D:/2151097_Nguyen Nhut Khanh/Verilog Source code/llm_math.sv Line: 36
    Info (278003): Inferred multiplier megafunction ("lpm_mult") from the following logic: "llm_math:u_math|Mult81" File: D:/2151097_Nguyen Nhut Khanh/Verilog Source code/llm_math.sv Line: 36
    Info (278003): Inferred multiplier megafunction ("lpm_mult") from the following logic: "llm_math:u_math|Mult82" File: D:/2151097_Nguyen Nhut Khanh/Verilog Source code/llm_math.sv Line: 36
    Info (278003): Inferred multiplier megafunction ("lpm_mult") from the following logic: "llm_math:u_math|Mult77" File: D:/2151097_Nguyen Nhut Khanh/Verilog Source code/llm_math.sv Line: 36
    Info (278003): Inferred multiplier megafunction ("lpm_mult") from the following logic: "llm_math:u_math|Mult78" File: D:/2151097_Nguyen Nhut Khanh/Verilog Source code/llm_math.sv Line: 36
    Info (278003): Inferred multiplier megafunction ("lpm_mult") from the following logic: "llm_math:u_math|Mult73" File: D:/2151097_Nguyen Nhut Khanh/Verilog Source code/llm_math.sv Line: 36
    Info (278003): Inferred multiplier megafunction ("lpm_mult") from the following logic: "llm_math:u_math|Mult74" File: D:/2151097_Nguyen Nhut Khanh/Verilog Source code/llm_math.sv Line: 36
    Info (278003): Inferred multiplier megafunction ("lpm_mult") from the following logic: "llm_math:u_math|Mult69" File: D:/2151097_Nguyen Nhut Khanh/Verilog Source code/llm_math.sv Line: 36
    Info (278003): Inferred multiplier megafunction ("lpm_mult") from the following logic: "llm_math:u_math|Mult70" File: D:/2151097_Nguyen Nhut Khanh/Verilog Source code/llm_math.sv Line: 36
    Info (278003): Inferred multiplier megafunction ("lpm_mult") from the following logic: "llm_math:u_math|Mult65" File: D:/2151097_Nguyen Nhut Khanh/Verilog Source code/llm_math.sv Line: 36
    Info (278003): Inferred multiplier megafunction ("lpm_mult") from the following logic: "llm_math:u_math|Mult66" File: D:/2151097_Nguyen Nhut Khanh/Verilog Source code/llm_math.sv Line: 36
    Info (278003): Inferred multiplier megafunction ("lpm_mult") from the following logic: "llm_math:u_math|Mult61" File: D:/2151097_Nguyen Nhut Khanh/Verilog Source code/llm_math.sv Line: 36
    Info (278003): Inferred multiplier megafunction ("lpm_mult") from the following logic: "llm_math:u_math|Mult62" File: D:/2151097_Nguyen Nhut Khanh/Verilog Source code/llm_math.sv Line: 36
    Info (278003): Inferred multiplier megafunction ("lpm_mult") from the following logic: "llm_math:u_math|Mult57" File: D:/2151097_Nguyen Nhut Khanh/Verilog Source code/llm_math.sv Line: 36
    Info (278003): Inferred multiplier megafunction ("lpm_mult") from the following logic: "llm_math:u_math|Mult58" File: D:/2151097_Nguyen Nhut Khanh/Verilog Source code/llm_math.sv Line: 36
    Info (278003): Inferred multiplier megafunction ("lpm_mult") from the following logic: "llm_math:u_math|Mult53" File: D:/2151097_Nguyen Nhut Khanh/Verilog Source code/llm_math.sv Line: 36
    Info (278003): Inferred multiplier megafunction ("lpm_mult") from the following logic: "llm_math:u_math|Mult54" File: D:/2151097_Nguyen Nhut Khanh/Verilog Source code/llm_math.sv Line: 36
    Info (278003): Inferred multiplier megafunction ("lpm_mult") from the following logic: "llm_math:u_math|Mult49" File: D:/2151097_Nguyen Nhut Khanh/Verilog Source code/llm_math.sv Line: 36
    Info (278003): Inferred multiplier megafunction ("lpm_mult") from the following logic: "llm_math:u_math|Mult50" File: D:/2151097_Nguyen Nhut Khanh/Verilog Source code/llm_math.sv Line: 36
    Info (278003): Inferred multiplier megafunction ("lpm_mult") from the following logic: "llm_math:u_math|Mult45" File: D:/2151097_Nguyen Nhut Khanh/Verilog Source code/llm_math.sv Line: 36
    Info (278003): Inferred multiplier megafunction ("lpm_mult") from the following logic: "llm_math:u_math|Mult46" File: D:/2151097_Nguyen Nhut Khanh/Verilog Source code/llm_math.sv Line: 36
    Info (278003): Inferred multiplier megafunction ("lpm_mult") from the following logic: "llm_math:u_math|Mult41" File: D:/2151097_Nguyen Nhut Khanh/Verilog Source code/llm_math.sv Line: 36
    Info (278003): Inferred multiplier megafunction ("lpm_mult") from the following logic: "llm_math:u_math|Mult42" File: D:/2151097_Nguyen Nhut Khanh/Verilog Source code/llm_math.sv Line: 36
    Info (278003): Inferred multiplier megafunction ("lpm_mult") from the following logic: "llm_math:u_math|Mult37" File: D:/2151097_Nguyen Nhut Khanh/Verilog Source code/llm_math.sv Line: 36
    Info (278003): Inferred multiplier megafunction ("lpm_mult") from the following logic: "llm_math:u_math|Mult38" File: D:/2151097_Nguyen Nhut Khanh/Verilog Source code/llm_math.sv Line: 36
    Info (278003): Inferred multiplier megafunction ("lpm_mult") from the following logic: "llm_math:u_math|Mult33" File: D:/2151097_Nguyen Nhut Khanh/Verilog Source code/llm_math.sv Line: 36
    Info (278003): Inferred multiplier megafunction ("lpm_mult") from the following logic: "llm_math:u_math|Mult34" File: D:/2151097_Nguyen Nhut Khanh/Verilog Source code/llm_math.sv Line: 36
    Info (278003): Inferred multiplier megafunction ("lpm_mult") from the following logic: "llm_math:u_math|Mult29" File: D:/2151097_Nguyen Nhut Khanh/Verilog Source code/llm_math.sv Line: 36
    Info (278003): Inferred multiplier megafunction ("lpm_mult") from the following logic: "llm_math:u_math|Mult30" File: D:/2151097_Nguyen Nhut Khanh/Verilog Source code/llm_math.sv Line: 36
    Info (278003): Inferred multiplier megafunction ("lpm_mult") from the following logic: "llm_math:u_math|Mult25" File: D:/2151097_Nguyen Nhut Khanh/Verilog Source code/llm_math.sv Line: 36
    Info (278003): Inferred multiplier megafunction ("lpm_mult") from the following logic: "llm_math:u_math|Mult26" File: D:/2151097_Nguyen Nhut Khanh/Verilog Source code/llm_math.sv Line: 36
    Info (278003): Inferred multiplier megafunction ("lpm_mult") from the following logic: "llm_math:u_math|Mult21" File: D:/2151097_Nguyen Nhut Khanh/Verilog Source code/llm_math.sv Line: 36
    Info (278003): Inferred multiplier megafunction ("lpm_mult") from the following logic: "llm_math:u_math|Mult22" File: D:/2151097_Nguyen Nhut Khanh/Verilog Source code/llm_math.sv Line: 36
    Info (278003): Inferred multiplier megafunction ("lpm_mult") from the following logic: "llm_math:u_math|Mult17" File: D:/2151097_Nguyen Nhut Khanh/Verilog Source code/llm_math.sv Line: 36
    Info (278003): Inferred multiplier megafunction ("lpm_mult") from the following logic: "llm_math:u_math|Mult18" File: D:/2151097_Nguyen Nhut Khanh/Verilog Source code/llm_math.sv Line: 36
    Info (278003): Inferred multiplier megafunction ("lpm_mult") from the following logic: "llm_math:u_math|Mult13" File: D:/2151097_Nguyen Nhut Khanh/Verilog Source code/llm_math.sv Line: 36
    Info (278003): Inferred multiplier megafunction ("lpm_mult") from the following logic: "llm_math:u_math|Mult14" File: D:/2151097_Nguyen Nhut Khanh/Verilog Source code/llm_math.sv Line: 36
    Info (278003): Inferred multiplier megafunction ("lpm_mult") from the following logic: "llm_math:u_math|Mult9" File: D:/2151097_Nguyen Nhut Khanh/Verilog Source code/llm_math.sv Line: 36
    Info (278003): Inferred multiplier megafunction ("lpm_mult") from the following logic: "llm_math:u_math|Mult10" File: D:/2151097_Nguyen Nhut Khanh/Verilog Source code/llm_math.sv Line: 36
    Info (278003): Inferred multiplier megafunction ("lpm_mult") from the following logic: "llm_math:u_math|Mult5" File: D:/2151097_Nguyen Nhut Khanh/Verilog Source code/llm_math.sv Line: 36
    Info (278003): Inferred multiplier megafunction ("lpm_mult") from the following logic: "llm_math:u_math|Mult6" File: D:/2151097_Nguyen Nhut Khanh/Verilog Source code/llm_math.sv Line: 36
    Info (278003): Inferred multiplier megafunction ("lpm_mult") from the following logic: "llm_math:u_math|Mult1" File: D:/2151097_Nguyen Nhut Khanh/Verilog Source code/llm_math.sv Line: 36
    Info (278003): Inferred multiplier megafunction ("lpm_mult") from the following logic: "llm_math:u_math|Mult2" File: D:/2151097_Nguyen Nhut Khanh/Verilog Source code/llm_math.sv Line: 36
    Info (278003): Inferred multiplier megafunction ("lpm_mult") from the following logic: "Mult1" File: D:/2151097_Nguyen Nhut Khanh/Verilog Source code/llm_soc.sv Line: 739
    Info (278003): Inferred multiplier megafunction ("lpm_mult") from the following logic: "llm_math:u_math|Mult127" File: D:/2151097_Nguyen Nhut Khanh/Verilog Source code/llm_math.sv Line: 37
    Info (278003): Inferred multiplier megafunction ("lpm_mult") from the following logic: "llm_math:u_math|Mult123" File: D:/2151097_Nguyen Nhut Khanh/Verilog Source code/llm_math.sv Line: 37
    Info (278003): Inferred multiplier megafunction ("lpm_mult") from the following logic: "llm_math:u_math|Mult119" File: D:/2151097_Nguyen Nhut Khanh/Verilog Source code/llm_math.sv Line: 37
    Info (278003): Inferred multiplier megafunction ("lpm_mult") from the following logic: "llm_math:u_math|Mult115" File: D:/2151097_Nguyen Nhut Khanh/Verilog Source code/llm_math.sv Line: 37
    Info (278003): Inferred multiplier megafunction ("lpm_mult") from the following logic: "llm_math:u_math|Mult111" File: D:/2151097_Nguyen Nhut Khanh/Verilog Source code/llm_math.sv Line: 37
    Info (278003): Inferred multiplier megafunction ("lpm_mult") from the following logic: "llm_math:u_math|Mult107" File: D:/2151097_Nguyen Nhut Khanh/Verilog Source code/llm_math.sv Line: 37
    Info (278003): Inferred multiplier megafunction ("lpm_mult") from the following logic: "llm_math:u_math|Mult103" File: D:/2151097_Nguyen Nhut Khanh/Verilog Source code/llm_math.sv Line: 37
    Info (278003): Inferred multiplier megafunction ("lpm_mult") from the following logic: "llm_math:u_math|Mult99" File: D:/2151097_Nguyen Nhut Khanh/Verilog Source code/llm_math.sv Line: 37
    Info (278003): Inferred multiplier megafunction ("lpm_mult") from the following logic: "llm_math:u_math|Mult95" File: D:/2151097_Nguyen Nhut Khanh/Verilog Source code/llm_math.sv Line: 37
    Info (278003): Inferred multiplier megafunction ("lpm_mult") from the following logic: "llm_math:u_math|Mult91" File: D:/2151097_Nguyen Nhut Khanh/Verilog Source code/llm_math.sv Line: 37
    Info (278003): Inferred multiplier megafunction ("lpm_mult") from the following logic: "llm_math:u_math|Mult87" File: D:/2151097_Nguyen Nhut Khanh/Verilog Source code/llm_math.sv Line: 37
    Info (278003): Inferred multiplier megafunction ("lpm_mult") from the following logic: "llm_math:u_math|Mult83" File: D:/2151097_Nguyen Nhut Khanh/Verilog Source code/llm_math.sv Line: 37
    Info (278003): Inferred multiplier megafunction ("lpm_mult") from the following logic: "llm_math:u_math|Mult79" File: D:/2151097_Nguyen Nhut Khanh/Verilog Source code/llm_math.sv Line: 37
    Info (278003): Inferred multiplier megafunction ("lpm_mult") from the following logic: "llm_math:u_math|Mult75" File: D:/2151097_Nguyen Nhut Khanh/Verilog Source code/llm_math.sv Line: 37
    Info (278003): Inferred multiplier megafunction ("lpm_mult") from the following logic: "llm_math:u_math|Mult71" File: D:/2151097_Nguyen Nhut Khanh/Verilog Source code/llm_math.sv Line: 37
    Info (278003): Inferred multiplier megafunction ("lpm_mult") from the following logic: "llm_math:u_math|Mult67" File: D:/2151097_Nguyen Nhut Khanh/Verilog Source code/llm_math.sv Line: 37
    Info (278003): Inferred multiplier megafunction ("lpm_mult") from the following logic: "llm_math:u_math|Mult63" File: D:/2151097_Nguyen Nhut Khanh/Verilog Source code/llm_math.sv Line: 37
    Info (278003): Inferred multiplier megafunction ("lpm_mult") from the following logic: "llm_math:u_math|Mult59" File: D:/2151097_Nguyen Nhut Khanh/Verilog Source code/llm_math.sv Line: 37
    Info (278003): Inferred multiplier megafunction ("lpm_mult") from the following logic: "llm_math:u_math|Mult55" File: D:/2151097_Nguyen Nhut Khanh/Verilog Source code/llm_math.sv Line: 37
    Info (278003): Inferred multiplier megafunction ("lpm_mult") from the following logic: "llm_math:u_math|Mult51" File: D:/2151097_Nguyen Nhut Khanh/Verilog Source code/llm_math.sv Line: 37
    Info (278003): Inferred multiplier megafunction ("lpm_mult") from the following logic: "llm_math:u_math|Mult47" File: D:/2151097_Nguyen Nhut Khanh/Verilog Source code/llm_math.sv Line: 37
    Info (278003): Inferred multiplier megafunction ("lpm_mult") from the following logic: "llm_math:u_math|Mult43" File: D:/2151097_Nguyen Nhut Khanh/Verilog Source code/llm_math.sv Line: 37
    Info (278003): Inferred multiplier megafunction ("lpm_mult") from the following logic: "llm_math:u_math|Mult39" File: D:/2151097_Nguyen Nhut Khanh/Verilog Source code/llm_math.sv Line: 37
    Info (278003): Inferred multiplier megafunction ("lpm_mult") from the following logic: "llm_math:u_math|Mult35" File: D:/2151097_Nguyen Nhut Khanh/Verilog Source code/llm_math.sv Line: 37
    Info (278003): Inferred multiplier megafunction ("lpm_mult") from the following logic: "llm_math:u_math|Mult31" File: D:/2151097_Nguyen Nhut Khanh/Verilog Source code/llm_math.sv Line: 37
    Info (278003): Inferred multiplier megafunction ("lpm_mult") from the following logic: "llm_math:u_math|Mult27" File: D:/2151097_Nguyen Nhut Khanh/Verilog Source code/llm_math.sv Line: 37
    Info (278003): Inferred multiplier megafunction ("lpm_mult") from the following logic: "llm_math:u_math|Mult23" File: D:/2151097_Nguyen Nhut Khanh/Verilog Source code/llm_math.sv Line: 37
    Info (278003): Inferred multiplier megafunction ("lpm_mult") from the following logic: "llm_math:u_math|Mult19" File: D:/2151097_Nguyen Nhut Khanh/Verilog Source code/llm_math.sv Line: 37
    Info (278003): Inferred multiplier megafunction ("lpm_mult") from the following logic: "llm_math:u_math|Mult15" File: D:/2151097_Nguyen Nhut Khanh/Verilog Source code/llm_math.sv Line: 37
    Info (278003): Inferred multiplier megafunction ("lpm_mult") from the following logic: "llm_math:u_math|Mult11" File: D:/2151097_Nguyen Nhut Khanh/Verilog Source code/llm_math.sv Line: 37
    Info (278003): Inferred multiplier megafunction ("lpm_mult") from the following logic: "llm_math:u_math|Mult7" File: D:/2151097_Nguyen Nhut Khanh/Verilog Source code/llm_math.sv Line: 37
    Info (278003): Inferred multiplier megafunction ("lpm_mult") from the following logic: "llm_math:u_math|Mult3" File: D:/2151097_Nguyen Nhut Khanh/Verilog Source code/llm_math.sv Line: 37
    Info (278003): Inferred multiplier megafunction ("lpm_mult") from the following logic: "Mult4" File: D:/2151097_Nguyen Nhut Khanh/Verilog Source code/llm_soc.sv Line: 959
    Info (278003): Inferred multiplier megafunction ("lpm_mult") from the following logic: "sigmoid:u_sig|Mult0" File: D:/2151097_Nguyen Nhut Khanh/Verilog Source code/sigmoid.sv Line: 61
Info (12130): Elaborated megafunction instantiation "altsyncram:score_memory_rtl_0"
Info (12133): Instantiated megafunction "altsyncram:score_memory_rtl_0" with the following parameter:
    Info (12134): Parameter "OPERATION_MODE" = "DUAL_PORT"
    Info (12134): Parameter "WIDTH_A" = "32"
    Info (12134): Parameter "WIDTHAD_A" = "7"
    Info (12134): Parameter "NUMWORDS_A" = "128"
    Info (12134): Parameter "WIDTH_B" = "32"
    Info (12134): Parameter "WIDTHAD_B" = "7"
    Info (12134): Parameter "NUMWORDS_B" = "128"
    Info (12134): Parameter "ADDRESS_ACLR_A" = "NONE"
    Info (12134): Parameter "OUTDATA_REG_B" = "UNREGISTERED"
    Info (12134): Parameter "ADDRESS_ACLR_B" = "NONE"
    Info (12134): Parameter "OUTDATA_ACLR_B" = "NONE"
    Info (12134): Parameter "ADDRESS_REG_B" = "CLOCK0"
    Info (12134): Parameter "INDATA_ACLR_A" = "NONE"
    Info (12134): Parameter "WRCONTROL_ACLR_A" = "NONE"
    Info (12134): Parameter "READ_DURING_WRITE_MODE_MIXED_PORTS" = "OLD_DATA"
Info (12021): Found 1 design units, including 1 entities, in source file db/altsyncram_llo1.tdf
    Info (12023): Found entity 1: altsyncram_llo1 File: D:/2151097_Nguyen Nhut Khanh/quartus/db/altsyncram_llo1.tdf Line: 27
Info (12130): Elaborated megafunction instantiation "altsyncram:probability_memory_rtl_0"
Info (12133): Instantiated megafunction "altsyncram:probability_memory_rtl_0" with the following parameter:
    Info (12134): Parameter "OPERATION_MODE" = "DUAL_PORT"
    Info (12134): Parameter "WIDTH_A" = "25"
    Info (12134): Parameter "WIDTHAD_A" = "7"
    Info (12134): Parameter "NUMWORDS_A" = "128"
    Info (12134): Parameter "WIDTH_B" = "25"
    Info (12134): Parameter "WIDTHAD_B" = "7"
    Info (12134): Parameter "NUMWORDS_B" = "128"
    Info (12134): Parameter "ADDRESS_ACLR_A" = "NONE"
    Info (12134): Parameter "OUTDATA_REG_B" = "UNREGISTERED"
    Info (12134): Parameter "ADDRESS_ACLR_B" = "NONE"
    Info (12134): Parameter "OUTDATA_ACLR_B" = "NONE"
    Info (12134): Parameter "ADDRESS_REG_B" = "CLOCK0"
    Info (12134): Parameter "INDATA_ACLR_A" = "NONE"
    Info (12134): Parameter "WRCONTROL_ACLR_A" = "NONE"
    Info (12134): Parameter "READ_DURING_WRITE_MODE_MIXED_PORTS" = "OLD_DATA"
    Info (12134): Parameter "RDCONTROL_REG_B" = "CLOCK0"
Info (12021): Found 1 design units, including 1 entities, in source file db/altsyncram_e3q1.tdf
    Info (12023): Found entity 1: altsyncram_e3q1 File: D:/2151097_Nguyen Nhut Khanh/quartus/db/altsyncram_e3q1.tdf Line: 27
Info (12130): Elaborated megafunction instantiation "altsyncram:output_memory_rtl_0"
Info (12133): Instantiated megafunction "altsyncram:output_memory_rtl_0" with the following parameter:
    Info (12134): Parameter "OPERATION_MODE" = "DUAL_PORT"
    Info (12134): Parameter "WIDTH_A" = "12"
    Info (12134): Parameter "WIDTHAD_A" = "7"
    Info (12134): Parameter "NUMWORDS_A" = "128"
    Info (12134): Parameter "WIDTH_B" = "12"
    Info (12134): Parameter "WIDTHAD_B" = "7"
    Info (12134): Parameter "NUMWORDS_B" = "128"
    Info (12134): Parameter "ADDRESS_ACLR_A" = "NONE"
    Info (12134): Parameter "OUTDATA_REG_B" = "UNREGISTERED"
    Info (12134): Parameter "ADDRESS_ACLR_B" = "NONE"
    Info (12134): Parameter "OUTDATA_ACLR_B" = "NONE"
    Info (12134): Parameter "ADDRESS_REG_B" = "CLOCK0"
    Info (12134): Parameter "INDATA_ACLR_A" = "NONE"
    Info (12134): Parameter "WRCONTROL_ACLR_A" = "NONE"
    Info (12134): Parameter "READ_DURING_WRITE_MODE_MIXED_PORTS" = "OLD_DATA"
Info (12021): Found 1 design units, including 1 entities, in source file db/altsyncram_hlo1.tdf
    Info (12023): Found entity 1: altsyncram_hlo1 File: D:/2151097_Nguyen Nhut Khanh/quartus/db/altsyncram_hlo1.tdf Line: 27
Info (12130): Elaborated megafunction instantiation "lpm_mult:Mult3" File: D:/2151097_Nguyen Nhut Khanh/Verilog Source code/llm_soc.sv Line: 857
Info (12133): Instantiated megafunction "lpm_mult:Mult3" with the following parameter: File: D:/2151097_Nguyen Nhut Khanh/Verilog Source code/llm_soc.sv Line: 857
    Info (12134): Parameter "LPM_WIDTHA" = "37"
    Info (12134): Parameter "LPM_WIDTHB" = "12"
    Info (12134): Parameter "LPM_WIDTHP" = "49"
    Info (12134): Parameter "LPM_WIDTHR" = "49"
    Info (12134): Parameter "LPM_WIDTHS" = "1"
    Info (12134): Parameter "LPM_REPRESENTATION" = "UNSIGNED"
    Info (12134): Parameter "INPUT_A_IS_CONSTANT" = "NO"
    Info (12134): Parameter "INPUT_B_IS_CONSTANT" = "NO"
    Info (12134): Parameter "MAXIMIZE_SPEED" = "5"
    Info (12134): Parameter "DEDICATED_MULTIPLIER_CIRCUITRY" = "NO"
Info (12021): Found 1 design units, including 1 entities, in source file db/mult_9k11.v
    Info (12023): Found entity 1: mult_9k11 File: D:/2151097_Nguyen Nhut Khanh/quartus/db/mult_9k11.v Line: 64
Info (12130): Elaborated megafunction instantiation "llm_math:u_math|lpm_mult:Mult124" File: D:/2151097_Nguyen Nhut Khanh/Verilog Source code/llm_math.sv Line: 36
Info (12133): Instantiated megafunction "llm_math:u_math|lpm_mult:Mult124" with the following parameter: File: D:/2151097_Nguyen Nhut Khanh/Verilog Source code/llm_math.sv Line: 36
    Info (12134): Parameter "LPM_WIDTHA" = "24"
    Info (12134): Parameter "LPM_WIDTHB" = "9"
    Info (12134): Parameter "LPM_WIDTHP" = "33"
    Info (12134): Parameter "LPM_WIDTHR" = "33"
    Info (12134): Parameter "LPM_WIDTHS" = "1"
    Info (12134): Parameter "LPM_REPRESENTATION" = "SIGNED"
    Info (12134): Parameter "INPUT_A_IS_CONSTANT" = "NO"
    Info (12134): Parameter "INPUT_B_IS_CONSTANT" = "NO"
    Info (12134): Parameter "MAXIMIZE_SPEED" = "5"
    Info (12134): Parameter "DEDICATED_MULTIPLIER_CIRCUITRY" = "NO"
Info (12021): Found 1 design units, including 1 entities, in source file db/mult_hb11.v
    Info (12023): Found entity 1: mult_hb11 File: D:/2151097_Nguyen Nhut Khanh/quartus/db/mult_hb11.v Line: 56
Info (12130): Elaborated megafunction instantiation "lpm_mult:Mult2" File: D:/2151097_Nguyen Nhut Khanh/Verilog Source code/llm_soc.sv Line: 740
Info (12133): Instantiated megafunction "lpm_mult:Mult2" with the following parameter: File: D:/2151097_Nguyen Nhut Khanh/Verilog Source code/llm_soc.sv Line: 740
    Info (12134): Parameter "LPM_WIDTHA" = "39"
    Info (12134): Parameter "LPM_WIDTHB" = "9"
    Info (12134): Parameter "LPM_WIDTHP" = "48"
    Info (12134): Parameter "LPM_WIDTHR" = "48"
    Info (12134): Parameter "LPM_WIDTHS" = "1"
    Info (12134): Parameter "LPM_REPRESENTATION" = "SIGNED"
    Info (12134): Parameter "INPUT_A_IS_CONSTANT" = "NO"
    Info (12134): Parameter "INPUT_B_IS_CONSTANT" = "NO"
    Info (12134): Parameter "MAXIMIZE_SPEED" = "5"
    Info (12134): Parameter "DEDICATED_MULTIPLIER_CIRCUITRY" = "NO"
Info (12021): Found 1 design units, including 1 entities, in source file db/mult_tb11.v
    Info (12023): Found entity 1: mult_tb11 File: D:/2151097_Nguyen Nhut Khanh/quartus/db/mult_tb11.v Line: 56
Info (12130): Elaborated megafunction instantiation "llm_math:u_math|lpm_mult:Mult127" File: D:/2151097_Nguyen Nhut Khanh/Verilog Source code/llm_math.sv Line: 37
Info (12133): Instantiated megafunction "llm_math:u_math|lpm_mult:Mult127" with the following parameter: File: D:/2151097_Nguyen Nhut Khanh/Verilog Source code/llm_math.sv Line: 37
    Info (12134): Parameter "LPM_WIDTHA" = "24"
    Info (12134): Parameter "LPM_WIDTHB" = "2"
    Info (12134): Parameter "LPM_WIDTHP" = "26"
    Info (12134): Parameter "LPM_WIDTHR" = "26"
    Info (12134): Parameter "LPM_WIDTHS" = "1"
    Info (12134): Parameter "LPM_REPRESENTATION" = "SIGNED"
    Info (12134): Parameter "INPUT_A_IS_CONSTANT" = "NO"
    Info (12134): Parameter "INPUT_B_IS_CONSTANT" = "NO"
    Info (12134): Parameter "MAXIMIZE_SPEED" = "5"
    Info (12134): Parameter "DEDICATED_MULTIPLIER_CIRCUITRY" = "NO"
Info (12131): Elaborated megafunction instantiation "llm_math:u_math|lpm_mult:Mult127|multcore:mult_core", which is child of megafunction instantiation "llm_math:u_math|lpm_mult:Mult127" File: c:/intelfpga_lite/18.1/quartus/libraries/megafunctions/lpm_mult.tdf Line: 323
Info (12131): Elaborated megafunction instantiation "llm_math:u_math|lpm_mult:Mult127|multcore:mult_core|mul_lfrg:mul_lfrg_first_mod", which is child of megafunction instantiation "llm_math:u_math|lpm_mult:Mult127" File: c:/intelfpga_lite/18.1/quartus/libraries/megafunctions/multcore.tdf Line: 298
Info (12131): Elaborated megafunction instantiation "llm_math:u_math|lpm_mult:Mult127|multcore:mult_core|mpar_add:padder", which is child of megafunction instantiation "llm_math:u_math|lpm_mult:Mult127" File: c:/intelfpga_lite/18.1/quartus/libraries/megafunctions/multcore.tdf Line: 396
Info (12131): Elaborated megafunction instantiation "llm_math:u_math|lpm_mult:Mult127|multcore:mult_core|mpar_add:padder|lpm_add_sub:adder[0]", which is child of megafunction instantiation "llm_math:u_math|lpm_mult:Mult127" File: c:/intelfpga_lite/18.1/quartus/libraries/megafunctions/mpar_add.tdf Line: 115
Info (12021): Found 1 design units, including 1 entities, in source file db/add_sub_g9h.tdf
    Info (12023): Found entity 1: add_sub_g9h File: D:/2151097_Nguyen Nhut Khanh/quartus/db/add_sub_g9h.tdf Line: 22
Info (12131): Elaborated megafunction instantiation "llm_math:u_math|lpm_mult:Mult127|multcore:mult_core|mul_lfrg:$00030", which is child of megafunction instantiation "llm_math:u_math|lpm_mult:Mult127" File: c:/intelfpga_lite/18.1/quartus/libraries/megafunctions/multcore.tdf Line: 958
Info (12131): Elaborated megafunction instantiation "llm_math:u_math|lpm_mult:Mult127|multcore:mult_core|mul_lfrg:$00032", which is child of megafunction instantiation "llm_math:u_math|lpm_mult:Mult127" File: c:/intelfpga_lite/18.1/quartus/libraries/megafunctions/multcore.tdf Line: 970
Info (12131): Elaborated megafunction instantiation "llm_math:u_math|lpm_mult:Mult127|altshift:external_latency_ffs", which is child of megafunction instantiation "llm_math:u_math|lpm_mult:Mult127" File: c:/intelfpga_lite/18.1/quartus/libraries/megafunctions/lpm_mult.tdf Line: 351
Info (12130): Elaborated megafunction instantiation "lpm_mult:Mult4" File: D:/2151097_Nguyen Nhut Khanh/Verilog Source code/llm_soc.sv Line: 959
Info (12133): Instantiated megafunction "lpm_mult:Mult4" with the following parameter: File: D:/2151097_Nguyen Nhut Khanh/Verilog Source code/llm_soc.sv Line: 959
    Info (12134): Parameter "LPM_WIDTHA" = "20"
    Info (12134): Parameter "LPM_WIDTHB" = "9"
    Info (12134): Parameter "LPM_WIDTHP" = "29"
    Info (12134): Parameter "LPM_WIDTHR" = "29"
    Info (12134): Parameter "LPM_WIDTHS" = "1"
    Info (12134): Parameter "LPM_REPRESENTATION" = "SIGNED"
    Info (12134): Parameter "INPUT_A_IS_CONSTANT" = "NO"
    Info (12134): Parameter "INPUT_B_IS_CONSTANT" = "NO"
    Info (12134): Parameter "MAXIMIZE_SPEED" = "5"
    Info (12134): Parameter "DEDICATED_MULTIPLIER_CIRCUITRY" = "NO"
Info (12021): Found 1 design units, including 1 entities, in source file db/mult_ib11.v
    Info (12023): Found entity 1: mult_ib11 File: D:/2151097_Nguyen Nhut Khanh/quartus/db/mult_ib11.v Line: 56
Info (12130): Elaborated megafunction instantiation "sigmoid:u_sig|lpm_mult:Mult0" File: D:/2151097_Nguyen Nhut Khanh/Verilog Source code/sigmoid.sv Line: 61
Info (12133): Instantiated megafunction "sigmoid:u_sig|lpm_mult:Mult0" with the following parameter: File: D:/2151097_Nguyen Nhut Khanh/Verilog Source code/sigmoid.sv Line: 61
    Info (12134): Parameter "LPM_WIDTHA" = "10"
    Info (12134): Parameter "LPM_WIDTHB" = "24"
    Info (12134): Parameter "LPM_WIDTHP" = "34"
    Info (12134): Parameter "LPM_WIDTHR" = "34"
    Info (12134): Parameter "LPM_WIDTHS" = "1"
    Info (12134): Parameter "LPM_REPRESENTATION" = "UNSIGNED"
    Info (12134): Parameter "INPUT_A_IS_CONSTANT" = "NO"
    Info (12134): Parameter "INPUT_B_IS_CONSTANT" = "NO"
    Info (12134): Parameter "MAXIMIZE_SPEED" = "5"
    Info (12134): Parameter "DEDICATED_MULTIPLIER_CIRCUITRY" = "NO"
Info (12021): Found 1 design units, including 1 entities, in source file db/mult_tj11.v
    Info (12023): Found entity 1: mult_tj11 File: D:/2151097_Nguyen Nhut Khanh/quartus/db/mult_tj11.v Line: 56
Info (13014): Ignored 90 buffer(s)
    Info (13019): Ignored 90 SOFT buffer(s)
Info (13014): Ignored 191 buffer(s)
    Info (13019): Ignored 191 SOFT buffer(s)
Info (13014): Ignored 22913 buffer(s)
    Info (13019): Ignored 22913 SOFT buffer(s)
Warning (13024): Output pins are stuck at VCC or GND
    Warning (13410): Pin "pc_debug[7]" is stuck at GND File: D:/2151097_Nguyen Nhut Khanh/Verilog Source code/llm_soc.sv Line: 424
    Warning (13410): Pin "pc_debug[8]" is stuck at GND File: D:/2151097_Nguyen Nhut Khanh/Verilog Source code/llm_soc.sv Line: 424
    Warning (13410): Pin "instr_debug[12]" is stuck at GND File: D:/2151097_Nguyen Nhut Khanh/Verilog Source code/llm_soc.sv Line: 424
Info (286030): Timing-Driven Synthesis is running
Info (17049): 43 registers lost all their fanouts during netlist optimizations.
Info (144001): Generated suppressed messages file D:/2151097_Nguyen Nhut Khanh/quartus/output_files/llm_soc.map.smsg
Info (16010): Generating hard_block partition "hard_block:auto_generated_inst"
    Info (16011): Adding 0 node(s), including 0 DDIO, 0 PLL, 0 transceiver and 0 LCELL
Info (21057): Implemented 80243 device resources after synthesis - the final resource count might be different
    Info (21058): Implemented 68 input pins
    Info (21059): Implemented 59 output pins
    Info (21061): Implemented 77743 logic cells
    Info (21064): Implemented 2373 RAM segments
Info: Quartus Prime Analysis & Synthesis was successful. 0 errors, 13 warnings
    Info: Peak virtual memory: 5704 megabytes
    Info: Processing ended: Fri Oct 02 04:47:22 2026
    Info: Elapsed time: 00:02:19
    Info: Total CPU time (on all processors): 00:01:34
