Info: *******************************************************************
Info: Running Quartus Prime Analysis & Synthesis
    Info: Version 18.1.0 Build 625 09/12/2018 SJ Lite Edition
    Info: Copyright (C) 2018  Intel Corporation. All rights reserved.
    Info: Your use of Intel Corporation's design tools, logic functions 
    Info: and other software and tools, and its AMPP partner logic 
    Info: functions, and any output files from any of the foregoing 
    Info: (including device programming or simulation files), and any 
    Info: associated documentation or information are expressly subject 
    Info: to the terms and conditions of the Intel Program License 
    Info: Subscription Agreement, the Intel Quartus Prime License Agreement,
    Info: the Intel FPGA IP License Agreement, or other applicable license
    Info: agreement, including, without limitation, that your use is for
    Info: the sole purpose of programming logic devices manufactured by
    Info: Intel and sold by Intel or its authorized distributors.  Please
    Info: refer to the applicable agreement for further details.
    Info: Processing started: Thu Oct 01 23:27:22 2026
Info: Command: quartus_map --read_settings_files=on --write_settings_files=off llm_soc -c llm_soc
Info (20030): Parallel compilation is enabled and will use 16 of the 16 processors detected
Info (12021): Found 1 design units, including 0 entities, in source file /2151097_nguyen nhut khanh/verilog source code/npu_pkg.sv
    Info (12022): Found design unit 1: npu_pkg (SystemVerilog) File: D:/2151097_Nguyen Nhut Khanh/Verilog Source code/npu_pkg.sv Line: 1
Info (12021): Found 2 design units, including 2 entities, in source file /2151097_nguyen nhut khanh/verilog source code/banked_word_ram.sv
    Info (12023): Found entity 1: sram_word_tile File: D:/2151097_Nguyen Nhut Khanh/Verilog Source code/banked_word_ram.sv Line: 3
    Info (12023): Found entity 2: banked_word_ram File: D:/2151097_Nguyen Nhut Khanh/Verilog Source code/banked_word_ram.sv Line: 19
Info (12021): Found 1 design units, including 0 entities, in source file /2151097_nguyen nhut khanh/verilog source code/llm_pkg.sv
    Info (12022): Found design unit 1: llm_pkg (SystemVerilog) File: D:/2151097_Nguyen Nhut Khanh/Verilog Source code/llm_pkg.sv Line: 1
Info (12021): Found 1 design units, including 1 entities, in source file /2151097_nguyen nhut khanh/verilog source code/div.sv
    Info (12023): Found entity 1: div File: D:/2151097_Nguyen Nhut Khanh/Verilog Source code/div.sv Line: 3
Info (12021): Found 1 design units, including 1 entities, in source file /2151097_nguyen nhut khanh/verilog source code/llm_bank_ram.sv
    Info (12023): Found entity 1: llm_bank_ram File: D:/2151097_Nguyen Nhut Khanh/Verilog Source code/llm_bank_ram.sv Line: 3
Info (12021): Found 1 design units, including 1 entities, in source file /2151097_nguyen nhut khanh/verilog source code/llm_math.sv
    Info (12023): Found entity 1: llm_math File: D:/2151097_Nguyen Nhut Khanh/Verilog Source code/llm_math.sv Line: 3
Info (12021): Found 1 design units, including 1 entities, in source file /2151097_nguyen nhut khanh/verilog source code/llm_soc.sv
    Info (12023): Found entity 1: llm_soc File: D:/2151097_Nguyen Nhut Khanh/Verilog Source code/llm_soc.sv Line: 3
Info (12021): Found 2 design units, including 2 entities, in source file /2151097_nguyen nhut khanh/verilog source code/norm.sv
    Info (12023): Found entity 1: isqrt_u64 File: D:/2151097_Nguyen Nhut Khanh/Verilog Source code/norm.sv Line: 1
    Info (12023): Found entity 2: norm File: D:/2151097_Nguyen Nhut Khanh/Verilog Source code/norm.sv Line: 65
Info (12021): Found 1 design units, including 1 entities, in source file /2151097_nguyen nhut khanh/verilog source code/sigmoid.sv
    Info (12023): Found entity 1: sigmoid File: D:/2151097_Nguyen Nhut Khanh/Verilog Source code/sigmoid.sv Line: 1
Info (12021): Found 1 design units, including 1 entities, in source file /2151097_nguyen nhut khanh/verilog source code/sram_256_wrapper.sv
    Info (12023): Found entity 1: sram_256_wrapper File: D:/2151097_Nguyen Nhut Khanh/Verilog Source code/sram_256_wrapper.sv Line: 3
Info (12127): Elaborating entity "llm_soc" for the top level hierarchy
Info (12128): Elaborating entity "sram_256_wrapper" for hierarchy "sram_256_wrapper:u_parameters" File: D:/2151097_Nguyen Nhut Khanh/Verilog Source code/llm_soc.sv Line: 91
Info (12128): Elaborating entity "banked_word_ram" for hierarchy "sram_256_wrapper:u_parameters|banked_word_ram:g_ram_lane[0].u_storage" File: D:/2151097_Nguyen Nhut Khanh/Verilog Source code/sram_256_wrapper.sv Line: 68
Info (12128): Elaborating entity "sram_word_tile" for hierarchy "sram_256_wrapper:u_parameters|banked_word_ram:g_ram_lane[0].u_storage|sram_word_tile:g_tile[0].u_tile" File: D:/2151097_Nguyen Nhut Khanh/Verilog Source code/banked_word_ram.sv Line: 40
Info (12128): Elaborating entity "llm_bank_ram" for hierarchy "llm_bank_ram:u_vectors" File: D:/2151097_Nguyen Nhut Khanh/Verilog Source code/llm_soc.sv Line: 161
Info (12128): Elaborating entity "banked_word_ram" for hierarchy "llm_bank_ram:u_vectors|banked_word_ram:g_bank[0].u_storage" File: D:/2151097_Nguyen Nhut Khanh/Verilog Source code/llm_bank_ram.sv Line: 23
Info (12128): Elaborating entity "sram_word_tile" for hierarchy "llm_bank_ram:u_vectors|banked_word_ram:g_bank[0].u_storage|sram_word_tile:g_tile[0].u_tile" File: D:/2151097_Nguyen Nhut Khanh/Verilog Source code/banked_word_ram.sv Line: 40
Info (12128): Elaborating entity "llm_bank_ram" for hierarchy "llm_bank_ram:u_cache" File: D:/2151097_Nguyen Nhut Khanh/Verilog Source code/llm_soc.sv Line: 170
Info (12128): Elaborating entity "banked_word_ram" for hierarchy "llm_bank_ram:u_cache|banked_word_ram:g_bank[0].u_storage" File: D:/2151097_Nguyen Nhut Khanh/Verilog Source code/llm_bank_ram.sv Line: 23
Info (12128): Elaborating entity "sram_word_tile" for hierarchy "llm_bank_ram:u_cache|banked_word_ram:g_bank[0].u_storage|sram_word_tile:g_tile[0].u_tile" File: D:/2151097_Nguyen Nhut Khanh/Verilog Source code/banked_word_ram.sv Line: 40
Info (12128): Elaborating entity "llm_math" for hierarchy "llm_math:u_math" File: D:/2151097_Nguyen Nhut Khanh/Verilog Source code/llm_soc.sv Line: 180
Info (12128): Elaborating entity "isqrt_u64" for hierarchy "isqrt_u64:u_root" File: D:/2151097_Nguyen Nhut Khanh/Verilog Source code/llm_soc.sv Line: 185
Info (12128): Elaborating entity "div" for hierarchy "div:u_div" File: D:/2151097_Nguyen Nhut Khanh/Verilog Source code/llm_soc.sv Line: 194
Info (12128): Elaborating entity "sigmoid" for hierarchy "sigmoid:u_sig" File: D:/2151097_Nguyen Nhut Khanh/Verilog Source code/llm_soc.sv Line: 203
Warning (276020): Inferred RAM node "output_memory_rtl_0" from synchronous design logic.  Pass-through logic has been added to match the read-during-write behavior of the original design.
Warning (276020): Inferred RAM node "score_memory_rtl_0" from synchronous design logic.  Pass-through logic has been added to match the read-during-write behavior of the original design.
Info (276014): Found 1 instances of uninferred RAM logic
    Info (276007): RAM logic "prompt_memory" is uninferred due to asynchronous read logic File: D:/2151097_Nguyen Nhut Khanh/Verilog Source code/llm_soc.sv Line: 45
Internal Error: Sub-system: QSYN, File: /quartus/synth/qsyn/qsyn_cmd.cpp, Line: 1539
FAILED at opening pipe ul_pipertl9a13200
Stack Trace:
    0x1383a: QSYN_FRAMEWORK::execute + 0x22a (quartus_map)
    0x11067: qexe_do_grunt + 0xa7 (comp_qexe)
    0x16063: qexe_run + 0x353 (comp_qexe)
    0x16e51: qexe_standard_main + 0xc1 (comp_qexe)
    0x1b08b: qsyn_main + 0x51b (quartus_map)
    0x12e98: msg_main_thread + 0x18 (CCL_MSG)
    0x1467e: msg_thread_wrapper + 0x6e (CCL_MSG)
    0x16660: mem_thread_wrapper + 0x70 (ccl_mem)
    0x12761: msg_exe_main + 0xa1 (CCL_MSG)
    0x29872: __tmainCRTStartup + 0x10e (quartus_map)
    0x2cd86: BaseThreadInitThunk + 0x16 (KERNEL32)
    0xacaeb: RtlUserThreadStart + 0x2b (ntdll)

End-trace

Internal Error: Sub-system: QSYN, File: /quartus/synth/qsyn/qsyn_cmd.cpp, Line: 1539
FAILED at opening pipe ul_pipertl6a13200
Stack Trace:
    0x1383a: QSYN_FRAMEWORK::execute + 0x22a (quartus_map)
    0x11067: qexe_do_grunt + 0xa7 (comp_qexe)
    0x16063: qexe_run + 0x353 (comp_qexe)
    0x16e51: qexe_standard_main + 0xc1 (comp_qexe)
    0x1b08b: qsyn_main + 0x51b (quartus_map)
    0x12e98: msg_main_thread + 0x18 (CCL_MSG)
    0x1467e: msg_thread_wrapper + 0x6e (CCL_MSG)
    0x16660: mem_thread_wrapper + 0x70 (ccl_mem)
    0x12761: msg_exe_main + 0xa1 (CCL_MSG)
    0x29872: __tmainCRTStartup + 0x10e (quartus_map)
    0x2cd86: BaseThreadInitThunk + 0x16 (KERNEL32)
    0xacaeb: RtlUserThreadStart + 0x2b (ntdll)

End-trace

Internal Error: Sub-system: QSYN, File: /quartus/synth/qsyn/qsyn_cmd.cpp, Line: 1539
FAILED at opening pipe ul_pipertl13a13200
Stack Trace:
    0x1383a: QSYN_FRAMEWORK::execute + 0x22a (quartus_map)
    0x11067: qexe_do_grunt + 0xa7 (comp_qexe)
    0x16063: qexe_run + 0x353 (comp_qexe)
    0x16e51: qexe_standard_main + 0xc1 (comp_qexe)
    0x1b08b: qsyn_main + 0x51b (quartus_map)
    0x12e98: msg_main_thread + 0x18 (CCL_MSG)
    0x1467e: msg_thread_wrapper + 0x6e (CCL_MSG)
    0x16660: mem_thread_wrapper + 0x70 (ccl_mem)
    0x12761: msg_exe_main + 0xa1 (CCL_MSG)
    0x29872: __tmainCRTStartup + 0x10e (quartus_map)
    0x2cd86: BaseThreadInitThunk + 0x16 (KERNEL32)
    0xacaeb: RtlUserThreadStart + 0x2b (ntdll)

End-trace

Internal Error: Sub-system: QSYN, File: /quartus/synth/qsyn/qsyn_cmd.cpp, Line: 1539
FAILED at opening pipe ul_pipertl8a13200
Stack Trace:
    0x1383a: QSYN_FRAMEWORK::execute + 0x22a (quartus_map)
    0x11067: qexe_do_grunt + 0xa7 (comp_qexe)
    0x16063: qexe_run + 0x353 (comp_qexe)
    0x16e51: qexe_standard_main + 0xc1 (comp_qexe)
    0x1b08b: qsyn_main + 0x51b (quartus_map)
    0x12e98: msg_main_thread + 0x18 (CCL_MSG)
    0x1467e: msg_thread_wrapper + 0x6e (CCL_MSG)
    0x16660: mem_thread_wrapper + 0x70 (ccl_mem)
    0x12761: msg_exe_main + 0xa1 (CCL_MSG)
    0x29872: __tmainCRTStartup + 0x10e (quartus_map)
    0x2cd86: BaseThreadInitThunk + 0x16 (KERNEL32)
    0xacaeb: RtlUserThreadStart + 0x2b (ntdll)

End-trace

Internal Error: Sub-system: QSYN, File: /quartus/synth/qsyn/qsyn_cmd.cpp, Line: 1539
FAILED at opening pipe ul_pipertl4a13200
Stack Trace:
    0x1383a: QSYN_FRAMEWORK::execute + 0x22a (quartus_map)
    0x11067: qexe_do_grunt + 0xa7 (comp_qexe)
    0x16063: qexe_run + 0x353 (comp_qexe)
    0x16e51: qexe_standard_main + 0xc1 (comp_qexe)
    0x1b08b: qsyn_main + 0x51b (quartus_map)
    0x12e98: msg_main_thread + 0x18 (CCL_MSG)
    0x1467e: msg_thread_wrapper + 0x6e (CCL_MSG)
    0x16660: mem_thread_wrapper + 0x70 (ccl_mem)
    0x12761: msg_exe_main + 0xa1 (CCL_MSG)
    0x29872: __tmainCRTStartup + 0x10e (quartus_map)
    0x2cd86: BaseThreadInitThunk + 0x16 (KERNEL32)
    0xacaeb: RtlUserThreadStart + 0x2b (ntdll)

End-trace

Internal Error: Sub-system: QSYN, File: /quartus/synth/qsyn/qsyn_cmd.cpp, Line: 1539
FAILED at opening pipe ul_pipertl1a13200
Stack Trace:
    0x1383a: QSYN_FRAMEWORK::execute + 0x22a (quartus_map)
    0x11067: qexe_do_grunt + 0xa7 (comp_qexe)
    0x16063: qexe_run + 0x353 (comp_qexe)
    0x16e51: qexe_standard_main + 0xc1 (comp_qexe)
    0x1b08b: qsyn_main + 0x51b (quartus_map)
    0x12e98: msg_main_thread + 0x18 (CCL_MSG)
    0x1467e: msg_thread_wrapper + 0x6e (CCL_MSG)
    0x16660: mem_thread_wrapper + 0x70 (ccl_mem)
    0x12761: msg_exe_main + 0xa1 (CCL_MSG)
    0x29872: __tmainCRTStartup + 0x10e (quartus_map)
    0x2cd86: BaseThreadInitThunk + 0x16 (KERNEL32)
    0xacaeb: RtlUserThreadStart + 0x2b (ntdll)

End-trace

Internal Error: Sub-system: QSYN, File: /quartus/synth/qsyn/qsyn_cmd.cpp, Line: 1539
FAILED at opening pipe ul_pipertl10a13200
Stack Trace:
    0x1383a: QSYN_FRAMEWORK::execute + 0x22a (quartus_map)
    0x11067: qexe_do_grunt + 0xa7 (comp_qexe)
    0x16063: qexe_run + 0x353 (comp_qexe)
    0x16e51: qexe_standard_main + 0xc1 (comp_qexe)
    0x1b08b: qsyn_main + 0x51b (quartus_map)
    0x12e98: msg_main_thread + 0x18 (CCL_MSG)
    0x1467e: msg_thread_wrapper + 0x6e (CCL_MSG)
    0x16660: mem_thread_wrapper + 0x70 (ccl_mem)
    0x12761: msg_exe_main + 0xa1 (CCL_MSG)
    0x29872: __tmainCRTStartup + 0x10e (quartus_map)
    0x2cd86: BaseThreadInitThunk + 0x16 (KERNEL32)
    0xacaeb: RtlUserThreadStart + 0x2b (ntdll)

End-trace

Internal Error: Sub-system: QSYN, File: /quartus/synth/qsyn/qsyn_cmd.cpp, Line: 1539
FAILED at opening pipe ul_pipertl12a13200
Stack Trace:
    0x1383a: QSYN_FRAMEWORK::execute + 0x22a (quartus_map)
    0x11067: qexe_do_grunt + 0xa7 (comp_qexe)
    0x16063: qexe_run + 0x353 (comp_qexe)
    0x16e51: qexe_standard_main + 0xc1 (comp_qexe)
    0x1b08b: qsyn_main + 0x51b (quartus_map)
    0x12e98: msg_main_thread + 0x18 (CCL_MSG)
    0x1467e: msg_thread_wrapper + 0x6e (CCL_MSG)
    0x16660: mem_thread_wrapper + 0x70 (ccl_mem)
    0x12761: msg_exe_main + 0xa1 (CCL_MSG)
    0x29872: __tmainCRTStartup + 0x10e (quartus_map)
    0x2cd86: BaseThreadInitThunk + 0x16 (KERNEL32)
    0xacaeb: RtlUserThreadStart + 0x2b (ntdll)

End-trace

Internal Error: Sub-system: QSYN, File: /quartus/synth/qsyn/qsyn_cmd.cpp, Line: 1539
FAILED at opening pipe ul_pipertl2a13200
Stack Trace:
    0x1383a: QSYN_FRAMEWORK::execute + 0x22a (quartus_map)
    0x11067: qexe_do_grunt + 0xa7 (comp_qexe)
    0x16063: qexe_run + 0x353 (comp_qexe)
    0x16e51: qexe_standard_main + 0xc1 (comp_qexe)
    0x1b08b: qsyn_main + 0x51b (quartus_map)
    0x12e98: msg_main_thread + 0x18 (CCL_MSG)
    0x1467e: msg_thread_wrapper + 0x6e (CCL_MSG)
    0x16660: mem_thread_wrapper + 0x70 (ccl_mem)
    0x12761: msg_exe_main + 0xa1 (CCL_MSG)
    0x29872: __tmainCRTStartup + 0x10e (quartus_map)
    0x2cd86: BaseThreadInitThunk + 0x16 (KERNEL32)
    0xacaeb: RtlUserThreadStart + 0x2b (ntdll)

End-trace

Internal Error: Sub-system: QSYN, File: /quartus/synth/qsyn/qsyn_cmd.cpp, Line: 1539
FAILED at opening pipe ul_pipertl5a13200
Stack Trace:
    0x1383a: QSYN_FRAMEWORK::execute + 0x22a (quartus_map)
    0x11067: qexe_do_grunt + 0xa7 (comp_qexe)
    0x16063: qexe_run + 0x353 (comp_qexe)
    0x16e51: qexe_standard_main + 0xc1 (comp_qexe)
    0x1b08b: qsyn_main + 0x51b (quartus_map)
    0x12e98: msg_main_thread + 0x18 (CCL_MSG)
    0x1467e: msg_thread_wrapper + 0x6e (CCL_MSG)
    0x16660: mem_thread_wrapper + 0x70 (ccl_mem)
    0x12761: msg_exe_main + 0xa1 (CCL_MSG)
    0x29872: __tmainCRTStartup + 0x10e (quartus_map)
    0x2cd86: BaseThreadInitThunk + 0x16 (KERNEL32)
    0xacaeb: RtlUserThreadStart + 0x2b (ntdll)

End-trace

Internal Error: Sub-system: QSYN, File: /quartus/synth/qsyn/qsyn_cmd.cpp, Line: 1539
FAILED at opening pipe ul_pipertl0a13200
Stack Trace:
    0x1383a: QSYN_FRAMEWORK::execute + 0x22a (quartus_map)
    0x11067: qexe_do_grunt + 0xa7 (comp_qexe)
    0x16063: qexe_run + 0x353 (comp_qexe)
    0x16e51: qexe_standard_main + 0xc1 (comp_qexe)
    0x1b08b: qsyn_main + 0x51b (quartus_map)
    0x12e98: msg_main_thread + 0x18 (CCL_MSG)
    0x1467e: msg_thread_wrapper + 0x6e (CCL_MSG)
    0x16660: mem_thread_wrapper + 0x70 (ccl_mem)
    0x12761: msg_exe_main + 0xa1 (CCL_MSG)
    0x29872: __tmainCRTStartup + 0x10e (quartus_map)
    0x2cd86: BaseThreadInitThunk + 0x16 (KERNEL32)
    0xacaeb: RtlUserThreadStart + 0x2b (ntdll)

End-trace

Internal Error: Sub-system: QSYN, File: /quartus/synth/qsyn/qsyn_cmd.cpp, Line: 1539
FAILED at opening pipe ul_pipertl11a13200
Stack Trace:
    0x1383a: QSYN_FRAMEWORK::execute + 0x22a (quartus_map)
    0x11067: qexe_do_grunt + 0xa7 (comp_qexe)
    0x16063: qexe_run + 0x353 (comp_qexe)
    0x16e51: qexe_standard_main + 0xc1 (comp_qexe)
    0x1b08b: qsyn_main + 0x51b (quartus_map)
    0x12e98: msg_main_thread + 0x18 (CCL_MSG)
    0x1467e: msg_thread_wrapper + 0x6e (CCL_MSG)
    0x16660: mem_thread_wrapper + 0x70 (ccl_mem)
    0x12761: msg_exe_main + 0xa1 (CCL_MSG)
    0x29872: __tmainCRTStartup + 0x10e (quartus_map)
    0x2cd86: BaseThreadInitThunk + 0x16 (KERNEL32)
    0xacaeb: RtlUserThreadStart + 0x2b (ntdll)

End-trace

Internal Error: Sub-system: QSYN, File: /quartus/synth/qsyn/qsyn_cmd.cpp, Line: 1539
FAILED at opening pipe ul_pipertl3a13200
Stack Trace:
    0x1383a: QSYN_FRAMEWORK::execute + 0x22a (quartus_map)
    0x11067: qexe_do_grunt + 0xa7 (comp_qexe)
    0x16063: qexe_run + 0x353 (comp_qexe)
    0x16e51: qexe_standard_main + 0xc1 (comp_qexe)
    0x1b08b: qsyn_main + 0x51b (quartus_map)
    0x12e98: msg_main_thread + 0x18 (CCL_MSG)
    0x1467e: msg_thread_wrapper + 0x6e (CCL_MSG)
    0x16660: mem_thread_wrapper + 0x70 (ccl_mem)
    0x12761: msg_exe_main + 0xa1 (CCL_MSG)
    0x29872: __tmainCRTStartup + 0x10e (quartus_map)
    0x2cd86: BaseThreadInitThunk + 0x16 (KERNEL32)
    0xacaeb: RtlUserThreadStart + 0x2b (ntdll)

End-trace

Internal Error: Sub-system: QSYN, File: /quartus/synth/qsyn/qsyn_cmd.cpp, Line: 1539
FAILED at opening pipe ul_pipertl7a13200
Stack Trace:
    0x1383a: QSYN_FRAMEWORK::execute + 0x22a (quartus_map)
    0x11067: qexe_do_grunt + 0xa7 (comp_qexe)
    0x16063: qexe_run + 0x353 (comp_qexe)
    0x16e51: qexe_standard_main + 0xc1 (comp_qexe)
    0x1b08b: qsyn_main + 0x51b (quartus_map)
    0x12e98: msg_main_thread + 0x18 (CCL_MSG)
    0x1467e: msg_thread_wrapper + 0x6e (CCL_MSG)
    0x16660: mem_thread_wrapper + 0x70 (ccl_mem)
    0x12761: msg_exe_main + 0xa1 (CCL_MSG)
    0x29872: __tmainCRTStartup + 0x10e (quartus_map)
    0x2cd86: BaseThreadInitThunk + 0x16 (KERNEL32)
    0xacaeb: RtlUserThreadStart + 0x2b (ntdll)

End-trace

Info (144001): Generated suppressed messages file D:/2151097_Nguyen Nhut Khanh/quartus/output_files/llm_soc.map.smsg
Error: Quartus Prime Analysis & Synthesis was unsuccessful. 0 errors, 2 warnings
    Error: Peak virtual memory: 5475 megabytes
    Error: Processing ended: Thu Oct 01 23:28:29 2026
    Error: Elapsed time: 00:01:07
    Error: Total CPU time (on all processors): 00:00:43
