Info: *******************************************************************
Info: Running Quartus Prime Fitter
    Info: Version 18.1.0 Build 625 09/12/2018 SJ Lite Edition
    Info: Copyright (C) 2018  Intel Corporation. All rights reserved.
    Info: Your use of Intel Corporation's design tools, logic functions 
    Info: and other software and tools, and its AMPP partner logic 
    Info: functions, and any output files from any of the foregoing 
    Info: (including device programming or simulation files), and any 
    Info: associated documentation or information are expressly subject 
    Info: to the terms and conditions of the Intel Program License 
    Info: Subscription Agreement, the Intel Quartus Prime License Agreement,
    Info: the Intel FPGA IP License Agreement, or other applicable license
    Info: agreement, including, without limitation, that your use is for
    Info: the sole purpose of programming logic devices manufactured by
    Info: Intel and sold by Intel or its authorized distributors.  Please
    Info: refer to the applicable agreement for further details.
    Info: Processing started: Fri Oct 02 01:05:07 2026
Info: Command: quartus_fit --read_settings_files=on --write_settings_files=off llm_soc -c llm_soc
Info: qfit2_default_script.tcl version: #1
Info: Project  = llm_soc
Info: Revision = llm_soc
Info (20030): Parallel compilation is enabled and will use 16 of the 16 processors detected
Info (119006): Selected device 5CGXFC9E6F35C7 for design "llm_soc"
Info (21077): Low junction temperature is 0 degrees C
Info (21077): High junction temperature is 85 degrees C
Info (171004): Fitter is performing a Standard Fit compilation using maximum Fitter effort to optimize design performance
Warning (292013): Feature LogicLock is only available with a valid subscription license. You can purchase a software subscription to gain full access to this feature.
Warning (15714): Some pins have incomplete I/O assignments. Refer to the I/O Assignment Warnings report for details
Info (176045): Design uses memory blocks. Violating setup or hold times of memory block address registers for either read or write operations could cause memory contents to be corrupted. Make sure that all memory block address registers meet the setup and hold time requirements.
Critical Warning (169085): No exact pin location assignment(s) for 127 pins of 127 total pins. For the list of pins please refer to the I/O Assignment Warnings table in the fitter report.
Info (184020): Starting Fitter periphery placement operations
Info (11178): Promoted 1 clock (1 global)
    Info (11162): clk~inputCLKENA0 with 49851 fanout uses global clock CLKCTRL_G6
Info (11191): Automatically promoted 1 clock (1 global)
    Info (11162): rst_n~inputCLKENA0 with 1924 fanout uses global clock CLKCTRL_G9
Info (184021): Fitter periphery placement operations ending: elapsed time is 00:00:04
Info (176233): Starting register packing
Info (332104): Reading SDC File: 'llm_soc.sdc'
Info (332151): Clock uncertainty is not calculated until you update the timing netlist.
Info (332123): Deriving Clock Uncertainty. Please refer to report_sdc in the Timing Analyzer to see clock uncertainties.
Info (332129): Detected timing requirements -- optimizing circuit to achieve only the specified requirements
Info (332111): Found 1 clocks
    Info (332111):   Period   Clock Name
    Info (332111): ======== ============
    Info (332111):   10.000          clk
Warning (176225): Can't pack node host_rdata[0]~reg0 to I/O pin File: D:/2151097_Nguyen Nhut Khanh/Verilog Source code/llm_soc.sv Line: 299
    Warning (176279): Can't pack register node "host_rdata[0]~reg0" into I/O pin "host_rdata[0]". The node "host_rdata[0]~reg0" cannot simultaneously use clear and load signals. File: D:/2151097_Nguyen Nhut Khanh/Verilog Source code/llm_soc.sv Line: 299
Warning (176225): Can't pack node host_rdata[1]~reg0 to I/O pin File: D:/2151097_Nguyen Nhut Khanh/Verilog Source code/llm_soc.sv Line: 299
    Warning (176279): Can't pack register node "host_rdata[1]~reg0" into I/O pin "host_rdata[1]". The node "host_rdata[1]~reg0" cannot simultaneously use clear and load signals. File: D:/2151097_Nguyen Nhut Khanh/Verilog Source code/llm_soc.sv Line: 299
Warning (176225): Can't pack node host_rdata[2]~reg0 to I/O pin File: D:/2151097_Nguyen Nhut Khanh/Verilog Source code/llm_soc.sv Line: 299
    Warning (176279): Can't pack register node "host_rdata[2]~reg0" into I/O pin "host_rdata[2]". The node "host_rdata[2]~reg0" cannot simultaneously use clear and load signals. File: D:/2151097_Nguyen Nhut Khanh/Verilog Source code/llm_soc.sv Line: 299
Warning (176225): Can't pack node host_rdata[3]~reg0 to I/O pin File: D:/2151097_Nguyen Nhut Khanh/Verilog Source code/llm_soc.sv Line: 299
    Warning (176279): Can't pack register node "host_rdata[3]~reg0" into I/O pin "host_rdata[3]". The node "host_rdata[3]~reg0" cannot simultaneously use clear and load signals. File: D:/2151097_Nguyen Nhut Khanh/Verilog Source code/llm_soc.sv Line: 299
Warning (176225): Can't pack node host_rdata[4]~reg0 to I/O pin File: D:/2151097_Nguyen Nhut Khanh/Verilog Source code/llm_soc.sv Line: 299
    Warning (176279): Can't pack register node "host_rdata[4]~reg0" into I/O pin "host_rdata[4]". The node "host_rdata[4]~reg0" cannot simultaneously use clear and load signals. File: D:/2151097_Nguyen Nhut Khanh/Verilog Source code/llm_soc.sv Line: 299
Warning (176225): Can't pack node host_rdata[5]~reg0 to I/O pin File: D:/2151097_Nguyen Nhut Khanh/Verilog Source code/llm_soc.sv Line: 299
    Warning (176279): Can't pack register node "host_rdata[5]~reg0" into I/O pin "host_rdata[5]". The node "host_rdata[5]~reg0" cannot simultaneously use clear and load signals. File: D:/2151097_Nguyen Nhut Khanh/Verilog Source code/llm_soc.sv Line: 299
Warning (176225): Can't pack node host_rdata[6]~reg0 to I/O pin File: D:/2151097_Nguyen Nhut Khanh/Verilog Source code/llm_soc.sv Line: 299
    Warning (176279): Can't pack register node "host_rdata[6]~reg0" into I/O pin "host_rdata[6]". The node "host_rdata[6]~reg0" cannot simultaneously use clear and load signals. File: D:/2151097_Nguyen Nhut Khanh/Verilog Source code/llm_soc.sv Line: 299
Warning (176225): Can't pack node host_rdata[7]~reg0 to I/O pin File: D:/2151097_Nguyen Nhut Khanh/Verilog Source code/llm_soc.sv Line: 299
    Warning (176279): Can't pack register node "host_rdata[7]~reg0" into I/O pin "host_rdata[7]". The node "host_rdata[7]~reg0" cannot simultaneously use clear and load signals. File: D:/2151097_Nguyen Nhut Khanh/Verilog Source code/llm_soc.sv Line: 299
Warning (176225): Can't pack node host_rdata[8]~reg0 to I/O pin File: D:/2151097_Nguyen Nhut Khanh/Verilog Source code/llm_soc.sv Line: 299
    Warning (176279): Can't pack register node "host_rdata[8]~reg0" into I/O pin "host_rdata[8]". The node "host_rdata[8]~reg0" cannot simultaneously use clear and load signals. File: D:/2151097_Nguyen Nhut Khanh/Verilog Source code/llm_soc.sv Line: 299
Warning (176225): Can't pack node host_rdata[9]~reg0 to I/O pin File: D:/2151097_Nguyen Nhut Khanh/Verilog Source code/llm_soc.sv Line: 299
    Warning (176279): Can't pack register node "host_rdata[9]~reg0" into I/O pin "host_rdata[9]". The node "host_rdata[9]~reg0" cannot simultaneously use clear and load signals. File: D:/2151097_Nguyen Nhut Khanh/Verilog Source code/llm_soc.sv Line: 299
Warning (176225): Can't pack node host_rdata[10]~reg0 to I/O pin File: D:/2151097_Nguyen Nhut Khanh/Verilog Source code/llm_soc.sv Line: 299
    Warning (176279): Can't pack register node "host_rdata[10]~reg0" into I/O pin "host_rdata[10]". The node "host_rdata[10]~reg0" cannot simultaneously use clear and load signals. File: D:/2151097_Nguyen Nhut Khanh/Verilog Source code/llm_soc.sv Line: 299
Warning (176225): Can't pack node host_rdata[11]~reg0 to I/O pin File: D:/2151097_Nguyen Nhut Khanh/Verilog Source code/llm_soc.sv Line: 299
    Warning (176279): Can't pack register node "host_rdata[11]~reg0" into I/O pin "host_rdata[11]". The node "host_rdata[11]~reg0" cannot simultaneously use clear and load signals. File: D:/2151097_Nguyen Nhut Khanh/Verilog Source code/llm_soc.sv Line: 299
