Info: *******************************************************************
Info: Running Quartus Prime Fitter
    Info: Version 18.1.0 Build 625 09/12/2018 SJ Lite Edition
    Info: Copyright (C) 2018  Intel Corporation. All rights reserved.
    Info: Your use of Intel Corporation's design tools, logic functions 
    Info: and other software and tools, and its AMPP partner logic 
    Info: functions, and any output files from any of the foregoing 
    Info: (including device programming or simulation files), and any 
    Info: associated documentation or information are expressly subject 
    Info: to the terms and conditions of the Intel Program License 
    Info: Subscription Agreement, the Intel Quartus Prime License Agreement,
    Info: the Intel FPGA IP License Agreement, or other applicable license
    Info: agreement, including, without limitation, that your use is for
    Info: the sole purpose of programming logic devices manufactured by
    Info: Intel and sold by Intel or its authorized distributors.  Please
    Info: refer to the applicable agreement for further details.
    Info: Processing started: Thu Oct 01 22:38:31 2026
Info: Command: quartus_fit --read_settings_files=on --write_settings_files=off llm_soc -c llm_soc
Info: qfit2_default_script.tcl version: #1
Info: Project  = llm_soc
Info: Revision = llm_soc
Info (20030): Parallel compilation is enabled and will use 16 of the 16 processors detected
Info (119006): Selected device 5CGXFC9E6F35C7 for design "llm_soc"
Info (21077): Low junction temperature is 0 degrees C
Info (21077): High junction temperature is 85 degrees C
Info (171004): Fitter is performing a Standard Fit compilation using maximum Fitter effort to optimize design performance
Warning (292013): Feature LogicLock is only available with a valid subscription license. You can purchase a software subscription to gain full access to this feature.
Warning (15714): Some pins have incomplete I/O assignments. Refer to the I/O Assignment Warnings report for details
Info (176045): Design uses memory blocks. Violating setup or hold times of memory block address registers for either read or write operations could cause memory contents to be corrupted. Make sure that all memory block address registers meet the setup and hold time requirements.
Critical Warning (169085): No exact pin location assignment(s) for 127 pins of 127 total pins. For the list of pins please refer to the I/O Assignment Warnings table in the fitter report.
Info (184020): Starting Fitter periphery placement operations
Info (11178): Promoted 1 clock (1 global)
    Info (11162): clk~inputCLKENA0 with 30146 fanout uses global clock CLKCTRL_G6
Info (11191): Automatically promoted 1 clock (1 global)
    Info (11162): rst_n~inputCLKENA0 with 745 fanout uses global clock CLKCTRL_G9
Info (184021): Fitter periphery placement operations ending: elapsed time is 00:00:04
Info (176233): Starting register packing
Info (332104): Reading SDC File: 'llm_soc.sdc'
Info (332151): Clock uncertainty is not calculated until you update the timing netlist.
Info (332123): Deriving Clock Uncertainty. Please refer to report_sdc in the Timing Analyzer to see clock uncertainties.
Info (332129): Detected timing requirements -- optimizing circuit to achieve only the specified requirements
Info (332111): Found 1 clocks
    Info (332111):   Period   Clock Name
    Info (332111): ======== ============
    Info (332111):   10.000          clk
Warning (176251): Ignoring some wildcard destinations of fast I/O register assignments
    Info (176252): Wildcard assignment "Fast Output Register=ON" to "pc_debug[*]" matches multiple destination nodes -- some destinations are not valid targets for this assignment
    Info (176252): Wildcard assignment "Fast Output Register=ON" to "instr_debug[*]" matches multiple destination nodes -- some destinations are not valid targets for this assignment
Info (176235): Finished register packing
    Extra Info (176218): Packed 384 registers into blocks of type Block RAM
    Extra Info (176218): Packed 6584 registers into blocks of type DSP block
    Extra Info (176218): Packed 56 registers into blocks of type I/O output buffer
    Extra Info (176220): Created 1907 register duplicates
Info (11798): Fitter preparation operations ending: elapsed time is 00:00:59
Info (170189): Fitter placement preparation operations beginning
Info (14951): The Fitter is using Advanced Physical Optimization.
Info (170190): Fitter placement preparation operations ending: elapsed time is 00:06:36
Info (170191): Fitter placement operations beginning
Info (170137): Fitter placement was successful
Info (170192): Fitter placement operations ending: elapsed time is 00:05:35
Info (170193): Fitter routing operations beginning
Info (170195): Router estimated average interconnect usage is 18% of the available device resources
    Info (170196): Router estimated peak interconnect usage is 61% of the available device resources in the region that extends from location X48_Y69 to location X60_Y80
Info (170194): Fitter routing operations ending: elapsed time is 00:08:25
Info (11888): Total time spent on timing analysis during the Fitter is 464.68 seconds.
Info (334003): Started post-fitting delay annotation
Info (334004): Delay annotation completed successfully
Info (334003): Started post-fitting delay annotation
Info (334004): Delay annotation completed successfully
Info (11801): Fitter post-fit operations ending: elapsed time is 00:04:24
Info (144001): Generated suppressed messages file D:/2151097_Nguyen Nhut Khanh/quartus/output_files/llm_soc.fit.smsg
Info: Quartus Prime Fitter was successful. 0 errors, 4 warnings
    Info: Peak virtual memory: 10501 megabytes
    Info: Processing ended: Thu Oct 01 23:17:26 2026
    Info: Elapsed time: 00:38:55
    Info: Total CPU time (on all processors): 02:21:07
