------------------------------------------------------------
Timing Analyzer Summary
------------------------------------------------------------

Type  : Slow 1100mV 85C Model Setup 'clk'
Slack : -3.781
TNS   : -5323.438

Type  : Slow 1100mV 85C Model Hold 'clk'
Slack : 0.176
TNS   : 0.000

Type  : Slow 1100mV 85C Model Recovery 'clk'
Slack : 4.999
TNS   : 0.000

Type  : Slow 1100mV 85C Model Removal 'clk'
Slack : 0.140
TNS   : 0.000

Type  : Slow 1100mV 85C Model Minimum Pulse Width 'clk'
Slack : 3.600
TNS   : 0.000

Type  : Slow 1100mV 0C Model Setup 'clk'
Slack : -4.202
TNS   : -4791.870

Type  : Slow 1100mV 0C Model Hold 'clk'
Slack : 0.055
TNS   : 0.000

Type  : Slow 1100mV 0C Model Recovery 'clk'
Slack : 5.116
TNS   : 0.000

Type  : Slow 1100mV 0C Model Removal 'clk'
Slack : 0.038
TNS   : 0.000

Type  : Slow 1100mV 0C Model Minimum Pulse Width 'clk'
Slack : 3.548
TNS   : 0.000

Type  : Fast 1100mV 85C Model Setup 'clk'
Slack : 1.941
TNS   : 0.000

Type  : Fast 1100mV 85C Model Hold 'clk'
Slack : 0.103
TNS   : 0.000

Type  : Fast 1100mV 85C Model Recovery 'clk'
Slack : 6.398
TNS   : 0.000

Type  : Fast 1100mV 85C Model Removal 'clk'
Slack : 0.416
TNS   : 0.000

Type  : Fast 1100mV 85C Model Minimum Pulse Width 'clk'
Slack : 3.798
TNS   : 0.000

Type  : Fast 1100mV 0C Model Setup 'clk'
Slack : 3.006
TNS   : 0.000

Type  : Fast 1100mV 0C Model Hold 'clk'
Slack : 0.037
TNS   : 0.000

Type  : Fast 1100mV 0C Model Recovery 'clk'
Slack : 6.403
TNS   : 0.000

Type  : Fast 1100mV 0C Model Removal 'clk'
Slack : 0.418
TNS   : 0.000

Type  : Fast 1100mV 0C Model Minimum Pulse Width 'clk'
Slack : 3.787
TNS   : 0.000

------------------------------------------------------------
