# ** Note: (vsim-220) 'C:/altera_lite/25.1std/questa_fse/win64/../modelsim.ini' is used as the ini file.
# vsim -c -onfinish exit -lib tests/full_rtl/build/opt_final4 -voptargs="-duselectreport=docs/verification/portable_elaboration_opt_final4/design_units.json" -l D:\2151097_Nguyen Nhut Khanh\docs\verification\portable_elaboration_opt_final4\elaborate.log llm_soc -do "run 0; quit -f" -gUSE_QUARTUS_MEMORY=0 
# Start time: 17:13:45 on Oct 05,2026
# ** Note: (vsim-3812) Design is being optimized...
# ** Note: (vopt-220) 'C:/altera_lite/25.1std/questa_fse/win64/../modelsim.ini' is used as the ini file.
# //  Questa Altera Starter FPGA Edition-64
# //  Version 2025.2 win64 May 31 2025
# //
# // Unpublished work. Copyright 2025 Siemens
# //
# // This material contains trade secrets or otherwise confidential information
# // owned by Siemens Industry Software Inc. or its affiliates (collectively,
# // "SISW"), or its licensors. Access to and use of this information is strictly
# // limited as set forth in the Customer's applicable agreements with SISW.
# //
# // This material may not be copied, distributed, or otherwise disclosed outside
# // of the Customer's facilities without the express written permission of SISW,
# // and may not be used in any way not expressly authorized by SISW.
# //
# Loading sv_std.std
# Loading work.llm_pkg(fast)
# Loading work.npu_pkg(fast)
# Loading work.llm_soc(fast)
# run 0
#  quit -f
# End time: 17:13:54 on Oct 05,2026, Elapsed time: 0:00:09
# Errors: 0, Warnings: 0
