------------------------------------------------------------
Timing Analyzer Summary
------------------------------------------------------------

Type  : Slow 1100mV 85C Model Setup 'clk'
Slack : -0.345
TNS   : -62.291

Type  : Slow 1100mV 85C Model Hold 'clk'
Slack : -0.093
TNS   : -0.153

Type  : Slow 1100mV 85C Model Recovery 'clk'
Slack : 2.654
TNS   : 0.000

Type  : Slow 1100mV 85C Model Removal 'clk'
Slack : 1.190
TNS   : 0.000

Type  : Slow 1100mV 85C Model Minimum Pulse Width 'clk'
Slack : 3.600
TNS   : 0.000

Type  : Slow 1100mV 0C Model Setup 'clk'
Slack : -0.116
TNS   : -0.834

Type  : Slow 1100mV 0C Model Hold 'clk'
Slack : 0.235
TNS   : 0.000

Type  : Slow 1100mV 0C Model Recovery 'clk'
Slack : 2.977
TNS   : 0.000

Type  : Slow 1100mV 0C Model Removal 'clk'
Slack : 1.118
TNS   : 0.000

Type  : Slow 1100mV 0C Model Minimum Pulse Width 'clk'
Slack : 3.543
TNS   : 0.000

Type  : Fast 1100mV 85C Model Setup 'clk'
Slack : 3.493
TNS   : 0.000

Type  : Fast 1100mV 85C Model Hold 'clk'
Slack : 0.128
TNS   : 0.000

Type  : Fast 1100mV 85C Model Recovery 'clk'
Slack : 4.474
TNS   : 0.000

Type  : Fast 1100mV 85C Model Removal 'clk'
Slack : 0.592
TNS   : 0.000

Type  : Fast 1100mV 85C Model Minimum Pulse Width 'clk'
Slack : 3.801
TNS   : 0.000

Type  : Fast 1100mV 0C Model Setup 'clk'
Slack : 4.023
TNS   : 0.000

Type  : Fast 1100mV 0C Model Hold 'clk'
Slack : 0.118
TNS   : 0.000

Type  : Fast 1100mV 0C Model Recovery 'clk'
Slack : 6.054
TNS   : 0.000

Type  : Fast 1100mV 0C Model Removal 'clk'
Slack : 0.541
TNS   : 0.000

Type  : Fast 1100mV 0C Model Minimum Pulse Width 'clk'
Slack : 3.790
TNS   : 0.000

------------------------------------------------------------
