# vsim -c -onfinish exit -l ../core-mixed.log ../core_lib.tb_core_nonlinear -do "run -all; quit -f" -gMIXED=1 
# Start time: 17:45:37 on Sep 17,2026
# Loading sv_std.std
# Loading ../core_lib.tb_core_nonlinear
# Loading ../core_lib.matmulfree
# Loading ../core_lib.hazard_detect
# Loading ../core_lib.PC
# Loading ../core_lib.ins_mem
# Loading ../core_lib.fd_reg
# Loading ../core_lib.ctrl_unit
# Loading ../core_lib.register
# Loading ../core_lib.de_reg
# Loading ../core_lib.nonlinear_dispatch
# Loading ../core_lib.norm
# Loading ../core_lib.rsqrt_lut
# Loading ../core_lib.serial_unsigned_mul
# Loading ../core_lib.rowwise_op
# Loading ../core_lib.mul
# Loading ../core_lib.div
# Loading ../core_lib.em_reg
# Loading ../core_lib.mem_mapping
# Loading ../core_lib.ternary_mul
# Loading ../core_lib.mw_reg
# Loading ../core_lib.sigmoid
# Loading ../core_lib.addsub
# Loading ../core_lib.exp_row
# Loading ../core_lib.exp_lut
# Loading ../core_lib.lut_interp
# run -all
# ** Fatal: CORE nonlinear write retire=0 beat=13 got=10001000100010001000100010001000100010001000100010001000100010001000100010001000100010001000100010001000100010001000100010001000 exp=0aff09b40890078f06ab05e32b7e266221df1de41a611748148b122110000e1f0c760aff09b40890078f06ab05e32b7e266221df1de41a611748148b12211000
#    Time: 395 ns  Scope: tb_core_nonlinear.test File: D:/2151097_Nguyen Nhut Khanh/nonlinear/sim/tb_core_nonlinear.sv Line: 31
# ** Note: $finish    : D:/2151097_Nguyen Nhut Khanh/nonlinear/sim/tb_core_nonlinear.sv(31)
#    Time: 395 ns  Iteration: 1  Instance: /tb_core_nonlinear
# End time: 17:45:39 on Sep 17,2026, Elapsed time: 0:00:02
# Errors: 1, Warnings: 0
