# vsim -c -onfinish exit -l D:\2151097_Nguyen Nhut Khanh\nonlinear\sim\core-nonlinear.log ../core_lib.tb_core_nonlinear -do "run -all; quit -f" 
# Start time: 17:43:48 on Sep 17,2026
# Loading sv_std.std
# Loading ../core_lib.tb_core_nonlinear
# Loading ../core_lib.matmulfree
# Loading ../core_lib.hazard_detect
# Loading ../core_lib.PC
# Loading ../core_lib.ins_mem
# Loading ../core_lib.fd_reg
# Loading ../core_lib.ctrl_unit
# Loading ../core_lib.register
# Loading ../core_lib.de_reg
# Loading ../core_lib.nonlinear_dispatch
# Loading ../core_lib.norm
# Loading ../core_lib.rsqrt_lut
# Loading ../core_lib.serial_unsigned_mul
# Loading ../core_lib.rowwise_op
# Loading ../core_lib.mul
# Loading ../core_lib.div
# Loading ../core_lib.em_reg
# Loading ../core_lib.mem_mapping
# Loading ../core_lib.ternary_mul
# Loading ../core_lib.mw_reg
# Loading ../core_lib.sigmoid
# Loading ../core_lib.addsub
# Loading ../core_lib.exp_row
# Loading ../core_lib.exp_lut
# Loading ../core_lib.lut_interp
# ** Warning: (vsim-2685) [TFMPC] - Too few port connections for 'mem_mapping_inst'.  Expected 20, found 18.
#    Time: 0 ps  Iteration: 0  Instance: /tb_core_nonlinear/dut/mem_mapping_inst File: D:/2151097_Nguyen Nhut Khanh/Verilog Source code/matmulfree.sv Line: 285
# ** Warning: (vsim-3722) D:/2151097_Nguyen Nhut Khanh/Verilog Source code/matmulfree.sv(285): [TFMPC] - Missing connection for port 'almost_full'.
# ** Warning: (vsim-3722) D:/2151097_Nguyen Nhut Khanh/Verilog Source code/matmulfree.sv(285): [TFMPC] - Missing connection for port 'almost_empty'.
# run -all
# CORE_NONLINEAR_PASS instructions=6 writes=96 cycles=88395 TMATMUL=inactive_stub
# ** Note: $finish    : D:/2151097_Nguyen Nhut Khanh/nonlinear/sim/tb_core_nonlinear.sv(45)
#    Time: 883976 ns  Iteration: 0  Instance: /tb_core_nonlinear
# End time: 17:43:52 on Sep 17,2026, Elapsed time: 0:00:04
# Errors: 0, Warnings: 3
