# vsim -c -onfinish exit -L D:\2151097_Nguyen Nhut Khanh\tests\full_rtl\build\current_memory_model\altera_mf_ver -L tests/full_rtl/build/work -lib tests/full_rtl/build/work -l D:\2151097_Nguyen Nhut Khanh\tests\full_rtl\build\current_memory_model\tb_llm_selection.log tb_llm_selection -do "run -all; quit -f" 
# Start time: 09:08:36 on Oct 04,2026
# Loading sv_std.std
# Loading tests/full_rtl/build/work.tb_llm_selection
# Loading tests/full_rtl/build/work.llm_pkg
# Loading tests/full_rtl/build/work.npu_pkg
# Loading tests/full_rtl/build/work.llm_soc
# Loading tests/full_rtl/build/work.logic_mul
# Loading tests/full_rtl/build/work.llm_parameter_ram
# Loading tests/full_rtl/build/work.llm_bank_ram
# Loading tests/full_rtl/build/work.llm_math
# Loading tests/full_rtl/build/work.isqrt_u64
# Loading tests/full_rtl/build/work.div
# Loading tests/full_rtl/build/work.sigmoid
# Loading tests/full_rtl/build/work.pipelined_word_ram
# Loading tests/full_rtl/build/work.quartus_word_ram
# Loading D:\2151097_Nguyen Nhut Khanh\tests\full_rtl\build\current_memory_model\altera_mf_ver.altsyncram
# Loading D:\2151097_Nguyen Nhut Khanh\tests\full_rtl\build\current_memory_model\altera_mf_ver.altsyncram_body
# Loading D:\2151097_Nguyen Nhut Khanh\tests\full_rtl\build\current_memory_model\altera_mf_ver.ALTERA_DEVICE_FAMILIES
# Loading D:\2151097_Nguyen Nhut Khanh\tests\full_rtl\build\current_memory_model\altera_mf_ver.ALTERA_MF_MEMORY_INITIALIZATION
# run -all
# SELECT_EDGE_PASS checks=14 minimum_score_ties=2 excluded=5 stable_ties=2
# ** Note: $finish    : D:/2151097_Nguyen Nhut Khanh/tests/full_rtl/tb_selection.sv(38)
#    Time: 220 ns  Iteration: 1  Instance: /tb_llm_selection
# End time: 09:08:37 on Oct 04,2026, Elapsed time: 0:00:01
# Errors: 0, Warnings: 0
