# vsim -c -onfinish exit -L D:\2151097_Nguyen Nhut Khanh\tests\full_rtl\build\current_memory_model\altera_mf_ver -L tests/full_rtl/build/work -lib tests/full_rtl/build/work -l D:\2151097_Nguyen Nhut Khanh\tests\full_rtl\build\current_memory_model\tb_llm_protocol.log tb_llm_protocol -do "run -all; quit -f" 
# Start time: 09:08:33 on Oct 04,2026
# Loading sv_std.std
# Loading tests/full_rtl/build/work.tb_llm_protocol
# Loading tests/full_rtl/build/work.llm_pkg
# Loading tests/full_rtl/build/work.npu_pkg
# Loading tests/full_rtl/build/work.llm_soc
# Loading tests/full_rtl/build/work.logic_mul
# Loading tests/full_rtl/build/work.llm_parameter_ram
# Loading tests/full_rtl/build/work.llm_bank_ram
# Loading tests/full_rtl/build/work.llm_math
# Loading tests/full_rtl/build/work.isqrt_u64
# Loading tests/full_rtl/build/work.div
# Loading tests/full_rtl/build/work.sigmoid
# Loading tests/full_rtl/build/work.pipelined_word_ram
# Loading tests/full_rtl/build/work.quartus_word_ram
# Loading D:\2151097_Nguyen Nhut Khanh\tests\full_rtl\build\current_memory_model\altera_mf_ver.altsyncram
# Loading D:\2151097_Nguyen Nhut Khanh\tests\full_rtl\build\current_memory_model\altera_mf_ver.altsyncram_body
# Loading D:\2151097_Nguyen Nhut Khanh\tests\full_rtl\build\current_memory_model\altera_mf_ver.ALTERA_DEVICE_FAMILIES
# Loading D:\2151097_Nguyen Nhut Khanh\tests\full_rtl\build\current_memory_model\altera_mf_ver.ALTERA_MF_MEMORY_INITIALIZATION
# run -all
# LLM_PROTOCOL_PASS transactions=29 cancellations=12 bounds=768KiB parameter_read_pipeline=5
# ** Note: $finish    : D:/2151097_Nguyen Nhut Khanh/tests/full_rtl/tb_protocol.sv(59)
#    Time: 4470 ns  Iteration: 1  Instance: /tb_llm_protocol
# End time: 09:08:35 on Oct 04,2026, Elapsed time: 0:00:02
# Errors: 0, Warnings: 0
