------------------------------------------------------------
Timing Analyzer Summary
------------------------------------------------------------

Type  : Slow 1100mV 85C Model Setup 'clk'
Slack : -1.836
TNS   : -952.596

Type  : Slow 1100mV 85C Model Hold 'clk'
Slack : 0.205
TNS   : 0.000

Type  : Slow 1100mV 85C Model Recovery 'clk'
Slack : 6.520
TNS   : 0.000

Type  : Slow 1100mV 85C Model Removal 'clk'
Slack : 0.134
TNS   : 0.000

Type  : Slow 1100mV 85C Model Minimum Pulse Width 'clk'
Slack : 3.600
TNS   : 0.000

Type  : Slow 1100mV 0C Model Setup 'clk'
Slack : -1.687
TNS   : -260.523

Type  : Slow 1100mV 0C Model Hold 'clk'
Slack : 0.069
TNS   : 0.000

Type  : Slow 1100mV 0C Model Recovery 'clk'
Slack : 6.593
TNS   : 0.000

Type  : Slow 1100mV 0C Model Removal 'clk'
Slack : 0.033
TNS   : 0.000

Type  : Slow 1100mV 0C Model Minimum Pulse Width 'clk'
Slack : 3.548
TNS   : 0.000

Type  : Fast 1100mV 85C Model Setup 'clk'
Slack : 2.384
TNS   : 0.000

Type  : Fast 1100mV 85C Model Hold 'clk'
Slack : 0.109
TNS   : 0.000

Type  : Fast 1100mV 85C Model Recovery 'clk'
Slack : 7.115
TNS   : 0.000

Type  : Fast 1100mV 85C Model Removal 'clk'
Slack : 0.414
TNS   : 0.000

Type  : Fast 1100mV 85C Model Minimum Pulse Width 'clk'
Slack : 3.798
TNS   : 0.000

Type  : Fast 1100mV 0C Model Setup 'clk'
Slack : 3.410
TNS   : 0.000

Type  : Fast 1100mV 0C Model Hold 'clk'
Slack : 0.042
TNS   : 0.000

Type  : Fast 1100mV 0C Model Recovery 'clk'
Slack : 7.120
TNS   : 0.000

Type  : Fast 1100mV 0C Model Removal 'clk'
Slack : 0.414
TNS   : 0.000

Type  : Fast 1100mV 0C Model Minimum Pulse Width 'clk'
Slack : 3.787
TNS   : 0.000

------------------------------------------------------------
