------------------------------------------------------------
Timing Analyzer Summary
------------------------------------------------------------

Type  : Slow 1100mV 85C Model Setup 'clk'
Slack : -0.844
TNS   : -16.608

Type  : Slow 1100mV 85C Model Hold 'clk'
Slack : 0.173
TNS   : 0.000

Type  : Slow 1100mV 85C Model Recovery 'clk'
Slack : 6.174
TNS   : 0.000

Type  : Slow 1100mV 85C Model Removal 'clk'
Slack : 0.776
TNS   : 0.000

Type  : Slow 1100mV 85C Model Minimum Pulse Width 'clk'
Slack : 3.600
TNS   : 0.000

Type  : Slow 1100mV 0C Model Setup 'clk'
Slack : -0.560
TNS   : -13.116

Type  : Slow 1100mV 0C Model Hold 'clk'
Slack : 0.040
TNS   : 0.000

Type  : Slow 1100mV 0C Model Recovery 'clk'
Slack : 6.267
TNS   : 0.000

Type  : Slow 1100mV 0C Model Removal 'clk'
Slack : 0.642
TNS   : 0.000

Type  : Slow 1100mV 0C Model Minimum Pulse Width 'clk'
Slack : 3.548
TNS   : 0.000

Type  : Fast 1100mV 85C Model Setup 'clk'
Slack : 3.060
TNS   : 0.000

Type  : Fast 1100mV 85C Model Hold 'clk'
Slack : 0.114
TNS   : 0.000

Type  : Fast 1100mV 85C Model Recovery 'clk'
Slack : 6.983
TNS   : 0.000

Type  : Fast 1100mV 85C Model Removal 'clk'
Slack : 0.459
TNS   : 0.000

Type  : Fast 1100mV 85C Model Minimum Pulse Width 'clk'
Slack : 3.801
TNS   : 0.000

Type  : Fast 1100mV 0C Model Setup 'clk'
Slack : 3.575
TNS   : 0.000

Type  : Fast 1100mV 0C Model Hold 'clk'
Slack : 0.046
TNS   : 0.000

Type  : Fast 1100mV 0C Model Recovery 'clk'
Slack : 6.974
TNS   : 0.000

Type  : Fast 1100mV 0C Model Removal 'clk'
Slack : 0.412
TNS   : 0.000

Type  : Fast 1100mV 0C Model Minimum Pulse Width 'clk'
Slack : 3.790
TNS   : 0.000

------------------------------------------------------------
