Info: *******************************************************************
Info: Running Quartus Prime Timing Analyzer
    Info: Version 18.1.0 Build 625 09/12/2018 SJ Lite Edition
    Info: Copyright (C) 2018  Intel Corporation. All rights reserved.
    Info: Your use of Intel Corporation's design tools, logic functions 
    Info: and other software and tools, and its AMPP partner logic 
    Info: functions, and any output files from any of the foregoing 
    Info: (including device programming or simulation files), and any 
    Info: associated documentation or information are expressly subject 
    Info: to the terms and conditions of the Intel Program License 
    Info: Subscription Agreement, the Intel Quartus Prime License Agreement,
    Info: the Intel FPGA IP License Agreement, or other applicable license
    Info: agreement, including, without limitation, that your use is for
    Info: the sole purpose of programming logic devices manufactured by
    Info: Intel and sold by Intel or its authorized distributors.  Please
    Info: refer to the applicable agreement for further details.
    Info: Processing started: Thu Oct 01 21:18:20 2026
Info: Command: quartus_sta -t "D:\2151097_Nguyen Nhut Khanh\tools\timing\extract.tcl" "D:\2151097_Nguyen Nhut Khanh\docs\verification\timing\target100_search4" sdc "D:\2151097_Nguyen Nhut Khanh\tests\sim\timing_100_search3_build\matmul_free"
Info: Quartus(args): {D:\2151097_Nguyen Nhut Khanh\docs\verification\timing\target100_search4} sdc {D:\2151097_Nguyen Nhut Khanh\tests\sim\timing_100_search3_build\matmul_free}
Info (20030): Parallel compilation is enabled and will use 16 of the 16 processors detected
Info (21077): Low junction temperature is 0 degrees C
Info (21077): High junction temperature is 85 degrees C
Info (332104): Reading SDC File: 'matmul_free.sdc'
Info (332151): Clock uncertainty is not calculated until you update the timing netlist.
Info (332123): Deriving Clock Uncertainty. Please refer to report_sdc in the Timing Analyzer to see clock uncertainties.
Info (332101): Design is fully constrained for setup requirements
Info (332101): Design is fully constrained for hold requirements
Info (21077): Core supply voltage is 1.1V
Info (332123): Deriving Clock Uncertainty. Please refer to report_sdc in the Timing Analyzer to see clock uncertainties.
Info (332115): Report Timing: Found 40 setup paths (40 violated).  Worst case slack is -10.206
    Info (332115): -setup
    Info (332115): -nworst 1
    Info (332115): -npaths 40
    Info (332115): -show_routing
    Info (332115): -detail full_path
    Info (332115): -file {D:/2151097_Nguyen Nhut Khanh/docs/verification/timing/target100_search4/slow_1100mv_85c_setup.rpt}
Info (332115): Report Timing: Found 40 hold paths (0 violated).  Worst case slack is 0.293
    Info (332115): -hold
    Info (332115): -nworst 1
    Info (332115): -npaths 40
    Info (332115): -show_routing
    Info (332115): -detail full_path
    Info (332115): -file {D:/2151097_Nguyen Nhut Khanh/docs/verification/timing/target100_search4/slow_1100mv_85c_hold.rpt}
Info (332115): Report Timing: Found 40 recovery paths (0 violated).  Worst case slack is 4.394
    Info (332115): -recovery
    Info (332115): -nworst 1
    Info (332115): -npaths 40
    Info (332115): -show_routing
    Info (332115): -detail full_path
    Info (332115): -file {D:/2151097_Nguyen Nhut Khanh/docs/verification/timing/target100_search4/slow_1100mv_85c_recovery.rpt}
Info (332115): Report Timing: Found 40 removal paths (0 violated).  Worst case slack is 0.338
    Info (332115): -removal
    Info (332115): -nworst 1
    Info (332115): -npaths 40
    Info (332115): -show_routing
    Info (332115): -detail full_path
    Info (332115): -file {D:/2151097_Nguyen Nhut Khanh/docs/verification/timing/target100_search4/slow_1100mv_85c_removal.rpt}
Info (332113): Report Minimum Pulse Width: Found 40 results (0 violated).  Worst case slack is 3.383
    Info (332113): Targets: *
    Info (332113): -nworst: 40
    Info (332113): -detail: full_path
Info (332115): Report Timing: Found 1 setup paths (0 violated).  Worst case slack is 2.338
    Info (332115): -through [get_pins {u_norm|u_norm|absmax[23]|d}]
    Info (332115): -setup
    Info (332115): -summary
    Info (332115): -stdout
Info (332115): Path #1: Setup slack is 2.338 
    Info (332115):    Slack        : 2.338 
    Info (332115):    From Node    : norm_dispatch:u_norm|norm:u_norm|arithmetic_rounded_q[1][24]
    Info (332115):    To Node      : norm_dispatch:u_norm|norm:u_norm|absmax[23]
    Info (332115):    Launch Clock : clk
    Info (332115):    Latch Clock  : clk
    Info (332115):    Relationship : 10.000
    Info (332115):    Clock Skew   : -0.181
    Info (332115):    Data Delay   : 7.381
Info (332115): Report Timing: Found 1 setup paths (0 violated).  Worst case slack is 1.781
    Info (332115): -through [get_pins {u_norm|u_norm|absmax[22]|d}]
    Info (332115): -setup
    Info (332115): -summary
    Info (332115): -stdout
Info (332115): Path #1: Setup slack is 1.781 
    Info (332115):    Slack        : 1.781 
    Info (332115):    From Node    : norm_dispatch:u_norm|norm:u_norm|arithmetic_rounded_q[1][40]
    Info (332115):    To Node      : norm_dispatch:u_norm|norm:u_norm|absmax[22]
    Info (332115):    Launch Clock : clk
    Info (332115):    Latch Clock  : clk
    Info (332115):    Relationship : 10.000
    Info (332115):    Clock Skew   : -0.176
    Info (332115):    Data Delay   : 7.943
Info (332115): Report Timing: Found 1 setup paths (0 violated).  Worst case slack is 3.314
    Info (332115): -through [get_pins {u_norm|u_norm|absmax[3]|d}]
    Info (332115): -setup
    Info (332115): -summary
    Info (332115): -stdout
Info (332115): Path #1: Setup slack is 3.314 
    Info (332115):    Slack        : 3.314 
    Info (332115):    From Node    : norm_dispatch:u_norm|norm:u_norm|arithmetic_rounded_q[1][24]
    Info (332115):    To Node      : norm_dispatch:u_norm|norm:u_norm|absmax[3]
    Info (332115):    Launch Clock : clk
    Info (332115):    Latch Clock  : clk
    Info (332115):    Relationship : 10.000
    Info (332115):    Clock Skew   : -0.162
    Info (332115):    Data Delay   : 6.424
Info (332115): Report Timing: Found 1 setup paths (0 violated).  Worst case slack is 3.446
    Info (332115): -through [get_pins {u_norm|u_norm|absmax[1]|d}]
    Info (332115): -setup
    Info (332115): -summary
    Info (332115): -stdout
Info (332115): Path #1: Setup slack is 3.446 
    Info (332115):    Slack        : 3.446 
    Info (332115):    From Node    : norm_dispatch:u_norm|norm:u_norm|arithmetic_rounded_q[1][40]
    Info (332115):    To Node      : norm_dispatch:u_norm|norm:u_norm|absmax[1]
    Info (332115):    Launch Clock : clk
    Info (332115):    Latch Clock  : clk
    Info (332115):    Relationship : 10.000
    Info (332115):    Clock Skew   : -0.134
    Info (332115):    Data Delay   : 6.320
TIMING_CORNER_EXTRACTED: slow_1100mv_85c
Info (21077): Core supply voltage is 1.1V
Info (332123): Deriving Clock Uncertainty. Please refer to report_sdc in the Timing Analyzer to see clock uncertainties.
Info (332115): Report Timing: Found 40 setup paths (40 violated).  Worst case slack is -9.913
    Info (332115): -setup
    Info (332115): -nworst 1
    Info (332115): -npaths 40
    Info (332115): -show_routing
    Info (332115): -detail full_path
    Info (332115): -file {D:/2151097_Nguyen Nhut Khanh/docs/verification/timing/target100_search4/slow_1100mv_0c_setup.rpt}
Info (332115): Report Timing: Found 40 hold paths (0 violated).  Worst case slack is 0.285
    Info (332115): -hold
    Info (332115): -nworst 1
    Info (332115): -npaths 40
    Info (332115): -show_routing
    Info (332115): -detail full_path
    Info (332115): -file {D:/2151097_Nguyen Nhut Khanh/docs/verification/timing/target100_search4/slow_1100mv_0c_hold.rpt}
Info (332115): Report Timing: Found 40 recovery paths (0 violated).  Worst case slack is 4.650
    Info (332115): -recovery
    Info (332115): -nworst 1
    Info (332115): -npaths 40
    Info (332115): -show_routing
    Info (332115): -detail full_path
    Info (332115): -file {D:/2151097_Nguyen Nhut Khanh/docs/verification/timing/target100_search4/slow_1100mv_0c_recovery.rpt}
Info (332115): Report Timing: Found 40 removal paths (0 violated).  Worst case slack is 0.083
    Info (332115): -removal
    Info (332115): -nworst 1
    Info (332115): -npaths 40
    Info (332115): -show_routing
    Info (332115): -detail full_path
    Info (332115): -file {D:/2151097_Nguyen Nhut Khanh/docs/verification/timing/target100_search4/slow_1100mv_0c_removal.rpt}
Info (332113): Report Minimum Pulse Width: Found 40 results (0 violated).  Worst case slack is 3.294
    Info (332113): Targets: *
    Info (332113): -nworst: 40
    Info (332113): -detail: full_path
Info (332115): Report Timing: Found 1 setup paths (0 violated).  Worst case slack is 2.264
    Info (332115): -through [get_pins {u_norm|u_norm|absmax[23]|d}]
    Info (332115): -setup
    Info (332115): -summary
    Info (332115): -stdout
Info (332115): Path #1: Setup slack is 2.264 
    Info (332115):    Slack        : 2.264 
    Info (332115):    From Node    : norm_dispatch:u_norm|norm:u_norm|arithmetic_rounded_q[1][40]
    Info (332115):    To Node      : norm_dispatch:u_norm|norm:u_norm|absmax[23]
    Info (332115):    Launch Clock : clk
    Info (332115):    Latch Clock  : clk
    Info (332115):    Relationship : 10.000
    Info (332115):    Clock Skew   : -0.177
    Info (332115):    Data Delay   : 7.459
Info (332115): Report Timing: Found 1 setup paths (0 violated).  Worst case slack is 1.675
    Info (332115): -through [get_pins {u_norm|u_norm|absmax[22]|d}]
    Info (332115): -setup
    Info (332115): -summary
    Info (332115): -stdout
Info (332115): Path #1: Setup slack is 1.675 
    Info (332115):    Slack        : 1.675 
    Info (332115):    From Node    : norm_dispatch:u_norm|norm:u_norm|arithmetic_rounded_q[1][40]
    Info (332115):    To Node      : norm_dispatch:u_norm|norm:u_norm|absmax[22]
    Info (332115):    Launch Clock : clk
    Info (332115):    Latch Clock  : clk
    Info (332115):    Relationship : 10.000
    Info (332115):    Clock Skew   : -0.171
    Info (332115):    Data Delay   : 8.054
Info (332115): Report Timing: Found 1 setup paths (0 violated).  Worst case slack is 3.321
    Info (332115): -through [get_pins {u_norm|u_norm|absmax[0]|d}]
    Info (332115): -setup
    Info (332115): -summary
    Info (332115): -stdout
Info (332115): Path #1: Setup slack is 3.321 
    Info (332115):    Slack        : 3.321 
    Info (332115):    From Node    : norm_dispatch:u_norm|norm:u_norm|arithmetic_rounded_q[1][24]
    Info (332115):    To Node      : norm_dispatch:u_norm|norm:u_norm|absmax[0]~DUPLICATE
    Info (332115):    Launch Clock : clk
    Info (332115):    Latch Clock  : clk
    Info (332115):    Relationship : 10.000
    Info (332115):    Clock Skew   : -0.161
    Info (332115):    Data Delay   : 6.418
Info (332115): Report Timing: Found 1 setup paths (0 violated).  Worst case slack is 3.041
    Info (332115): -through [get_pins {u_norm|u_norm|absmax[3]|d}]
    Info (332115): -setup
    Info (332115): -summary
    Info (332115): -stdout
Info (332115): Path #1: Setup slack is 3.041 
    Info (332115):    Slack        : 3.041 
    Info (332115):    From Node    : norm_dispatch:u_norm|norm:u_norm|arithmetic_rounded_q[1][24]
    Info (332115):    To Node      : norm_dispatch:u_norm|norm:u_norm|absmax[3]
    Info (332115):    Launch Clock : clk
    Info (332115):    Latch Clock  : clk
    Info (332115):    Relationship : 10.000
    Info (332115):    Clock Skew   : -0.161
    Info (332115):    Data Delay   : 6.698
Info (332115): Report Timing: Found 1 setup paths (0 violated).  Worst case slack is 3.321
    Info (332115): -through [get_pins {u_norm|u_norm|absmax[0]~DUPLICATE|d}]
    Info (332115): -setup
    Info (332115): -summary
    Info (332115): -stdout
Info (332115): Path #1: Setup slack is 3.321 
    Info (332115):    Slack        : 3.321 
    Info (332115):    From Node    : norm_dispatch:u_norm|norm:u_norm|arithmetic_rounded_q[1][24]
    Info (332115):    To Node      : norm_dispatch:u_norm|norm:u_norm|absmax[0]~DUPLICATE
    Info (332115):    Launch Clock : clk
    Info (332115):    Latch Clock  : clk
    Info (332115):    Relationship : 10.000
    Info (332115):    Clock Skew   : -0.161
    Info (332115):    Data Delay   : 6.418
Info (332115): Report Timing: Found 1 setup paths (0 violated).  Worst case slack is 3.625
    Info (332115): -through [get_pins {u_norm|u_norm|absmax[1]|d}]
    Info (332115): -setup
    Info (332115): -summary
    Info (332115): -stdout
Info (332115): Path #1: Setup slack is 3.625 
    Info (332115):    Slack        : 3.625 
    Info (332115):    From Node    : norm_dispatch:u_norm|norm:u_norm|arithmetic_rounded_q[1][24]
    Info (332115):    To Node      : norm_dispatch:u_norm|norm:u_norm|absmax[1]
    Info (332115):    Launch Clock : clk
    Info (332115):    Latch Clock  : clk
    Info (332115):    Relationship : 10.000
    Info (332115):    Clock Skew   : -0.154
    Info (332115):    Data Delay   : 6.121
Info (332115): Report Timing: Found 1 setup paths (0 violated).  Worst case slack is 1.556
    Info (332115): -through [get_pins {u_norm|u_norm|absmax[13]|d}]
    Info (332115): -setup
    Info (332115): -summary
    Info (332115): -stdout
Info (332115): Path #1: Setup slack is 1.556 
    Info (332115):    Slack        : 1.556 
    Info (332115):    From Node    : norm_dispatch:u_norm|norm:u_norm|arithmetic_rounded_q[1][24]
    Info (332115):    To Node      : norm_dispatch:u_norm|norm:u_norm|absmax[13]~DUPLICATE
    Info (332115):    Launch Clock : clk
    Info (332115):    Latch Clock  : clk
    Info (332115):    Relationship : 10.000
    Info (332115):    Clock Skew   : -0.161
    Info (332115):    Data Delay   : 8.183
TIMING_CORNER_EXTRACTED: slow_1100mv_0c
Info (21077): Core supply voltage is 1.1V
Info (332123): Deriving Clock Uncertainty. Please refer to report_sdc in the Timing Analyzer to see clock uncertainties.
Info (332115): Report Timing: Found 40 setup paths (1 violated).  Worst case slack is -2.216
    Info (332115): -setup
    Info (332115): -nworst 1
    Info (332115): -npaths 40
    Info (332115): -show_routing
    Info (332115): -detail full_path
    Info (332115): -file {D:/2151097_Nguyen Nhut Khanh/docs/verification/timing/target100_search4/fast_1100mv_85c_setup.rpt}
Info (332115): Report Timing: Found 40 hold paths (0 violated).  Worst case slack is 0.136
    Info (332115): -hold
    Info (332115): -nworst 1
    Info (332115): -npaths 40
    Info (332115): -show_routing
    Info (332115): -detail full_path
    Info (332115): -file {D:/2151097_Nguyen Nhut Khanh/docs/verification/timing/target100_search4/fast_1100mv_85c_hold.rpt}
Info (332115): Report Timing: Found 40 recovery paths (0 violated).  Worst case slack is 6.223
    Info (332115): -recovery
    Info (332115): -nworst 1
    Info (332115): -npaths 40
    Info (332115): -show_routing
    Info (332115): -detail full_path
    Info (332115): -file {D:/2151097_Nguyen Nhut Khanh/docs/verification/timing/target100_search4/fast_1100mv_85c_recovery.rpt}
Info (332115): Report Timing: Found 40 removal paths (0 violated).  Worst case slack is 0.639
    Info (332115): -removal
    Info (332115): -nworst 1
    Info (332115): -npaths 40
    Info (332115): -show_routing
    Info (332115): -detail full_path
    Info (332115): -file {D:/2151097_Nguyen Nhut Khanh/docs/verification/timing/target100_search4/fast_1100mv_85c_removal.rpt}
Info (332113): Report Minimum Pulse Width: Found 40 results (0 violated).  Worst case slack is 3.786
    Info (332113): Targets: *
    Info (332113): -nworst: 40
    Info (332113): -detail: full_path
TIMING_CORNER_EXTRACTED: fast_1100mv_85c
Info (21077): Core supply voltage is 1.1V
Info (332123): Deriving Clock Uncertainty. Please refer to report_sdc in the Timing Analyzer to see clock uncertainties.
Info (332115): Report Timing: Found 40 setup paths (1 violated).  Worst case slack is -1.569
    Info (332115): -setup
    Info (332115): -nworst 1
    Info (332115): -npaths 40
    Info (332115): -show_routing
    Info (332115): -detail full_path
    Info (332115): -file {D:/2151097_Nguyen Nhut Khanh/docs/verification/timing/target100_search4/fast_1100mv_0c_setup.rpt}
Info (332115): Report Timing: Found 40 hold paths (0 violated).  Worst case slack is 0.123
    Info (332115): -hold
    Info (332115): -nworst 1
    Info (332115): -npaths 40
    Info (332115): -show_routing
    Info (332115): -detail full_path
    Info (332115): -file {D:/2151097_Nguyen Nhut Khanh/docs/verification/timing/target100_search4/fast_1100mv_0c_hold.rpt}
Info (332115): Report Timing: Found 40 recovery paths (0 violated).  Worst case slack is 6.240
    Info (332115): -recovery
    Info (332115): -nworst 1
    Info (332115): -npaths 40
    Info (332115): -show_routing
    Info (332115): -detail full_path
    Info (332115): -file {D:/2151097_Nguyen Nhut Khanh/docs/verification/timing/target100_search4/fast_1100mv_0c_recovery.rpt}
Info (332115): Report Timing: Found 40 removal paths (0 violated).  Worst case slack is 0.635
    Info (332115): -removal
    Info (332115): -nworst 1
    Info (332115): -npaths 40
    Info (332115): -show_routing
    Info (332115): -detail full_path
    Info (332115): -file {D:/2151097_Nguyen Nhut Khanh/docs/verification/timing/target100_search4/fast_1100mv_0c_removal.rpt}
Info (332113): Report Minimum Pulse Width: Found 40 results (0 violated).  Worst case slack is 3.777
    Info (332113): Targets: *
    Info (332113): -nworst: 40
    Info (332113): -detail: full_path
TIMING_CORNER_EXTRACTED: fast_1100mv_0c
TIMING_EXTRACTION_PASS: D:/2151097_Nguyen Nhut Khanh/docs/verification/timing/target100_search4 (sdc)
Info (23030): Evaluation of Tcl script D:\2151097_Nguyen Nhut Khanh\tools\timing\extract.tcl was successful
Info: Quartus Prime Timing Analyzer was successful. 0 errors, 0 warnings
    Info: Peak virtual memory: 5191 megabytes
    Info: Processing ended: Thu Oct 01 21:18:48 2026
    Info: Elapsed time: 00:00:28
    Info: Total CPU time (on all processors): 00:00:36
