Model Technology ModelSim - Intel FPGA Edition vlog 2020.1 Compiler 2020.02 Feb 28 2020
Start time: 14:58:05 on Sep 16,2026
vlog -sv -work work D:\2151097_Nguyen Nhut Khanh\Verilog Source code\acc_mul.sv D:\2151097_Nguyen Nhut Khanh\Verilog Source code\addsub.sv D:\2151097_Nguyen Nhut Khanh\Verilog Source code\ctrl_unit.sv D:\2151097_Nguyen Nhut Khanh\Verilog Source code\de_reg.sv D:\2151097_Nguyen Nhut Khanh\Verilog Source code\div.sv D:\2151097_Nguyen Nhut Khanh\Verilog Source code\em_reg.sv D:\2151097_Nguyen Nhut Khanh\Verilog Source code\exp.sv D:\2151097_Nguyen Nhut Khanh\Verilog Source code\fd_reg.sv D:\2151097_Nguyen Nhut Khanh\Verilog Source code\hazard_detect.sv D:\2151097_Nguyen Nhut Khanh\Verilog Source code\ins_mem.sv D:\2151097_Nguyen Nhut Khanh\Verilog Source code\matmul_wrap.sv D:\2151097_Nguyen Nhut Khanh\Verilog Source code\matmulfree.sv D:\2151097_Nguyen Nhut Khanh\Verilog Source code\mem_burst.v D:\2151097_Nguyen Nhut Khanh\Verilog Source code\mem_mapping.sv D:\2151097_Nguyen Nhut Khanh\Verilog Source code\mul.sv D:\2151097_Nguyen Nhut Khanh\Verilog Source code\mw_reg.sv D:\2151097_Nguyen Nhut Khanh\Verilog Source code\norm.sv D:\2151097_Nguyen Nhut Khanh\Verilog Source code\PC.sv D:\2151097_Nguyen Nhut Khanh\Verilog Source code\regfile.sv D:\2151097_Nguyen Nhut Khanh\Verilog Source code\rowwise_op.sv D:\2151097_Nguyen Nhut Khanh\Verilog Source code\sigmoid.sv D:\2151097_Nguyen Nhut Khanh\Verilog Source code\ternary_mul.sv tb_review.sv 
-- Compiling module acc_mul
** Warning: D:\2151097_Nguyen Nhut Khanh\Verilog Source code\acc_mul.sv(2): (vlog-13314) Defaulting port 'mul_result' kind to 'var' rather than 'wire' due to default compile option setting of -svinputport=relaxed.
-- Compiling module addsub
-- Compiling module ctrl_unit
-- Compiling module de_reg
-- Compiling module div
** Warning: D:\2151097_Nguyen Nhut Khanh\Verilog Source code\div.sv(2): (vlog-13314) Defaulting port 'a' kind to 'var' rather than 'wire' due to default compile option setting of -svinputport=relaxed.
** Warning: D:\2151097_Nguyen Nhut Khanh\Verilog Source code\div.sv(3): (vlog-13314) Defaulting port 'b' kind to 'var' rather than 'wire' due to default compile option setting of -svinputport=relaxed.
** Warning: D:\2151097_Nguyen Nhut Khanh\Verilog Source code\div.sv(11): (vlog-2583) [SVCHK] - Extra checking for conflicts with always_comb and always_latch variables is done at vopt time.
-- Compiling module em_reg
-- Compiling module exp_row
-- Compiling module fd_reg
-- Compiling module hazard_detect
-- Compiling module ins_mem
-- Compiling module matmul_wrap
-- Compiling module matmulfree
-- Compiling module mem_burst
-- Compiling module mem_mapping
-- Compiling module mul
** Warning: D:\2151097_Nguyen Nhut Khanh\Verilog Source code\mul.sv(2): (vlog-13314) Defaulting port 'a' kind to 'var' rather than 'wire' due to default compile option setting of -svinputport=relaxed.
** Warning: D:\2151097_Nguyen Nhut Khanh\Verilog Source code\mul.sv(3): (vlog-13314) Defaulting port 'b' kind to 'var' rather than 'wire' due to default compile option setting of -svinputport=relaxed.
** Warning: D:\2151097_Nguyen Nhut Khanh\Verilog Source code\mul.sv(15): (vlog-2583) [SVCHK] - Extra checking for conflicts with always_comb and always_latch variables is done at vopt time.
** Warning: D:\2151097_Nguyen Nhut Khanh\Verilog Source code\mul.sv(19): (vlog-2583) [SVCHK] - Extra checking for conflicts with always_comb and always_latch variables is done at vopt time.
** Warning: D:\2151097_Nguyen Nhut Khanh\Verilog Source code\mul.sv(21): (vlog-2583) [SVCHK] - Extra checking for conflicts with always_comb and always_latch variables is done at vopt time.
** Warning: D:\2151097_Nguyen Nhut Khanh\Verilog Source code\mul.sv(23): (vlog-2583) [SVCHK] - Extra checking for conflicts with always_comb and always_latch variables is done at vopt time.
** Warning: D:\2151097_Nguyen Nhut Khanh\Verilog Source code\mul.sv(24): (vlog-2583) [SVCHK] - Extra checking for conflicts with always_comb and always_latch variables is done at vopt time.
** Warning: D:\2151097_Nguyen Nhut Khanh\Verilog Source code\mul.sv(25): (vlog-2583) [SVCHK] - Extra checking for conflicts with always_comb and always_latch variables is done at vopt time.
-- Compiling module mw_reg
-- Compiling module norm
-- Compiling module PC
-- Compiling module register
-- Compiling module rowwise_op
** Warning: D:\2151097_Nguyen Nhut Khanh\Verilog Source code\rowwise_op.sv(4): (vlog-13314) Defaulting port 'a' kind to 'var' rather than 'wire' due to default compile option setting of -svinputport=relaxed.
** Warning: D:\2151097_Nguyen Nhut Khanh\Verilog Source code\rowwise_op.sv(5): (vlog-13314) Defaulting port 'b' kind to 'var' rather than 'wire' due to default compile option setting of -svinputport=relaxed.
-- Compiling module sigmoid
-- Compiling module ternary_mul
** Warning: D:\2151097_Nguyen Nhut Khanh\Verilog Source code\ternary_mul.sv(69): (vlog-2583) [SVCHK] - Extra checking for conflicts with always_comb and always_latch variables is done at vopt time.
** Warning: D:\2151097_Nguyen Nhut Khanh\Verilog Source code\ternary_mul.sv(70): (vlog-2583) [SVCHK] - Extra checking for conflicts with always_comb and always_latch variables is done at vopt time.
** Warning: D:\2151097_Nguyen Nhut Khanh\Verilog Source code\ternary_mul.sv(71): (vlog-2583) [SVCHK] - Extra checking for conflicts with always_comb and always_latch variables is done at vopt time.
-- Compiling module tb_review

Top level modules:
	matmul_wrap
	norm
	tb_review
End time: 14:58:05 on Sep 16,2026, Elapsed time: 0:00:00
Errors: 0, Warnings: 17
