Model Technology ModelSim - Intel FPGA Edition vlog 2020.1 Compiler 2020.02 Feb 28 2020
Start time: 15:01:30 on Sep 18,2026
vlog -sv -work norm/sim/before_work D:\2151097_Nguyen Nhut Khanh\Verilog Source code\acc_mul.sv D:\2151097_Nguyen Nhut Khanh\Verilog Source code\addsub.sv D:\2151097_Nguyen Nhut Khanh\Verilog Source code\ctrl_unit.sv D:\2151097_Nguyen Nhut Khanh\Verilog Source code\de_reg.sv D:\2151097_Nguyen Nhut Khanh\Verilog Source code\div.sv D:\2151097_Nguyen Nhut Khanh\Verilog Source code\em_reg.sv D:\2151097_Nguyen Nhut Khanh\Verilog Source code\exp.sv D:\2151097_Nguyen Nhut Khanh\Verilog Source code\fd_reg.sv D:\2151097_Nguyen Nhut Khanh\Verilog Source code\hazard_detect.sv D:\2151097_Nguyen Nhut Khanh\Verilog Source code\ins_mem.sv D:\2151097_Nguyen Nhut Khanh\Verilog Source code\lut_interp.sv D:\2151097_Nguyen Nhut Khanh\Verilog Source code\matmul_wrap.sv D:\2151097_Nguyen Nhut Khanh\Verilog Source code\matmulfree.sv D:\2151097_Nguyen Nhut Khanh\Verilog Source code\mem_burst.v D:\2151097_Nguyen Nhut Khanh\Verilog Source code\mem_mapping.sv D:\2151097_Nguyen Nhut Khanh\Verilog Source code\mul.sv D:\2151097_Nguyen Nhut Khanh\Verilog Source code\mw_reg.sv D:\2151097_Nguyen Nhut Khanh\Verilog Source code\nonlinear_dispatch.sv D:\2151097_Nguyen Nhut Khanh\Verilog Source code\nonlinear_luts.sv D:\2151097_Nguyen Nhut Khanh\Verilog Source code\norm.sv D:\2151097_Nguyen Nhut Khanh\Verilog Source code\PC.sv D:\2151097_Nguyen Nhut Khanh\Verilog Source code\regfile.sv D:\2151097_Nguyen Nhut Khanh\Verilog Source code\rowwise_op.sv D:\2151097_Nguyen Nhut Khanh\Verilog Source code\serial_unsigned_mul.sv D:\2151097_Nguyen Nhut Khanh\Verilog Source code\sigmoid.sv D:\2151097_Nguyen Nhut Khanh\Verilog Source code\ternary_mul.sv 
-- Compiling module acc_mul
** Warning: D:\2151097_Nguyen Nhut Khanh\Verilog Source code\acc_mul.sv(6): (vlog-13314) Defaulting port 'mul_result' kind to 'var' rather than 'wire' due to default compile option setting of -svinputport=relaxed.
-- Compiling module addsub
-- Compiling module ctrl_unit
-- Compiling module de_reg
-- Compiling module div
** Warning: D:\2151097_Nguyen Nhut Khanh\Verilog Source code\div.sv(2): (vlog-13314) Defaulting port 'a' kind to 'var' rather than 'wire' due to default compile option setting of -svinputport=relaxed.
** Warning: D:\2151097_Nguyen Nhut Khanh\Verilog Source code\div.sv(3): (vlog-13314) Defaulting port 'b' kind to 'var' rather than 'wire' due to default compile option setting of -svinputport=relaxed.
** Warning: D:\2151097_Nguyen Nhut Khanh\Verilog Source code\div.sv(11): (vlog-2583) [SVCHK] - Extra checking for conflicts with always_comb and always_latch variables is done at vopt time.
-- Compiling module em_reg
-- Compiling module exp_row
-- Compiling module fd_reg
-- Compiling module hazard_detect
-- Compiling module ins_mem
-- Compiling module lut_interp
-- Compiling module matmul_wrap
-- Compiling module matmulfree
-- Compiling module mem_burst
-- Compiling module mem_mapping
-- Compiling module mul
** Warning: D:\2151097_Nguyen Nhut Khanh\Verilog Source code\mul.sv(2): (vlog-13314) Defaulting port 'a' kind to 'var' rather than 'wire' due to default compile option setting of -svinputport=relaxed.
** Warning: D:\2151097_Nguyen Nhut Khanh\Verilog Source code\mul.sv(3): (vlog-13314) Defaulting port 'b' kind to 'var' rather than 'wire' due to default compile option setting of -svinputport=relaxed.
** Warning: D:\2151097_Nguyen Nhut Khanh\Verilog Source code\mul.sv(15): (vlog-2583) [SVCHK] - Extra checking for conflicts with always_comb and always_latch variables is done at vopt time.
** Warning: D:\2151097_Nguyen Nhut Khanh\Verilog Source code\mul.sv(19): (vlog-2583) [SVCHK] - Extra checking for conflicts with always_comb and always_latch variables is done at vopt time.
** Warning: D:\2151097_Nguyen Nhut Khanh\Verilog Source code\mul.sv(21): (vlog-2583) [SVCHK] - Extra checking for conflicts with always_comb and always_latch variables is done at vopt time.
** Warning: D:\2151097_Nguyen Nhut Khanh\Verilog Source code\mul.sv(23): (vlog-2583) [SVCHK] - Extra checking for conflicts with always_comb and always_latch variables is done at vopt time.
** Warning: D:\2151097_Nguyen Nhut Khanh\Verilog Source code\mul.sv(24): (vlog-2583) [SVCHK] - Extra checking for conflicts with always_comb and always_latch variables is done at vopt time.
** Warning: D:\2151097_Nguyen Nhut Khanh\Verilog Source code\mul.sv(25): (vlog-2583) [SVCHK] - Extra checking for conflicts with always_comb and always_latch variables is done at vopt time.
-- Compiling module mw_reg
-- Compiling module nonlinear_dispatch
-- Compiling module exp_lut
-- Compiling module rsqrt_lut
-- Compiling module Norm_Square_ROM
-- Compiling module norm
** Warning: D:\2151097_Nguyen Nhut Khanh\Verilog Source code\norm.sv(88): (vlog-13314) Defaulting port 'x' kind to 'var' rather than 'wire' due to default compile option setting of -svinputport=relaxed.
-- Compiling module PC
-- Compiling module register
-- Compiling module rowwise_op
** Warning: D:\2151097_Nguyen Nhut Khanh\Verilog Source code\rowwise_op.sv(5): (vlog-13314) Defaulting port 'a' kind to 'var' rather than 'wire' due to default compile option setting of -svinputport=relaxed.
** Warning: D:\2151097_Nguyen Nhut Khanh\Verilog Source code\rowwise_op.sv(6): (vlog-13314) Defaulting port 'b' kind to 'var' rather than 'wire' due to default compile option setting of -svinputport=relaxed.
** Error: D:\2151097_Nguyen Nhut Khanh\Verilog Source code\rowwise_op.sv(88): (vlog-2730) Undefined variable: 'norm_out'.
-- Compiling module serial_unsigned_mul
-- Compiling module sigmoid
-- Compiling module ternary_mul
End time: 15:01:30 on Sep 18,2026, Elapsed time: 0:00:00
Errors: 1, Warnings: 15
