# vsim -c -onfinish exit -l core-tmatmul.log work.tb_norm_core -do "run -all; quit -f" -gUSE_TM=1 
# Start time: 15:17:29 on Sep 18,2026
# Loading sv_std.std
# Loading work.tb_norm_core
# Loading work.matmulfree
# Loading work.hazard_detect
# Loading work.PC
# Loading work.ins_mem
# Loading work.fd_reg
# Loading work.ctrl_unit
# Loading work.register
# Loading work.norm_dispatch
# Loading work.norm
# Loading work.de_reg
# Loading work.rowwise_op
# Loading work.mul
# Loading work.div
# Loading work.em_reg
# Loading work.mem_mapping
# Loading work.ternary_mul
# Loading work.acc_mul
# Loading work.mw_reg
# Loading work.Norm_Square_ROM
# Loading work.sigmoid
# Loading work.addsub
# Loading work.exp_row
# run -all
# NORM_CORE_PASS instructions=5 writes=80 in_place=1 consecutive=1 add_dependency=1 reset=0 tm_frames=2 cycles=23075
# ** Note: $finish    : D:/2151097_Nguyen Nhut Khanh/norm/tests/tb_norm_core.sv(101)
#    Time: 230776 ns  Iteration: 0  Instance: /tb_norm_core
# End time: 15:17:31 on Sep 18,2026, Elapsed time: 0:00:02
# Errors: 0, Warnings: 0
