==========================================
Generating RMSNorm square ROM
==========================================
Input width       : 10 bits
Input format      : signed Q4.6
ROM entries       : 1024
Input range       : -8.000000000 .. 7.984375000
Input step        : 0.015625000
Square width      : 19 bits unsigned
Square frac bits  : 12
Square scale      : 2^12 = 4096
Output file       : D:\2151097_Nguyen Nhut Khanh\norm\sim\normContent.mif

addr=   0  x= -8.000000  x^2= 64.0000000  raw=262144  bin=1000000000000000000
addr=   1  x= -7.984375  x^2= 63.7502441  raw=261121  bin=0111111110000000001
addr= 448  x= -1.000000  x^2=  1.0000000  raw=  4096  bin=0000001000000000000
addr= 512  x=  0.000000  x^2=  0.0000000  raw=     0  bin=0000000000000000000
addr= 576  x=  1.000000  x^2=  1.0000000  raw=  4096  bin=0000001000000000000
addr=1022  x=  7.968750  x^2= 63.5009766  raw=260100  bin=0111111100000000100
addr=1023  x=  7.984375  x^2= 63.7502441  raw=261121  bin=0111111110000000001

Successfully generated 1024 entries.

RTL checkpoint:
  Q4.12 input -> use x[15:6] as the Q4.6 square-ROM input.
  ROM[512] must be zero because address 512 represents x = 0.
  ROM[448] and ROM[576] must both represent 1.0.
{"unit_vectors": 3797, "unit_lane_comparisons": 121504, "lut_entries": 1024, "norm_instructions": 5, "lut_sha256": "09aaf03d67306b8e763c54da48e6d536248992779226d93af07d8617382c3a36"}
