# vsim -c -onfinish exit -l legacy-tmatmul.log work.tb_core -do "run -all; quit -f" 
# Start time: 15:17:35 on Sep 18,2026
# Loading sv_std.std
# Loading work.tb_core
# Loading work.matmulfree
# Loading work.hazard_detect
# Loading work.PC
# Loading work.ins_mem
# Loading work.fd_reg
# Loading work.ctrl_unit
# Loading work.register
# Loading work.norm_dispatch
# Loading work.norm
# Loading work.de_reg
# Loading work.rowwise_op
# Loading work.mul
# Loading work.div
# Loading work.em_reg
# Loading work.mem_mapping
# Loading work.ternary_mul
# Loading work.acc_mul
# Loading work.mw_reg
# Loading work.Norm_Square_ROM
# Loading work.sigmoid
# Loading work.addsub
# Loading work.exp_row
# run -all
# CORE_PASS frames=3 writes=48 back_to_back=1 in_place=1 halt_drained=1 cycles=33919
# ** Note: $finish    : D:/2151097_Nguyen Nhut Khanh/tmatmul/sim/tb_core.sv(43)
#    Time: 339226 ns  Iteration: 0  Instance: /tb_core
# End time: 15:17:38 on Sep 18,2026, Elapsed time: 0:00:03
# Errors: 0, Warnings: 0
