# vsim -c -onfinish exit -l memory.log work.tb_norm_memory -do "run -all; quit -f" 
# Start time: 15:17:32 on Sep 18,2026
# Loading sv_std.std
# Loading work.tb_norm_memory
# Loading work.matmulfree
# Loading work.hazard_detect
# Loading work.PC
# Loading work.ins_mem
# Loading work.fd_reg
# Loading work.ctrl_unit
# Loading work.register
# Loading work.norm_dispatch
# Loading work.norm
# Loading work.de_reg
# Loading work.rowwise_op
# Loading work.mul
# Loading work.div
# Loading work.em_reg
# Loading work.mem_mapping
# Loading work.ternary_mul
# Loading work.acc_mul
# Loading work.mw_reg
# Loading work.Norm_Square_ROM
# Loading work.sigmoid
# Loading work.addsub
# Loading work.exp_row
# run -all
# NORM_MEMORY_PASS load_norm_store_reload_norm=1 writes=32 cycles=229
# ** Note: $finish    : D:/2151097_Nguyen Nhut Khanh/norm/tests/tb_norm_memory.sv(44)
#    Time: 2326 ns  Iteration: 0  Instance: /tb_norm_memory
# End time: 15:17:33 on Sep 18,2026, Elapsed time: 0:00:01
# Errors: 0, Warnings: 0
