------------------------------------------------------------
Timing Analyzer Summary
------------------------------------------------------------

Type  : Slow 1100mV 85C Model Setup 'clk'
Slack : -0.971
TNS   : -5.989

Type  : Slow 1100mV 85C Model Hold 'clk'
Slack : 0.252
TNS   : 0.000

Type  : Slow 1100mV 85C Model Recovery 'clk'
Slack : 0.413
TNS   : 0.000

Type  : Slow 1100mV 85C Model Removal 'clk'
Slack : 1.642
TNS   : 0.000

Type  : Slow 1100mV 85C Model Minimum Pulse Width 'clk'
Slack : 3.600
TNS   : 0.000

Type  : Slow 1100mV 0C Model Setup 'clk'
Slack : -0.418
TNS   : -1.784

Type  : Slow 1100mV 0C Model Hold 'clk'
Slack : 0.238
TNS   : 0.000

Type  : Slow 1100mV 0C Model Recovery 'clk'
Slack : 0.597
TNS   : 0.000

Type  : Slow 1100mV 0C Model Removal 'clk'
Slack : 3.708
TNS   : 0.000

Type  : Slow 1100mV 0C Model Minimum Pulse Width 'clk'
Slack : 3.548
TNS   : 0.000

Type  : Fast 1100mV 85C Model Setup 'clk'
Slack : 3.073
TNS   : 0.000

Type  : Fast 1100mV 85C Model Hold 'clk'
Slack : 0.132
TNS   : 0.000

Type  : Fast 1100mV 85C Model Recovery 'clk'
Slack : 4.633
TNS   : 0.000

Type  : Fast 1100mV 85C Model Removal 'clk'
Slack : 2.317
TNS   : 0.000

Type  : Fast 1100mV 85C Model Minimum Pulse Width 'clk'
Slack : 3.798
TNS   : 0.000

Type  : Fast 1100mV 0C Model Setup 'clk'
Slack : 4.016
TNS   : 0.000

Type  : Fast 1100mV 0C Model Hold 'clk'
Slack : 0.115
TNS   : 0.000

Type  : Fast 1100mV 0C Model Recovery 'clk'
Slack : 5.570
TNS   : 0.000

Type  : Fast 1100mV 0C Model Removal 'clk'
Slack : 0.951
TNS   : 0.000

Type  : Fast 1100mV 0C Model Minimum Pulse Width 'clk'
Slack : 3.787
TNS   : 0.000

------------------------------------------------------------
