Reading pref.tcl

# 2020.1

# vsim -c -onfinish exit -l param-probe.log work.tb_param_probe -do "run -all; quit -f" 
# Start time: 15:11:18 on Sep 16,2026
# Loading sv_std.std
# Loading work.tb_param_probe
# Loading work.rowwise_op
# Loading work.mul
# Loading work.div
# Loading work.sigmoid
# Loading work.addsub
# Loading work.exp_row
# ** Warning: (vsim-3015) [PCDPC] - Port size (16) does not match connection size (8) for port 'x'. The port definition is at: D:/2151097_Nguyen Nhut Khanh/Verilog Source code/sigmoid.sv(2).
#    Time: 0 ps  Iteration: 0  Instance: /tb_param_probe/dut/rowwise_sig[0]/sig File: D:/2151097_Nguyen Nhut Khanh/Verilog Source code/rowwise_op.sv Line: 24
# ** Warning: (vsim-3015) [PCDPC] - Port size (16) does not match connection size (8) for port 'out'. The port definition is at: D:/2151097_Nguyen Nhut Khanh/Verilog Source code/sigmoid.sv(3).
#    Time: 0 ps  Iteration: 0  Instance: /tb_param_probe/dut/rowwise_sig[0]/sig File: D:/2151097_Nguyen Nhut Khanh/Verilog Source code/rowwise_op.sv Line: 24
# ** Warning: (vsim-3015) [PCDPC] - Port size (16) does not match connection size (8) for port 'x'. The port definition is at: D:/2151097_Nguyen Nhut Khanh/Verilog Source code/sigmoid.sv(2).
#    Time: 0 ps  Iteration: 0  Instance: /tb_param_probe/dut/rowwise_sig[1]/sig File: D:/2151097_Nguyen Nhut Khanh/Verilog Source code/rowwise_op.sv Line: 24
# ** Warning: (vsim-3015) [PCDPC] - Port size (16) does not match connection size (8) for port 'out'. The port definition is at: D:/2151097_Nguyen Nhut Khanh/Verilog Source code/sigmoid.sv(3).
#    Time: 0 ps  Iteration: 0  Instance: /tb_param_probe/dut/rowwise_sig[1]/sig File: D:/2151097_Nguyen Nhut Khanh/Verilog Source code/rowwise_op.sv Line: 24
# ** Warning: (vsim-3015) [PCDPC] - Port size (16) does not match connection size (8) for port 'x'. The port definition is at: D:/2151097_Nguyen Nhut Khanh/Verilog Source code/sigmoid.sv(2).
#    Time: 0 ps  Iteration: 0  Instance: /tb_param_probe/dut/rowwise_sig[2]/sig File: D:/2151097_Nguyen Nhut Khanh/Verilog Source code/rowwise_op.sv Line: 24
# ** Warning: (vsim-3015) [PCDPC] - Port size (16) does not match connection size (8) for port 'out'. The port definition is at: D:/2151097_Nguyen Nhut Khanh/Verilog Source code/sigmoid.sv(3).
#    Time: 0 ps  Iteration: 0  Instance: /tb_param_probe/dut/rowwise_sig[2]/sig File: D:/2151097_Nguyen Nhut Khanh/Verilog Source code/rowwise_op.sv Line: 24
# ** Warning: (vsim-3015) [PCDPC] - Port size (16) does not match connection size (8) for port 'x'. The port definition is at: D:/2151097_Nguyen Nhut Khanh/Verilog Source code/sigmoid.sv(2).
#    Time: 0 ps  Iteration: 0  Instance: /tb_param_probe/dut/rowwise_sig[3]/sig File: D:/2151097_Nguyen Nhut Khanh/Verilog Source code/rowwise_op.sv Line: 24
# ** Warning: (vsim-3015) [PCDPC] - Port size (16) does not match connection size (8) for port 'out'. The port definition is at: D:/2151097_Nguyen Nhut Khanh/Verilog Source code/sigmoid.sv(3).
#    Time: 0 ps  Iteration: 0  Instance: /tb_param_probe/dut/rowwise_sig[3]/sig File: D:/2151097_Nguyen Nhut Khanh/Verilog Source code/rowwise_op.sv Line: 24
# ** Warning: (vsim-3015) [PCDPC] - Port size (16) does not match connection size (8) for port 'x'. The port definition is at: D:/2151097_Nguyen Nhut Khanh/Verilog Source code/sigmoid.sv(2).
#    Time: 0 ps  Iteration: 0  Instance: /tb_param_probe/dut/rowwise_sig[4]/sig File: D:/2151097_Nguyen Nhut Khanh/Verilog Source code/rowwise_op.sv Line: 24
# ** Warning: (vsim-3015) [PCDPC] - Port size (16) does not match connection size (8) for port 'out'. The port definition is at: D:/2151097_Nguyen Nhut Khanh/Verilog Source code/sigmoid.sv(3).
#    Time: 0 ps  Iteration: 0  Instance: /tb_param_probe/dut/rowwise_sig[4]/sig File: D:/2151097_Nguyen Nhut Khanh/Verilog Source code/rowwise_op.sv Line: 24
# ** Warning: (vsim-3015) [PCDPC] - Port size (16) does not match connection size (8) for port 'x'. The port definition is at: D:/2151097_Nguyen Nhut Khanh/Verilog Source code/sigmoid.sv(2).
#    Time: 0 ps  Iteration: 0  Instance: /tb_param_probe/dut/rowwise_sig[5]/sig File: D:/2151097_Nguyen Nhut Khanh/Verilog Source code/rowwise_op.sv Line: 24
# ** Warning: (vsim-3015) [PCDPC] - Port size (16) does not match connection size (8) for port 'out'. The port definition is at: D:/2151097_Nguyen Nhut Khanh/Verilog Source code/sigmoid.sv(3).
#    Time: 0 ps  Iteration: 0  Instance: /tb_param_probe/dut/rowwise_sig[5]/sig File: D:/2151097_Nguyen Nhut Khanh/Verilog Source code/rowwise_op.sv Line: 24
# ** Warning: (vsim-3015) [PCDPC] - Port size (16) does not match connection size (8) for port 'x'. The port definition is at: D:/2151097_Nguyen Nhut Khanh/Verilog Source code/sigmoid.sv(2).
#    Time: 0 ps  Iteration: 0  Instance: /tb_param_probe/dut/rowwise_sig[6]/sig File: D:/2151097_Nguyen Nhut Khanh/Verilog Source code/rowwise_op.sv Line: 24
# ** Warning: (vsim-3015) [PCDPC] - Port size (16) does not match connection size (8) for port 'out'. The port definition is at: D:/2151097_Nguyen Nhut Khanh/Verilog Source code/sigmoid.sv(3).
#    Time: 0 ps  Iteration: 0  Instance: /tb_param_probe/dut/rowwise_sig[6]/sig File: D:/2151097_Nguyen Nhut Khanh/Verilog Source code/rowwise_op.sv Line: 24
# ** Warning: (vsim-3015) [PCDPC] - Port size (16) does not match connection size (8) for port 'x'. The port definition is at: D:/2151097_Nguyen Nhut Khanh/Verilog Source code/sigmoid.sv(2).
#    Time: 0 ps  Iteration: 0  Instance: /tb_param_probe/dut/rowwise_sig[7]/sig File: D:/2151097_Nguyen Nhut Khanh/Verilog Source code/rowwise_op.sv Line: 24
# ** Warning: (vsim-3015) [PCDPC] - Port size (16) does not match connection size (8) for port 'out'. The port definition is at: D:/2151097_Nguyen Nhut Khanh/Verilog Source code/sigmoid.sv(3).
#    Time: 0 ps  Iteration: 0  Instance: /tb_param_probe/dut/rowwise_sig[7]/sig File: D:/2151097_Nguyen Nhut Khanh/Verilog Source code/rowwise_op.sv Line: 24
# ** Warning: (vsim-3015) [PCDPC] - Port size (16) does not match connection size (8) for port 'x'. The port definition is at: D:/2151097_Nguyen Nhut Khanh/Verilog Source code/sigmoid.sv(2).
#    Time: 0 ps  Iteration: 0  Instance: /tb_param_probe/dut/rowwise_sig[8]/sig File: D:/2151097_Nguyen Nhut Khanh/Verilog Source code/rowwise_op.sv Line: 24
# ** Warning: (vsim-3015) [PCDPC] - Port size (16) does not match connection size (8) for port 'out'. The port definition is at: D:/2151097_Nguyen Nhut Khanh/Verilog Source code/sigmoid.sv(3).
#    Time: 0 ps  Iteration: 0  Instance: /tb_param_probe/dut/rowwise_sig[8]/sig File: D:/2151097_Nguyen Nhut Khanh/Verilog Source code/rowwise_op.sv Line: 24
# ** Warning: (vsim-3015) [PCDPC] - Port size (16) does not match connection size (8) for port 'x'. The port definition is at: D:/2151097_Nguyen Nhut Khanh/Verilog Source code/sigmoid.sv(2).
#    Time: 0 ps  Iteration: 0  Instance: /tb_param_probe/dut/rowwise_sig[9]/sig File: D:/2151097_Nguyen Nhut Khanh/Verilog Source code/rowwise_op.sv Line: 24
# ** Warning: (vsim-3015) [PCDPC] - Port size (16) does not match connection size (8) for port 'out'. The port definition is at: D:/2151097_Nguyen Nhut Khanh/Verilog Source code/sigmoid.sv(3).
#    Time: 0 ps  Iteration: 0  Instance: /tb_param_probe/dut/rowwise_sig[9]/sig File: D:/2151097_Nguyen Nhut Khanh/Verilog Source code/rowwise_op.sv Line: 24
# ** Warning: (vsim-3015) [PCDPC] - Port size (16) does not match connection size (8) for port 'x'. The port definition is at: D:/2151097_Nguyen Nhut Khanh/Verilog Source code/sigmoid.sv(2).
#    Time: 0 ps  Iteration: 0  Instance: /tb_param_probe/dut/rowwise_sig[10]/sig File: D:/2151097_Nguyen Nhut Khanh/Verilog Source code/rowwise_op.sv Line: 24
# ** Warning: (vsim-3015) [PCDPC] - Port size (16) does not match connection size (8) for port 'out'. The port definition is at: D:/2151097_Nguyen Nhut Khanh/Verilog Source code/sigmoid.sv(3).
#    Time: 0 ps  Iteration: 0  Instance: /tb_param_probe/dut/rowwise_sig[10]/sig File: D:/2151097_Nguyen Nhut Khanh/Verilog Source code/rowwise_op.sv Line: 24
# ** Warning: (vsim-3015) [PCDPC] - Port size (16) does not match connection size (8) for port 'x'. The port definition is at: D:/2151097_Nguyen Nhut Khanh/Verilog Source code/sigmoid.sv(2).
#    Time: 0 ps  Iteration: 0  Instance: /tb_param_probe/dut/rowwise_sig[11]/sig File: D:/2151097_Nguyen Nhut Khanh/Verilog Source code/rowwise_op.sv Line: 24
# ** Warning: (vsim-3015) [PCDPC] - Port size (16) does not match connection size (8) for port 'out'. The port definition is at: D:/2151097_Nguyen Nhut Khanh/Verilog Source code/sigmoid.sv(3).
#    Time: 0 ps  Iteration: 0  Instance: /tb_param_probe/dut/rowwise_sig[11]/sig File: D:/2151097_Nguyen Nhut Khanh/Verilog Source code/rowwise_op.sv Line: 24
# ** Warning: (vsim-3015) [PCDPC] - Port size (16) does not match connection size (8) for port 'x'. The port definition is at: D:/2151097_Nguyen Nhut Khanh/Verilog Source code/sigmoid.sv(2).
#    Time: 0 ps  Iteration: 0  Instance: /tb_param_probe/dut/rowwise_sig[12]/sig File: D:/2151097_Nguyen Nhut Khanh/Verilog Source code/rowwise_op.sv Line: 24
# ** Warning: (vsim-3015) [PCDPC] - Port size (16) does not match connection size (8) for port 'out'. The port definition is at: D:/2151097_Nguyen Nhut Khanh/Verilog Source code/sigmoid.sv(3).
#    Time: 0 ps  Iteration: 0  Instance: /tb_param_probe/dut/rowwise_sig[12]/sig File: D:/2151097_Nguyen Nhut Khanh/Verilog Source code/rowwise_op.sv Line: 24
# ** Warning: (vsim-3015) [PCDPC] - Port size (16) does not match connection size (8) for port 'x'. The port definition is at: D:/2151097_Nguyen Nhut Khanh/Verilog Source code/sigmoid.sv(2).
#    Time: 0 ps  Iteration: 0  Instance: /tb_param_probe/dut/rowwise_sig[13]/sig File: D:/2151097_Nguyen Nhut Khanh/Verilog Source code/rowwise_op.sv Line: 24
# ** Warning: (vsim-3015) [PCDPC] - Port size (16) does not match connection size (8) for port 'out'. The port definition is at: D:/2151097_Nguyen Nhut Khanh/Verilog Source code/sigmoid.sv(3).
#    Time: 0 ps  Iteration: 0  Instance: /tb_param_probe/dut/rowwise_sig[13]/sig File: D:/2151097_Nguyen Nhut Khanh/Verilog Source code/rowwise_op.sv Line: 24
# ** Warning: (vsim-3015) [PCDPC] - Port size (16) does not match connection size (8) for port 'x'. The port definition is at: D:/2151097_Nguyen Nhut Khanh/Verilog Source code/sigmoid.sv(2).
#    Time: 0 ps  Iteration: 0  Instance: /tb_param_probe/dut/rowwise_sig[14]/sig File: D:/2151097_Nguyen Nhut Khanh/Verilog Source code/rowwise_op.sv Line: 24
# ** Warning: (vsim-3015) [PCDPC] - Port size (16) does not match connection size (8) for port 'out'. The port definition is at: D:/2151097_Nguyen Nhut Khanh/Verilog Source code/sigmoid.sv(3).
#    Time: 0 ps  Iteration: 0  Instance: /tb_param_probe/dut/rowwise_sig[14]/sig File: D:/2151097_Nguyen Nhut Khanh/Verilog Source code/rowwise_op.sv Line: 24
# ** Warning: (vsim-3015) [PCDPC] - Port size (16) does not match connection size (8) for port 'x'. The port definition is at: D:/2151097_Nguyen Nhut Khanh/Verilog Source code/sigmoid.sv(2).
#    Time: 0 ps  Iteration: 0  Instance: /tb_param_probe/dut/rowwise_sig[15]/sig File: D:/2151097_Nguyen Nhut Khanh/Verilog Source code/rowwise_op.sv Line: 24
# ** Warning: (vsim-3015) [PCDPC] - Port size (16) does not match connection size (8) for port 'out'. The port definition is at: D:/2151097_Nguyen Nhut Khanh/Verilog Source code/sigmoid.sv(3).
#    Time: 0 ps  Iteration: 0  Instance: /tb_param_probe/dut/rowwise_sig[15]/sig File: D:/2151097_Nguyen Nhut Khanh/Verilog Source code/rowwise_op.sv Line: 24
# ** Warning: (vsim-3015) [PCDPC] - Port size (16) does not match connection size (8) for port 'x'. The port definition is at: D:/2151097_Nguyen Nhut Khanh/Verilog Source code/sigmoid.sv(2).
#    Time: 0 ps  Iteration: 0  Instance: /tb_param_probe/dut/rowwise_sig[16]/sig File: D:/2151097_Nguyen Nhut Khanh/Verilog Source code/rowwise_op.sv Line: 24
# ** Warning: (vsim-3015) [PCDPC] - Port size (16) does not match connection size (8) for port 'out'. The port definition is at: D:/2151097_Nguyen Nhut Khanh/Verilog Source code/sigmoid.sv(3).
#    Time: 0 ps  Iteration: 0  Instance: /tb_param_probe/dut/rowwise_sig[16]/sig File: D:/2151097_Nguyen Nhut Khanh/Verilog Source code/rowwise_op.sv Line: 24
# ** Warning: (vsim-3015) [PCDPC] - Port size (16) does not match connection size (8) for port 'x'. The port definition is at: D:/2151097_Nguyen Nhut Khanh/Verilog Source code/sigmoid.sv(2).
#    Time: 0 ps  Iteration: 0  Instance: /tb_param_probe/dut/rowwise_sig[17]/sig File: D:/2151097_Nguyen Nhut Khanh/Verilog Source code/rowwise_op.sv Line: 24
# ** Warning: (vsim-3015) [PCDPC] - Port size (16) does not match connection size (8) for port 'out'. The port definition is at: D:/2151097_Nguyen Nhut Khanh/Verilog Source code/sigmoid.sv(3).
#    Time: 0 ps  Iteration: 0  Instance: /tb_param_probe/dut/rowwise_sig[17]/sig File: D:/2151097_Nguyen Nhut Khanh/Verilog Source code/rowwise_op.sv Line: 24
# ** Warning: (vsim-3015) [PCDPC] - Port size (16) does not match connection size (8) for port 'x'. The port definition is at: D:/2151097_Nguyen Nhut Khanh/Verilog Source code/sigmoid.sv(2).
#    Time: 0 ps  Iteration: 0  Instance: /tb_param_probe/dut/rowwise_sig[18]/sig File: D:/2151097_Nguyen Nhut Khanh/Verilog Source code/rowwise_op.sv Line: 24
# ** Warning: (vsim-3015) [PCDPC] - Port size (16) does not match connection size (8) for port 'out'. The port definition is at: D:/2151097_Nguyen Nhut Khanh/Verilog Source code/sigmoid.sv(3).
#    Time: 0 ps  Iteration: 0  Instance: /tb_param_probe/dut/rowwise_sig[18]/sig File: D:/2151097_Nguyen Nhut Khanh/Verilog Source code/rowwise_op.sv Line: 24
# ** Warning: (vsim-3015) [PCDPC] - Port size (16) does not match connection size (8) for port 'x'. The port definition is at: D:/2151097_Nguyen Nhut Khanh/Verilog Source code/sigmoid.sv(2).
#    Time: 0 ps  Iteration: 0  Instance: /tb_param_probe/dut/rowwise_sig[19]/sig File: D:/2151097_Nguyen Nhut Khanh/Verilog Source code/rowwise_op.sv Line: 24
# ** Warning: (vsim-3015) [PCDPC] - Port size (16) does not match connection size (8) for port 'out'. The port definition is at: D:/2151097_Nguyen Nhut Khanh/Verilog Source code/sigmoid.sv(3).
#    Time: 0 ps  Iteration: 0  Instance: /tb_param_probe/dut/rowwise_sig[19]/sig File: D:/2151097_Nguyen Nhut Khanh/Verilog Source code/rowwise_op.sv Line: 24
# ** Warning: (vsim-3015) [PCDPC] - Port size (16) does not match connection size (8) for port 'x'. The port definition is at: D:/2151097_Nguyen Nhut Khanh/Verilog Source code/sigmoid.sv(2).
#    Time: 0 ps  Iteration: 0  Instance: /tb_param_probe/dut/rowwise_sig[20]/sig File: D:/2151097_Nguyen Nhut Khanh/Verilog Source code/rowwise_op.sv Line: 24
# ** Warning: (vsim-3015) [PCDPC] - Port size (16) does not match connection size (8) for port 'out'. The port definition is at: D:/2151097_Nguyen Nhut Khanh/Verilog Source code/sigmoid.sv(3).
#    Time: 0 ps  Iteration: 0  Instance: /tb_param_probe/dut/rowwise_sig[20]/sig File: D:/2151097_Nguyen Nhut Khanh/Verilog Source code/rowwise_op.sv Line: 24
# ** Warning: (vsim-3015) [PCDPC] - Port size (16) does not match connection size (8) for port 'x'. The port definition is at: D:/2151097_Nguyen Nhut Khanh/Verilog Source code/sigmoid.sv(2).
#    Time: 0 ps  Iteration: 0  Instance: /tb_param_probe/dut/rowwise_sig[21]/sig File: D:/2151097_Nguyen Nhut Khanh/Verilog Source code/rowwise_op.sv Line: 24
# ** Warning: (vsim-3015) [PCDPC] - Port size (16) does not match connection size (8) for port 'out'. The port definition is at: D:/2151097_Nguyen Nhut Khanh/Verilog Source code/sigmoid.sv(3).
#    Time: 0 ps  Iteration: 0  Instance: /tb_param_probe/dut/rowwise_sig[21]/sig File: D:/2151097_Nguyen Nhut Khanh/Verilog Source code/rowwise_op.sv Line: 24
# ** Warning: (vsim-3015) [PCDPC] - Port size (16) does not match connection size (8) for port 'x'. The port definition is at: D:/2151097_Nguyen Nhut Khanh/Verilog Source code/sigmoid.sv(2).
#    Time: 0 ps  Iteration: 0  Instance: /tb_param_probe/dut/rowwise_sig[22]/sig File: D:/2151097_Nguyen Nhut Khanh/Verilog Source code/rowwise_op.sv Line: 24
# ** Warning: (vsim-3015) [PCDPC] - Port size (16) does not match connection size (8) for port 'out'. The port definition is at: D:/2151097_Nguyen Nhut Khanh/Verilog Source code/sigmoid.sv(3).
#    Time: 0 ps  Iteration: 0  Instance: /tb_param_probe/dut/rowwise_sig[22]/sig File: D:/2151097_Nguyen Nhut Khanh/Verilog Source code/rowwise_op.sv Line: 24
# ** Warning: (vsim-3015) [PCDPC] - Port size (16) does not match connection size (8) for port 'x'. The port definition is at: D:/2151097_Nguyen Nhut Khanh/Verilog Source code/sigmoid.sv(2).
#    Time: 0 ps  Iteration: 0  Instance: /tb_param_probe/dut/rowwise_sig[23]/sig File: D:/2151097_Nguyen Nhut Khanh/Verilog Source code/rowwise_op.sv Line: 24
# ** Warning: (vsim-3015) [PCDPC] - Port size (16) does not match connection size (8) for port 'out'. The port definition is at: D:/2151097_Nguyen Nhut Khanh/Verilog Source code/sigmoid.sv(3).
#    Time: 0 ps  Iteration: 0  Instance: /tb_param_probe/dut/rowwise_sig[23]/sig File: D:/2151097_Nguyen Nhut Khanh/Verilog Source code/rowwise_op.sv Line: 24
# ** Warning: (vsim-3015) [PCDPC] - Port size (16) does not match connection size (8) for port 'x'. The port definition is at: D:/2151097_Nguyen Nhut Khanh/Verilog Source code/sigmoid.sv(2).
#    Time: 0 ps  Iteration: 0  Instance: /tb_param_probe/dut/rowwise_sig[24]/sig File: D:/2151097_Nguyen Nhut Khanh/Verilog Source code/rowwise_op.sv Line: 24
# ** Warning: (vsim-3015) [PCDPC] - Port size (16) does not match connection size (8) for port 'out'. The port definition is at: D:/2151097_Nguyen Nhut Khanh/Verilog Source code/sigmoid.sv(3).
#    Time: 0 ps  Iteration: 0  Instance: /tb_param_probe/dut/rowwise_sig[24]/sig File: D:/2151097_Nguyen Nhut Khanh/Verilog Source code/rowwise_op.sv Line: 24
# ** Warning: (vsim-3015) [PCDPC] - Port size (16) does not match connection size (8) for port 'x'. The port definition is at: D:/2151097_Nguyen Nhut Khanh/Verilog Source code/sigmoid.sv(2).
#    Time: 0 ps  Iteration: 0  Instance: /tb_param_probe/dut/rowwise_sig[25]/sig File: D:/2151097_Nguyen Nhut Khanh/Verilog Source code/rowwise_op.sv Line: 24
# ** Warning: (vsim-3015) [PCDPC] - Port size (16) does not match connection size (8) for port 'out'. The port definition is at: D:/2151097_Nguyen Nhut Khanh/Verilog Source code/sigmoid.sv(3).
#    Time: 0 ps  Iteration: 0  Instance: /tb_param_probe/dut/rowwise_sig[25]/sig File: D:/2151097_Nguyen Nhut Khanh/Verilog Source code/rowwise_op.sv Line: 24
# ** Warning: (vsim-3015) [PCDPC] - Port size (16) does not match connection size (8) for port 'x'. The port definition is at: D:/2151097_Nguyen Nhut Khanh/Verilog Source code/sigmoid.sv(2).
#    Time: 0 ps  Iteration: 0  Instance: /tb_param_probe/dut/rowwise_sig[26]/sig File: D:/2151097_Nguyen Nhut Khanh/Verilog Source code/rowwise_op.sv Line: 24
# ** Warning: (vsim-3015) [PCDPC] - Port size (16) does not match connection size (8) for port 'out'. The port definition is at: D:/2151097_Nguyen Nhut Khanh/Verilog Source code/sigmoid.sv(3).
#    Time: 0 ps  Iteration: 0  Instance: /tb_param_probe/dut/rowwise_sig[26]/sig File: D:/2151097_Nguyen Nhut Khanh/Verilog Source code/rowwise_op.sv Line: 24
# ** Warning: (vsim-3015) [PCDPC] - Port size (16) does not match connection size (8) for port 'x'. The port definition is at: D:/2151097_Nguyen Nhut Khanh/Verilog Source code/sigmoid.sv(2).
#    Time: 0 ps  Iteration: 0  Instance: /tb_param_probe/dut/rowwise_sig[27]/sig File: D:/2151097_Nguyen Nhut Khanh/Verilog Source code/rowwise_op.sv Line: 24
# ** Warning: (vsim-3015) [PCDPC] - Port size (16) does not match connection size (8) for port 'out'. The port definition is at: D:/2151097_Nguyen Nhut Khanh/Verilog Source code/sigmoid.sv(3).
#    Time: 0 ps  Iteration: 0  Instance: /tb_param_probe/dut/rowwise_sig[27]/sig File: D:/2151097_Nguyen Nhut Khanh/Verilog Source code/rowwise_op.sv Line: 24
# ** Warning: (vsim-3015) [PCDPC] - Port size (16) does not match connection size (8) for port 'x'. The port definition is at: D:/2151097_Nguyen Nhut Khanh/Verilog Source code/sigmoid.sv(2).
#    Time: 0 ps  Iteration: 0  Instance: /tb_param_probe/dut/rowwise_sig[28]/sig File: D:/2151097_Nguyen Nhut Khanh/Verilog Source code/rowwise_op.sv Line: 24
# ** Warning: (vsim-3015) [PCDPC] - Port size (16) does not match connection size (8) for port 'out'. The port definition is at: D:/2151097_Nguyen Nhut Khanh/Verilog Source code/sigmoid.sv(3).
#    Time: 0 ps  Iteration: 0  Instance: /tb_param_probe/dut/rowwise_sig[28]/sig File: D:/2151097_Nguyen Nhut Khanh/Verilog Source code/rowwise_op.sv Line: 24
# ** Warning: (vsim-3015) [PCDPC] - Port size (16) does not match connection size (8) for port 'x'. The port definition is at: D:/2151097_Nguyen Nhut Khanh/Verilog Source code/sigmoid.sv(2).
#    Time: 0 ps  Iteration: 0  Instance: /tb_param_probe/dut/rowwise_sig[29]/sig File: D:/2151097_Nguyen Nhut Khanh/Verilog Source code/rowwise_op.sv Line: 24
# ** Warning: (vsim-3015) [PCDPC] - Port size (16) does not match connection size (8) for port 'out'. The port definition is at: D:/2151097_Nguyen Nhut Khanh/Verilog Source code/sigmoid.sv(3).
#    Time: 0 ps  Iteration: 0  Instance: /tb_param_probe/dut/rowwise_sig[29]/sig File: D:/2151097_Nguyen Nhut Khanh/Verilog Source code/rowwise_op.sv Line: 24
# ** Warning: (vsim-3015) [PCDPC] - Port size (16) does not match connection size (8) for port 'x'. The port definition is at: D:/2151097_Nguyen Nhut Khanh/Verilog Source code/sigmoid.sv(2).
#    Time: 0 ps  Iteration: 0  Instance: /tb_param_probe/dut/rowwise_sig[30]/sig File: D:/2151097_Nguyen Nhut Khanh/Verilog Source code/rowwise_op.sv Line: 24
# ** Warning: (vsim-3015) [PCDPC] - Port size (16) does not match connection size (8) for port 'out'. The port definition is at: D:/2151097_Nguyen Nhut Khanh/Verilog Source code/sigmoid.sv(3).
#    Time: 0 ps  Iteration: 0  Instance: /tb_param_probe/dut/rowwise_sig[30]/sig File: D:/2151097_Nguyen Nhut Khanh/Verilog Source code/rowwise_op.sv Line: 24
# ** Warning: (vsim-3015) [PCDPC] - Port size (16) does not match connection size (8) for port 'x'. The port definition is at: D:/2151097_Nguyen Nhut Khanh/Verilog Source code/sigmoid.sv(2).
#    Time: 0 ps  Iteration: 0  Instance: /tb_param_probe/dut/rowwise_sig[31]/sig File: D:/2151097_Nguyen Nhut Khanh/Verilog Source code/rowwise_op.sv Line: 24
# ** Warning: (vsim-3015) [PCDPC] - Port size (16) does not match connection size (8) for port 'out'. The port definition is at: D:/2151097_Nguyen Nhut Khanh/Verilog Source code/sigmoid.sv(3).
#    Time: 0 ps  Iteration: 0  Instance: /tb_param_probe/dut/rowwise_sig[31]/sig File: D:/2151097_Nguyen Nhut Khanh/Verilog Source code/rowwise_op.sv Line: 24
# ** Warning: (vsim-3015) [PCDPC] - Port size (16) does not match connection size (8) for port 'a'. The port definition is at: D:/2151097_Nguyen Nhut Khanh/Verilog Source code/addsub.sv(2).
#    Time: 0 ps  Iteration: 0  Instance: /tb_param_probe/dut/rowwise_addsub[0]/rowwise_addsub File: D:/2151097_Nguyen Nhut Khanh/Verilog Source code/rowwise_op.sv Line: 35
# ** Warning: (vsim-3015) [PCDPC] - Port size (16) does not match connection size (8) for port 'b'. The port definition is at: D:/2151097_Nguyen Nhut Khanh/Verilog Source code/addsub.sv(3).
#    Time: 0 ps  Iteration: 0  Instance: /tb_param_probe/dut/rowwise_addsub[0]/rowwise_addsub File: D:/2151097_Nguyen Nhut Khanh/Verilog Source code/rowwise_op.sv Line: 35
# ** Warning: (vsim-3015) [PCDPC] - Port size (16) does not match connection size (8) for port 'sum'. The port definition is at: D:/2151097_Nguyen Nhut Khanh/Verilog Source code/addsub.sv(6).
#    Time: 0 ps  Iteration: 0  Instance: /tb_param_probe/dut/rowwise_addsub[0]/rowwise_addsub File: D:/2151097_Nguyen Nhut Khanh/Verilog Source code/rowwise_op.sv Line: 35
# ** Warning: (vsim-3015) [PCDPC] - Port size (16) does not match connection size (8) for port 'a'. The port definition is at: D:/2151097_Nguyen Nhut Khanh/Verilog Source code/addsub.sv(2).
#    Time: 0 ps  Iteration: 0  Instance: /tb_param_probe/dut/rowwise_addsub[1]/rowwise_addsub File: D:/2151097_Nguyen Nhut Khanh/Verilog Source code/rowwise_op.sv Line: 35
# ** Warning: (vsim-3015) [PCDPC] - Port size (16) does not match connection size (8) for port 'b'. The port definition is at: D:/2151097_Nguyen Nhut Khanh/Verilog Source code/addsub.sv(3).
#    Time: 0 ps  Iteration: 0  Instance: /tb_param_probe/dut/rowwise_addsub[1]/rowwise_addsub File: D:/2151097_Nguyen Nhut Khanh/Verilog Source code/rowwise_op.sv Line: 35
# ** Warning: (vsim-3015) [PCDPC] - Port size (16) does not match connection size (8) for port 'sum'. The port definition is at: D:/2151097_Nguyen Nhut Khanh/Verilog Source code/addsub.sv(6).
#    Time: 0 ps  Iteration: 0  Instance: /tb_param_probe/dut/rowwise_addsub[1]/rowwise_addsub File: D:/2151097_Nguyen Nhut Khanh/Verilog Source code/rowwise_op.sv Line: 35
# ** Warning: (vsim-3015) [PCDPC] - Port size (16) does not match connection size (8) for port 'a'. The port definition is at: D:/2151097_Nguyen Nhut Khanh/Verilog Source code/addsub.sv(2).
#    Time: 0 ps  Iteration: 0  Instance: /tb_param_probe/dut/rowwise_addsub[2]/rowwise_addsub File: D:/2151097_Nguyen Nhut Khanh/Verilog Source code/rowwise_op.sv Line: 35
# ** Warning: (vsim-3015) [PCDPC] - Port size (16) does not match connection size (8) for port 'b'. The port definition is at: D:/2151097_Nguyen Nhut Khanh/Verilog Source code/addsub.sv(3).
#    Time: 0 ps  Iteration: 0  Instance: /tb_param_probe/dut/rowwise_addsub[2]/rowwise_addsub File: D:/2151097_Nguyen Nhut Khanh/Verilog Source code/rowwise_op.sv Line: 35
# ** Warning: (vsim-3015) [PCDPC] - Port size (16) does not match connection size (8) for port 'sum'. The port definition is at: D:/2151097_Nguyen Nhut Khanh/Verilog Source code/addsub.sv(6).
#    Time: 0 ps  Iteration: 0  Instance: /tb_param_probe/dut/rowwise_addsub[2]/rowwise_addsub File: D:/2151097_Nguyen Nhut Khanh/Verilog Source code/rowwise_op.sv Line: 35
# ** Warning: (vsim-3015) [PCDPC] - Port size (16) does not match connection size (8) for port 'a'. The port definition is at: D:/2151097_Nguyen Nhut Khanh/Verilog Source code/addsub.sv(2).
#    Time: 0 ps  Iteration: 0  Instance: /tb_param_probe/dut/rowwise_addsub[3]/rowwise_addsub File: D:/2151097_Nguyen Nhut Khanh/Verilog Source code/rowwise_op.sv Line: 35
# ** Warning: (vsim-3015) [PCDPC] - Port size (16) does not match connection size (8) for port 'b'. The port definition is at: D:/2151097_Nguyen Nhut Khanh/Verilog Source code/addsub.sv(3).
#    Time: 0 ps  Iteration: 0  Instance: /tb_param_probe/dut/rowwise_addsub[3]/rowwise_addsub File: D:/2151097_Nguyen Nhut Khanh/Verilog Source code/rowwise_op.sv Line: 35
# ** Warning: (vsim-3015) [PCDPC] - Port size (16) does not match connection size (8) for port 'sum'. The port definition is at: D:/2151097_Nguyen Nhut Khanh/Verilog Source code/addsub.sv(6).
#    Time: 0 ps  Iteration: 0  Instance: /tb_param_probe/dut/rowwise_addsub[3]/rowwise_addsub File: D:/2151097_Nguyen Nhut Khanh/Verilog Source code/rowwise_op.sv Line: 35
# ** Warning: (vsim-3015) [PCDPC] - Port size (16) does not match connection size (8) for port 'a'. The port definition is at: D:/2151097_Nguyen Nhut Khanh/Verilog Source code/addsub.sv(2).
#    Time: 0 ps  Iteration: 0  Instance: /tb_param_probe/dut/rowwise_addsub[4]/rowwise_addsub File: D:/2151097_Nguyen Nhut Khanh/Verilog Source code/rowwise_op.sv Line: 35
# ** Warning: (vsim-3015) [PCDPC] - Port size (16) does not match connection size (8) for port 'b'. The port definition is at: D:/2151097_Nguyen Nhut Khanh/Verilog Source code/addsub.sv(3).
#    Time: 0 ps  Iteration: 0  Instance: /tb_param_probe/dut/rowwise_addsub[4]/rowwise_addsub File: D:/2151097_Nguyen Nhut Khanh/Verilog Source code/rowwise_op.sv Line: 35
# ** Warning: (vsim-3015) [PCDPC] - Port size (16) does not match connection size (8) for port 'sum'. The port definition is at: D:/2151097_Nguyen Nhut Khanh/Verilog Source code/addsub.sv(6).
#    Time: 0 ps  Iteration: 0  Instance: /tb_param_probe/dut/rowwise_addsub[4]/rowwise_addsub File: D:/2151097_Nguyen Nhut Khanh/Verilog Source code/rowwise_op.sv Line: 35
# ** Warning: (vsim-3015) [PCDPC] - Port size (16) does not match connection size (8) for port 'a'. The port definition is at: D:/2151097_Nguyen Nhut Khanh/Verilog Source code/addsub.sv(2).
#    Time: 0 ps  Iteration: 0  Instance: /tb_param_probe/dut/rowwise_addsub[5]/rowwise_addsub File: D:/2151097_Nguyen Nhut Khanh/Verilog Source code/rowwise_op.sv Line: 35
# ** Warning: (vsim-3015) [PCDPC] - Port size (16) does not match connection size (8) for port 'b'. The port definition is at: D:/2151097_Nguyen Nhut Khanh/Verilog Source code/addsub.sv(3).
#    Time: 0 ps  Iteration: 0  Instance: /tb_param_probe/dut/rowwise_addsub[5]/rowwise_addsub File: D:/2151097_Nguyen Nhut Khanh/Verilog Source code/rowwise_op.sv Line: 35
# ** Warning: (vsim-3015) [PCDPC] - Port size (16) does not match connection size (8) for port 'sum'. The port definition is at: D:/2151097_Nguyen Nhut Khanh/Verilog Source code/addsub.sv(6).
#    Time: 0 ps  Iteration: 0  Instance: /tb_param_probe/dut/rowwise_addsub[5]/rowwise_addsub File: D:/2151097_Nguyen Nhut Khanh/Verilog Source code/rowwise_op.sv Line: 35
# ** Warning: (vsim-3015) [PCDPC] - Port size (16) does not match connection size (8) for port 'a'. The port definition is at: D:/2151097_Nguyen Nhut Khanh/Verilog Source code/addsub.sv(2).
#    Time: 0 ps  Iteration: 0  Instance: /tb_param_probe/dut/rowwise_addsub[6]/rowwise_addsub File: D:/2151097_Nguyen Nhut Khanh/Verilog Source code/rowwise_op.sv Line: 35
# ** Warning: (vsim-3015) [PCDPC] - Port size (16) does not match connection size (8) for port 'b'. The port definition is at: D:/2151097_Nguyen Nhut Khanh/Verilog Source code/addsub.sv(3).
#    Time: 0 ps  Iteration: 0  Instance: /tb_param_probe/dut/rowwise_addsub[6]/rowwise_addsub File: D:/2151097_Nguyen Nhut Khanh/Verilog Source code/rowwise_op.sv Line: 35
# ** Warning: (vsim-3015) [PCDPC] - Port size (16) does not match connection size (8) for port 'sum'. The port definition is at: D:/2151097_Nguyen Nhut Khanh/Verilog Source code/addsub.sv(6).
#    Time: 0 ps  Iteration: 0  Instance: /tb_param_probe/dut/rowwise_addsub[6]/rowwise_addsub File: D:/2151097_Nguyen Nhut Khanh/Verilog Source code/rowwise_op.sv Line: 35
# ** Warning: (vsim-3015) [PCDPC] - Port size (16) does not match connection size (8) for port 'a'. The port definition is at: D:/2151097_Nguyen Nhut Khanh/Verilog Source code/addsub.sv(2).
#    Time: 0 ps  Iteration: 0  Instance: /tb_param_probe/dut/rowwise_addsub[7]/rowwise_addsub File: D:/2151097_Nguyen Nhut Khanh/Verilog Source code/rowwise_op.sv Line: 35
# ** Warning: (vsim-3015) [PCDPC] - Port size (16) does not match connection size (8) for port 'b'. The port definition is at: D:/2151097_Nguyen Nhut Khanh/Verilog Source code/addsub.sv(3).
#    Time: 0 ps  Iteration: 0  Instance: /tb_param_probe/dut/rowwise_addsub[7]/rowwise_addsub File: D:/2151097_Nguyen Nhut Khanh/Verilog Source code/rowwise_op.sv Line: 35
# ** Warning: (vsim-3015) [PCDPC] - Port size (16) does not match connection size (8) for port 'sum'. The port definition is at: D:/2151097_Nguyen Nhut Khanh/Verilog Source code/addsub.sv(6).
#    Time: 0 ps  Iteration: 0  Instance: /tb_param_probe/dut/rowwise_addsub[7]/rowwise_addsub File: D:/2151097_Nguyen Nhut Khanh/Verilog Source code/rowwise_op.sv Line: 35
# ** Warning: (vsim-3015) [PCDPC] - Port size (16) does not match connection size (8) for port 'a'. The port definition is at: D:/2151097_Nguyen Nhut Khanh/Verilog Source code/addsub.sv(2).
#    Time: 0 ps  Iteration: 0  Instance: /tb_param_probe/dut/rowwise_addsub[8]/rowwise_addsub File: D:/2151097_Nguyen Nhut Khanh/Verilog Source code/rowwise_op.sv Line: 35
# ** Warning: (vsim-3015) [PCDPC] - Port size (16) does not match connection size (8) for port 'b'. The port definition is at: D:/2151097_Nguyen Nhut Khanh/Verilog Source code/addsub.sv(3).
#    Time: 0 ps  Iteration: 0  Instance: /tb_param_probe/dut/rowwise_addsub[8]/rowwise_addsub File: D:/2151097_Nguyen Nhut Khanh/Verilog Source code/rowwise_op.sv Line: 35
# ** Warning: (vsim-3015) [PCDPC] - Port size (16) does not match connection size (8) for port 'sum'. The port definition is at: D:/2151097_Nguyen Nhut Khanh/Verilog Source code/addsub.sv(6).
#    Time: 0 ps  Iteration: 0  Instance: /tb_param_probe/dut/rowwise_addsub[8]/rowwise_addsub File: D:/2151097_Nguyen Nhut Khanh/Verilog Source code/rowwise_op.sv Line: 35
# ** Warning: (vsim-3015) [PCDPC] - Port size (16) does not match connection size (8) for port 'a'. The port definition is at: D:/2151097_Nguyen Nhut Khanh/Verilog Source code/addsub.sv(2).
#    Time: 0 ps  Iteration: 0  Instance: /tb_param_probe/dut/rowwise_addsub[9]/rowwise_addsub File: D:/2151097_Nguyen Nhut Khanh/Verilog Source code/rowwise_op.sv Line: 35
# ** Warning: (vsim-3015) [PCDPC] - Port size (16) does not match connection size (8) for port 'b'. The port definition is at: D:/2151097_Nguyen Nhut Khanh/Verilog Source code/addsub.sv(3).
#    Time: 0 ps  Iteration: 0  Instance: /tb_param_probe/dut/rowwise_addsub[9]/rowwise_addsub File: D:/2151097_Nguyen Nhut Khanh/Verilog Source code/rowwise_op.sv Line: 35
# ** Warning: (vsim-3015) [PCDPC] - Port size (16) does not match connection size (8) for port 'sum'. The port definition is at: D:/2151097_Nguyen Nhut Khanh/Verilog Source code/addsub.sv(6).
#    Time: 0 ps  Iteration: 0  Instance: /tb_param_probe/dut/rowwise_addsub[9]/rowwise_addsub File: D:/2151097_Nguyen Nhut Khanh/Verilog Source code/rowwise_op.sv Line: 35
# ** Warning: (vsim-3015) [PCDPC] - Port size (16) does not match connection size (8) for port 'a'. The port definition is at: D:/2151097_Nguyen Nhut Khanh/Verilog Source code/addsub.sv(2).
#    Time: 0 ps  Iteration: 0  Instance: /tb_param_probe/dut/rowwise_addsub[10]/rowwise_addsub File: D:/2151097_Nguyen Nhut Khanh/Verilog Source code/rowwise_op.sv Line: 35
# ** Warning: (vsim-3015) [PCDPC] - Port size (16) does not match connection size (8) for port 'b'. The port definition is at: D:/2151097_Nguyen Nhut Khanh/Verilog Source code/addsub.sv(3).
#    Time: 0 ps  Iteration: 0  Instance: /tb_param_probe/dut/rowwise_addsub[10]/rowwise_addsub File: D:/2151097_Nguyen Nhut Khanh/Verilog Source code/rowwise_op.sv Line: 35
# ** Warning: (vsim-3015) [PCDPC] - Port size (16) does not match connection size (8) for port 'sum'. The port definition is at: D:/2151097_Nguyen Nhut Khanh/Verilog Source code/addsub.sv(6).
#    Time: 0 ps  Iteration: 0  Instance: /tb_param_probe/dut/rowwise_addsub[10]/rowwise_addsub File: D:/2151097_Nguyen Nhut Khanh/Verilog Source code/rowwise_op.sv Line: 35
# ** Warning: (vsim-3015) [PCDPC] - Port size (16) does not match connection size (8) for port 'a'. The port definition is at: D:/2151097_Nguyen Nhut Khanh/Verilog Source code/addsub.sv(2).
#    Time: 0 ps  Iteration: 0  Instance: /tb_param_probe/dut/rowwise_addsub[11]/rowwise_addsub File: D:/2151097_Nguyen Nhut Khanh/Verilog Source code/rowwise_op.sv Line: 35
# ** Warning: (vsim-3015) [PCDPC] - Port size (16) does not match connection size (8) for port 'b'. The port definition is at: D:/2151097_Nguyen Nhut Khanh/Verilog Source code/addsub.sv(3).
#    Time: 0 ps  Iteration: 0  Instance: /tb_param_probe/dut/rowwise_addsub[11]/rowwise_addsub File: D:/2151097_Nguyen Nhut Khanh/Verilog Source code/rowwise_op.sv Line: 35
# ** Warning: (vsim-3015) [PCDPC] - Port size (16) does not match connection size (8) for port 'sum'. The port definition is at: D:/2151097_Nguyen Nhut Khanh/Verilog Source code/addsub.sv(6).
#    Time: 0 ps  Iteration: 0  Instance: /tb_param_probe/dut/rowwise_addsub[11]/rowwise_addsub File: D:/2151097_Nguyen Nhut Khanh/Verilog Source code/rowwise_op.sv Line: 35
# ** Warning: (vsim-3015) [PCDPC] - Port size (16) does not match connection size (8) for port 'a'. The port definition is at: D:/2151097_Nguyen Nhut Khanh/Verilog Source code/addsub.sv(2).
#    Time: 0 ps  Iteration: 0  Instance: /tb_param_probe/dut/rowwise_addsub[12]/rowwise_addsub File: D:/2151097_Nguyen Nhut Khanh/Verilog Source code/rowwise_op.sv Line: 35
# ** Warning: (vsim-3015) [PCDPC] - Port size (16) does not match connection size (8) for port 'b'. The port definition is at: D:/2151097_Nguyen Nhut Khanh/Verilog Source code/addsub.sv(3).
#    Time: 0 ps  Iteration: 0  Instance: /tb_param_probe/dut/rowwise_addsub[12]/rowwise_addsub File: D:/2151097_Nguyen Nhut Khanh/Verilog Source code/rowwise_op.sv Line: 35
# ** Warning: (vsim-3015) [PCDPC] - Port size (16) does not match connection size (8) for port 'sum'. The port definition is at: D:/2151097_Nguyen Nhut Khanh/Verilog Source code/addsub.sv(6).
#    Time: 0 ps  Iteration: 0  Instance: /tb_param_probe/dut/rowwise_addsub[12]/rowwise_addsub File: D:/2151097_Nguyen Nhut Khanh/Verilog Source code/rowwise_op.sv Line: 35
# ** Warning: (vsim-3015) [PCDPC] - Port size (16) does not match connection size (8) for port 'a'. The port definition is at: D:/2151097_Nguyen Nhut Khanh/Verilog Source code/addsub.sv(2).
#    Time: 0 ps  Iteration: 0  Instance: /tb_param_probe/dut/rowwise_addsub[13]/rowwise_addsub File: D:/2151097_Nguyen Nhut Khanh/Verilog Source code/rowwise_op.sv Line: 35
# ** Warning: (vsim-3015) [PCDPC] - Port size (16) does not match connection size (8) for port 'b'. The port definition is at: D:/2151097_Nguyen Nhut Khanh/Verilog Source code/addsub.sv(3).
#    Time: 0 ps  Iteration: 0  Instance: /tb_param_probe/dut/rowwise_addsub[13]/rowwise_addsub File: D:/2151097_Nguyen Nhut Khanh/Verilog Source code/rowwise_op.sv Line: 35
# ** Warning: (vsim-3015) [PCDPC] - Port size (16) does not match connection size (8) for port 'sum'. The port definition is at: D:/2151097_Nguyen Nhut Khanh/Verilog Source code/addsub.sv(6).
#    Time: 0 ps  Iteration: 0  Instance: /tb_param_probe/dut/rowwise_addsub[13]/rowwise_addsub File: D:/2151097_Nguyen Nhut Khanh/Verilog Source code/rowwise_op.sv Line: 35
# ** Warning: (vsim-3015) [PCDPC] - Port size (16) does not match connection size (8) for port 'a'. The port definition is at: D:/2151097_Nguyen Nhut Khanh/Verilog Source code/addsub.sv(2).
#    Time: 0 ps  Iteration: 0  Instance: /tb_param_probe/dut/rowwise_addsub[14]/rowwise_addsub File: D:/2151097_Nguyen Nhut Khanh/Verilog Source code/rowwise_op.sv Line: 35
# ** Warning: (vsim-3015) [PCDPC] - Port size (16) does not match connection size (8) for port 'b'. The port definition is at: D:/2151097_Nguyen Nhut Khanh/Verilog Source code/addsub.sv(3).
#    Time: 0 ps  Iteration: 0  Instance: /tb_param_probe/dut/rowwise_addsub[14]/rowwise_addsub File: D:/2151097_Nguyen Nhut Khanh/Verilog Source code/rowwise_op.sv Line: 35
# ** Warning: (vsim-3015) [PCDPC] - Port size (16) does not match connection size (8) for port 'sum'. The port definition is at: D:/2151097_Nguyen Nhut Khanh/Verilog Source code/addsub.sv(6).
#    Time: 0 ps  Iteration: 0  Instance: /tb_param_probe/dut/rowwise_addsub[14]/rowwise_addsub File: D:/2151097_Nguyen Nhut Khanh/Verilog Source code/rowwise_op.sv Line: 35
# ** Warning: (vsim-3015) [PCDPC] - Port size (16) does not match connection size (8) for port 'a'. The port definition is at: D:/2151097_Nguyen Nhut Khanh/Verilog Source code/addsub.sv(2).
#    Time: 0 ps  Iteration: 0  Instance: /tb_param_probe/dut/rowwise_addsub[15]/rowwise_addsub File: D:/2151097_Nguyen Nhut Khanh/Verilog Source code/rowwise_op.sv Line: 35
# ** Warning: (vsim-3015) [PCDPC] - Port size (16) does not match connection size (8) for port 'b'. The port definition is at: D:/2151097_Nguyen Nhut Khanh/Verilog Source code/addsub.sv(3).
#    Time: 0 ps  Iteration: 0  Instance: /tb_param_probe/dut/rowwise_addsub[15]/rowwise_addsub File: D:/2151097_Nguyen Nhut Khanh/Verilog Source code/rowwise_op.sv Line: 35
# ** Warning: (vsim-3015) [PCDPC] - Port size (16) does not match connection size (8) for port 'sum'. The port definition is at: D:/2151097_Nguyen Nhut Khanh/Verilog Source code/addsub.sv(6).
#    Time: 0 ps  Iteration: 0  Instance: /tb_param_probe/dut/rowwise_addsub[15]/rowwise_addsub File: D:/2151097_Nguyen Nhut Khanh/Verilog Source code/rowwise_op.sv Line: 35
# ** Warning: (vsim-3015) [PCDPC] - Port size (16) does not match connection size (8) for port 'a'. The port definition is at: D:/2151097_Nguyen Nhut Khanh/Verilog Source code/addsub.sv(2).
#    Time: 0 ps  Iteration: 0  Instance: /tb_param_probe/dut/rowwise_addsub[16]/rowwise_addsub File: D:/2151097_Nguyen Nhut Khanh/Verilog Source code/rowwise_op.sv Line: 35
# ** Warning: (vsim-3015) [PCDPC] - Port size (16) does not match connection size (8) for port 'b'. The port definition is at: D:/2151097_Nguyen Nhut Khanh/Verilog Source code/addsub.sv(3).
#    Time: 0 ps  Iteration: 0  Instance: /tb_param_probe/dut/rowwise_addsub[16]/rowwise_addsub File: D:/2151097_Nguyen Nhut Khanh/Verilog Source code/rowwise_op.sv Line: 35
# ** Warning: (vsim-3015) [PCDPC] - Port size (16) does not match connection size (8) for port 'sum'. The port definition is at: D:/2151097_Nguyen Nhut Khanh/Verilog Source code/addsub.sv(6).
#    Time: 0 ps  Iteration: 0  Instance: /tb_param_probe/dut/rowwise_addsub[16]/rowwise_addsub File: D:/2151097_Nguyen Nhut Khanh/Verilog Source code/rowwise_op.sv Line: 35
# ** Warning: (vsim-3015) [PCDPC] - Port size (16) does not match connection size (8) for port 'a'. The port definition is at: D:/2151097_Nguyen Nhut Khanh/Verilog Source code/addsub.sv(2).
#    Time: 0 ps  Iteration: 0  Instance: /tb_param_probe/dut/rowwise_addsub[17]/rowwise_addsub File: D:/2151097_Nguyen Nhut Khanh/Verilog Source code/rowwise_op.sv Line: 35
# ** Warning: (vsim-3015) [PCDPC] - Port size (16) does not match connection size (8) for port 'b'. The port definition is at: D:/2151097_Nguyen Nhut Khanh/Verilog Source code/addsub.sv(3).
#    Time: 0 ps  Iteration: 0  Instance: /tb_param_probe/dut/rowwise_addsub[17]/rowwise_addsub File: D:/2151097_Nguyen Nhut Khanh/Verilog Source code/rowwise_op.sv Line: 35
# ** Warning: (vsim-3015) [PCDPC] - Port size (16) does not match connection size (8) for port 'sum'. The port definition is at: D:/2151097_Nguyen Nhut Khanh/Verilog Source code/addsub.sv(6).
#    Time: 0 ps  Iteration: 0  Instance: /tb_param_probe/dut/rowwise_addsub[17]/rowwise_addsub File: D:/2151097_Nguyen Nhut Khanh/Verilog Source code/rowwise_op.sv Line: 35
# ** Warning: (vsim-3015) [PCDPC] - Port size (16) does not match connection size (8) for port 'a'. The port definition is at: D:/2151097_Nguyen Nhut Khanh/Verilog Source code/addsub.sv(2).
#    Time: 0 ps  Iteration: 0  Instance: /tb_param_probe/dut/rowwise_addsub[18]/rowwise_addsub File: D:/2151097_Nguyen Nhut Khanh/Verilog Source code/rowwise_op.sv Line: 35
# ** Warning: (vsim-3015) [PCDPC] - Port size (16) does not match connection size (8) for port 'b'. The port definition is at: D:/2151097_Nguyen Nhut Khanh/Verilog Source code/addsub.sv(3).
#    Time: 0 ps  Iteration: 0  Instance: /tb_param_probe/dut/rowwise_addsub[18]/rowwise_addsub File: D:/2151097_Nguyen Nhut Khanh/Verilog Source code/rowwise_op.sv Line: 35
# ** Warning: (vsim-3015) [PCDPC] - Port size (16) does not match connection size (8) for port 'sum'. The port definition is at: D:/2151097_Nguyen Nhut Khanh/Verilog Source code/addsub.sv(6).
#    Time: 0 ps  Iteration: 0  Instance: /tb_param_probe/dut/rowwise_addsub[18]/rowwise_addsub File: D:/2151097_Nguyen Nhut Khanh/Verilog Source code/rowwise_op.sv Line: 35
# ** Warning: (vsim-3015) [PCDPC] - Port size (16) does not match connection size (8) for port 'a'. The port definition is at: D:/2151097_Nguyen Nhut Khanh/Verilog Source code/addsub.sv(2).
#    Time: 0 ps  Iteration: 0  Instance: /tb_param_probe/dut/rowwise_addsub[19]/rowwise_addsub File: D:/2151097_Nguyen Nhut Khanh/Verilog Source code/rowwise_op.sv Line: 35
# ** Warning: (vsim-3015) [PCDPC] - Port size (16) does not match connection size (8) for port 'b'. The port definition is at: D:/2151097_Nguyen Nhut Khanh/Verilog Source code/addsub.sv(3).
#    Time: 0 ps  Iteration: 0  Instance: /tb_param_probe/dut/rowwise_addsub[19]/rowwise_addsub File: D:/2151097_Nguyen Nhut Khanh/Verilog Source code/rowwise_op.sv Line: 35
# ** Warning: (vsim-3015) [PCDPC] - Port size (16) does not match connection size (8) for port 'sum'. The port definition is at: D:/2151097_Nguyen Nhut Khanh/Verilog Source code/addsub.sv(6).
#    Time: 0 ps  Iteration: 0  Instance: /tb_param_probe/dut/rowwise_addsub[19]/rowwise_addsub File: D:/2151097_Nguyen Nhut Khanh/Verilog Source code/rowwise_op.sv Line: 35
# ** Warning: (vsim-3015) [PCDPC] - Port size (16) does not match connection size (8) for port 'a'. The port definition is at: D:/2151097_Nguyen Nhut Khanh/Verilog Source code/addsub.sv(2).
#    Time: 0 ps  Iteration: 0  Instance: /tb_param_probe/dut/rowwise_addsub[20]/rowwise_addsub File: D:/2151097_Nguyen Nhut Khanh/Verilog Source code/rowwise_op.sv Line: 35
# ** Warning: (vsim-3015) [PCDPC] - Port size (16) does not match connection size (8) for port 'b'. The port definition is at: D:/2151097_Nguyen Nhut Khanh/Verilog Source code/addsub.sv(3).
#    Time: 0 ps  Iteration: 0  Instance: /tb_param_probe/dut/rowwise_addsub[20]/rowwise_addsub File: D:/2151097_Nguyen Nhut Khanh/Verilog Source code/rowwise_op.sv Line: 35
# ** Warning: (vsim-3015) [PCDPC] - Port size (16) does not match connection size (8) for port 'sum'. The port definition is at: D:/2151097_Nguyen Nhut Khanh/Verilog Source code/addsub.sv(6).
#    Time: 0 ps  Iteration: 0  Instance: /tb_param_probe/dut/rowwise_addsub[20]/rowwise_addsub File: D:/2151097_Nguyen Nhut Khanh/Verilog Source code/rowwise_op.sv Line: 35
# ** Warning: (vsim-3015) [PCDPC] - Port size (16) does not match connection size (8) for port 'a'. The port definition is at: D:/2151097_Nguyen Nhut Khanh/Verilog Source code/addsub.sv(2).
#    Time: 0 ps  Iteration: 0  Instance: /tb_param_probe/dut/rowwise_addsub[21]/rowwise_addsub File: D:/2151097_Nguyen Nhut Khanh/Verilog Source code/rowwise_op.sv Line: 35
# ** Warning: (vsim-3015) [PCDPC] - Port size (16) does not match connection size (8) for port 'b'. The port definition is at: D:/2151097_Nguyen Nhut Khanh/Verilog Source code/addsub.sv(3).
#    Time: 0 ps  Iteration: 0  Instance: /tb_param_probe/dut/rowwise_addsub[21]/rowwise_addsub File: D:/2151097_Nguyen Nhut Khanh/Verilog Source code/rowwise_op.sv Line: 35
# ** Warning: (vsim-3015) [PCDPC] - Port size (16) does not match connection size (8) for port 'sum'. The port definition is at: D:/2151097_Nguyen Nhut Khanh/Verilog Source code/addsub.sv(6).
#    Time: 0 ps  Iteration: 0  Instance: /tb_param_probe/dut/rowwise_addsub[21]/rowwise_addsub File: D:/2151097_Nguyen Nhut Khanh/Verilog Source code/rowwise_op.sv Line: 35
# ** Warning: (vsim-3015) [PCDPC] - Port size (16) does not match connection size (8) for port 'a'. The port definition is at: D:/2151097_Nguyen Nhut Khanh/Verilog Source code/addsub.sv(2).
#    Time: 0 ps  Iteration: 0  Instance: /tb_param_probe/dut/rowwise_addsub[22]/rowwise_addsub File: D:/2151097_Nguyen Nhut Khanh/Verilog Source code/rowwise_op.sv Line: 35
# ** Warning: (vsim-3015) [PCDPC] - Port size (16) does not match connection size (8) for port 'b'. The port definition is at: D:/2151097_Nguyen Nhut Khanh/Verilog Source code/addsub.sv(3).
#    Time: 0 ps  Iteration: 0  Instance: /tb_param_probe/dut/rowwise_addsub[22]/rowwise_addsub File: D:/2151097_Nguyen Nhut Khanh/Verilog Source code/rowwise_op.sv Line: 35
# ** Warning: (vsim-3015) [PCDPC] - Port size (16) does not match connection size (8) for port 'sum'. The port definition is at: D:/2151097_Nguyen Nhut Khanh/Verilog Source code/addsub.sv(6).
#    Time: 0 ps  Iteration: 0  Instance: /tb_param_probe/dut/rowwise_addsub[22]/rowwise_addsub File: D:/2151097_Nguyen Nhut Khanh/Verilog Source code/rowwise_op.sv Line: 35
# ** Warning: (vsim-3015) [PCDPC] - Port size (16) does not match connection size (8) for port 'a'. The port definition is at: D:/2151097_Nguyen Nhut Khanh/Verilog Source code/addsub.sv(2).
#    Time: 0 ps  Iteration: 0  Instance: /tb_param_probe/dut/rowwise_addsub[23]/rowwise_addsub File: D:/2151097_Nguyen Nhut Khanh/Verilog Source code/rowwise_op.sv Line: 35
# ** Warning: (vsim-3015) [PCDPC] - Port size (16) does not match connection size (8) for port 'b'. The port definition is at: D:/2151097_Nguyen Nhut Khanh/Verilog Source code/addsub.sv(3).
#    Time: 0 ps  Iteration: 0  Instance: /tb_param_probe/dut/rowwise_addsub[23]/rowwise_addsub File: D:/2151097_Nguyen Nhut Khanh/Verilog Source code/rowwise_op.sv Line: 35
# ** Warning: (vsim-3015) [PCDPC] - Port size (16) does not match connection size (8) for port 'sum'. The port definition is at: D:/2151097_Nguyen Nhut Khanh/Verilog Source code/addsub.sv(6).
#    Time: 0 ps  Iteration: 0  Instance: /tb_param_probe/dut/rowwise_addsub[23]/rowwise_addsub File: D:/2151097_Nguyen Nhut Khanh/Verilog Source code/rowwise_op.sv Line: 35
# ** Warning: (vsim-3015) [PCDPC] - Port size (16) does not match connection size (8) for port 'a'. The port definition is at: D:/2151097_Nguyen Nhut Khanh/Verilog Source code/addsub.sv(2).
#    Time: 0 ps  Iteration: 0  Instance: /tb_param_probe/dut/rowwise_addsub[24]/rowwise_addsub File: D:/2151097_Nguyen Nhut Khanh/Verilog Source code/rowwise_op.sv Line: 35
# ** Warning: (vsim-3015) [PCDPC] - Port size (16) does not match connection size (8) for port 'b'. The port definition is at: D:/2151097_Nguyen Nhut Khanh/Verilog Source code/addsub.sv(3).
#    Time: 0 ps  Iteration: 0  Instance: /tb_param_probe/dut/rowwise_addsub[24]/rowwise_addsub File: D:/2151097_Nguyen Nhut Khanh/Verilog Source code/rowwise_op.sv Line: 35
# ** Warning: (vsim-3015) [PCDPC] - Port size (16) does not match connection size (8) for port 'sum'. The port definition is at: D:/2151097_Nguyen Nhut Khanh/Verilog Source code/addsub.sv(6).
#    Time: 0 ps  Iteration: 0  Instance: /tb_param_probe/dut/rowwise_addsub[24]/rowwise_addsub File: D:/2151097_Nguyen Nhut Khanh/Verilog Source code/rowwise_op.sv Line: 35
# ** Warning: (vsim-3015) [PCDPC] - Port size (16) does not match connection size (8) for port 'a'. The port definition is at: D:/2151097_Nguyen Nhut Khanh/Verilog Source code/addsub.sv(2).
#    Time: 0 ps  Iteration: 0  Instance: /tb_param_probe/dut/rowwise_addsub[25]/rowwise_addsub File: D:/2151097_Nguyen Nhut Khanh/Verilog Source code/rowwise_op.sv Line: 35
# ** Warning: (vsim-3015) [PCDPC] - Port size (16) does not match connection size (8) for port 'b'. The port definition is at: D:/2151097_Nguyen Nhut Khanh/Verilog Source code/addsub.sv(3).
#    Time: 0 ps  Iteration: 0  Instance: /tb_param_probe/dut/rowwise_addsub[25]/rowwise_addsub File: D:/2151097_Nguyen Nhut Khanh/Verilog Source code/rowwise_op.sv Line: 35
# ** Warning: (vsim-3015) [PCDPC] - Port size (16) does not match connection size (8) for port 'sum'. The port definition is at: D:/2151097_Nguyen Nhut Khanh/Verilog Source code/addsub.sv(6).
#    Time: 0 ps  Iteration: 0  Instance: /tb_param_probe/dut/rowwise_addsub[25]/rowwise_addsub File: D:/2151097_Nguyen Nhut Khanh/Verilog Source code/rowwise_op.sv Line: 35
# ** Warning: (vsim-3015) [PCDPC] - Port size (16) does not match connection size (8) for port 'a'. The port definition is at: D:/2151097_Nguyen Nhut Khanh/Verilog Source code/addsub.sv(2).
#    Time: 0 ps  Iteration: 0  Instance: /tb_param_probe/dut/rowwise_addsub[26]/rowwise_addsub File: D:/2151097_Nguyen Nhut Khanh/Verilog Source code/rowwise_op.sv Line: 35
# ** Warning: (vsim-3015) [PCDPC] - Port size (16) does not match connection size (8) for port 'b'. The port definition is at: D:/2151097_Nguyen Nhut Khanh/Verilog Source code/addsub.sv(3).
#    Time: 0 ps  Iteration: 0  Instance: /tb_param_probe/dut/rowwise_addsub[26]/rowwise_addsub File: D:/2151097_Nguyen Nhut Khanh/Verilog Source code/rowwise_op.sv Line: 35
# ** Warning: (vsim-3015) [PCDPC] - Port size (16) does not match connection size (8) for port 'sum'. The port definition is at: D:/2151097_Nguyen Nhut Khanh/Verilog Source code/addsub.sv(6).
#    Time: 0 ps  Iteration: 0  Instance: /tb_param_probe/dut/rowwise_addsub[26]/rowwise_addsub File: D:/2151097_Nguyen Nhut Khanh/Verilog Source code/rowwise_op.sv Line: 35
# ** Warning: (vsim-3015) [PCDPC] - Port size (16) does not match connection size (8) for port 'a'. The port definition is at: D:/2151097_Nguyen Nhut Khanh/Verilog Source code/addsub.sv(2).
#    Time: 0 ps  Iteration: 0  Instance: /tb_param_probe/dut/rowwise_addsub[27]/rowwise_addsub File: D:/2151097_Nguyen Nhut Khanh/Verilog Source code/rowwise_op.sv Line: 35
# ** Warning: (vsim-3015) [PCDPC] - Port size (16) does not match connection size (8) for port 'b'. The port definition is at: D:/2151097_Nguyen Nhut Khanh/Verilog Source code/addsub.sv(3).
#    Time: 0 ps  Iteration: 0  Instance: /tb_param_probe/dut/rowwise_addsub[27]/rowwise_addsub File: D:/2151097_Nguyen Nhut Khanh/Verilog Source code/rowwise_op.sv Line: 35
# ** Warning: (vsim-3015) [PCDPC] - Port size (16) does not match connection size (8) for port 'sum'. The port definition is at: D:/2151097_Nguyen Nhut Khanh/Verilog Source code/addsub.sv(6).
#    Time: 0 ps  Iteration: 0  Instance: /tb_param_probe/dut/rowwise_addsub[27]/rowwise_addsub File: D:/2151097_Nguyen Nhut Khanh/Verilog Source code/rowwise_op.sv Line: 35
# ** Warning: (vsim-3015) [PCDPC] - Port size (16) does not match connection size (8) for port 'a'. The port definition is at: D:/2151097_Nguyen Nhut Khanh/Verilog Source code/addsub.sv(2).
#    Time: 0 ps  Iteration: 0  Instance: /tb_param_probe/dut/rowwise_addsub[28]/rowwise_addsub File: D:/2151097_Nguyen Nhut Khanh/Verilog Source code/rowwise_op.sv Line: 35
# ** Warning: (vsim-3015) [PCDPC] - Port size (16) does not match connection size (8) for port 'b'. The port definition is at: D:/2151097_Nguyen Nhut Khanh/Verilog Source code/addsub.sv(3).
#    Time: 0 ps  Iteration: 0  Instance: /tb_param_probe/dut/rowwise_addsub[28]/rowwise_addsub File: D:/2151097_Nguyen Nhut Khanh/Verilog Source code/rowwise_op.sv Line: 35
# ** Warning: (vsim-3015) [PCDPC] - Port size (16) does not match connection size (8) for port 'sum'. The port definition is at: D:/2151097_Nguyen Nhut Khanh/Verilog Source code/addsub.sv(6).
#    Time: 0 ps  Iteration: 0  Instance: /tb_param_probe/dut/rowwise_addsub[28]/rowwise_addsub File: D:/2151097_Nguyen Nhut Khanh/Verilog Source code/rowwise_op.sv Line: 35
# ** Warning: (vsim-3015) [PCDPC] - Port size (16) does not match connection size (8) for port 'a'. The port definition is at: D:/2151097_Nguyen Nhut Khanh/Verilog Source code/addsub.sv(2).
#    Time: 0 ps  Iteration: 0  Instance: /tb_param_probe/dut/rowwise_addsub[29]/rowwise_addsub File: D:/2151097_Nguyen Nhut Khanh/Verilog Source code/rowwise_op.sv Line: 35
# ** Warning: (vsim-3015) [PCDPC] - Port size (16) does not match connection size (8) for port 'b'. The port definition is at: D:/2151097_Nguyen Nhut Khanh/Verilog Source code/addsub.sv(3).
#    Time: 0 ps  Iteration: 0  Instance: /tb_param_probe/dut/rowwise_addsub[29]/rowwise_addsub File: D:/2151097_Nguyen Nhut Khanh/Verilog Source code/rowwise_op.sv Line: 35
# ** Warning: (vsim-3015) [PCDPC] - Port size (16) does not match connection size (8) for port 'sum'. The port definition is at: D:/2151097_Nguyen Nhut Khanh/Verilog Source code/addsub.sv(6).
#    Time: 0 ps  Iteration: 0  Instance: /tb_param_probe/dut/rowwise_addsub[29]/rowwise_addsub File: D:/2151097_Nguyen Nhut Khanh/Verilog Source code/rowwise_op.sv Line: 35
# ** Warning: (vsim-3015) [PCDPC] - Port size (16) does not match connection size (8) for port 'a'. The port definition is at: D:/2151097_Nguyen Nhut Khanh/Verilog Source code/addsub.sv(2).
#    Time: 0 ps  Iteration: 0  Instance: /tb_param_probe/dut/rowwise_addsub[30]/rowwise_addsub File: D:/2151097_Nguyen Nhut Khanh/Verilog Source code/rowwise_op.sv Line: 35
# ** Warning: (vsim-3015) [PCDPC] - Port size (16) does not match connection size (8) for port 'b'. The port definition is at: D:/2151097_Nguyen Nhut Khanh/Verilog Source code/addsub.sv(3).
#    Time: 0 ps  Iteration: 0  Instance: /tb_param_probe/dut/rowwise_addsub[30]/rowwise_addsub File: D:/2151097_Nguyen Nhut Khanh/Verilog Source code/rowwise_op.sv Line: 35
# ** Warning: (vsim-3015) [PCDPC] - Port size (16) does not match connection size (8) for port 'sum'. The port definition is at: D:/2151097_Nguyen Nhut Khanh/Verilog Source code/addsub.sv(6).
#    Time: 0 ps  Iteration: 0  Instance: /tb_param_probe/dut/rowwise_addsub[30]/rowwise_addsub File: D:/2151097_Nguyen Nhut Khanh/Verilog Source code/rowwise_op.sv Line: 35
# ** Warning: (vsim-3015) [PCDPC] - Port size (16) does not match connection size (8) for port 'a'. The port definition is at: D:/2151097_Nguyen Nhut Khanh/Verilog Source code/addsub.sv(2).
#    Time: 0 ps  Iteration: 0  Instance: /tb_param_probe/dut/rowwise_addsub[31]/rowwise_addsub File: D:/2151097_Nguyen Nhut Khanh/Verilog Source code/rowwise_op.sv Line: 35
# ** Warning: (vsim-3015) [PCDPC] - Port size (16) does not match connection size (8) for port 'b'. The port definition is at: D:/2151097_Nguyen Nhut Khanh/Verilog Source code/addsub.sv(3).
#    Time: 0 ps  Iteration: 0  Instance: /tb_param_probe/dut/rowwise_addsub[31]/rowwise_addsub File: D:/2151097_Nguyen Nhut Khanh/Verilog Source code/rowwise_op.sv Line: 35
# ** Warning: (vsim-3015) [PCDPC] - Port size (16) does not match connection size (8) for port 'sum'. The port definition is at: D:/2151097_Nguyen Nhut Khanh/Verilog Source code/addsub.sv(6).
#    Time: 0 ps  Iteration: 0  Instance: /tb_param_probe/dut/rowwise_addsub[31]/rowwise_addsub File: D:/2151097_Nguyen Nhut Khanh/Verilog Source code/rowwise_op.sv Line: 35
# ** Error: (vsim-3906) Connection type 'reg[7:0]$[31:0]' is incompatible with 'reg[15:0]$[31:0]' for  port (a):  Array elem. widths 16 & 8 don't match.
#    Time: 0 ps  Iteration: 0  Instance: /tb_param_probe/dut/mul File: D:/2151097_Nguyen Nhut Khanh/Verilog Source code/rowwise_op.sv Line: 52
# ** Error: (vsim-3906) Connection type 'reg[7:0]$[31:0]' is incompatible with 'reg[15:0]$[31:0]' for  port (b):  Array elem. widths 16 & 8 don't match.
#    Time: 0 ps  Iteration: 0  Instance: /tb_param_probe/dut/mul File: D:/2151097_Nguyen Nhut Khanh/Verilog Source code/rowwise_op.sv Line: 52
# ** Error: (vsim-3906) Connection type 'reg[7:0]$[31:0]' is incompatible with 'reg[15:0]$[31:0]' for  port (result):  Array elem. widths 16 & 8 don't match.
#    Time: 0 ps  Iteration: 0  Instance: /tb_param_probe/dut/mul File: D:/2151097_Nguyen Nhut Khanh/Verilog Source code/rowwise_op.sv Line: 52
# ** Warning: (vsim-3015) [PCDPC] - Port size (1) does not match connection size (32) for port 'overflow'. The port definition is at: D:/2151097_Nguyen Nhut Khanh/Verilog Source code/mul.sv(5).
#    Time: 0 ps  Iteration: 0  Instance: /tb_param_probe/dut/mul File: D:/2151097_Nguyen Nhut Khanh/Verilog Source code/rowwise_op.sv Line: 52
# ** Error: (vsim-3906) Connection type 'reg[7:0]$[31:0]' is incompatible with 'reg[15:0]$[31:0]' for  port (a):  Array elem. widths 16 & 8 don't match.
#    Time: 0 ps  Iteration: 0  Instance: /tb_param_probe/dut/div File: D:/2151097_Nguyen Nhut Khanh/Verilog Source code/rowwise_op.sv Line: 60
# ** Error: (vsim-3906) Connection type 'reg[7:0]$[31:0]' is incompatible with 'reg[15:0]$[31:0]' for  port (b):  Array elem. widths 16 & 8 don't match.
#    Time: 0 ps  Iteration: 0  Instance: /tb_param_probe/dut/div File: D:/2151097_Nguyen Nhut Khanh/Verilog Source code/rowwise_op.sv Line: 60
# ** Error: (vsim-3906) Connection type 'reg[7:0]$[31:0]' is incompatible with 'reg[15:0]$[31:0]' for  port (result):  Array elem. widths 16 & 8 don't match.
#    Time: 0 ps  Iteration: 0  Instance: /tb_param_probe/dut/div File: D:/2151097_Nguyen Nhut Khanh/Verilog Source code/rowwise_op.sv Line: 60
# ** Warning: (vsim-3015) [PCDPC] - Port size (16) does not match connection size (8) for port 'a'. The port definition is at: D:/2151097_Nguyen Nhut Khanh/Verilog Source code/exp.sv(2).
#    Time: 0 ps  Iteration: 0  Instance: /tb_param_probe/dut/rowwise_exp[0]/exp_block File: D:/2151097_Nguyen Nhut Khanh/Verilog Source code/rowwise_op.sv Line: 70
# ** Warning: (vsim-3015) [PCDPC] - Port size (16) does not match connection size (8) for port 'result'. The port definition is at: D:/2151097_Nguyen Nhut Khanh/Verilog Source code/exp.sv(3).
#    Time: 0 ps  Iteration: 0  Instance: /tb_param_probe/dut/rowwise_exp[0]/exp_block File: D:/2151097_Nguyen Nhut Khanh/Verilog Source code/rowwise_op.sv Line: 70
# ** Warning: (vsim-3015) [PCDPC] - Port size (16) does not match connection size (8) for port 'a'. The port definition is at: D:/2151097_Nguyen Nhut Khanh/Verilog Source code/exp.sv(2).
#    Time: 0 ps  Iteration: 0  Instance: /tb_param_probe/dut/rowwise_exp[1]/exp_block File: D:/2151097_Nguyen Nhut Khanh/Verilog Source code/rowwise_op.sv Line: 70
# ** Warning: (vsim-3015) [PCDPC] - Port size (16) does not match connection size (8) for port 'result'. The port definition is at: D:/2151097_Nguyen Nhut Khanh/Verilog Source code/exp.sv(3).
#    Time: 0 ps  Iteration: 0  Instance: /tb_param_probe/dut/rowwise_exp[1]/exp_block File: D:/2151097_Nguyen Nhut Khanh/Verilog Source code/rowwise_op.sv Line: 70
# ** Warning: (vsim-3015) [PCDPC] - Port size (16) does not match connection size (8) for port 'a'. The port definition is at: D:/2151097_Nguyen Nhut Khanh/Verilog Source code/exp.sv(2).
#    Time: 0 ps  Iteration: 0  Instance: /tb_param_probe/dut/rowwise_exp[2]/exp_block File: D:/2151097_Nguyen Nhut Khanh/Verilog Source code/rowwise_op.sv Line: 70
# ** Warning: (vsim-3015) [PCDPC] - Port size (16) does not match connection size (8) for port 'result'. The port definition is at: D:/2151097_Nguyen Nhut Khanh/Verilog Source code/exp.sv(3).
#    Time: 0 ps  Iteration: 0  Instance: /tb_param_probe/dut/rowwise_exp[2]/exp_block File: D:/2151097_Nguyen Nhut Khanh/Verilog Source code/rowwise_op.sv Line: 70
# ** Warning: (vsim-3015) [PCDPC] - Port size (16) does not match connection size (8) for port 'a'. The port definition is at: D:/2151097_Nguyen Nhut Khanh/Verilog Source code/exp.sv(2).
#    Time: 0 ps  Iteration: 0  Instance: /tb_param_probe/dut/rowwise_exp[3]/exp_block File: D:/2151097_Nguyen Nhut Khanh/Verilog Source code/rowwise_op.sv Line: 70
# ** Warning: (vsim-3015) [PCDPC] - Port size (16) does not match connection size (8) for port 'result'. The port definition is at: D:/2151097_Nguyen Nhut Khanh/Verilog Source code/exp.sv(3).
#    Time: 0 ps  Iteration: 0  Instance: /tb_param_probe/dut/rowwise_exp[3]/exp_block File: D:/2151097_Nguyen Nhut Khanh/Verilog Source code/rowwise_op.sv Line: 70
# ** Warning: (vsim-3015) [PCDPC] - Port size (16) does not match connection size (8) for port 'a'. The port definition is at: D:/2151097_Nguyen Nhut Khanh/Verilog Source code/exp.sv(2).
#    Time: 0 ps  Iteration: 0  Instance: /tb_param_probe/dut/rowwise_exp[4]/exp_block File: D:/2151097_Nguyen Nhut Khanh/Verilog Source code/rowwise_op.sv Line: 70
# ** Warning: (vsim-3015) [PCDPC] - Port size (16) does not match connection size (8) for port 'result'. The port definition is at: D:/2151097_Nguyen Nhut Khanh/Verilog Source code/exp.sv(3).
#    Time: 0 ps  Iteration: 0  Instance: /tb_param_probe/dut/rowwise_exp[4]/exp_block File: D:/2151097_Nguyen Nhut Khanh/Verilog Source code/rowwise_op.sv Line: 70
# ** Warning: (vsim-3015) [PCDPC] - Port size (16) does not match connection size (8) for port 'a'. The port definition is at: D:/2151097_Nguyen Nhut Khanh/Verilog Source code/exp.sv(2).
#    Time: 0 ps  Iteration: 0  Instance: /tb_param_probe/dut/rowwise_exp[5]/exp_block File: D:/2151097_Nguyen Nhut Khanh/Verilog Source code/rowwise_op.sv Line: 70
# ** Warning: (vsim-3015) [PCDPC] - Port size (16) does not match connection size (8) for port 'result'. The port definition is at: D:/2151097_Nguyen Nhut Khanh/Verilog Source code/exp.sv(3).
#    Time: 0 ps  Iteration: 0  Instance: /tb_param_probe/dut/rowwise_exp[5]/exp_block File: D:/2151097_Nguyen Nhut Khanh/Verilog Source code/rowwise_op.sv Line: 70
# ** Warning: (vsim-3015) [PCDPC] - Port size (16) does not match connection size (8) for port 'a'. The port definition is at: D:/2151097_Nguyen Nhut Khanh/Verilog Source code/exp.sv(2).
#    Time: 0 ps  Iteration: 0  Instance: /tb_param_probe/dut/rowwise_exp[6]/exp_block File: D:/2151097_Nguyen Nhut Khanh/Verilog Source code/rowwise_op.sv Line: 70
# ** Warning: (vsim-3015) [PCDPC] - Port size (16) does not match connection size (8) for port 'result'. The port definition is at: D:/2151097_Nguyen Nhut Khanh/Verilog Source code/exp.sv(3).
#    Time: 0 ps  Iteration: 0  Instance: /tb_param_probe/dut/rowwise_exp[6]/exp_block File: D:/2151097_Nguyen Nhut Khanh/Verilog Source code/rowwise_op.sv Line: 70
# ** Warning: (vsim-3015) [PCDPC] - Port size (16) does not match connection size (8) for port 'a'. The port definition is at: D:/2151097_Nguyen Nhut Khanh/Verilog Source code/exp.sv(2).
#    Time: 0 ps  Iteration: 0  Instance: /tb_param_probe/dut/rowwise_exp[7]/exp_block File: D:/2151097_Nguyen Nhut Khanh/Verilog Source code/rowwise_op.sv Line: 70
# ** Warning: (vsim-3015) [PCDPC] - Port size (16) does not match connection size (8) for port 'result'. The port definition is at: D:/2151097_Nguyen Nhut Khanh/Verilog Source code/exp.sv(3).
#    Time: 0 ps  Iteration: 0  Instance: /tb_param_probe/dut/rowwise_exp[7]/exp_block File: D:/2151097_Nguyen Nhut Khanh/Verilog Source code/rowwise_op.sv Line: 70
# ** Warning: (vsim-3015) [PCDPC] - Port size (16) does not match connection size (8) for port 'a'. The port definition is at: D:/2151097_Nguyen Nhut Khanh/Verilog Source code/exp.sv(2).
#    Time: 0 ps  Iteration: 0  Instance: /tb_param_probe/dut/rowwise_exp[8]/exp_block File: D:/2151097_Nguyen Nhut Khanh/Verilog Source code/rowwise_op.sv Line: 70
# ** Warning: (vsim-3015) [PCDPC] - Port size (16) does not match connection size (8) for port 'result'. The port definition is at: D:/2151097_Nguyen Nhut Khanh/Verilog Source code/exp.sv(3).
#    Time: 0 ps  Iteration: 0  Instance: /tb_param_probe/dut/rowwise_exp[8]/exp_block File: D:/2151097_Nguyen Nhut Khanh/Verilog Source code/rowwise_op.sv Line: 70
# ** Warning: (vsim-3015) [PCDPC] - Port size (16) does not match connection size (8) for port 'a'. The port definition is at: D:/2151097_Nguyen Nhut Khanh/Verilog Source code/exp.sv(2).
#    Time: 0 ps  Iteration: 0  Instance: /tb_param_probe/dut/rowwise_exp[9]/exp_block File: D:/2151097_Nguyen Nhut Khanh/Verilog Source code/rowwise_op.sv Line: 70
# ** Warning: (vsim-3015) [PCDPC] - Port size (16) does not match connection size (8) for port 'result'. The port definition is at: D:/2151097_Nguyen Nhut Khanh/Verilog Source code/exp.sv(3).
#    Time: 0 ps  Iteration: 0  Instance: /tb_param_probe/dut/rowwise_exp[9]/exp_block File: D:/2151097_Nguyen Nhut Khanh/Verilog Source code/rowwise_op.sv Line: 70
# ** Warning: (vsim-3015) [PCDPC] - Port size (16) does not match connection size (8) for port 'a'. The port definition is at: D:/2151097_Nguyen Nhut Khanh/Verilog Source code/exp.sv(2).
#    Time: 0 ps  Iteration: 0  Instance: /tb_param_probe/dut/rowwise_exp[10]/exp_block File: D:/2151097_Nguyen Nhut Khanh/Verilog Source code/rowwise_op.sv Line: 70
# ** Warning: (vsim-3015) [PCDPC] - Port size (16) does not match connection size (8) for port 'result'. The port definition is at: D:/2151097_Nguyen Nhut Khanh/Verilog Source code/exp.sv(3).
#    Time: 0 ps  Iteration: 0  Instance: /tb_param_probe/dut/rowwise_exp[10]/exp_block File: D:/2151097_Nguyen Nhut Khanh/Verilog Source code/rowwise_op.sv Line: 70
# ** Warning: (vsim-3015) [PCDPC] - Port size (16) does not match connection size (8) for port 'a'. The port definition is at: D:/2151097_Nguyen Nhut Khanh/Verilog Source code/exp.sv(2).
#    Time: 0 ps  Iteration: 0  Instance: /tb_param_probe/dut/rowwise_exp[11]/exp_block File: D:/2151097_Nguyen Nhut Khanh/Verilog Source code/rowwise_op.sv Line: 70
# ** Warning: (vsim-3015) [PCDPC] - Port size (16) does not match connection size (8) for port 'result'. The port definition is at: D:/2151097_Nguyen Nhut Khanh/Verilog Source code/exp.sv(3).
#    Time: 0 ps  Iteration: 0  Instance: /tb_param_probe/dut/rowwise_exp[11]/exp_block File: D:/2151097_Nguyen Nhut Khanh/Verilog Source code/rowwise_op.sv Line: 70
# ** Warning: (vsim-3015) [PCDPC] - Port size (16) does not match connection size (8) for port 'a'. The port definition is at: D:/2151097_Nguyen Nhut Khanh/Verilog Source code/exp.sv(2).
#    Time: 0 ps  Iteration: 0  Instance: /tb_param_probe/dut/rowwise_exp[12]/exp_block File: D:/2151097_Nguyen Nhut Khanh/Verilog Source code/rowwise_op.sv Line: 70
# ** Warning: (vsim-3015) [PCDPC] - Port size (16) does not match connection size (8) for port 'result'. The port definition is at: D:/2151097_Nguyen Nhut Khanh/Verilog Source code/exp.sv(3).
#    Time: 0 ps  Iteration: 0  Instance: /tb_param_probe/dut/rowwise_exp[12]/exp_block File: D:/2151097_Nguyen Nhut Khanh/Verilog Source code/rowwise_op.sv Line: 70
# ** Warning: (vsim-3015) [PCDPC] - Port size (16) does not match connection size (8) for port 'a'. The port definition is at: D:/2151097_Nguyen Nhut Khanh/Verilog Source code/exp.sv(2).
#    Time: 0 ps  Iteration: 0  Instance: /tb_param_probe/dut/rowwise_exp[13]/exp_block File: D:/2151097_Nguyen Nhut Khanh/Verilog Source code/rowwise_op.sv Line: 70
# ** Warning: (vsim-3015) [PCDPC] - Port size (16) does not match connection size (8) for port 'result'. The port definition is at: D:/2151097_Nguyen Nhut Khanh/Verilog Source code/exp.sv(3).
#    Time: 0 ps  Iteration: 0  Instance: /tb_param_probe/dut/rowwise_exp[13]/exp_block File: D:/2151097_Nguyen Nhut Khanh/Verilog Source code/rowwise_op.sv Line: 70
# ** Warning: (vsim-3015) [PCDPC] - Port size (16) does not match connection size (8) for port 'a'. The port definition is at: D:/2151097_Nguyen Nhut Khanh/Verilog Source code/exp.sv(2).
#    Time: 0 ps  Iteration: 0  Instance: /tb_param_probe/dut/rowwise_exp[14]/exp_block File: D:/2151097_Nguyen Nhut Khanh/Verilog Source code/rowwise_op.sv Line: 70
# ** Warning: (vsim-3015) [PCDPC] - Port size (16) does not match connection size (8) for port 'result'. The port definition is at: D:/2151097_Nguyen Nhut Khanh/Verilog Source code/exp.sv(3).
#    Time: 0 ps  Iteration: 0  Instance: /tb_param_probe/dut/rowwise_exp[14]/exp_block File: D:/2151097_Nguyen Nhut Khanh/Verilog Source code/rowwise_op.sv Line: 70
# ** Warning: (vsim-3015) [PCDPC] - Port size (16) does not match connection size (8) for port 'a'. The port definition is at: D:/2151097_Nguyen Nhut Khanh/Verilog Source code/exp.sv(2).
#    Time: 0 ps  Iteration: 0  Instance: /tb_param_probe/dut/rowwise_exp[15]/exp_block File: D:/2151097_Nguyen Nhut Khanh/Verilog Source code/rowwise_op.sv Line: 70
# ** Warning: (vsim-3015) [PCDPC] - Port size (16) does not match connection size (8) for port 'result'. The port definition is at: D:/2151097_Nguyen Nhut Khanh/Verilog Source code/exp.sv(3).
#    Time: 0 ps  Iteration: 0  Instance: /tb_param_probe/dut/rowwise_exp[15]/exp_block File: D:/2151097_Nguyen Nhut Khanh/Verilog Source code/rowwise_op.sv Line: 70
# ** Warning: (vsim-3015) [PCDPC] - Port size (16) does not match connection size (8) for port 'a'. The port definition is at: D:/2151097_Nguyen Nhut Khanh/Verilog Source code/exp.sv(2).
#    Time: 0 ps  Iteration: 0  Instance: /tb_param_probe/dut/rowwise_exp[16]/exp_block File: D:/2151097_Nguyen Nhut Khanh/Verilog Source code/rowwise_op.sv Line: 70
# ** Warning: (vsim-3015) [PCDPC] - Port size (16) does not match connection size (8) for port 'result'. The port definition is at: D:/2151097_Nguyen Nhut Khanh/Verilog Source code/exp.sv(3).
#    Time: 0 ps  Iteration: 0  Instance: /tb_param_probe/dut/rowwise_exp[16]/exp_block File: D:/2151097_Nguyen Nhut Khanh/Verilog Source code/rowwise_op.sv Line: 70
# ** Warning: (vsim-3015) [PCDPC] - Port size (16) does not match connection size (8) for port 'a'. The port definition is at: D:/2151097_Nguyen Nhut Khanh/Verilog Source code/exp.sv(2).
#    Time: 0 ps  Iteration: 0  Instance: /tb_param_probe/dut/rowwise_exp[17]/exp_block File: D:/2151097_Nguyen Nhut Khanh/Verilog Source code/rowwise_op.sv Line: 70
# ** Warning: (vsim-3015) [PCDPC] - Port size (16) does not match connection size (8) for port 'result'. The port definition is at: D:/2151097_Nguyen Nhut Khanh/Verilog Source code/exp.sv(3).
#    Time: 0 ps  Iteration: 0  Instance: /tb_param_probe/dut/rowwise_exp[17]/exp_block File: D:/2151097_Nguyen Nhut Khanh/Verilog Source code/rowwise_op.sv Line: 70
# ** Warning: (vsim-3015) [PCDPC] - Port size (16) does not match connection size (8) for port 'a'. The port definition is at: D:/2151097_Nguyen Nhut Khanh/Verilog Source code/exp.sv(2).
#    Time: 0 ps  Iteration: 0  Instance: /tb_param_probe/dut/rowwise_exp[18]/exp_block File: D:/2151097_Nguyen Nhut Khanh/Verilog Source code/rowwise_op.sv Line: 70
# ** Warning: (vsim-3015) [PCDPC] - Port size (16) does not match connection size (8) for port 'result'. The port definition is at: D:/2151097_Nguyen Nhut Khanh/Verilog Source code/exp.sv(3).
#    Time: 0 ps  Iteration: 0  Instance: /tb_param_probe/dut/rowwise_exp[18]/exp_block File: D:/2151097_Nguyen Nhut Khanh/Verilog Source code/rowwise_op.sv Line: 70
# ** Warning: (vsim-3015) [PCDPC] - Port size (16) does not match connection size (8) for port 'a'. The port definition is at: D:/2151097_Nguyen Nhut Khanh/Verilog Source code/exp.sv(2).
#    Time: 0 ps  Iteration: 0  Instance: /tb_param_probe/dut/rowwise_exp[19]/exp_block File: D:/2151097_Nguyen Nhut Khanh/Verilog Source code/rowwise_op.sv Line: 70
# ** Warning: (vsim-3015) [PCDPC] - Port size (16) does not match connection size (8) for port 'result'. The port definition is at: D:/2151097_Nguyen Nhut Khanh/Verilog Source code/exp.sv(3).
#    Time: 0 ps  Iteration: 0  Instance: /tb_param_probe/dut/rowwise_exp[19]/exp_block File: D:/2151097_Nguyen Nhut Khanh/Verilog Source code/rowwise_op.sv Line: 70
# ** Warning: (vsim-3015) [PCDPC] - Port size (16) does not match connection size (8) for port 'a'. The port definition is at: D:/2151097_Nguyen Nhut Khanh/Verilog Source code/exp.sv(2).
#    Time: 0 ps  Iteration: 0  Instance: /tb_param_probe/dut/rowwise_exp[20]/exp_block File: D:/2151097_Nguyen Nhut Khanh/Verilog Source code/rowwise_op.sv Line: 70
# ** Warning: (vsim-3015) [PCDPC] - Port size (16) does not match connection size (8) for port 'result'. The port definition is at: D:/2151097_Nguyen Nhut Khanh/Verilog Source code/exp.sv(3).
#    Time: 0 ps  Iteration: 0  Instance: /tb_param_probe/dut/rowwise_exp[20]/exp_block File: D:/2151097_Nguyen Nhut Khanh/Verilog Source code/rowwise_op.sv Line: 70
# ** Warning: (vsim-3015) [PCDPC] - Port size (16) does not match connection size (8) for port 'a'. The port definition is at: D:/2151097_Nguyen Nhut Khanh/Verilog Source code/exp.sv(2).
#    Time: 0 ps  Iteration: 0  Instance: /tb_param_probe/dut/rowwise_exp[21]/exp_block File: D:/2151097_Nguyen Nhut Khanh/Verilog Source code/rowwise_op.sv Line: 70
# ** Warning: (vsim-3015) [PCDPC] - Port size (16) does not match connection size (8) for port 'result'. The port definition is at: D:/2151097_Nguyen Nhut Khanh/Verilog Source code/exp.sv(3).
#    Time: 0 ps  Iteration: 0  Instance: /tb_param_probe/dut/rowwise_exp[21]/exp_block File: D:/2151097_Nguyen Nhut Khanh/Verilog Source code/rowwise_op.sv Line: 70
# ** Warning: (vsim-3015) [PCDPC] - Port size (16) does not match connection size (8) for port 'a'. The port definition is at: D:/2151097_Nguyen Nhut Khanh/Verilog Source code/exp.sv(2).
#    Time: 0 ps  Iteration: 0  Instance: /tb_param_probe/dut/rowwise_exp[22]/exp_block File: D:/2151097_Nguyen Nhut Khanh/Verilog Source code/rowwise_op.sv Line: 70
# ** Warning: (vsim-3015) [PCDPC] - Port size (16) does not match connection size (8) for port 'result'. The port definition is at: D:/2151097_Nguyen Nhut Khanh/Verilog Source code/exp.sv(3).
#    Time: 0 ps  Iteration: 0  Instance: /tb_param_probe/dut/rowwise_exp[22]/exp_block File: D:/2151097_Nguyen Nhut Khanh/Verilog Source code/rowwise_op.sv Line: 70
# ** Warning: (vsim-3015) [PCDPC] - Port size (16) does not match connection size (8) for port 'a'. The port definition is at: D:/2151097_Nguyen Nhut Khanh/Verilog Source code/exp.sv(2).
#    Time: 0 ps  Iteration: 0  Instance: /tb_param_probe/dut/rowwise_exp[23]/exp_block File: D:/2151097_Nguyen Nhut Khanh/Verilog Source code/rowwise_op.sv Line: 70
# ** Warning: (vsim-3015) [PCDPC] - Port size (16) does not match connection size (8) for port 'result'. The port definition is at: D:/2151097_Nguyen Nhut Khanh/Verilog Source code/exp.sv(3).
#    Time: 0 ps  Iteration: 0  Instance: /tb_param_probe/dut/rowwise_exp[23]/exp_block File: D:/2151097_Nguyen Nhut Khanh/Verilog Source code/rowwise_op.sv Line: 70
# ** Warning: (vsim-3015) [PCDPC] - Port size (16) does not match connection size (8) for port 'a'. The port definition is at: D:/2151097_Nguyen Nhut Khanh/Verilog Source code/exp.sv(2).
#    Time: 0 ps  Iteration: 0  Instance: /tb_param_probe/dut/rowwise_exp[24]/exp_block File: D:/2151097_Nguyen Nhut Khanh/Verilog Source code/rowwise_op.sv Line: 70
# ** Warning: (vsim-3015) [PCDPC] - Port size (16) does not match connection size (8) for port 'result'. The port definition is at: D:/2151097_Nguyen Nhut Khanh/Verilog Source code/exp.sv(3).
#    Time: 0 ps  Iteration: 0  Instance: /tb_param_probe/dut/rowwise_exp[24]/exp_block File: D:/2151097_Nguyen Nhut Khanh/Verilog Source code/rowwise_op.sv Line: 70
# ** Warning: (vsim-3015) [PCDPC] - Port size (16) does not match connection size (8) for port 'a'. The port definition is at: D:/2151097_Nguyen Nhut Khanh/Verilog Source code/exp.sv(2).
#    Time: 0 ps  Iteration: 0  Instance: /tb_param_probe/dut/rowwise_exp[25]/exp_block File: D:/2151097_Nguyen Nhut Khanh/Verilog Source code/rowwise_op.sv Line: 70
# ** Warning: (vsim-3015) [PCDPC] - Port size (16) does not match connection size (8) for port 'result'. The port definition is at: D:/2151097_Nguyen Nhut Khanh/Verilog Source code/exp.sv(3).
#    Time: 0 ps  Iteration: 0  Instance: /tb_param_probe/dut/rowwise_exp[25]/exp_block File: D:/2151097_Nguyen Nhut Khanh/Verilog Source code/rowwise_op.sv Line: 70
# ** Warning: (vsim-3015) [PCDPC] - Port size (16) does not match connection size (8) for port 'a'. The port definition is at: D:/2151097_Nguyen Nhut Khanh/Verilog Source code/exp.sv(2).
#    Time: 0 ps  Iteration: 0  Instance: /tb_param_probe/dut/rowwise_exp[26]/exp_block File: D:/2151097_Nguyen Nhut Khanh/Verilog Source code/rowwise_op.sv Line: 70
# ** Warning: (vsim-3015) [PCDPC] - Port size (16) does not match connection size (8) for port 'result'. The port definition is at: D:/2151097_Nguyen Nhut Khanh/Verilog Source code/exp.sv(3).
#    Time: 0 ps  Iteration: 0  Instance: /tb_param_probe/dut/rowwise_exp[26]/exp_block File: D:/2151097_Nguyen Nhut Khanh/Verilog Source code/rowwise_op.sv Line: 70
# ** Warning: (vsim-3015) [PCDPC] - Port size (16) does not match connection size (8) for port 'a'. The port definition is at: D:/2151097_Nguyen Nhut Khanh/Verilog Source code/exp.sv(2).
#    Time: 0 ps  Iteration: 0  Instance: /tb_param_probe/dut/rowwise_exp[27]/exp_block File: D:/2151097_Nguyen Nhut Khanh/Verilog Source code/rowwise_op.sv Line: 70
# ** Warning: (vsim-3015) [PCDPC] - Port size (16) does not match connection size (8) for port 'result'. The port definition is at: D:/2151097_Nguyen Nhut Khanh/Verilog Source code/exp.sv(3).
#    Time: 0 ps  Iteration: 0  Instance: /tb_param_probe/dut/rowwise_exp[27]/exp_block File: D:/2151097_Nguyen Nhut Khanh/Verilog Source code/rowwise_op.sv Line: 70
# ** Warning: (vsim-3015) [PCDPC] - Port size (16) does not match connection size (8) for port 'a'. The port definition is at: D:/2151097_Nguyen Nhut Khanh/Verilog Source code/exp.sv(2).
#    Time: 0 ps  Iteration: 0  Instance: /tb_param_probe/dut/rowwise_exp[28]/exp_block File: D:/2151097_Nguyen Nhut Khanh/Verilog Source code/rowwise_op.sv Line: 70
# ** Warning: (vsim-3015) [PCDPC] - Port size (16) does not match connection size (8) for port 'result'. The port definition is at: D:/2151097_Nguyen Nhut Khanh/Verilog Source code/exp.sv(3).
#    Time: 0 ps  Iteration: 0  Instance: /tb_param_probe/dut/rowwise_exp[28]/exp_block File: D:/2151097_Nguyen Nhut Khanh/Verilog Source code/rowwise_op.sv Line: 70
# ** Warning: (vsim-3015) [PCDPC] - Port size (16) does not match connection size (8) for port 'a'. The port definition is at: D:/2151097_Nguyen Nhut Khanh/Verilog Source code/exp.sv(2).
#    Time: 0 ps  Iteration: 0  Instance: /tb_param_probe/dut/rowwise_exp[29]/exp_block File: D:/2151097_Nguyen Nhut Khanh/Verilog Source code/rowwise_op.sv Line: 70
# ** Warning: (vsim-3015) [PCDPC] - Port size (16) does not match connection size (8) for port 'result'. The port definition is at: D:/2151097_Nguyen Nhut Khanh/Verilog Source code/exp.sv(3).
#    Time: 0 ps  Iteration: 0  Instance: /tb_param_probe/dut/rowwise_exp[29]/exp_block File: D:/2151097_Nguyen Nhut Khanh/Verilog Source code/rowwise_op.sv Line: 70
# ** Warning: (vsim-3015) [PCDPC] - Port size (16) does not match connection size (8) for port 'a'. The port definition is at: D:/2151097_Nguyen Nhut Khanh/Verilog Source code/exp.sv(2).
#    Time: 0 ps  Iteration: 0  Instance: /tb_param_probe/dut/rowwise_exp[30]/exp_block File: D:/2151097_Nguyen Nhut Khanh/Verilog Source code/rowwise_op.sv Line: 70
# ** Warning: (vsim-3015) [PCDPC] - Port size (16) does not match connection size (8) for port 'result'. The port definition is at: D:/2151097_Nguyen Nhut Khanh/Verilog Source code/exp.sv(3).
#    Time: 0 ps  Iteration: 0  Instance: /tb_param_probe/dut/rowwise_exp[30]/exp_block File: D:/2151097_Nguyen Nhut Khanh/Verilog Source code/rowwise_op.sv Line: 70
# ** Warning: (vsim-3015) [PCDPC] - Port size (16) does not match connection size (8) for port 'a'. The port definition is at: D:/2151097_Nguyen Nhut Khanh/Verilog Source code/exp.sv(2).
#    Time: 0 ps  Iteration: 0  Instance: /tb_param_probe/dut/rowwise_exp[31]/exp_block File: D:/2151097_Nguyen Nhut Khanh/Verilog Source code/rowwise_op.sv Line: 70
# ** Warning: (vsim-3015) [PCDPC] - Port size (16) does not match connection size (8) for port 'result'. The port definition is at: D:/2151097_Nguyen Nhut Khanh/Verilog Source code/exp.sv(3).
#    Time: 0 ps  Iteration: 0  Instance: /tb_param_probe/dut/rowwise_exp[31]/exp_block File: D:/2151097_Nguyen Nhut Khanh/Verilog Source code/rowwise_op.sv Line: 70
# Error loading design
Error loading design
# End time: 15:11:18 on Sep 16,2026, Elapsed time: 0:00:00
# Errors: 6, Warnings: 225
