# vsim -c -onfinish exit -l functional/sim/tb_core-16.log functional/sim/work.tb_core -do "run -all; quit -f" -gW=16 
# Start time: 13:39:43 on Sep 17,2026
# Loading sv_std.std
# Loading functional/sim/work.tb_core
# Loading functional/sim/work.matmulfree
# Loading functional/sim/work.hazard_detect
# Loading functional/sim/work.PC
# Loading functional/sim/work.ins_mem
# Loading functional/sim/work.fd_reg
# Loading functional/sim/work.ctrl_unit
# Loading functional/sim/work.register
# Loading functional/sim/work.de_reg
# Loading functional/sim/work.norm
# Loading functional/sim/work.rowwise_op
# Loading functional/sim/work.mul
# Loading functional/sim/work.div
# Loading functional/sim/work.em_reg
# Loading functional/sim/work.mem_mapping
# Loading functional/sim/work.ternary_mul
# Loading functional/sim/work.mw_reg
# Loading functional/sim/work.addsub
# Loading functional/sim/work.exp_row
# Loading functional/sim/work.sigmoid
# Loading functional/sim/work.acc_mul
# run -all
# CORE_PASS W=16 retired=23 cycles=4645
# ** Note: $finish    : D:/2151097_Nguyen Nhut Khanh/functional/sim/tb_core.sv(54)
#    Time: 46480 ns  Iteration: 1  Instance: /tb_core
# End time: 13:41:39 on Sep 17,2026, Elapsed time: 0:01:56
# Errors: 0, Warnings: 0
