----------------
; Command Info ;
----------------
Report Timing: Found 3 setup paths (0 violated).  Worst case slack is 8.615 

Tcl Command:
    report_timing -setup -show_routing -file {D:/2151097_Nguyen Nhut Khanh/docs/verification/timing/npu100_b2/fast_1100mv_0c_scalar_return.rpt} -from [get_registers {op*}] -to [get_registers {*return_scalar*}] -nworst 1 -npaths 20 -detail full_path

Options:
    -from [get_registers {op*}] 
    -to [get_registers {*return_scalar*}] 
    -setup 
    -nworst 1 
    -npaths 20 
    -show_routing 
    -detail full_path 
    -file {D:/2151097_Nguyen Nhut Khanh/docs/verification/timing/npu100_b2/fast_1100mv_0c_scalar_return.rpt} 

Delay Model:
    Fast 1100mV 0C Model

+-------------------------------------------------------------------------------------------------------------+
; Summary of Paths                                                                                            ;
+-------+-----------+-------------------+--------------+-------------+--------------+------------+------------+
; Slack ; From Node ; To Node           ; Launch Clock ; Latch Clock ; Relationship ; Clock Skew ; Data Delay ;
+-------+-----------+-------------------+--------------+-------------+--------------+------------+------------+
; 8.615 ; op[72]    ; return_scalar[20] ; clk          ; clk         ; 10.000       ; -0.046     ; 1.239      ;
; 8.625 ; op[72]    ; return_scalar[73] ; clk          ; clk         ; 10.000       ; -0.047     ; 1.228      ;
; 8.862 ; op[72]    ; return_scalar[46] ; clk          ; clk         ; 10.000       ; -0.047     ; 0.991      ;
+-------+-----------+-------------------+--------------+-------------+--------------+------------+------------+

Path #1: Setup slack is 8.615 
===============================================================================
+----------------------------------------+
; Path Summary                           ;
+--------------------+-------------------+
; Property           ; Value             ;
+--------------------+-------------------+
; From Node          ; op[72]            ;
; To Node            ; return_scalar[20] ;
; Launch Clock       ; clk               ;
; Latch Clock        ; clk               ;
; Data Arrival Time  ; 3.392             ;
; Data Required Time ; 12.007            ;
; Slack              ; 8.615             ;
+--------------------+-------------------+

+------------------------------------------------------------------------------------+
; Statistics                                                                         ;
+------------------------+--------+-------+-------------+------------+-------+-------+
; Property               ; Value  ; Count ; Total Delay ; % of Total ; Min   ; Max   ;
+------------------------+--------+-------+-------------+------------+-------+-------+
; Setup Relationship     ; 10.000 ;       ;             ;            ;       ;       ;
; Clock Skew             ; -0.046 ;       ;             ;            ;       ;       ;
; Data Delay             ; 1.239  ;       ;             ;            ;       ;       ;
; Number of Logic Levels ;        ; 1     ;             ;            ;       ;       ;
; Physical Delays        ;        ;       ;             ;            ;       ;       ;
;  Arrival Path          ;        ;       ;             ;            ;       ;       ;
;   Clock                ;        ;       ;             ;            ;       ;       ;
;    IC                  ;        ; 3     ; 0.000       ; 0          ; 0.000 ; 0.000 ;
;    Cell                ;        ; 3     ; 0.761       ; 35         ; 0.149 ; 0.406 ;
;    Routing Element     ;        ; 25    ; 1.392       ; 65         ; 0.000 ; 0.508 ;
;   Data                 ;        ;       ;             ;            ;       ;       ;
;    IC                  ;        ; 2     ; 0.001       ; 0          ; 0.000 ; 0.001 ;
;    Cell                ;        ; 3     ; 0.341       ; 28         ; 0.000 ; 0.216 ;
;    uTco                ;        ; 1     ; 0.000       ; 0          ; 0.000 ; 0.000 ;
;    Routing Element     ;        ; 10    ; 0.897       ; 72         ; 0.000 ; 0.171 ;
;  Required Path         ;        ;       ;             ;            ;       ;       ;
;   Clock                ;        ;       ;             ;            ;       ;       ;
;    IC                  ;        ; 3     ; 0.000       ; 0          ; 0.000 ; 0.000 ;
;    Cell                ;        ; 3     ; 0.726       ; 37         ; 0.141 ; 0.406 ;
;    Routing Element     ;        ; 25    ; 1.229       ; 63         ; 0.000 ; 0.492 ;
+------------------------+--------+-------+-------------+------------+-------+-------+
Note: Negative delays are omitted from totals when calculating percentages

+--------------------------------------------------------------------------------------------------------+
; Data Arrival Path                                                                                      ;
+---------+---------+----+------+--------+-------------------------------------+-------------------------+
; Total   ; Incr    ; RF ; Type ; Fanout ; Location                            ; Element                 ;
+---------+---------+----+------+--------+-------------------------------------+-------------------------+
; 0.000   ; 0.000   ;    ;      ;        ;                                     ; launch edge time        ;
; 2.153   ; 2.153   ;    ;      ;        ;                                     ; clock path              ;
;   0.000 ;   0.000 ;    ;      ;        ;                                     ; source latency          ;
;   0.000 ;   0.000 ;    ;      ; 1      ; PIN_AC18                            ; clk                     ;
;   0.000 ;   0.000 ;    ; RE   ; 1      ; IOPAD_X54_Y0_N0                     ; ARRIAV_IO_PAD           ;
;   0.000 ;   0.000 ;    ; RE   ; 1      ; IO_PAD_OUTPUT_X54_Y0_N0_I1          ; IO_PAD_OUTPUT           ;
;   0.000 ;   0.000 ;    ; RE   ; 1      ; IO_INPUT_BUFFER_INPUT_X54_Y0_N1_I0  ; IO_INPUT_BUFFER_INPUT   ;
;   0.000 ;   0.000 ; RR ; IC   ; 1      ; IOIBUF_X54_Y0_N1                    ; clk~input|i             ;
;   0.406 ;   0.406 ; RR ; CELL ; 1      ; IOIBUF_X54_Y0_N1                    ; clk~input|o             ;
;   0.406 ;   0.000 ;    ; RE   ; 1      ; IOIBUF_X54_Y0_N1                    ; ARRIAV_IO_IBUF          ;
;   0.406 ;   0.000 ;    ; RE   ; 1      ; IO_INPUT_BUFFER_OUTPUT_X54_Y0_N1_I2 ; IO_INPUT_BUFFER_OUTPUT  ;
;   0.406 ;   0.000 ;    ; RE   ; 1      ; IO_RE_X54_Y0_N0_I96                 ; IO_RE                   ;
;   0.541 ;   0.135 ;    ; RE   ; 1      ; IO_RE_X54_Y0_N0_I66                 ; IO_RE                   ;
;   0.622 ;   0.081 ;    ; RE   ; 1      ; CLKBUF_CLUSTER_RE_X58_Y0_N0_I1614   ; CLKBUF_CLUSTER_RE       ;
;   0.622 ;   0.000 ;    ; RE   ; 1      ; CLKBUF_CLUSTER_RE_X58_Y0_N0_I616    ; CLKBUF_CLUSTER_RE       ;
;   0.622 ;   0.000 ;    ; RE   ; 1      ; GCLK_CLUSTER_RE_X58_Y0_N6_I10       ; GCLK_CLUSTER_RE         ;
;   0.622 ;   0.000 ;    ; RE   ; 1      ; CLKBUFBLOCK_INPUT_X58_Y0_N7_I0      ; CLKBUFBLOCK_INPUT       ;
;   0.622 ;   0.000 ; RR ; IC   ; 1      ; CLKCTRL_G6                          ; clk~inputCLKENA0|inclk  ;
;   0.771 ;   0.149 ; RR ; CELL ; 56652  ; CLKCTRL_G6                          ; clk~inputCLKENA0|outclk ;
;   0.771 ;   0.000 ;    ; RE   ; 1      ; CLKCTRL_G6                          ; ARRIAV_CLKBUF           ;
;   0.771 ;   0.000 ;    ; RE   ; 1      ; CLKBUFBLOCK_OUTPUT_X58_Y0_N7_I2     ; CLKBUFBLOCK_OUTPUT      ;
;   0.771 ;   0.000 ;    ; RE   ; 1      ; GCLK_CLUSTER_RE_X58_Y0_N6_I12       ; GCLK_CLUSTER_RE         ;
;   0.771 ;   0.000 ;    ; RE   ; 1      ; CLKBUF_CLUSTER_RE_X58_Y0_N0_I417    ; CLKBUF_CLUSTER_RE       ;
;   1.279 ;   0.508 ;    ; RE   ; 16     ; GLOBAL_CLOCK_X0_Y58_N0_I6           ; GLOBAL_CLOCK            ;
;   1.418 ;   0.139 ;    ; RE   ; 29     ; SPINE_CLOCK_X75_Y59_N0_I22          ; SPINE_CLOCK             ;
;   1.612 ;   0.194 ;    ; RE   ; 1      ; SCLK_TO_ROWCLK_BUF_X75_Y60_N0_I132  ; SCLK_TO_ROWCLK_BUF      ;
;   1.652 ;   0.040 ;    ; RE   ; 2      ; SCLK_TO_ROWCLK_BUF_X75_Y60_N0_I135  ; SCLK_TO_ROWCLK_BUF      ;
;   1.849 ;   0.197 ;    ; RE   ; 14     ; LAB_CLK_X76_Y60_N0_I2               ; LAB_CLK                 ;
;   1.913 ;   0.064 ;    ; RE   ; 1      ; BLK_CLK_BUF_X80_Y60_N0_I2           ; BLK_CLK_BUF             ;
;   1.930 ;   0.017 ;    ; RE   ; 1      ; ROWCLKSEL_PREBUF_X80_Y60_N0_I2      ; ROWCLKSEL_PREBUF        ;
;   1.947 ;   0.017 ;    ; RE   ; 1      ; ROWCLKSEL_X80_Y60_N0_I1             ; ROWCLKSEL               ;
;   1.947 ;   0.000 ;    ; RE   ; 3      ; GLOBAL_LOCAL_SEL_X80_Y60_N0_I1      ; GLOBAL_LOCAL_SEL        ;
;   1.947 ;   0.000 ;    ; RE   ; 11     ; LAB_INPUT_X80_Y60_N0_I1             ; LAB_INPUT               ;
;   1.947 ;   0.000 ; RR ; IC   ; 1      ; FF_X80_Y60_N1                       ; op[72]|clk              ;
;   2.153 ;   0.206 ; RR ; CELL ; 1      ; FF_X80_Y60_N1                       ; op[72]                  ;
; 3.392   ; 1.239   ;    ;      ;        ;                                     ; data path               ;
;   2.153 ;   0.000 ;    ; uTco ; 1      ; FF_X80_Y60_N1                       ; op[72]                  ;
;   2.153 ;   0.000 ; FF ; CELL ; 7      ; FF_X80_Y60_N1                       ; op[72]|q                ;
;   2.167 ;   0.014 ;    ; RE   ; 2      ; FF_X80_Y60_N1                       ; ARRIAV_FF               ;
;   2.195 ;   0.028 ;    ; RE   ; 2      ; LE_BUFFER_X80_Y60_N0_I0             ; LE_BUFFER               ;
;   2.296 ;   0.101 ;    ; RE   ; 2      ; C2_X80_Y58_N0_I18                   ; V_SEG2                  ;
;   2.431 ;   0.135 ;    ; RE   ; 2      ; R6_X75_Y59_N0_I28                   ; H_SEG6                  ;
;   2.592 ;   0.161 ;    ; RE   ; 2      ; C2_X79_Y60_N0_I4                    ; V_SEG2                  ;
;   2.729 ;   0.137 ;    ; RE   ; 1      ; C2_X79_Y62_N0_I4                    ; V_SEG2                  ;
;   2.900 ;   0.171 ;    ; RE   ; 1      ; R6_X80_Y62_N0_I9                    ; H_SEG6                  ;
;   3.004 ;   0.104 ;    ; RE   ; 2      ; LOCAL_INTERCONNECT_X83_Y62_N0_I31   ; LAB_LINE                ;
;   3.050 ;   0.046 ;    ; RE   ; 1      ; BLOCK_INPUT_MUX_X83_Y62_N0_I43      ; LEIM_INPUT              ;
;   3.051 ;   0.001 ; FF ; IC   ; 1      ; LABCELL_X83_Y62_N30                 ; Selector5971~0|datab    ;
;   3.267 ;   0.216 ; FR ; CELL ; 1      ; LABCELL_X83_Y62_N30                 ; Selector5971~0|combout  ;
;   3.267 ;   0.000 ;    ; RE   ; 1      ; LABCELL_X83_Y62_N30                 ; ARRIAV_LCELL_COMB       ;
;   3.267 ;   0.000 ; RR ; IC   ; 1      ; FF_X83_Y62_N31                      ; return_scalar[20]|d     ;
;   3.392 ;   0.125 ; RR ; CELL ; 1      ; FF_X83_Y62_N31                      ; return_scalar[20]       ;
+---------+---------+----+------+--------+-------------------------------------+-------------------------+

+---------------------------------------------------------------------------------------------------------+
; Data Required Path                                                                                      ;
+----------+---------+----+------+--------+-------------------------------------+-------------------------+
; Total    ; Incr    ; RF ; Type ; Fanout ; Location                            ; Element                 ;
+----------+---------+----+------+--------+-------------------------------------+-------------------------+
; 10.000   ; 10.000  ;    ;      ;        ;                                     ; latch edge time         ;
; 12.107   ; 2.107   ;    ;      ;        ;                                     ; clock path              ;
;   10.000 ;   0.000 ;    ;      ;        ;                                     ; source latency          ;
;   10.000 ;   0.000 ;    ;      ; 1      ; PIN_AC18                            ; clk                     ;
;   10.000 ;   0.000 ;    ; RE   ; 1      ; IOPAD_X54_Y0_N0                     ; ARRIAV_IO_PAD           ;
;   10.000 ;   0.000 ;    ; RE   ; 1      ; IO_PAD_OUTPUT_X54_Y0_N0_I1          ; IO_PAD_OUTPUT           ;
;   10.000 ;   0.000 ;    ; RE   ; 1      ; IO_INPUT_BUFFER_INPUT_X54_Y0_N1_I0  ; IO_INPUT_BUFFER_INPUT   ;
;   10.000 ;   0.000 ; RR ; IC   ; 1      ; IOIBUF_X54_Y0_N1                    ; clk~input|i             ;
;   10.406 ;   0.406 ; RR ; CELL ; 1      ; IOIBUF_X54_Y0_N1                    ; clk~input|o             ;
;   10.406 ;   0.000 ;    ; RE   ; 1      ; IOIBUF_X54_Y0_N1                    ; ARRIAV_IO_IBUF          ;
;   10.406 ;   0.000 ;    ; RE   ; 1      ; IO_INPUT_BUFFER_OUTPUT_X54_Y0_N1_I2 ; IO_INPUT_BUFFER_OUTPUT  ;
;   10.406 ;   0.000 ;    ; RE   ; 1      ; IO_RE_X54_Y0_N0_I96                 ; IO_RE                   ;
;   10.494 ;   0.088 ;    ; RE   ; 1      ; IO_RE_X54_Y0_N0_I66                 ; IO_RE                   ;
;   10.494 ;   0.000 ;    ; RE   ; 1      ; CLKBUF_CLUSTER_RE_X58_Y0_N0_I1614   ; CLKBUF_CLUSTER_RE       ;
;   10.494 ;   0.000 ;    ; RE   ; 1      ; CLKBUF_CLUSTER_RE_X58_Y0_N0_I616    ; CLKBUF_CLUSTER_RE       ;
;   10.494 ;   0.000 ;    ; RE   ; 1      ; GCLK_CLUSTER_RE_X58_Y0_N6_I10       ; GCLK_CLUSTER_RE         ;
;   10.494 ;   0.000 ;    ; RE   ; 1      ; CLKBUFBLOCK_INPUT_X58_Y0_N7_I0      ; CLKBUFBLOCK_INPUT       ;
;   10.494 ;   0.000 ; RR ; IC   ; 1      ; CLKCTRL_G6                          ; clk~inputCLKENA0|inclk  ;
;   10.635 ;   0.141 ; RR ; CELL ; 56652  ; CLKCTRL_G6                          ; clk~inputCLKENA0|outclk ;
;   10.635 ;   0.000 ;    ; RE   ; 1      ; CLKCTRL_G6                          ; ARRIAV_CLKBUF           ;
;   10.635 ;   0.000 ;    ; RE   ; 1      ; CLKBUFBLOCK_OUTPUT_X58_Y0_N7_I2     ; CLKBUFBLOCK_OUTPUT      ;
;   10.635 ;   0.000 ;    ; RE   ; 1      ; GCLK_CLUSTER_RE_X58_Y0_N6_I12       ; GCLK_CLUSTER_RE         ;
;   10.635 ;   0.000 ;    ; RE   ; 1      ; CLKBUF_CLUSTER_RE_X58_Y0_N0_I417    ; CLKBUF_CLUSTER_RE       ;
;   11.127 ;   0.492 ;    ; RE   ; 16     ; GLOBAL_CLOCK_X0_Y58_N0_I6           ; GLOBAL_CLOCK            ;
;   11.262 ;   0.135 ;    ; RE   ; 29     ; SPINE_CLOCK_X75_Y59_N0_I22          ; SPINE_CLOCK             ;
;   11.451 ;   0.189 ;    ; RE   ; 1      ; SCLK_TO_ROWCLK_BUF_X75_Y62_N0_I132  ; SCLK_TO_ROWCLK_BUF      ;
;   11.490 ;   0.039 ;    ; RE   ; 2      ; SCLK_TO_ROWCLK_BUF_X75_Y62_N0_I135  ; SCLK_TO_ROWCLK_BUF      ;
;   11.684 ;   0.194 ;    ; RE   ; 15     ; LAB_CLK_X76_Y62_N0_I2               ; LAB_CLK                 ;
;   11.744 ;   0.060 ;    ; RE   ; 1      ; BLK_CLK_BUF_X83_Y62_N0_I2           ; BLK_CLK_BUF             ;
;   11.760 ;   0.016 ;    ; RE   ; 1      ; ROWCLKSEL_PREBUF_X83_Y62_N0_I2      ; ROWCLKSEL_PREBUF        ;
;   11.776 ;   0.016 ;    ; RE   ; 1      ; ROWCLKSEL_X83_Y62_N0_I0             ; ROWCLKSEL               ;
;   11.776 ;   0.000 ;    ; RE   ; 2      ; GLOBAL_LOCAL_SEL_X83_Y62_N0_I0      ; GLOBAL_LOCAL_SEL        ;
;   11.776 ;   0.000 ;    ; RE   ; 3      ; LAB_INPUT_X83_Y62_N0_I1             ; LAB_INPUT               ;
;   11.776 ;   0.000 ; RR ; IC   ; 1      ; FF_X83_Y62_N31                      ; return_scalar[20]|clk   ;
;   11.955 ;   0.179 ; RR ; CELL ; 1      ; FF_X83_Y62_N31                      ; return_scalar[20]       ;
;   12.107 ;   0.152 ;    ;      ;        ;                                     ; clock pessimism removed ;
; 12.007   ; -0.100  ;    ;      ;        ;                                     ; clock uncertainty       ;
; 12.007   ; 0.000   ;    ; uTsu ; 1      ; FF_X83_Y62_N31                      ; return_scalar[20]       ;
+----------+---------+----+------+--------+-------------------------------------+-------------------------+

----------------------------
; Extra Fitter Information ;
----------------------------
HTML report is unavailable in plain text report export.


Path #2: Setup slack is 8.625 
===============================================================================
+----------------------------------------+
; Path Summary                           ;
+--------------------+-------------------+
; Property           ; Value             ;
+--------------------+-------------------+
; From Node          ; op[72]            ;
; To Node            ; return_scalar[73] ;
; Launch Clock       ; clk               ;
; Latch Clock        ; clk               ;
; Data Arrival Time  ; 3.381             ;
; Data Required Time ; 12.006            ;
; Slack              ; 8.625             ;
+--------------------+-------------------+

+------------------------------------------------------------------------------------+
; Statistics                                                                         ;
+------------------------+--------+-------+-------------+------------+-------+-------+
; Property               ; Value  ; Count ; Total Delay ; % of Total ; Min   ; Max   ;
+------------------------+--------+-------+-------------+------------+-------+-------+
; Setup Relationship     ; 10.000 ;       ;             ;            ;       ;       ;
; Clock Skew             ; -0.047 ;       ;             ;            ;       ;       ;
; Data Delay             ; 1.228  ;       ;             ;            ;       ;       ;
; Number of Logic Levels ;        ; 1     ;             ;            ;       ;       ;
; Physical Delays        ;        ;       ;             ;            ;       ;       ;
;  Arrival Path          ;        ;       ;             ;            ;       ;       ;
;   Clock                ;        ;       ;             ;            ;       ;       ;
;    IC                  ;        ; 3     ; 0.000       ; 0          ; 0.000 ; 0.000 ;
;    Cell                ;        ; 3     ; 0.761       ; 35         ; 0.149 ; 0.406 ;
;    Routing Element     ;        ; 25    ; 1.392       ; 65         ; 0.000 ; 0.508 ;
;   Data                 ;        ;       ;             ;            ;       ;       ;
;    IC                  ;        ; 2     ; 0.000       ; 0          ; 0.000 ; 0.000 ;
;    Cell                ;        ; 3     ; 0.322       ; 26         ; 0.000 ; 0.198 ;
;    uTco                ;        ; 1     ; 0.000       ; 0          ; 0.000 ; 0.000 ;
;    Routing Element     ;        ; 10    ; 0.906       ; 74         ; 0.000 ; 0.171 ;
;  Required Path         ;        ;       ;             ;            ;       ;       ;
;   Clock                ;        ;       ;             ;            ;       ;       ;
;    IC                  ;        ; 3     ; 0.000       ; 0          ; 0.000 ; 0.000 ;
;    Cell                ;        ; 3     ; 0.725       ; 37         ; 0.141 ; 0.406 ;
;    Routing Element     ;        ; 25    ; 1.229       ; 63         ; 0.000 ; 0.492 ;
+------------------------+--------+-------+-------------+------------+-------+-------+
Note: Negative delays are omitted from totals when calculating percentages

+--------------------------------------------------------------------------------------------------------+
; Data Arrival Path                                                                                      ;
+---------+---------+----+------+--------+-------------------------------------+-------------------------+
; Total   ; Incr    ; RF ; Type ; Fanout ; Location                            ; Element                 ;
+---------+---------+----+------+--------+-------------------------------------+-------------------------+
; 0.000   ; 0.000   ;    ;      ;        ;                                     ; launch edge time        ;
; 2.153   ; 2.153   ;    ;      ;        ;                                     ; clock path              ;
;   0.000 ;   0.000 ;    ;      ;        ;                                     ; source latency          ;
;   0.000 ;   0.000 ;    ;      ; 1      ; PIN_AC18                            ; clk                     ;
;   0.000 ;   0.000 ;    ; RE   ; 1      ; IOPAD_X54_Y0_N0                     ; ARRIAV_IO_PAD           ;
;   0.000 ;   0.000 ;    ; RE   ; 1      ; IO_PAD_OUTPUT_X54_Y0_N0_I1          ; IO_PAD_OUTPUT           ;
;   0.000 ;   0.000 ;    ; RE   ; 1      ; IO_INPUT_BUFFER_INPUT_X54_Y0_N1_I0  ; IO_INPUT_BUFFER_INPUT   ;
;   0.000 ;   0.000 ; RR ; IC   ; 1      ; IOIBUF_X54_Y0_N1                    ; clk~input|i             ;
;   0.406 ;   0.406 ; RR ; CELL ; 1      ; IOIBUF_X54_Y0_N1                    ; clk~input|o             ;
;   0.406 ;   0.000 ;    ; RE   ; 1      ; IOIBUF_X54_Y0_N1                    ; ARRIAV_IO_IBUF          ;
;   0.406 ;   0.000 ;    ; RE   ; 1      ; IO_INPUT_BUFFER_OUTPUT_X54_Y0_N1_I2 ; IO_INPUT_BUFFER_OUTPUT  ;
;   0.406 ;   0.000 ;    ; RE   ; 1      ; IO_RE_X54_Y0_N0_I96                 ; IO_RE                   ;
;   0.541 ;   0.135 ;    ; RE   ; 1      ; IO_RE_X54_Y0_N0_I66                 ; IO_RE                   ;
;   0.622 ;   0.081 ;    ; RE   ; 1      ; CLKBUF_CLUSTER_RE_X58_Y0_N0_I1614   ; CLKBUF_CLUSTER_RE       ;
;   0.622 ;   0.000 ;    ; RE   ; 1      ; CLKBUF_CLUSTER_RE_X58_Y0_N0_I616    ; CLKBUF_CLUSTER_RE       ;
;   0.622 ;   0.000 ;    ; RE   ; 1      ; GCLK_CLUSTER_RE_X58_Y0_N6_I10       ; GCLK_CLUSTER_RE         ;
;   0.622 ;   0.000 ;    ; RE   ; 1      ; CLKBUFBLOCK_INPUT_X58_Y0_N7_I0      ; CLKBUFBLOCK_INPUT       ;
;   0.622 ;   0.000 ; RR ; IC   ; 1      ; CLKCTRL_G6                          ; clk~inputCLKENA0|inclk  ;
;   0.771 ;   0.149 ; RR ; CELL ; 56652  ; CLKCTRL_G6                          ; clk~inputCLKENA0|outclk ;
;   0.771 ;   0.000 ;    ; RE   ; 1      ; CLKCTRL_G6                          ; ARRIAV_CLKBUF           ;
;   0.771 ;   0.000 ;    ; RE   ; 1      ; CLKBUFBLOCK_OUTPUT_X58_Y0_N7_I2     ; CLKBUFBLOCK_OUTPUT      ;
;   0.771 ;   0.000 ;    ; RE   ; 1      ; GCLK_CLUSTER_RE_X58_Y0_N6_I12       ; GCLK_CLUSTER_RE         ;
;   0.771 ;   0.000 ;    ; RE   ; 1      ; CLKBUF_CLUSTER_RE_X58_Y0_N0_I417    ; CLKBUF_CLUSTER_RE       ;
;   1.279 ;   0.508 ;    ; RE   ; 16     ; GLOBAL_CLOCK_X0_Y58_N0_I6           ; GLOBAL_CLOCK            ;
;   1.418 ;   0.139 ;    ; RE   ; 29     ; SPINE_CLOCK_X75_Y59_N0_I22          ; SPINE_CLOCK             ;
;   1.612 ;   0.194 ;    ; RE   ; 1      ; SCLK_TO_ROWCLK_BUF_X75_Y60_N0_I132  ; SCLK_TO_ROWCLK_BUF      ;
;   1.652 ;   0.040 ;    ; RE   ; 2      ; SCLK_TO_ROWCLK_BUF_X75_Y60_N0_I135  ; SCLK_TO_ROWCLK_BUF      ;
;   1.849 ;   0.197 ;    ; RE   ; 14     ; LAB_CLK_X76_Y60_N0_I2               ; LAB_CLK                 ;
;   1.913 ;   0.064 ;    ; RE   ; 1      ; BLK_CLK_BUF_X80_Y60_N0_I2           ; BLK_CLK_BUF             ;
;   1.930 ;   0.017 ;    ; RE   ; 1      ; ROWCLKSEL_PREBUF_X80_Y60_N0_I2      ; ROWCLKSEL_PREBUF        ;
;   1.947 ;   0.017 ;    ; RE   ; 1      ; ROWCLKSEL_X80_Y60_N0_I1             ; ROWCLKSEL               ;
;   1.947 ;   0.000 ;    ; RE   ; 3      ; GLOBAL_LOCAL_SEL_X80_Y60_N0_I1      ; GLOBAL_LOCAL_SEL        ;
;   1.947 ;   0.000 ;    ; RE   ; 11     ; LAB_INPUT_X80_Y60_N0_I1             ; LAB_INPUT               ;
;   1.947 ;   0.000 ; RR ; IC   ; 1      ; FF_X80_Y60_N1                       ; op[72]|clk              ;
;   2.153 ;   0.206 ; RR ; CELL ; 1      ; FF_X80_Y60_N1                       ; op[72]                  ;
; 3.381   ; 1.228   ;    ;      ;        ;                                     ; data path               ;
;   2.153 ;   0.000 ;    ; uTco ; 1      ; FF_X80_Y60_N1                       ; op[72]                  ;
;   2.153 ;   0.000 ; FF ; CELL ; 7      ; FF_X80_Y60_N1                       ; op[72]|q                ;
;   2.167 ;   0.014 ;    ; RE   ; 2      ; FF_X80_Y60_N1                       ; ARRIAV_FF               ;
;   2.195 ;   0.028 ;    ; RE   ; 2      ; LE_BUFFER_X80_Y60_N0_I0             ; LE_BUFFER               ;
;   2.296 ;   0.101 ;    ; RE   ; 2      ; C2_X80_Y58_N0_I18                   ; V_SEG2                  ;
;   2.431 ;   0.135 ;    ; RE   ; 2      ; R6_X75_Y59_N0_I28                   ; H_SEG6                  ;
;   2.592 ;   0.161 ;    ; RE   ; 2      ; C2_X79_Y60_N0_I4                    ; V_SEG2                  ;
;   2.729 ;   0.137 ;    ; RE   ; 1      ; C2_X79_Y62_N0_I4                    ; V_SEG2                  ;
;   2.900 ;   0.171 ;    ; RE   ; 1      ; R6_X80_Y62_N0_I9                    ; H_SEG6                  ;
;   3.001 ;   0.101 ;    ; RE   ; 2      ; LOCAL_INTERCONNECT_X83_Y62_N0_I31   ; LAB_LINE                ;
;   3.059 ;   0.058 ;    ; RE   ; 1      ; BLOCK_INPUT_MUX_X83_Y62_N0_I77      ; LEIM_INPUT              ;
;   3.059 ;   0.000 ; FF ; IC   ; 1      ; LABCELL_X83_Y62_N57                 ; Selector5969~0|datac    ;
;   3.257 ;   0.198 ; FF ; CELL ; 1      ; LABCELL_X83_Y62_N57                 ; Selector5969~0|combout  ;
;   3.257 ;   0.000 ;    ; RE   ; 1      ; LABCELL_X83_Y62_N57                 ; ARRIAV_LCELL_COMB       ;
;   3.257 ;   0.000 ; FF ; IC   ; 1      ; FF_X83_Y62_N58                      ; return_scalar[73]|d     ;
;   3.381 ;   0.124 ; FF ; CELL ; 1      ; FF_X83_Y62_N58                      ; return_scalar[73]       ;
+---------+---------+----+------+--------+-------------------------------------+-------------------------+

+---------------------------------------------------------------------------------------------------------+
; Data Required Path                                                                                      ;
+----------+---------+----+------+--------+-------------------------------------+-------------------------+
; Total    ; Incr    ; RF ; Type ; Fanout ; Location                            ; Element                 ;
+----------+---------+----+------+--------+-------------------------------------+-------------------------+
; 10.000   ; 10.000  ;    ;      ;        ;                                     ; latch edge time         ;
; 12.106   ; 2.106   ;    ;      ;        ;                                     ; clock path              ;
;   10.000 ;   0.000 ;    ;      ;        ;                                     ; source latency          ;
;   10.000 ;   0.000 ;    ;      ; 1      ; PIN_AC18                            ; clk                     ;
;   10.000 ;   0.000 ;    ; RE   ; 1      ; IOPAD_X54_Y0_N0                     ; ARRIAV_IO_PAD           ;
;   10.000 ;   0.000 ;    ; RE   ; 1      ; IO_PAD_OUTPUT_X54_Y0_N0_I1          ; IO_PAD_OUTPUT           ;
;   10.000 ;   0.000 ;    ; RE   ; 1      ; IO_INPUT_BUFFER_INPUT_X54_Y0_N1_I0  ; IO_INPUT_BUFFER_INPUT   ;
;   10.000 ;   0.000 ; RR ; IC   ; 1      ; IOIBUF_X54_Y0_N1                    ; clk~input|i             ;
;   10.406 ;   0.406 ; RR ; CELL ; 1      ; IOIBUF_X54_Y0_N1                    ; clk~input|o             ;
;   10.406 ;   0.000 ;    ; RE   ; 1      ; IOIBUF_X54_Y0_N1                    ; ARRIAV_IO_IBUF          ;
;   10.406 ;   0.000 ;    ; RE   ; 1      ; IO_INPUT_BUFFER_OUTPUT_X54_Y0_N1_I2 ; IO_INPUT_BUFFER_OUTPUT  ;
;   10.406 ;   0.000 ;    ; RE   ; 1      ; IO_RE_X54_Y0_N0_I96                 ; IO_RE                   ;
;   10.494 ;   0.088 ;    ; RE   ; 1      ; IO_RE_X54_Y0_N0_I66                 ; IO_RE                   ;
;   10.494 ;   0.000 ;    ; RE   ; 1      ; CLKBUF_CLUSTER_RE_X58_Y0_N0_I1614   ; CLKBUF_CLUSTER_RE       ;
;   10.494 ;   0.000 ;    ; RE   ; 1      ; CLKBUF_CLUSTER_RE_X58_Y0_N0_I616    ; CLKBUF_CLUSTER_RE       ;
;   10.494 ;   0.000 ;    ; RE   ; 1      ; GCLK_CLUSTER_RE_X58_Y0_N6_I10       ; GCLK_CLUSTER_RE         ;
;   10.494 ;   0.000 ;    ; RE   ; 1      ; CLKBUFBLOCK_INPUT_X58_Y0_N7_I0      ; CLKBUFBLOCK_INPUT       ;
;   10.494 ;   0.000 ; RR ; IC   ; 1      ; CLKCTRL_G6                          ; clk~inputCLKENA0|inclk  ;
;   10.635 ;   0.141 ; RR ; CELL ; 56652  ; CLKCTRL_G6                          ; clk~inputCLKENA0|outclk ;
;   10.635 ;   0.000 ;    ; RE   ; 1      ; CLKCTRL_G6                          ; ARRIAV_CLKBUF           ;
;   10.635 ;   0.000 ;    ; RE   ; 1      ; CLKBUFBLOCK_OUTPUT_X58_Y0_N7_I2     ; CLKBUFBLOCK_OUTPUT      ;
;   10.635 ;   0.000 ;    ; RE   ; 1      ; GCLK_CLUSTER_RE_X58_Y0_N6_I12       ; GCLK_CLUSTER_RE         ;
;   10.635 ;   0.000 ;    ; RE   ; 1      ; CLKBUF_CLUSTER_RE_X58_Y0_N0_I417    ; CLKBUF_CLUSTER_RE       ;
;   11.127 ;   0.492 ;    ; RE   ; 16     ; GLOBAL_CLOCK_X0_Y58_N0_I6           ; GLOBAL_CLOCK            ;
;   11.262 ;   0.135 ;    ; RE   ; 29     ; SPINE_CLOCK_X75_Y59_N0_I22          ; SPINE_CLOCK             ;
;   11.451 ;   0.189 ;    ; RE   ; 1      ; SCLK_TO_ROWCLK_BUF_X75_Y62_N0_I132  ; SCLK_TO_ROWCLK_BUF      ;
;   11.490 ;   0.039 ;    ; RE   ; 2      ; SCLK_TO_ROWCLK_BUF_X75_Y62_N0_I135  ; SCLK_TO_ROWCLK_BUF      ;
;   11.684 ;   0.194 ;    ; RE   ; 15     ; LAB_CLK_X76_Y62_N0_I2               ; LAB_CLK                 ;
;   11.744 ;   0.060 ;    ; RE   ; 1      ; BLK_CLK_BUF_X83_Y62_N0_I2           ; BLK_CLK_BUF             ;
;   11.760 ;   0.016 ;    ; RE   ; 1      ; ROWCLKSEL_PREBUF_X83_Y62_N0_I2      ; ROWCLKSEL_PREBUF        ;
;   11.776 ;   0.016 ;    ; RE   ; 1      ; ROWCLKSEL_X83_Y62_N0_I0             ; ROWCLKSEL               ;
;   11.776 ;   0.000 ;    ; RE   ; 2      ; GLOBAL_LOCAL_SEL_X83_Y62_N0_I0      ; GLOBAL_LOCAL_SEL        ;
;   11.776 ;   0.000 ;    ; RE   ; 3      ; LAB_INPUT_X83_Y62_N0_I1             ; LAB_INPUT               ;
;   11.776 ;   0.000 ; RR ; IC   ; 1      ; FF_X83_Y62_N58                      ; return_scalar[73]|clk   ;
;   11.954 ;   0.178 ; RR ; CELL ; 1      ; FF_X83_Y62_N58                      ; return_scalar[73]       ;
;   12.106 ;   0.152 ;    ;      ;        ;                                     ; clock pessimism removed ;
; 12.006   ; -0.100  ;    ;      ;        ;                                     ; clock uncertainty       ;
; 12.006   ; 0.000   ;    ; uTsu ; 1      ; FF_X83_Y62_N58                      ; return_scalar[73]       ;
+----------+---------+----+------+--------+-------------------------------------+-------------------------+

----------------------------
; Extra Fitter Information ;
----------------------------
HTML report is unavailable in plain text report export.


Path #3: Setup slack is 8.862 
===============================================================================
+----------------------------------------+
; Path Summary                           ;
+--------------------+-------------------+
; Property           ; Value             ;
+--------------------+-------------------+
; From Node          ; op[72]            ;
; To Node            ; return_scalar[46] ;
; Launch Clock       ; clk               ;
; Latch Clock        ; clk               ;
; Data Arrival Time  ; 3.144             ;
; Data Required Time ; 12.006            ;
; Slack              ; 8.862             ;
+--------------------+-------------------+

+------------------------------------------------------------------------------------+
; Statistics                                                                         ;
+------------------------+--------+-------+-------------+------------+-------+-------+
; Property               ; Value  ; Count ; Total Delay ; % of Total ; Min   ; Max   ;
+------------------------+--------+-------+-------------+------------+-------+-------+
; Setup Relationship     ; 10.000 ;       ;             ;            ;       ;       ;
; Clock Skew             ; -0.047 ;       ;             ;            ;       ;       ;
; Data Delay             ; 0.991  ;       ;             ;            ;       ;       ;
; Number of Logic Levels ;        ; 2     ;             ;            ;       ;       ;
; Physical Delays        ;        ;       ;             ;            ;       ;       ;
;  Arrival Path          ;        ;       ;             ;            ;       ;       ;
;   Clock                ;        ;       ;             ;            ;       ;       ;
;    IC                  ;        ; 3     ; 0.000       ; 0          ; 0.000 ; 0.000 ;
;    Cell                ;        ; 3     ; 0.761       ; 35         ; 0.149 ; 0.406 ;
;    Routing Element     ;        ; 25    ; 1.392       ; 65         ; 0.000 ; 0.508 ;
;   Data                 ;        ;       ;             ;            ;       ;       ;
;    IC                  ;        ; 3     ; 0.000       ; 0          ; 0.000 ; 0.000 ;
;    Cell                ;        ; 4     ; 0.390       ; 39         ; 0.000 ; 0.229 ;
;    uTco                ;        ; 1     ; 0.000       ; 0          ; 0.000 ; 0.000 ;
;    Routing Element     ;        ; 11    ; 0.601       ; 61         ; 0.000 ; 0.138 ;
;  Required Path         ;        ;       ;             ;            ;       ;       ;
;   Clock                ;        ;       ;             ;            ;       ;       ;
;    IC                  ;        ; 3     ; 0.000       ; 0          ; 0.000 ; 0.000 ;
;    Cell                ;        ; 3     ; 0.725       ; 37         ; 0.141 ; 0.406 ;
;    Routing Element     ;        ; 25    ; 1.229       ; 63         ; 0.000 ; 0.492 ;
+------------------------+--------+-------+-------------+------------+-------+-------+
Note: Negative delays are omitted from totals when calculating percentages

+--------------------------------------------------------------------------------------------------------+
; Data Arrival Path                                                                                      ;
+---------+---------+----+------+--------+-------------------------------------+-------------------------+
; Total   ; Incr    ; RF ; Type ; Fanout ; Location                            ; Element                 ;
+---------+---------+----+------+--------+-------------------------------------+-------------------------+
; 0.000   ; 0.000   ;    ;      ;        ;                                     ; launch edge time        ;
; 2.153   ; 2.153   ;    ;      ;        ;                                     ; clock path              ;
;   0.000 ;   0.000 ;    ;      ;        ;                                     ; source latency          ;
;   0.000 ;   0.000 ;    ;      ; 1      ; PIN_AC18                            ; clk                     ;
;   0.000 ;   0.000 ;    ; RE   ; 1      ; IOPAD_X54_Y0_N0                     ; ARRIAV_IO_PAD           ;
;   0.000 ;   0.000 ;    ; RE   ; 1      ; IO_PAD_OUTPUT_X54_Y0_N0_I1          ; IO_PAD_OUTPUT           ;
;   0.000 ;   0.000 ;    ; RE   ; 1      ; IO_INPUT_BUFFER_INPUT_X54_Y0_N1_I0  ; IO_INPUT_BUFFER_INPUT   ;
;   0.000 ;   0.000 ; RR ; IC   ; 1      ; IOIBUF_X54_Y0_N1                    ; clk~input|i             ;
;   0.406 ;   0.406 ; RR ; CELL ; 1      ; IOIBUF_X54_Y0_N1                    ; clk~input|o             ;
;   0.406 ;   0.000 ;    ; RE   ; 1      ; IOIBUF_X54_Y0_N1                    ; ARRIAV_IO_IBUF          ;
;   0.406 ;   0.000 ;    ; RE   ; 1      ; IO_INPUT_BUFFER_OUTPUT_X54_Y0_N1_I2 ; IO_INPUT_BUFFER_OUTPUT  ;
;   0.406 ;   0.000 ;    ; RE   ; 1      ; IO_RE_X54_Y0_N0_I96                 ; IO_RE                   ;
;   0.541 ;   0.135 ;    ; RE   ; 1      ; IO_RE_X54_Y0_N0_I66                 ; IO_RE                   ;
;   0.622 ;   0.081 ;    ; RE   ; 1      ; CLKBUF_CLUSTER_RE_X58_Y0_N0_I1614   ; CLKBUF_CLUSTER_RE       ;
;   0.622 ;   0.000 ;    ; RE   ; 1      ; CLKBUF_CLUSTER_RE_X58_Y0_N0_I616    ; CLKBUF_CLUSTER_RE       ;
;   0.622 ;   0.000 ;    ; RE   ; 1      ; GCLK_CLUSTER_RE_X58_Y0_N6_I10       ; GCLK_CLUSTER_RE         ;
;   0.622 ;   0.000 ;    ; RE   ; 1      ; CLKBUFBLOCK_INPUT_X58_Y0_N7_I0      ; CLKBUFBLOCK_INPUT       ;
;   0.622 ;   0.000 ; RR ; IC   ; 1      ; CLKCTRL_G6                          ; clk~inputCLKENA0|inclk  ;
;   0.771 ;   0.149 ; RR ; CELL ; 56652  ; CLKCTRL_G6                          ; clk~inputCLKENA0|outclk ;
;   0.771 ;   0.000 ;    ; RE   ; 1      ; CLKCTRL_G6                          ; ARRIAV_CLKBUF           ;
;   0.771 ;   0.000 ;    ; RE   ; 1      ; CLKBUFBLOCK_OUTPUT_X58_Y0_N7_I2     ; CLKBUFBLOCK_OUTPUT      ;
;   0.771 ;   0.000 ;    ; RE   ; 1      ; GCLK_CLUSTER_RE_X58_Y0_N6_I12       ; GCLK_CLUSTER_RE         ;
;   0.771 ;   0.000 ;    ; RE   ; 1      ; CLKBUF_CLUSTER_RE_X58_Y0_N0_I417    ; CLKBUF_CLUSTER_RE       ;
;   1.279 ;   0.508 ;    ; RE   ; 16     ; GLOBAL_CLOCK_X0_Y58_N0_I6           ; GLOBAL_CLOCK            ;
;   1.418 ;   0.139 ;    ; RE   ; 29     ; SPINE_CLOCK_X75_Y59_N0_I22          ; SPINE_CLOCK             ;
;   1.612 ;   0.194 ;    ; RE   ; 1      ; SCLK_TO_ROWCLK_BUF_X75_Y60_N0_I132  ; SCLK_TO_ROWCLK_BUF      ;
;   1.652 ;   0.040 ;    ; RE   ; 2      ; SCLK_TO_ROWCLK_BUF_X75_Y60_N0_I135  ; SCLK_TO_ROWCLK_BUF      ;
;   1.849 ;   0.197 ;    ; RE   ; 14     ; LAB_CLK_X76_Y60_N0_I2               ; LAB_CLK                 ;
;   1.913 ;   0.064 ;    ; RE   ; 1      ; BLK_CLK_BUF_X80_Y60_N0_I2           ; BLK_CLK_BUF             ;
;   1.930 ;   0.017 ;    ; RE   ; 1      ; ROWCLKSEL_PREBUF_X80_Y60_N0_I2      ; ROWCLKSEL_PREBUF        ;
;   1.947 ;   0.017 ;    ; RE   ; 1      ; ROWCLKSEL_X80_Y60_N0_I1             ; ROWCLKSEL               ;
;   1.947 ;   0.000 ;    ; RE   ; 3      ; GLOBAL_LOCAL_SEL_X80_Y60_N0_I1      ; GLOBAL_LOCAL_SEL        ;
;   1.947 ;   0.000 ;    ; RE   ; 11     ; LAB_INPUT_X80_Y60_N0_I1             ; LAB_INPUT               ;
;   1.947 ;   0.000 ; RR ; IC   ; 1      ; FF_X80_Y60_N1                       ; op[72]|clk              ;
;   2.153 ;   0.206 ; RR ; CELL ; 1      ; FF_X80_Y60_N1                       ; op[72]                  ;
; 3.144   ; 0.991   ;    ;      ;        ;                                     ; data path               ;
;   2.153 ;   0.000 ;    ; uTco ; 1      ; FF_X80_Y60_N1                       ; op[72]                  ;
;   2.153 ;   0.000 ; RR ; CELL ; 7      ; FF_X80_Y60_N1                       ; op[72]|q                ;
;   2.171 ;   0.018 ;    ; RE   ; 2      ; FF_X80_Y60_N1                       ; ARRIAV_FF               ;
;   2.217 ;   0.046 ;    ; RE   ; 2      ; LE_BUFFER_X80_Y60_N0_I0             ; LE_BUFFER               ;
;   2.283 ;   0.066 ;    ; RE   ; 1      ; LOCAL_INTERCONNECT_X80_Y60_N0_I32   ; LAB_LINE                ;
;   2.318 ;   0.035 ;    ; RE   ; 1      ; BLOCK_INPUT_MUX_X80_Y60_N0_I34      ; LEIM_INPUT              ;
;   2.318 ;   0.000 ; RR ; IC   ; 1      ; LABCELL_X80_Y60_N27                 ; Selector5970~0|dataa    ;
;   2.547 ;   0.229 ; RF ; CELL ; 21     ; LABCELL_X80_Y60_N27                 ; Selector5970~0|combout  ;
;   2.547 ;   0.000 ;    ; RE   ; 2      ; LABCELL_X80_Y60_N27                 ; ARRIAV_LCELL_COMB       ;
;   2.575 ;   0.028 ;    ; RE   ; 2      ; LE_BUFFER_X80_Y60_N0_I18            ; LE_BUFFER               ;
;   2.675 ;   0.100 ;    ; RE   ; 1      ; C2_X80_Y61_N0_I9                    ; V_SEG2                  ;
;   2.813 ;   0.138 ;    ; RE   ; 1      ; R6_X81_Y62_N0_I0                    ; H_SEG6                  ;
;   2.918 ;   0.105 ;    ; RE   ; 1      ; LOCAL_INTERCONNECT_X83_Y62_N0_I0    ; LAB_LINE                ;
;   2.983 ;   0.065 ;    ; RE   ; 1      ; BLOCK_INPUT_MUX_X83_Y62_N0_I39      ; LEIM_INPUT              ;
;   2.983 ;   0.000 ; FF ; IC   ; 1      ; LABCELL_X83_Y62_N27                 ; Selector5970~1|dataf    ;
;   3.020 ;   0.037 ; FF ; CELL ; 1      ; LABCELL_X83_Y62_N27                 ; Selector5970~1|combout  ;
;   3.020 ;   0.000 ;    ; RE   ; 1      ; LABCELL_X83_Y62_N27                 ; ARRIAV_LCELL_COMB       ;
;   3.020 ;   0.000 ; FF ; IC   ; 1      ; FF_X83_Y62_N28                      ; return_scalar[46]|d     ;
;   3.144 ;   0.124 ; FF ; CELL ; 1      ; FF_X83_Y62_N28                      ; return_scalar[46]       ;
+---------+---------+----+------+--------+-------------------------------------+-------------------------+

+---------------------------------------------------------------------------------------------------------+
; Data Required Path                                                                                      ;
+----------+---------+----+------+--------+-------------------------------------+-------------------------+
; Total    ; Incr    ; RF ; Type ; Fanout ; Location                            ; Element                 ;
+----------+---------+----+------+--------+-------------------------------------+-------------------------+
; 10.000   ; 10.000  ;    ;      ;        ;                                     ; latch edge time         ;
; 12.106   ; 2.106   ;    ;      ;        ;                                     ; clock path              ;
;   10.000 ;   0.000 ;    ;      ;        ;                                     ; source latency          ;
;   10.000 ;   0.000 ;    ;      ; 1      ; PIN_AC18                            ; clk                     ;
;   10.000 ;   0.000 ;    ; RE   ; 1      ; IOPAD_X54_Y0_N0                     ; ARRIAV_IO_PAD           ;
;   10.000 ;   0.000 ;    ; RE   ; 1      ; IO_PAD_OUTPUT_X54_Y0_N0_I1          ; IO_PAD_OUTPUT           ;
;   10.000 ;   0.000 ;    ; RE   ; 1      ; IO_INPUT_BUFFER_INPUT_X54_Y0_N1_I0  ; IO_INPUT_BUFFER_INPUT   ;
;   10.000 ;   0.000 ; RR ; IC   ; 1      ; IOIBUF_X54_Y0_N1                    ; clk~input|i             ;
;   10.406 ;   0.406 ; RR ; CELL ; 1      ; IOIBUF_X54_Y0_N1                    ; clk~input|o             ;
;   10.406 ;   0.000 ;    ; RE   ; 1      ; IOIBUF_X54_Y0_N1                    ; ARRIAV_IO_IBUF          ;
;   10.406 ;   0.000 ;    ; RE   ; 1      ; IO_INPUT_BUFFER_OUTPUT_X54_Y0_N1_I2 ; IO_INPUT_BUFFER_OUTPUT  ;
;   10.406 ;   0.000 ;    ; RE   ; 1      ; IO_RE_X54_Y0_N0_I96                 ; IO_RE                   ;
;   10.494 ;   0.088 ;    ; RE   ; 1      ; IO_RE_X54_Y0_N0_I66                 ; IO_RE                   ;
;   10.494 ;   0.000 ;    ; RE   ; 1      ; CLKBUF_CLUSTER_RE_X58_Y0_N0_I1614   ; CLKBUF_CLUSTER_RE       ;
;   10.494 ;   0.000 ;    ; RE   ; 1      ; CLKBUF_CLUSTER_RE_X58_Y0_N0_I616    ; CLKBUF_CLUSTER_RE       ;
;   10.494 ;   0.000 ;    ; RE   ; 1      ; GCLK_CLUSTER_RE_X58_Y0_N6_I10       ; GCLK_CLUSTER_RE         ;
;   10.494 ;   0.000 ;    ; RE   ; 1      ; CLKBUFBLOCK_INPUT_X58_Y0_N7_I0      ; CLKBUFBLOCK_INPUT       ;
;   10.494 ;   0.000 ; RR ; IC   ; 1      ; CLKCTRL_G6                          ; clk~inputCLKENA0|inclk  ;
;   10.635 ;   0.141 ; RR ; CELL ; 56652  ; CLKCTRL_G6                          ; clk~inputCLKENA0|outclk ;
;   10.635 ;   0.000 ;    ; RE   ; 1      ; CLKCTRL_G6                          ; ARRIAV_CLKBUF           ;
;   10.635 ;   0.000 ;    ; RE   ; 1      ; CLKBUFBLOCK_OUTPUT_X58_Y0_N7_I2     ; CLKBUFBLOCK_OUTPUT      ;
;   10.635 ;   0.000 ;    ; RE   ; 1      ; GCLK_CLUSTER_RE_X58_Y0_N6_I12       ; GCLK_CLUSTER_RE         ;
;   10.635 ;   0.000 ;    ; RE   ; 1      ; CLKBUF_CLUSTER_RE_X58_Y0_N0_I417    ; CLKBUF_CLUSTER_RE       ;
;   11.127 ;   0.492 ;    ; RE   ; 16     ; GLOBAL_CLOCK_X0_Y58_N0_I6           ; GLOBAL_CLOCK            ;
;   11.262 ;   0.135 ;    ; RE   ; 29     ; SPINE_CLOCK_X75_Y59_N0_I22          ; SPINE_CLOCK             ;
;   11.451 ;   0.189 ;    ; RE   ; 1      ; SCLK_TO_ROWCLK_BUF_X75_Y62_N0_I132  ; SCLK_TO_ROWCLK_BUF      ;
;   11.490 ;   0.039 ;    ; RE   ; 2      ; SCLK_TO_ROWCLK_BUF_X75_Y62_N0_I135  ; SCLK_TO_ROWCLK_BUF      ;
;   11.684 ;   0.194 ;    ; RE   ; 15     ; LAB_CLK_X76_Y62_N0_I2               ; LAB_CLK                 ;
;   11.744 ;   0.060 ;    ; RE   ; 1      ; BLK_CLK_BUF_X83_Y62_N0_I2           ; BLK_CLK_BUF             ;
;   11.760 ;   0.016 ;    ; RE   ; 1      ; ROWCLKSEL_PREBUF_X83_Y62_N0_I2      ; ROWCLKSEL_PREBUF        ;
;   11.776 ;   0.016 ;    ; RE   ; 1      ; ROWCLKSEL_X83_Y62_N0_I0             ; ROWCLKSEL               ;
;   11.776 ;   0.000 ;    ; RE   ; 2      ; GLOBAL_LOCAL_SEL_X83_Y62_N0_I0      ; GLOBAL_LOCAL_SEL        ;
;   11.776 ;   0.000 ;    ; RE   ; 3      ; LAB_INPUT_X83_Y62_N0_I1             ; LAB_INPUT               ;
;   11.776 ;   0.000 ; RR ; IC   ; 1      ; FF_X83_Y62_N28                      ; return_scalar[46]|clk   ;
;   11.954 ;   0.178 ; RR ; CELL ; 1      ; FF_X83_Y62_N28                      ; return_scalar[46]       ;
;   12.106 ;   0.152 ;    ;      ;        ;                                     ; clock pessimism removed ;
; 12.006   ; -0.100  ;    ;      ;        ;                                     ; clock uncertainty       ;
; 12.006   ; 0.000   ;    ; uTsu ; 1      ; FF_X83_Y62_N28                      ; return_scalar[46]       ;
+----------+---------+----+------+--------+-------------------------------------+-------------------------+

----------------------------
; Extra Fitter Information ;
----------------------------
HTML report is unavailable in plain text report export.


