Pattern	Register	Type	Fanout_edges	Location
Count	*scalar_round_q*	79
*scalar_round_q*	scalar_round_q[19]	reg	1	FF_X107_Y51_N58
*scalar_round_q*	scalar_round_q[63]	reg	1	FF_X106_Y49_N43
*scalar_round_q*	scalar_round_q[34]	reg	1	FF_X107_Y50_N49
*scalar_round_q*	scalar_round_q[27]	reg	1	FF_X107_Y51_N1
*scalar_round_q*	scalar_round_q[38]	reg	1	FF_X107_Y50_N1
*scalar_round_q*	scalar_round_q[54]	reg	1	FF_X105_Y49_N47
*scalar_round_q*	scalar_round_q[14]	reg	1	FF_X107_Y52_N37
*scalar_round_q*	scalar_round_q[0]	reg	1	FF_X108_Y52_N46
*scalar_round_q*	scalar_round_q[29]	reg	1	FF_X107_Y51_N32
*scalar_round_q*	scalar_round_q[25]	reg	1	FF_X107_Y51_N40
*scalar_round_q*	scalar_round_q[36]	reg	1	FF_X107_Y50_N46
*scalar_round_q*	scalar_round_q[31]	reg	1	FF_X107_Y50_N52
*scalar_round_q*	scalar_round_q[11]	reg	1	FF_X107_Y52_N16
*scalar_round_q*	scalar_round_q[17]	reg	1	FF_X104_Y51_N37
*scalar_round_q*	scalar_round_q[37]	reg	1	FF_X107_Y50_N19
*scalar_round_q*	scalar_round_q[5]	reg	1	FF_X107_Y52_N1
*scalar_round_q*	scalar_round_q[16]	reg	1	FF_X104_Y51_N34
*scalar_round_q*	scalar_round_q[10]	reg	1	FF_X104_Y51_N46
*scalar_round_q*	scalar_round_q[23]	reg	1	FF_X107_Y51_N50
*scalar_round_q*	scalar_round_q[32]	reg	1	FF_X104_Y50_N16
*scalar_round_q*	scalar_round_q[4]~DUPLICATE	reg	1	FF_X106_Y52_N17
*scalar_round_q*	scalar_round_q[13]	reg	1	FF_X104_Y51_N17
*scalar_round_q*	scalar_round_q[12]	reg	1	FF_X104_Y51_N14
*scalar_round_q*	scalar_round_q[22]	reg	1	FF_X107_Y51_N22
*scalar_round_q*	scalar_round_q[24]	reg	1	FF_X107_Y51_N8
*scalar_round_q*	scalar_round_q[43]	reg	1	FF_X104_Y50_N50
*scalar_round_q*	scalar_round_q[35]~DUPLICATE	reg	1	FF_X107_Y50_N25
*scalar_round_q*	scalar_round_q[33]~DUPLICATE	reg	1	FF_X107_Y50_N31
*scalar_round_q*	scalar_round_q[30]	reg	1	FF_X108_Y50_N13
*scalar_round_q*	scalar_round_q[28]	reg	1	FF_X107_Y51_N25
*scalar_round_q*	scalar_round_q[20]	reg	1	FF_X107_Y51_N13
*scalar_round_q*	scalar_round_q[26]	reg	1	FF_X107_Y51_N43
*scalar_round_q*	scalar_round_q[21]	reg	1	FF_X108_Y51_N49
*scalar_round_q*	scalar_round_q[18]	reg	1	FF_X107_Y51_N55
*scalar_round_q*	scalar_round_q[15]	reg	1	FF_X106_Y52_N29
*scalar_round_q*	scalar_round_q[9]	reg	1	FF_X106_Y52_N14
*scalar_round_q*	scalar_round_q[2]	reg	1	FF_X106_Y52_N22
*scalar_round_q*	scalar_round_q[1]	reg	1	FF_X108_Y52_N50
*scalar_round_q*	scalar_round_q[3]~DUPLICATE	reg	1	FF_X106_Y52_N19
*scalar_round_q*	scalar_round_q[8]	reg	1	FF_X106_Y52_N11
*scalar_round_q*	scalar_round_q[6]	reg	1	FF_X106_Y52_N26
*scalar_round_q*	scalar_round_q[7]	reg	1	FF_X106_Y52_N8
*scalar_round_q*	scalar_round_q[46]~DUPLICATE	reg	1	FF_X104_Y50_N29
*scalar_round_q*	scalar_round_q[48]~DUPLICATE	reg	1	FF_X104_Y50_N44
*scalar_round_q*	scalar_round_q[45]~DUPLICATE	reg	1	FF_X104_Y50_N26
*scalar_round_q*	scalar_round_q[47]~DUPLICATE	reg	1	FF_X104_Y50_N59
*scalar_round_q*	scalar_round_q[44]	reg	1	FF_X104_Y50_N56
*scalar_round_q*	scalar_round_q[53]	reg	1	FF_X106_Y49_N46
*scalar_round_q*	scalar_round_q[49]	reg	1	FF_X104_Y50_N35
*scalar_round_q*	scalar_round_q[52]	reg	1	FF_X107_Y49_N41
*scalar_round_q*	scalar_round_q[51]	reg	1	FF_X107_Y49_N44
*scalar_round_q*	scalar_round_q[50]	reg	1	FF_X107_Y49_N50
*scalar_round_q*	scalar_round_q[61]~DUPLICATE	reg	1	FF_X105_Y49_N43
*scalar_round_q*	scalar_round_q[62]~DUPLICATE	reg	1	FF_X105_Y49_N49
*scalar_round_q*	scalar_round_q[39]	reg	1	FF_X107_Y50_N58
*scalar_round_q*	scalar_round_q[41]	reg	1	FF_X107_Y50_N28
*scalar_round_q*	scalar_round_q[40]	reg	1	FF_X107_Y50_N38
*scalar_round_q*	scalar_round_q[42]	reg	1	FF_X107_Y50_N7
*scalar_round_q*	scalar_round_q[59]	reg	1	FF_X106_Y49_N55
*scalar_round_q*	scalar_round_q[57]	reg	1	FF_X106_Y49_N49
*scalar_round_q*	scalar_round_q[55]	reg	1	FF_X106_Y49_N52
*scalar_round_q*	scalar_round_q[58]	reg	1	FF_X106_Y49_N58
*scalar_round_q*	scalar_round_q[60]	reg	1	FF_X105_Y49_N52
*scalar_round_q*	scalar_round_q[56]	reg	1	FF_X105_Y49_N55
*scalar_round_q*	scalar_round_q[4]	reg	1	FF_X106_Y52_N16
*scalar_round_q*	scalar_round_q[3]	reg	1	FF_X106_Y52_N20
*scalar_round_q*	scalar_round_q[33]	reg	1	FF_X107_Y50_N32
*scalar_round_q*	scalar_round_q[31]~DUPLICATE	reg	1	FF_X107_Y50_N53
*scalar_round_q*	scalar_round_q[35]	reg	1	FF_X107_Y50_N26
*scalar_round_q*	scalar_round_q[47]	reg	1	FF_X104_Y50_N58
*scalar_round_q*	scalar_round_q[48]	reg	1	FF_X104_Y50_N43
*scalar_round_q*	scalar_round_q[46]	reg	1	FF_X104_Y50_N28
*scalar_round_q*	scalar_round_q[45]	reg	1	FF_X104_Y50_N25
*scalar_round_q*	scalar_round_q[61]	reg	1	FF_X105_Y49_N44
*scalar_round_q*	scalar_round_q[1]~DUPLICATE	reg	1	FF_X108_Y52_N49
*scalar_round_q*	scalar_round_q[51]~DUPLICATE	reg	1	FF_X107_Y49_N43
*scalar_round_q*	scalar_round_q[49]~DUPLICATE	reg	1	FF_X104_Y50_N34
*scalar_round_q*	scalar_round_q[40]~DUPLICATE	reg	1	FF_X107_Y50_N37
*scalar_round_q*	scalar_round_q[62]	reg	1	FF_X105_Y49_N50
Count	*scalar_packet*	35
*scalar_packet*	scalar_packet_group_q[2]	reg	1	FF_X68_Y64_N25
*scalar_packet*	scalar_packet_linear_q	reg	1	FF_X68_Y64_N14
*scalar_packet*	scalar_packet_valid_q	reg	1	FF_X75_Y62_N31
*scalar_packet*	scalar_packet_group_q[1]	reg	1	FF_X68_Y64_N59
*scalar_packet*	scalar_packet_group_q[0]	reg	1	FF_X68_Y64_N32
*scalar_packet*	scalar_packet_lower_q	reg	1	FF_X107_Y60_N16
*scalar_packet*	scalar_packet_group_q[0]~DUPLICATE	reg	1	FF_X68_Y64_N31
*scalar_packet*	scalar_packet_group_q[1]~DUPLICATE	reg	1	FF_X68_Y64_N58
*scalar_packet*	scalar_packet_low_q[11]	reg	1	FF_X101_Y72_N52
*scalar_packet*	scalar_packet_low_q[5]	reg	1	FF_X101_Y72_N5
*scalar_packet*	scalar_packet_low_q[16]	reg	1	FF_X101_Y72_N22
*scalar_packet*	scalar_packet_low_q[23]	reg	1	FF_X75_Y62_N52
*scalar_packet*	scalar_packet_low_q[4]	reg	1	FF_X100_Y62_N53
*scalar_packet*	scalar_packet_low_q[13]	reg	1	FF_X101_Y72_N25
*scalar_packet*	scalar_packet_low_q[12]	reg	1	FF_X106_Y74_N49
*scalar_packet*	scalar_packet_high_q	reg	1	FF_X107_Y60_N31
*scalar_packet*	scalar_packet_low_q[0]	reg	1	FF_X107_Y73_N52
*scalar_packet*	scalar_packet_low_q[3]	reg	1	FF_X107_Y73_N56
*scalar_packet*	scalar_packet_low_q[21]	reg	1	FF_X110_Y73_N55
*scalar_packet*	scalar_packet_low_q[10]	reg	1	FF_X101_Y72_N56
*scalar_packet*	scalar_packet_low_q[17]	reg	1	FF_X111_Y72_N22
*scalar_packet*	scalar_packet_low_q[9]	reg	1	FF_X101_Y72_N19
*scalar_packet*	scalar_packet_low_q[22]	reg	1	FF_X105_Y73_N17
*scalar_packet*	scalar_packet_low_q[2]~DUPLICATE	reg	1	FF_X107_Y73_N22
*scalar_packet*	scalar_packet_low_q[15]	reg	1	FF_X110_Y70_N4
*scalar_packet*	scalar_packet_low_q[19]	reg	1	FF_X101_Y72_N37
*scalar_packet*	scalar_packet_low_q[14]	reg	1	FF_X101_Y72_N10
*scalar_packet*	scalar_packet_low_q[6]	reg	1	FF_X101_Y72_N29
*scalar_packet*	scalar_packet_low_q[1]	reg	1	FF_X107_Y73_N5
*scalar_packet*	scalar_packet_low_q[8]	reg	1	FF_X101_Y72_N17
*scalar_packet*	scalar_packet_low_q[18]	reg	1	FF_X111_Y72_N19
*scalar_packet*	scalar_packet_low_q[20]	reg	1	FF_X101_Y72_N35
*scalar_packet*	scalar_packet_low_q[7]	reg	1	FF_X101_Y72_N46
*scalar_packet*	scalar_packet_low_q[2]	reg	1	FF_X107_Y73_N23
*scalar_packet*	scalar_packet_valid_q~DUPLICATE	reg	1	FF_X75_Y62_N32
Count	*scalar_cluster*	61
*scalar_cluster*	scalar_cluster_group_q[1][1]	reg	1	FF_X68_Y64_N52
*scalar_cluster*	scalar_cluster_valid_q[1]	reg	1	FF_X75_Y62_N56
*scalar_cluster*	scalar_cluster_group_q[1][0]	reg	1	FF_X68_Y64_N41
*scalar_cluster*	scalar_cluster_lower_q[1]	reg	1	FF_X68_Y64_N22
*scalar_cluster*	scalar_cluster_valid_q[0]	reg	1	FF_X75_Y62_N14
*scalar_cluster*	scalar_cluster_group_q[0][0]	reg	1	FF_X59_Y60_N44
*scalar_cluster*	scalar_cluster_group_q[0][1]	reg	1	FF_X59_Y60_N50
*scalar_cluster*	scalar_cluster_low_q[0][11]	reg	1	FF_X59_Y63_N23
*scalar_cluster*	scalar_cluster_low_q[1][5]	reg	1	FF_X84_Y75_N7
*scalar_cluster*	scalar_cluster_low_q[1][16]	reg	1	FF_X85_Y76_N34
*scalar_cluster*	scalar_cluster_low_q[1][23]	reg	1	FF_X74_Y64_N40
*scalar_cluster*	scalar_cluster_low_q[1][4]	reg	1	FF_X68_Y64_N44
*scalar_cluster*	scalar_cluster_low_q[1][13]	reg	1	FF_X85_Y76_N25
*scalar_cluster*	scalar_cluster_low_q[1][12]	reg	1	FF_X85_Y76_N29
*scalar_cluster*	scalar_cluster_low_q[0][5]	reg	1	FF_X59_Y63_N16
*scalar_cluster*	scalar_cluster_high_q[0]~DUPLICATE	reg	1	FF_X59_Y60_N58
*scalar_cluster*	scalar_cluster_lower_q[0]	reg	1	FF_X59_Y60_N1
*scalar_cluster*	scalar_cluster_low_q[0][16]	reg	1	FF_X59_Y63_N8
*scalar_cluster*	scalar_cluster_low_q[0][23]	reg	1	FF_X59_Y60_N23
*scalar_cluster*	scalar_cluster_high_q[0]	reg	1	FF_X59_Y60_N59
*scalar_cluster*	scalar_cluster_low_q[0][4]	reg	1	FF_X59_Y60_N17
*scalar_cluster*	scalar_cluster_low_q[0][13]	reg	1	FF_X59_Y63_N4
*scalar_cluster*	scalar_cluster_low_q[0][12]	reg	1	FF_X59_Y63_N1
*scalar_cluster*	scalar_cluster_low_q[0][0]	reg	1	FF_X59_Y63_N43
*scalar_cluster*	scalar_cluster_low_q[0][3]	reg	1	FF_X59_Y63_N34
*scalar_cluster*	scalar_cluster_low_q[0][21]	reg	1	FF_X59_Y60_N41
*scalar_cluster*	scalar_cluster_low_q[0][10]	reg	1	FF_X59_Y63_N55
*scalar_cluster*	scalar_cluster_low_q[0][17]	reg	1	FF_X59_Y63_N11
*scalar_cluster*	scalar_cluster_low_q[0][9]	reg	1	FF_X59_Y63_N25
*scalar_cluster*	scalar_cluster_low_q[0][22]	reg	1	FF_X59_Y60_N46
*scalar_cluster*	scalar_cluster_low_q[0][2]	reg	1	FF_X59_Y63_N37
*scalar_cluster*	scalar_cluster_low_q[0][15]	reg	1	FF_X59_Y63_N19
*scalar_cluster*	scalar_cluster_low_q[0][19]	reg	1	FF_X59_Y63_N28
*scalar_cluster*	scalar_cluster_low_q[0][14]	reg	1	FF_X59_Y63_N40
*scalar_cluster*	scalar_cluster_low_q[0][6]	reg	1	FF_X59_Y63_N53
*scalar_cluster*	scalar_cluster_low_q[0][1]	reg	1	FF_X59_Y63_N46
*scalar_cluster*	scalar_cluster_low_q[0][8]	reg	1	FF_X59_Y63_N14
*scalar_cluster*	scalar_cluster_low_q[0][18]	reg	1	FF_X59_Y63_N59
*scalar_cluster*	scalar_cluster_low_q[0][20]	reg	1	FF_X59_Y63_N49
*scalar_cluster*	scalar_cluster_low_q[0][7]	reg	1	FF_X59_Y63_N31
*scalar_cluster*	scalar_cluster_low_q[1][0]	reg	1	FF_X84_Y75_N11
*scalar_cluster*	scalar_cluster_high_q[1]	reg	1	FF_X68_Y64_N37
*scalar_cluster*	scalar_cluster_low_q[1][3]	reg	1	FF_X84_Y75_N31
*scalar_cluster*	scalar_cluster_low_q[1][21]	reg	1	FF_X84_Y75_N44
*scalar_cluster*	scalar_cluster_low_q[1][10]	reg	1	FF_X85_Y76_N28
*scalar_cluster*	scalar_cluster_low_q[1][17]	reg	1	FF_X85_Y76_N35
*scalar_cluster*	scalar_cluster_low_q[1][9]	reg	1	FF_X85_Y76_N20
*scalar_cluster*	scalar_cluster_low_q[1][22]	reg	1	FF_X85_Y76_N26
*scalar_cluster*	scalar_cluster_low_q[1][2]	reg	1	FF_X84_Y75_N13
*scalar_cluster*	scalar_cluster_low_q[1][15]	reg	1	FF_X84_Y75_N47
*scalar_cluster*	scalar_cluster_low_q[1][19]	reg	1	FF_X85_Y76_N22
*scalar_cluster*	scalar_cluster_low_q[1][14]	reg	1	FF_X84_Y75_N40
*scalar_cluster*	scalar_cluster_low_q[1][6]	reg	1	FF_X68_Y64_N8
*scalar_cluster*	scalar_cluster_lower_q[1]~DUPLICATE	reg	1	FF_X68_Y64_N23
*scalar_cluster*	scalar_cluster_high_q[1]~DUPLICATE	reg	1	FF_X68_Y64_N38
*scalar_cluster*	scalar_cluster_low_q[1][1]	reg	1	FF_X84_Y75_N37
*scalar_cluster*	scalar_cluster_low_q[1][8]	reg	1	FF_X85_Y76_N23
*scalar_cluster*	scalar_cluster_low_q[1][18]	reg	1	FF_X85_Y76_N19
*scalar_cluster*	scalar_cluster_low_q[1][20]	reg	1	FF_X85_Y76_N31
*scalar_cluster*	scalar_cluster_low_q[1][7]	reg	1	FF_X84_Y75_N35
*scalar_cluster*	scalar_cluster_low_q[1][11]	reg	1	FF_X85_Y76_N32
Count	*scalar_group_q*	201
*scalar_group_q*	scalar_group_q[4][11]	reg	1	FF_X75_Y76_N7
*scalar_group_q*	scalar_group_q[2][11]	reg	1	FF_X55_Y33_N34
*scalar_group_q*	scalar_group_q[6][11]	reg	1	FF_X75_Y76_N20
*scalar_group_q*	scalar_group_q[6][5]	reg	1	FF_X75_Y75_N26
*scalar_group_q*	scalar_group_q[4][5]	reg	1	FF_X75_Y75_N10
*scalar_group_q*	scalar_group_q[4][16]	reg	1	FF_X74_Y76_N13
*scalar_group_q*	scalar_group_q[6][16]	reg	1	FF_X74_Y76_N8
*scalar_group_q*	scalar_group_q[6][23]	reg	1	FF_X75_Y76_N58
*scalar_group_q*	scalar_group_q[3][11]	reg	1	FF_X54_Y34_N38
*scalar_group_q*	scalar_group_q[7][11]	reg	1	FF_X85_Y76_N11
*scalar_group_q*	scalar_group_q[7][5]	reg	1	FF_X84_Y75_N50
*scalar_group_q*	scalar_group_q[7][16]	reg	1	FF_X85_Y76_N44
*scalar_group_q*	scalar_group_q[7][23]	reg	1	FF_X85_Y76_N5
*scalar_group_q*	scalar_group_q[7][4]	reg	1	FF_X80_Y73_N49
*scalar_group_q*	scalar_group_q[7][13]	reg	1	FF_X85_Y76_N8
*scalar_group_q*	scalar_group_q[7][12]	reg	1	FF_X85_Y76_N38
*scalar_group_q*	scalar_group_q[3][5]	reg	1	FF_X54_Y34_N25
*scalar_group_q*	scalar_group_q[3][16]	reg	1	FF_X55_Y34_N53
*scalar_group_q*	scalar_group_q[3][23]	reg	1	FF_X54_Y34_N2
*scalar_group_q*	scalar_group_q[3][4]	reg	1	FF_X54_Y34_N19
*scalar_group_q*	scalar_group_q[3][13]	reg	1	FF_X54_Y34_N28
*scalar_group_q*	scalar_group_q[3][12]	reg	1	FF_X54_Y34_N58
*scalar_group_q*	scalar_group_q[3][0]	reg	1	FF_X54_Y34_N59
*scalar_group_q*	scalar_group_q[3][3]	reg	1	FF_X54_Y34_N17
*scalar_group_q*	scalar_group_q[3][21]	reg	1	FF_X54_Y34_N37
*scalar_group_q*	scalar_group_q[3][10]	reg	1	FF_X54_Y34_N10
*scalar_group_q*	scalar_group_q[3][17]	reg	1	FF_X54_Y34_N40
*scalar_group_q*	scalar_group_q[3][9]	reg	1	FF_X54_Y34_N43
*scalar_group_q*	scalar_group_q[3][22]	reg	1	FF_X54_Y34_N46
*scalar_group_q*	scalar_group_q[3][2]	reg	1	FF_X54_Y34_N22
*scalar_group_q*	scalar_group_q[3][15]	reg	1	FF_X54_Y34_N34
*scalar_group_q*	scalar_group_q[3][19]	reg	1	FF_X54_Y34_N4
*scalar_group_q*	scalar_group_q[3][14]~DUPLICATE	reg	1	FF_X54_Y34_N32
*scalar_group_q*	scalar_group_q[3][6]~DUPLICATE	reg	1	FF_X54_Y34_N56
*scalar_group_q*	scalar_group_q[3][1]	reg	1	FF_X54_Y34_N13
*scalar_group_q*	scalar_group_q[3][8]	reg	1	FF_X54_Y34_N52
*scalar_group_q*	scalar_group_q[3][18]	reg	1	FF_X54_Y34_N7
*scalar_group_q*	scalar_group_q[3][20]	reg	1	FF_X54_Y34_N50
*scalar_group_q*	scalar_group_q[3][7]	reg	1	FF_X58_Y33_N13
*scalar_group_q*	scalar_group_q[7][0]	reg	1	FF_X84_Y75_N53
*scalar_group_q*	scalar_group_q[7][3]	reg	1	FF_X84_Y75_N23
*scalar_group_q*	scalar_group_q[7][21]	reg	1	FF_X84_Y75_N26
*scalar_group_q*	scalar_group_q[7][10]	reg	1	FF_X85_Y76_N41
*scalar_group_q*	scalar_group_q[7][17]	reg	1	FF_X85_Y76_N47
*scalar_group_q*	scalar_group_q[7][9]	reg	1	FF_X85_Y76_N59
*scalar_group_q*	scalar_group_q[7][22]	reg	1	FF_X85_Y76_N50
*scalar_group_q*	scalar_group_q[7][2]	reg	1	FF_X84_Y75_N59
*scalar_group_q*	scalar_group_q[7][15]	reg	1	FF_X84_Y75_N19
*scalar_group_q*	scalar_group_q[7][19]	reg	1	FF_X85_Y76_N53
*scalar_group_q*	scalar_group_q[7][14]	reg	1	FF_X84_Y75_N1
*scalar_group_q*	scalar_group_q[7][6]	reg	1	FF_X68_Y64_N1
*scalar_group_q*	scalar_group_q[7][1]	reg	1	FF_X84_Y75_N56
*scalar_group_q*	scalar_group_q[7][8]	reg	1	FF_X85_Y76_N56
*scalar_group_q*	scalar_group_q[7][18]	reg	1	FF_X85_Y76_N14
*scalar_group_q*	scalar_group_q[7][20]	reg	1	FF_X85_Y76_N1
*scalar_group_q*	scalar_group_q[7][7]	reg	1	FF_X84_Y75_N4
*scalar_group_q*	scalar_group_q[3][14]	reg	1	FF_X54_Y34_N31
*scalar_group_q*	scalar_group_q[3][6]	reg	1	FF_X54_Y34_N55
*scalar_group_q*	scalar_group_q[6][4]	reg	1	FF_X73_Y76_N59
*scalar_group_q*	scalar_group_q[6][13]	reg	1	FF_X73_Y76_N22
*scalar_group_q*	scalar_group_q[6][12]	reg	1	FF_X75_Y76_N22
*scalar_group_q*	scalar_group_q[6][0]	reg	1	FF_X75_Y75_N59
*scalar_group_q*	scalar_group_q[6][3]	reg	1	FF_X73_Y76_N56
*scalar_group_q*	scalar_group_q[6][21]	reg	1	FF_X74_Y76_N7
*scalar_group_q*	scalar_group_q[6][10]	reg	1	FF_X73_Y76_N20
*scalar_group_q*	scalar_group_q[6][17]	reg	1	FF_X73_Y76_N26
*scalar_group_q*	scalar_group_q[6][9]	reg	1	FF_X74_Y76_N56
*scalar_group_q*	scalar_group_q[6][22]	reg	1	FF_X74_Y76_N59
*scalar_group_q*	scalar_group_q[6][2]	reg	1	FF_X75_Y75_N25
*scalar_group_q*	scalar_group_q[6][15]	reg	1	FF_X75_Y76_N28
*scalar_group_q*	scalar_group_q[6][19]	reg	1	FF_X74_Y76_N25
*scalar_group_q*	scalar_group_q[6][14]	reg	1	FF_X75_Y75_N55
*scalar_group_q*	scalar_group_q[6][6]	reg	1	FF_X75_Y75_N28
*scalar_group_q*	scalar_group_q[6][1]	reg	1	FF_X73_Y76_N28
*scalar_group_q*	scalar_group_q[6][8]~DUPLICATE	reg	1	FF_X75_Y76_N25
*scalar_group_q*	scalar_group_q[6][18]	reg	1	FF_X74_Y76_N10
*scalar_group_q*	scalar_group_q[6][20]	reg	1	FF_X74_Y76_N29
*scalar_group_q*	scalar_group_q[6][7]	reg	1	FF_X75_Y76_N55
*scalar_group_q*	scalar_group_q[2][5]	reg	1	FF_X55_Y33_N20
*scalar_group_q*	scalar_group_q[2][16]	reg	1	FF_X55_Y33_N7
*scalar_group_q*	scalar_group_q[2][23]	reg	1	FF_X55_Y33_N49
*scalar_group_q*	scalar_group_q[2][4]	reg	1	FF_X55_Y33_N28
*scalar_group_q*	scalar_group_q[2][13]	reg	1	FF_X77_Y33_N16
*scalar_group_q*	scalar_group_q[2][12]	reg	1	FF_X55_Y33_N58
*scalar_group_q*	scalar_group_q[2][0]	reg	1	FF_X55_Y33_N43
*scalar_group_q*	scalar_group_q[2][3]	reg	1	FF_X55_Y33_N25
*scalar_group_q*	scalar_group_q[2][21]	reg	1	FF_X55_Y33_N52
*scalar_group_q*	scalar_group_q[2][10]	reg	1	FF_X55_Y33_N4
*scalar_group_q*	scalar_group_q[2][17]	reg	1	FF_X55_Y33_N55
*scalar_group_q*	scalar_group_q[2][9]	reg	1	FF_X55_Y33_N16
*scalar_group_q*	scalar_group_q[2][22]	reg	1	FF_X55_Y33_N47
*scalar_group_q*	scalar_group_q[2][2]	reg	1	FF_X55_Y33_N22
*scalar_group_q*	scalar_group_q[2][15]	reg	1	FF_X55_Y33_N31
*scalar_group_q*	scalar_group_q[2][19]	reg	1	FF_X55_Y33_N10
*scalar_group_q*	scalar_group_q[2][14]	reg	1	FF_X55_Y33_N1
*scalar_group_q*	scalar_group_q[2][6]	reg	1	FF_X55_Y33_N40
*scalar_group_q*	scalar_group_q[2][1]	reg	1	FF_X55_Y33_N46
*scalar_group_q*	scalar_group_q[2][8]	reg	1	FF_X55_Y33_N13
*scalar_group_q*	scalar_group_q[2][18]	reg	1	FF_X55_Y33_N37
*scalar_group_q*	scalar_group_q[2][20]	reg	1	FF_X77_Y33_N10
*scalar_group_q*	scalar_group_q[2][7]	reg	1	FF_X55_Y33_N56
*scalar_group_q*	scalar_group_q[4][23]	reg	1	FF_X75_Y76_N46
*scalar_group_q*	scalar_group_q[4][4]	reg	1	FF_X73_Y76_N46
*scalar_group_q*	scalar_group_q[4][13]	reg	1	FF_X73_Y76_N43
*scalar_group_q*	scalar_group_q[4][12]	reg	1	FF_X75_Y76_N11
*scalar_group_q*	scalar_group_q[4][0]	reg	1	FF_X75_Y75_N37
*scalar_group_q*	scalar_group_q[4][3]	reg	1	FF_X73_Y76_N14
*scalar_group_q*	scalar_group_q[4][21]	reg	1	FF_X74_Y76_N14
*scalar_group_q*	scalar_group_q[4][10]	reg	1	FF_X73_Y76_N31
*scalar_group_q*	scalar_group_q[4][17]	reg	1	FF_X73_Y76_N1
*scalar_group_q*	scalar_group_q[4][9]	reg	1	FF_X74_Y76_N19
*scalar_group_q*	scalar_group_q[4][22]	reg	1	FF_X74_Y76_N22
*scalar_group_q*	scalar_group_q[4][2]	reg	1	FF_X75_Y75_N31
*scalar_group_q*	scalar_group_q[4][15]	reg	1	FF_X75_Y76_N41
*scalar_group_q*	scalar_group_q[4][19]	reg	1	FF_X74_Y76_N37
*scalar_group_q*	scalar_group_q[4][14]	reg	1	FF_X75_Y76_N37
*scalar_group_q*	scalar_group_q[4][6]	reg	1	FF_X75_Y75_N16
*scalar_group_q*	scalar_group_q[4][1]	reg	1	FF_X73_Y76_N5
*scalar_group_q*	scalar_group_q[4][8]	reg	1	FF_X74_Y76_N16
*scalar_group_q*	scalar_group_q[4][18]	reg	1	FF_X75_Y76_N16
*scalar_group_q*	scalar_group_q[4][20]	reg	1	FF_X74_Y76_N40
*scalar_group_q*	scalar_group_q[4][7]	reg	1	FF_X75_Y76_N13
*scalar_group_q*	scalar_group_q[0][11]	reg	1	FF_X43_Y57_N4
*scalar_group_q*	scalar_group_q[0][5]	reg	1	FF_X43_Y57_N28
*scalar_group_q*	scalar_group_q[0][16]	reg	1	FF_X43_Y57_N8
*scalar_group_q*	scalar_group_q[0][23]	reg	1	FF_X43_Y57_N1
*scalar_group_q*	scalar_group_q[0][4]	reg	1	FF_X43_Y57_N34
*scalar_group_q*	scalar_group_q[0][13]	reg	1	FF_X43_Y57_N56
*scalar_group_q*	scalar_group_q[0][12]	reg	1	FF_X39_Y57_N34
*scalar_group_q*	scalar_group_q[0][0]	reg	1	FF_X43_Y57_N46
*scalar_group_q*	scalar_group_q[0][3]	reg	1	FF_X43_Y57_N49
*scalar_group_q*	scalar_group_q[0][21]	reg	1	FF_X43_Y57_N41
*scalar_group_q*	scalar_group_q[0][10]	reg	1	FF_X39_Y57_N28
*scalar_group_q*	scalar_group_q[0][17]	reg	1	FF_X43_Y57_N44
*scalar_group_q*	scalar_group_q[0][9]	reg	1	FF_X43_Y57_N22
*scalar_group_q*	scalar_group_q[0][22]	reg	1	FF_X43_Y57_N58
*scalar_group_q*	scalar_group_q[0][2]	reg	1	FF_X43_Y57_N53
*scalar_group_q*	scalar_group_q[0][15]	reg	1	FF_X43_Y57_N16
*scalar_group_q*	scalar_group_q[0][19]	reg	1	FF_X43_Y57_N31
*scalar_group_q*	scalar_group_q[0][14]	reg	1	FF_X39_Y57_N31
*scalar_group_q*	scalar_group_q[0][6]	reg	1	FF_X43_Y57_N19
*scalar_group_q*	scalar_group_q[0][1]	reg	1	FF_X43_Y57_N14
*scalar_group_q*	scalar_group_q[0][8]	reg	1	FF_X39_Y57_N19
*scalar_group_q*	scalar_group_q[0][18]	reg	1	FF_X43_Y57_N25
*scalar_group_q*	scalar_group_q[0][20]	reg	1	FF_X43_Y57_N38
*scalar_group_q*	scalar_group_q[0][7]	reg	1	FF_X39_Y57_N13
*scalar_group_q*	scalar_group_q[6][12]~DUPLICATE	reg	1	FF_X75_Y76_N23
*scalar_group_q*	scalar_group_q[5][11]	reg	1	FF_X75_Y76_N1
*scalar_group_q*	scalar_group_q[5][5]	reg	1	FF_X75_Y75_N19
*scalar_group_q*	scalar_group_q[5][16]	reg	1	FF_X74_Y76_N31
*scalar_group_q*	scalar_group_q[5][23]	reg	1	FF_X75_Y76_N52
*scalar_group_q*	scalar_group_q[5][4]	reg	1	FF_X73_Y76_N52
*scalar_group_q*	scalar_group_q[5][13]	reg	1	FF_X73_Y76_N37
*scalar_group_q*	scalar_group_q[5][12]	reg	1	FF_X75_Y76_N4
*scalar_group_q*	scalar_group_q[5][0]	reg	1	FF_X75_Y75_N52
*scalar_group_q*	scalar_group_q[5][3]	reg	1	FF_X73_Y76_N49
*scalar_group_q*	scalar_group_q[5][21]	reg	1	FF_X74_Y76_N49
*scalar_group_q*	scalar_group_q[5][10]	reg	1	FF_X73_Y76_N40
*scalar_group_q*	scalar_group_q[5][17]	reg	1	FF_X73_Y76_N7
*scalar_group_q*	scalar_group_q[5][9]	reg	1	FF_X74_Y76_N1
*scalar_group_q*	scalar_group_q[5][22]	reg	1	FF_X74_Y76_N4
*scalar_group_q*	scalar_group_q[5][2]	reg	1	FF_X75_Y75_N43
*scalar_group_q*	scalar_group_q[5][15]	reg	1	FF_X75_Y76_N35
*scalar_group_q*	scalar_group_q[5][19]	reg	1	FF_X74_Y76_N43
*scalar_group_q*	scalar_group_q[5][14]	reg	1	FF_X75_Y76_N31
*scalar_group_q*	scalar_group_q[5][6]	reg	1	FF_X75_Y75_N4
*scalar_group_q*	scalar_group_q[5][1]	reg	1	FF_X73_Y76_N10
*scalar_group_q*	scalar_group_q[5][8]	reg	1	FF_X74_Y76_N34
*scalar_group_q*	scalar_group_q[5][18]	reg	1	FF_X74_Y76_N52
*scalar_group_q*	scalar_group_q[5][20]	reg	1	FF_X74_Y76_N46
*scalar_group_q*	scalar_group_q[5][7]	reg	1	FF_X75_Y76_N49
*scalar_group_q*	scalar_group_q[1][11]	reg	1	FF_X43_Y51_N53
*scalar_group_q*	scalar_group_q[1][5]	reg	1	FF_X43_Y51_N5
*scalar_group_q*	scalar_group_q[1][16]	reg	1	FF_X43_Y51_N56
*scalar_group_q*	scalar_group_q[1][23]	reg	1	FF_X39_Y45_N4
*scalar_group_q*	scalar_group_q[1][4]	reg	1	FF_X44_Y50_N4
*scalar_group_q*	scalar_group_q[1][13]	reg	1	FF_X43_Y51_N32
*scalar_group_q*	scalar_group_q[1][12]	reg	1	FF_X43_Y51_N14
*scalar_group_q*	scalar_group_q[1][0]	reg	1	FF_X43_Y51_N11
*scalar_group_q*	scalar_group_q[1][3]	reg	1	FF_X43_Y51_N47
*scalar_group_q*	scalar_group_q[1][21]	reg	1	FF_X39_Y45_N40
*scalar_group_q*	scalar_group_q[1][10]	reg	1	FF_X43_Y51_N35
*scalar_group_q*	scalar_group_q[1][17]	reg	1	FF_X43_Y51_N59
*scalar_group_q*	scalar_group_q[1][9]	reg	1	FF_X43_Y51_N29
*scalar_group_q*	scalar_group_q[1][22]	reg	1	FF_X39_Y45_N34
*scalar_group_q*	scalar_group_q[1][2]	reg	1	FF_X43_Y51_N20
*scalar_group_q*	scalar_group_q[1][15]	reg	1	FF_X43_Y51_N50
*scalar_group_q*	scalar_group_q[1][19]	reg	1	FF_X43_Y51_N8
*scalar_group_q*	scalar_group_q[1][14]	reg	1	FF_X43_Y51_N23
*scalar_group_q*	scalar_group_q[1][6]	reg	1	FF_X43_Y51_N17
*scalar_group_q*	scalar_group_q[1][1]	reg	1	FF_X43_Y51_N41
*scalar_group_q*	scalar_group_q[1][8]	reg	1	FF_X43_Y51_N26
*scalar_group_q*	scalar_group_q[1][18]	reg	1	FF_X43_Y51_N38
*scalar_group_q*	scalar_group_q[1][20]	reg	1	FF_X43_Y51_N2
*scalar_group_q*	scalar_group_q[1][7]	reg	1	FF_X43_Y51_N44
*scalar_group_q*	scalar_group_q[4][8]~DUPLICATE	reg	1	FF_X74_Y76_N17
*scalar_group_q*	scalar_group_q[0][13]~DUPLICATE	reg	1	FF_X43_Y57_N55
*scalar_group_q*	scalar_group_q[0][18]~DUPLICATE	reg	1	FF_X43_Y57_N26
*scalar_group_q*	scalar_group_q[0][20]~DUPLICATE	reg	1	FF_X43_Y57_N37
*scalar_group_q*	scalar_group_q[6][8]	reg	1	FF_X75_Y76_N26
*scalar_group_q*	scalar_group_q[6][20]~DUPLICATE	reg	1	FF_X74_Y76_N28
Count	*token_prompt*	106
*token_prompt*	token_prompt_word_q[3][11]	reg	1	FF_X50_Y105_N8
*token_prompt*	token_prompt_address_q[0]	reg	1	FF_X74_Y98_N26
*token_prompt*	token_prompt_address_q[1]	reg	1	FF_X73_Y99_N2
*token_prompt*	token_prompt_address_q[3]	reg	1	FF_X76_Y98_N37
*token_prompt*	token_prompt_address_q[2]	reg	1	FF_X73_Y94_N41
*token_prompt*	token_prompt_bank_q[0]	reg	1	FF_X61_Y99_N37
*token_prompt*	token_prompt_address_q[4]	reg	1	FF_X79_Y92_N34
*token_prompt*	token_prompt_word_q[2][11]	reg	1	FF_X46_Y104_N13
*token_prompt*	token_prompt_word_q[0][11]	reg	1	FF_X44_Y99_N37
*token_prompt*	token_prompt_bank_q[1]	reg	1	FF_X59_Y104_N49
*token_prompt*	token_prompt_address_q[5]	reg	1	FF_X79_Y92_N37
*token_prompt*	token_prompt_word_q[1][11]	reg	1	FF_X47_Y102_N50
*token_prompt*	token_prompt_word_q[5][11]	reg	1	FF_X64_Y105_N25
*token_prompt*	token_prompt_word_q[7][11]	reg	1	FF_X56_Y106_N52
*token_prompt*	token_prompt_word_q[6][11]	reg	1	FF_X61_Y107_N1
*token_prompt*	token_prompt_word_q[4][11]	reg	1	FF_X64_Y102_N14
*token_prompt*	token_prompt_bank_q[2]	reg	1	FF_X64_Y99_N40
*token_prompt*	token_prompt_address_q[6]	reg	1	FF_X79_Y92_N13
*token_prompt*	token_prompt_word_q[5][10]	reg	1	FF_X64_Y105_N37
*token_prompt*	token_prompt_word_q[6][10]	reg	1	FF_X59_Y107_N4
*token_prompt*	token_prompt_word_q[7][10]	reg	1	FF_X55_Y106_N13
*token_prompt*	token_prompt_word_q[4][10]	reg	1	FF_X59_Y104_N44
*token_prompt*	token_prompt_word_q[0][10]	reg	1	FF_X43_Y102_N13
*token_prompt*	token_prompt_word_q[2][10]	reg	1	FF_X48_Y102_N19
*token_prompt*	token_prompt_word_q[3][10]	reg	1	FF_X48_Y105_N28
*token_prompt*	token_prompt_word_q[1][10]	reg	1	FF_X45_Y100_N31
*token_prompt*	token_prompt_word_q[7][9]	reg	1	FF_X56_Y106_N2
*token_prompt*	token_prompt_word_q[6][9]	reg	1	FF_X56_Y108_N13
*token_prompt*	token_prompt_word_q[5][9]	reg	1	FF_X62_Y104_N26
*token_prompt*	token_prompt_word_q[4][9]	reg	1	FF_X55_Y102_N37
*token_prompt*	token_prompt_word_q[1][9]	reg	1	FF_X48_Y102_N41
*token_prompt*	token_prompt_word_q[0][9]	reg	1	FF_X45_Y100_N40
*token_prompt*	token_prompt_word_q[3][9]	reg	1	FF_X50_Y105_N1
*token_prompt*	token_prompt_word_q[2][9]	reg	1	FF_X46_Y102_N1
*token_prompt*	token_prompt_word_q[5][8]	reg	1	FF_X64_Y105_N19
*token_prompt*	token_prompt_word_q[6][8]	reg	1	FF_X59_Y107_N31
*token_prompt*	token_prompt_word_q[7][8]	reg	1	FF_X56_Y103_N35
*token_prompt*	token_prompt_word_q[4][8]	reg	1	FF_X56_Y103_N14
*token_prompt*	token_prompt_word_q[2][8]	reg	1	FF_X46_Y104_N25
*token_prompt*	token_prompt_word_q[1][8]	reg	1	FF_X45_Y100_N13
*token_prompt*	token_prompt_word_q[3][8]	reg	1	FF_X46_Y104_N31
*token_prompt*	token_prompt_word_q[0][8]	reg	1	FF_X43_Y102_N10
*token_prompt*	token_prompt_word_q[2][7]	reg	1	FF_X44_Y103_N1
*token_prompt*	token_prompt_word_q[0][7]	reg	1	FF_X44_Y101_N55
*token_prompt*	token_prompt_word_q[1][7]	reg	1	FF_X50_Y99_N37
*token_prompt*	token_prompt_word_q[3][7]	reg	1	FF_X50_Y103_N38
*token_prompt*	token_prompt_word_q[5][7]	reg	1	FF_X62_Y104_N49
*token_prompt*	token_prompt_word_q[6][7]	reg	1	FF_X56_Y108_N55
*token_prompt*	token_prompt_word_q[4][7]	reg	1	FF_X58_Y104_N47
*token_prompt*	token_prompt_word_q[7][7]	reg	1	FF_X58_Y104_N5
*token_prompt*	token_prompt_word_q[2][6]	reg	1	FF_X50_Y103_N50
*token_prompt*	token_prompt_word_q[0][6]	reg	1	FF_X44_Y101_N37
*token_prompt*	token_prompt_word_q[3][6]	reg	1	FF_X45_Y105_N7
*token_prompt*	token_prompt_word_q[1][6]	reg	1	FF_X47_Y99_N22
*token_prompt*	token_prompt_word_q[5][6]	reg	1	FF_X64_Y105_N34
*token_prompt*	token_prompt_word_q[7][6]	reg	1	FF_X55_Y106_N55
*token_prompt*	token_prompt_word_q[6][6]	reg	1	FF_X54_Y107_N49
*token_prompt*	token_prompt_word_q[4][6]	reg	1	FF_X55_Y102_N34
*token_prompt*	token_prompt_word_q[3][5]	reg	1	FF_X50_Y105_N49
*token_prompt*	token_prompt_word_q[2][5]	reg	1	FF_X46_Y102_N49
*token_prompt*	token_prompt_word_q[1][5]	reg	1	FF_X46_Y102_N44
*token_prompt*	token_prompt_word_q[0][5]	reg	1	FF_X44_Y101_N31
*token_prompt*	token_prompt_word_q[7][5]	reg	1	FF_X56_Y106_N25
*token_prompt*	token_prompt_word_q[4][5]	reg	1	FF_X58_Y103_N58
*token_prompt*	token_prompt_word_q[6][5]	reg	1	FF_X59_Y107_N49
*token_prompt*	token_prompt_word_q[5][5]	reg	1	FF_X64_Y104_N7
*token_prompt*	token_prompt_word_q[6][4]	reg	1	FF_X61_Y107_N49
*token_prompt*	token_prompt_word_q[4][4]	reg	1	FF_X64_Y102_N43
*token_prompt*	token_prompt_word_q[5][4]	reg	1	FF_X62_Y106_N47
*token_prompt*	token_prompt_word_q[7][4]	reg	1	FF_X62_Y106_N50
*token_prompt*	token_prompt_word_q[0][4]	reg	1	FF_X44_Y101_N13
*token_prompt*	token_prompt_word_q[1][4]	reg	1	FF_X47_Y99_N37
*token_prompt*	token_prompt_word_q[3][4]	reg	1	FF_X45_Y105_N25
*token_prompt*	token_prompt_word_q[2][4]	reg	1	FF_X47_Y102_N26
*token_prompt*	token_prompt_word_q[2][3]	reg	1	FF_X44_Y103_N37
*token_prompt*	token_prompt_word_q[0][3]	reg	1	FF_X48_Y101_N13
*token_prompt*	token_prompt_word_q[1][3]	reg	1	FF_X50_Y99_N13
*token_prompt*	token_prompt_word_q[3][3]	reg	1	FF_X50_Y103_N26
*token_prompt*	token_prompt_word_q[5][3]	reg	1	FF_X64_Y104_N37
*token_prompt*	token_prompt_word_q[7][3]	reg	1	FF_X56_Y106_N7
*token_prompt*	token_prompt_word_q[4][3]	reg	1	FF_X58_Y103_N37
*token_prompt*	token_prompt_word_q[6][3]	reg	1	FF_X61_Y107_N43
*token_prompt*	token_prompt_word_q[5][2]	reg	1	FF_X58_Y105_N8
*token_prompt*	token_prompt_word_q[6][2]	reg	1	FF_X56_Y106_N19
*token_prompt*	token_prompt_word_q[4][2]	reg	1	FF_X55_Y102_N13
*token_prompt*	token_prompt_word_q[7][2]	reg	1	FF_X58_Y105_N38
*token_prompt*	token_prompt_word_q[3][2]	reg	1	FF_X48_Y105_N49
*token_prompt*	token_prompt_word_q[1][2]	reg	1	FF_X46_Y102_N56
*token_prompt*	token_prompt_word_q[0][2]	reg	1	FF_X46_Y102_N14
*token_prompt*	token_prompt_word_q[2][2]	reg	1	FF_X46_Y102_N26
*token_prompt*	token_prompt_word_q[1][0]	reg	1	FF_X47_Y99_N8
*token_prompt*	token_prompt_word_q[2][0]	reg	1	FF_X44_Y103_N8
*token_prompt*	token_prompt_word_q[3][0]	reg	1	FF_X48_Y105_N8
*token_prompt*	token_prompt_word_q[0][0]	reg	1	FF_X44_Y99_N46
*token_prompt*	token_prompt_word_q[6][0]	reg	1	FF_X62_Y106_N56
*token_prompt*	token_prompt_word_q[5][0]	reg	1	FF_X62_Y106_N25
*token_prompt*	token_prompt_word_q[7][0]	reg	1	FF_X62_Y106_N14
*token_prompt*	token_prompt_word_q[4][0]	reg	1	FF_X64_Y102_N52
*token_prompt*	token_prompt_word_q[3][1]	reg	1	FF_X50_Y105_N55
*token_prompt*	token_prompt_word_q[1][1]	reg	1	FF_X50_Y99_N19
*token_prompt*	token_prompt_word_q[0][1]	reg	1	FF_X48_Y101_N32
*token_prompt*	token_prompt_word_q[2][1]	reg	1	FF_X48_Y101_N38
*token_prompt*	token_prompt_word_q[5][1]	reg	1	FF_X62_Y104_N46
*token_prompt*	token_prompt_word_q[6][1]	reg	1	FF_X59_Y107_N55
*token_prompt*	token_prompt_word_q[4][1]	reg	1	FF_X56_Y103_N10
*token_prompt*	token_prompt_word_q[7][1]	reg	1	FF_X58_Y104_N25
Count	token_q*	12
token_q*	token_q[11]	reg	1	FF_X76_Y90_N7
token_q*	token_q[10]	reg	1	FF_X76_Y90_N47
token_q*	token_q[9]	reg	1	FF_X76_Y90_N52
token_q*	token_q[8]	reg	1	FF_X76_Y90_N41
token_q*	token_q[7]	reg	1	FF_X76_Y90_N4
token_q*	token_q[6]	reg	1	FF_X76_Y90_N25
token_q*	token_q[5]	reg	1	FF_X76_Y90_N37
token_q*	token_q[4]	reg	1	FF_X76_Y90_N13
token_q*	token_q[3]	reg	1	FF_X77_Y90_N13
token_q*	token_q[2]	reg	1	FF_X76_Y90_N20
token_q*	token_q[1]	reg	1	FF_X76_Y90_N10
token_q*	token_q[0]	reg	1	FF_X76_Y90_N31
Count	*round16_group_q*	8
*round16_group_q*	round16_group_q[3]	reg	1	FF_X48_Y35_N20
*round16_group_q*	round16_group_q[0]	reg	1	FF_X41_Y64_N5
*round16_group_q*	round16_group_q[4]	reg	1	FF_X64_Y72_N14
*round16_group_q*	round16_group_q[5]	reg	1	FF_X64_Y72_N53
*round16_group_q*	round16_group_q[1]	reg	1	FF_X39_Y48_N56
*round16_group_q*	round16_group_q[6]	reg	1	FF_X64_Y72_N8
*round16_group_q*	round16_group_q[2]	reg	1	FF_X81_Y35_N38
*round16_group_q*	round16_group_q[7]	reg	1	FF_X89_Y73_N53
Count	*return_scalar*	3
*return_scalar*	return_scalar[73]	reg	1	FF_X83_Y62_N58
*return_scalar*	return_scalar[46]	reg	1	FF_X83_Y62_N28
*return_scalar*	return_scalar[20]	reg	1	FF_X83_Y62_N31
