------------------------------------------------------------
Timing Analyzer Summary
------------------------------------------------------------

Type  : Slow 1100mV 85C Model Setup 'clk'
Slack : -0.128
TNS   : -0.701

Type  : Slow 1100mV 85C Model Hold 'clk'
Slack : 0.240
TNS   : 0.000

Type  : Slow 1100mV 85C Model Recovery 'clk'
Slack : 0.258
TNS   : 0.000

Type  : Slow 1100mV 85C Model Removal 'clk'
Slack : 1.041
TNS   : 0.000

Type  : Slow 1100mV 85C Model Minimum Pulse Width 'clk'
Slack : 3.600
TNS   : 0.000

Type  : Slow 1100mV 0C Model Setup 'clk'
Slack : -0.164
TNS   : -0.320

Type  : Slow 1100mV 0C Model Hold 'clk'
Slack : 0.230
TNS   : 0.000

Type  : Slow 1100mV 0C Model Recovery 'clk'
Slack : 0.472
TNS   : 0.000

Type  : Slow 1100mV 0C Model Removal 'clk'
Slack : 3.620
TNS   : 0.000

Type  : Slow 1100mV 0C Model Minimum Pulse Width 'clk'
Slack : 3.548
TNS   : 0.000

Type  : Fast 1100mV 85C Model Setup 'clk'
Slack : 3.337
TNS   : 0.000

Type  : Fast 1100mV 85C Model Hold 'clk'
Slack : 0.129
TNS   : 0.000

Type  : Fast 1100mV 85C Model Recovery 'clk'
Slack : 4.796
TNS   : 0.000

Type  : Fast 1100mV 85C Model Removal 'clk'
Slack : 2.234
TNS   : 0.000

Type  : Fast 1100mV 85C Model Minimum Pulse Width 'clk'
Slack : 3.799
TNS   : 0.000

Type  : Fast 1100mV 0C Model Setup 'clk'
Slack : 3.859
TNS   : 0.000

Type  : Fast 1100mV 0C Model Hold 'clk'
Slack : 0.119
TNS   : 0.000

Type  : Fast 1100mV 0C Model Recovery 'clk'
Slack : 5.526
TNS   : 0.000

Type  : Fast 1100mV 0C Model Removal 'clk'
Slack : 0.677
TNS   : 0.000

Type  : Fast 1100mV 0C Model Minimum Pulse Width 'clk'
Slack : 3.788
TNS   : 0.000

------------------------------------------------------------
