----------------
; Command Info ;
----------------
Report Timing: Found 3 setup paths (0 violated).  Worst case slack is 7.205 

Tcl Command:
    report_timing -setup -show_routing -file {D:/2151097_Nguyen Nhut Khanh/docs/verification/timing/npu100_b2/slow_1100mv_85c_scalar_return.rpt} -from [get_registers {op*}] -to [get_registers {*return_scalar*}] -nworst 1 -npaths 20 -detail full_path

Options:
    -from [get_registers {op*}] 
    -to [get_registers {*return_scalar*}] 
    -setup 
    -nworst 1 
    -npaths 20 
    -show_routing 
    -detail full_path 
    -file {D:/2151097_Nguyen Nhut Khanh/docs/verification/timing/npu100_b2/slow_1100mv_85c_scalar_return.rpt} 

Delay Model:
    Slow 1100mV 85C Model

+-------------------------------------------------------------------------------------------------------------+
; Summary of Paths                                                                                            ;
+-------+-----------+-------------------+--------------+-------------+--------------+------------+------------+
; Slack ; From Node ; To Node           ; Launch Clock ; Latch Clock ; Relationship ; Clock Skew ; Data Delay ;
+-------+-----------+-------------------+--------------+-------------+--------------+------------+------------+
; 7.205 ; op[72]    ; return_scalar[20] ; clk          ; clk         ; 10.000       ; -0.136     ; 2.559      ;
; 7.252 ; op[72]    ; return_scalar[73] ; clk          ; clk         ; 10.000       ; -0.140     ; 2.508      ;
; 7.579 ; op[72]    ; return_scalar[46] ; clk          ; clk         ; 10.000       ; -0.140     ; 2.181      ;
+-------+-----------+-------------------+--------------+-------------+--------------+------------+------------+

Path #1: Setup slack is 7.205 
===============================================================================
+----------------------------------------+
; Path Summary                           ;
+--------------------+-------------------+
; Property           ; Value             ;
+--------------------+-------------------+
; From Node          ; op[72]            ;
; To Node            ; return_scalar[20] ;
; Launch Clock       ; clk               ;
; Latch Clock        ; clk               ;
; Data Arrival Time  ; 7.123             ;
; Data Required Time ; 14.328            ;
; Slack              ; 7.205             ;
+--------------------+-------------------+

+-------------------------------------------------------------------------------------+
; Statistics                                                                          ;
+------------------------+--------+-------+-------------+------------+--------+-------+
; Property               ; Value  ; Count ; Total Delay ; % of Total ; Min    ; Max   ;
+------------------------+--------+-------+-------------+------------+--------+-------+
; Setup Relationship     ; 10.000 ;       ;             ;            ;        ;       ;
; Clock Skew             ; -0.136 ;       ;             ;            ;        ;       ;
; Data Delay             ; 2.559  ;       ;             ;            ;        ;       ;
; Number of Logic Levels ;        ; 1     ;             ;            ;        ;       ;
; Physical Delays        ;        ;       ;             ;            ;        ;       ;
;  Arrival Path          ;        ;       ;             ;            ;        ;       ;
;   Clock                ;        ;       ;             ;            ;        ;       ;
;    IC                  ;        ; 3     ; 0.000       ; 0          ; 0.000  ; 0.000 ;
;    Cell                ;        ; 3     ; 1.778       ; 39         ; 0.317  ; 0.890 ;
;    Routing Element     ;        ; 25    ; 2.786       ; 61         ; 0.000  ; 1.018 ;
;   Data                 ;        ;       ;             ;            ;        ;       ;
;    IC                  ;        ; 2     ; 0.001       ; 0          ; 0.000  ; 0.001 ;
;    Cell                ;        ; 3     ; 0.836       ; 33         ; 0.000  ; 0.576 ;
;    uTco                ;        ; 1     ; 0.000       ; 0          ; 0.000  ; 0.000 ;
;    Routing Element     ;        ; 10    ; 1.722       ; 67         ; 0.000  ; 0.301 ;
;  Required Path         ;        ;       ;             ;            ;        ;       ;
;   Clock                ;        ;       ;             ;            ;        ;       ;
;    IC                  ;        ; 3     ; -0.001      ; 0          ; -0.001 ; 0.000 ;
;    Cell                ;        ; 3     ; 1.670       ; 41         ; 0.292  ; 0.890 ;
;    Routing Element     ;        ; 25    ; 2.449       ; 59         ; 0.000  ; 0.965 ;
+------------------------+--------+-------+-------------+------------+--------+-------+
Note: Negative delays are omitted from totals when calculating percentages

+--------------------------------------------------------------------------------------------------------+
; Data Arrival Path                                                                                      ;
+---------+---------+----+------+--------+-------------------------------------+-------------------------+
; Total   ; Incr    ; RF ; Type ; Fanout ; Location                            ; Element                 ;
+---------+---------+----+------+--------+-------------------------------------+-------------------------+
; 0.000   ; 0.000   ;    ;      ;        ;                                     ; launch edge time        ;
; 4.564   ; 4.564   ;    ;      ;        ;                                     ; clock path              ;
;   0.000 ;   0.000 ;    ;      ;        ;                                     ; source latency          ;
;   0.000 ;   0.000 ;    ;      ; 1      ; PIN_AC18                            ; clk                     ;
;   0.000 ;   0.000 ;    ; RE   ; 1      ; IOPAD_X54_Y0_N0                     ; ARRIAV_IO_PAD           ;
;   0.000 ;   0.000 ;    ; RE   ; 1      ; IO_PAD_OUTPUT_X54_Y0_N0_I1          ; IO_PAD_OUTPUT           ;
;   0.000 ;   0.000 ;    ; RE   ; 1      ; IO_INPUT_BUFFER_INPUT_X54_Y0_N1_I0  ; IO_INPUT_BUFFER_INPUT   ;
;   0.000 ;   0.000 ; RR ; IC   ; 1      ; IOIBUF_X54_Y0_N1                    ; clk~input|i             ;
;   0.890 ;   0.890 ; RR ; CELL ; 1      ; IOIBUF_X54_Y0_N1                    ; clk~input|o             ;
;   0.890 ;   0.000 ;    ; RE   ; 1      ; IOIBUF_X54_Y0_N1                    ; ARRIAV_IO_IBUF          ;
;   0.890 ;   0.000 ;    ; RE   ; 1      ; IO_INPUT_BUFFER_OUTPUT_X54_Y0_N1_I2 ; IO_INPUT_BUFFER_OUTPUT  ;
;   0.890 ;   0.000 ;    ; RE   ; 1      ; IO_RE_X54_Y0_N0_I96                 ; IO_RE                   ;
;   1.099 ;   0.209 ;    ; RE   ; 1      ; IO_RE_X54_Y0_N0_I66                 ; IO_RE                   ;
;   1.290 ;   0.191 ;    ; RE   ; 1      ; CLKBUF_CLUSTER_RE_X58_Y0_N0_I1614   ; CLKBUF_CLUSTER_RE       ;
;   1.290 ;   0.000 ;    ; RE   ; 1      ; CLKBUF_CLUSTER_RE_X58_Y0_N0_I616    ; CLKBUF_CLUSTER_RE       ;
;   1.290 ;   0.000 ;    ; RE   ; 1      ; GCLK_CLUSTER_RE_X58_Y0_N6_I10       ; GCLK_CLUSTER_RE         ;
;   1.290 ;   0.000 ;    ; RE   ; 1      ; CLKBUFBLOCK_INPUT_X58_Y0_N7_I0      ; CLKBUFBLOCK_INPUT       ;
;   1.290 ;   0.000 ; RR ; IC   ; 1      ; CLKCTRL_G6                          ; clk~inputCLKENA0|inclk  ;
;   1.607 ;   0.317 ; RR ; CELL ; 56652  ; CLKCTRL_G6                          ; clk~inputCLKENA0|outclk ;
;   1.607 ;   0.000 ;    ; RE   ; 1      ; CLKCTRL_G6                          ; ARRIAV_CLKBUF           ;
;   1.607 ;   0.000 ;    ; RE   ; 1      ; CLKBUFBLOCK_OUTPUT_X58_Y0_N7_I2     ; CLKBUFBLOCK_OUTPUT      ;
;   1.607 ;   0.000 ;    ; RE   ; 1      ; GCLK_CLUSTER_RE_X58_Y0_N6_I12       ; GCLK_CLUSTER_RE         ;
;   1.607 ;   0.000 ;    ; RE   ; 1      ; CLKBUF_CLUSTER_RE_X58_Y0_N0_I417    ; CLKBUF_CLUSTER_RE       ;
;   2.625 ;   1.018 ;    ; RE   ; 16     ; GLOBAL_CLOCK_X0_Y58_N0_I6           ; GLOBAL_CLOCK            ;
;   2.818 ;   0.193 ;    ; RE   ; 29     ; SPINE_CLOCK_X75_Y59_N0_I22          ; SPINE_CLOCK             ;
;   3.244 ;   0.426 ;    ; RE   ; 1      ; SCLK_TO_ROWCLK_BUF_X75_Y60_N0_I132  ; SCLK_TO_ROWCLK_BUF      ;
;   3.330 ;   0.086 ;    ; RE   ; 2      ; SCLK_TO_ROWCLK_BUF_X75_Y60_N0_I135  ; SCLK_TO_ROWCLK_BUF      ;
;   3.760 ;   0.430 ;    ; RE   ; 14     ; LAB_CLK_X76_Y60_N0_I2               ; LAB_CLK                 ;
;   3.897 ;   0.137 ;    ; RE   ; 1      ; BLK_CLK_BUF_X80_Y60_N0_I2           ; BLK_CLK_BUF             ;
;   3.945 ;   0.048 ;    ; RE   ; 1      ; ROWCLKSEL_PREBUF_X80_Y60_N0_I2      ; ROWCLKSEL_PREBUF        ;
;   3.993 ;   0.048 ;    ; RE   ; 1      ; ROWCLKSEL_X80_Y60_N0_I1             ; ROWCLKSEL               ;
;   3.993 ;   0.000 ;    ; RE   ; 3      ; GLOBAL_LOCAL_SEL_X80_Y60_N0_I1      ; GLOBAL_LOCAL_SEL        ;
;   3.993 ;   0.000 ;    ; RE   ; 11     ; LAB_INPUT_X80_Y60_N0_I1             ; LAB_INPUT               ;
;   3.993 ;   0.000 ; RR ; IC   ; 1      ; FF_X80_Y60_N1                       ; op[72]|clk              ;
;   4.564 ;   0.571 ; RR ; CELL ; 1      ; FF_X80_Y60_N1                       ; op[72]                  ;
; 7.123   ; 2.559   ;    ;      ;        ;                                     ; data path               ;
;   4.564 ;   0.000 ;    ; uTco ; 1      ; FF_X80_Y60_N1                       ; op[72]                  ;
;   4.564 ;   0.000 ; FF ; CELL ; 7      ; FF_X80_Y60_N1                       ; op[72]|q                ;
;   4.605 ;   0.041 ;    ; RE   ; 2      ; FF_X80_Y60_N1                       ; ARRIAV_FF               ;
;   4.674 ;   0.069 ;    ; RE   ; 2      ; LE_BUFFER_X80_Y60_N0_I0             ; LE_BUFFER               ;
;   4.866 ;   0.192 ;    ; RE   ; 2      ; C2_X80_Y58_N0_I18                   ; V_SEG2                  ;
;   5.140 ;   0.274 ;    ; RE   ; 2      ; R6_X75_Y59_N0_I28                   ; H_SEG6                  ;
;   5.432 ;   0.292 ;    ; RE   ; 2      ; C2_X79_Y60_N0_I4                    ; V_SEG2                  ;
;   5.685 ;   0.253 ;    ; RE   ; 1      ; C2_X79_Y62_N0_I4                    ; V_SEG2                  ;
;   5.986 ;   0.301 ;    ; RE   ; 1      ; R6_X80_Y62_N0_I9                    ; H_SEG6                  ;
;   6.197 ;   0.211 ;    ; RE   ; 2      ; LOCAL_INTERCONNECT_X83_Y62_N0_I31   ; LAB_LINE                ;
;   6.286 ;   0.089 ;    ; RE   ; 1      ; BLOCK_INPUT_MUX_X83_Y62_N0_I43      ; LEIM_INPUT              ;
;   6.287 ;   0.001 ; FF ; IC   ; 1      ; LABCELL_X83_Y62_N30                 ; Selector5971~0|datab    ;
;   6.863 ;   0.576 ; FR ; CELL ; 1      ; LABCELL_X83_Y62_N30                 ; Selector5971~0|combout  ;
;   6.863 ;   0.000 ;    ; RE   ; 1      ; LABCELL_X83_Y62_N30                 ; ARRIAV_LCELL_COMB       ;
;   6.863 ;   0.000 ; RR ; IC   ; 1      ; FF_X83_Y62_N31                      ; return_scalar[20]|d     ;
;   7.123 ;   0.260 ; RR ; CELL ; 1      ; FF_X83_Y62_N31                      ; return_scalar[20]       ;
+---------+---------+----+------+--------+-------------------------------------+-------------------------+

+----------------------------------------------------------------------------------------------------------+
; Data Required Path                                                                                       ;
+----------+----------+----+------+--------+-------------------------------------+-------------------------+
; Total    ; Incr     ; RF ; Type ; Fanout ; Location                            ; Element                 ;
+----------+----------+----+------+--------+-------------------------------------+-------------------------+
; 10.000   ; 10.000   ;    ;      ;        ;                                     ; latch edge time         ;
; 14.428   ; 4.428    ;    ;      ;        ;                                     ; clock path              ;
;   10.000 ;   0.000  ;    ;      ;        ;                                     ; source latency          ;
;   10.000 ;   0.000  ;    ;      ; 1      ; PIN_AC18                            ; clk                     ;
;   10.000 ;   0.000  ;    ; RE   ; 1      ; IOPAD_X54_Y0_N0                     ; ARRIAV_IO_PAD           ;
;   10.000 ;   0.000  ;    ; RE   ; 1      ; IO_PAD_OUTPUT_X54_Y0_N0_I1          ; IO_PAD_OUTPUT           ;
;   10.000 ;   0.000  ;    ; RE   ; 1      ; IO_INPUT_BUFFER_INPUT_X54_Y0_N1_I0  ; IO_INPUT_BUFFER_INPUT   ;
;   10.000 ;   0.000  ; RR ; IC   ; 1      ; IOIBUF_X54_Y0_N1                    ; clk~input|i             ;
;   10.890 ;   0.890  ; RR ; CELL ; 1      ; IOIBUF_X54_Y0_N1                    ; clk~input|o             ;
;   10.890 ;   0.000  ;    ; RE   ; 1      ; IOIBUF_X54_Y0_N1                    ; ARRIAV_IO_IBUF          ;
;   10.890 ;   0.000  ;    ; RE   ; 1      ; IO_INPUT_BUFFER_OUTPUT_X54_Y0_N1_I2 ; IO_INPUT_BUFFER_OUTPUT  ;
;   10.890 ;   0.000  ;    ; RE   ; 1      ; IO_RE_X54_Y0_N0_I96                 ; IO_RE                   ;
;   11.058 ;   0.168  ;    ; RE   ; 1      ; IO_RE_X54_Y0_N0_I66                 ; IO_RE                   ;
;   11.058 ;   0.000  ;    ; RE   ; 1      ; CLKBUF_CLUSTER_RE_X58_Y0_N0_I1614   ; CLKBUF_CLUSTER_RE       ;
;   11.058 ;   0.000  ;    ; RE   ; 1      ; CLKBUF_CLUSTER_RE_X58_Y0_N0_I616    ; CLKBUF_CLUSTER_RE       ;
;   11.058 ;   0.000  ;    ; RE   ; 1      ; GCLK_CLUSTER_RE_X58_Y0_N6_I10       ; GCLK_CLUSTER_RE         ;
;   11.058 ;   0.000  ;    ; RE   ; 1      ; CLKBUFBLOCK_INPUT_X58_Y0_N7_I0      ; CLKBUFBLOCK_INPUT       ;
;   11.058 ;   0.000  ; RR ; IC   ; 1      ; CLKCTRL_G6                          ; clk~inputCLKENA0|inclk  ;
;   11.350 ;   0.292  ; RR ; CELL ; 56652  ; CLKCTRL_G6                          ; clk~inputCLKENA0|outclk ;
;   11.350 ;   0.000  ;    ; RE   ; 1      ; CLKCTRL_G6                          ; ARRIAV_CLKBUF           ;
;   11.350 ;   0.000  ;    ; RE   ; 1      ; CLKBUFBLOCK_OUTPUT_X58_Y0_N7_I2     ; CLKBUFBLOCK_OUTPUT      ;
;   11.350 ;   0.000  ;    ; RE   ; 1      ; GCLK_CLUSTER_RE_X58_Y0_N6_I12       ; GCLK_CLUSTER_RE         ;
;   11.350 ;   0.000  ;    ; RE   ; 1      ; CLKBUF_CLUSTER_RE_X58_Y0_N0_I417    ; CLKBUF_CLUSTER_RE       ;
;   12.315 ;   0.965  ;    ; RE   ; 16     ; GLOBAL_CLOCK_X0_Y58_N0_I6           ; GLOBAL_CLOCK            ;
;   12.500 ;   0.185  ;    ; RE   ; 29     ; SPINE_CLOCK_X75_Y59_N0_I22          ; SPINE_CLOCK             ;
;   12.912 ;   0.412  ;    ; RE   ; 1      ; SCLK_TO_ROWCLK_BUF_X75_Y62_N0_I132  ; SCLK_TO_ROWCLK_BUF      ;
;   12.995 ;   0.083  ;    ; RE   ; 2      ; SCLK_TO_ROWCLK_BUF_X75_Y62_N0_I135  ; SCLK_TO_ROWCLK_BUF      ;
;   13.413 ;   0.418  ;    ; RE   ; 15     ; LAB_CLK_X76_Y62_N0_I2               ; LAB_CLK                 ;
;   13.540 ;   0.127  ;    ; RE   ; 1      ; BLK_CLK_BUF_X83_Y62_N0_I2           ; BLK_CLK_BUF             ;
;   13.586 ;   0.046  ;    ; RE   ; 1      ; ROWCLKSEL_PREBUF_X83_Y62_N0_I2      ; ROWCLKSEL_PREBUF        ;
;   13.631 ;   0.045  ;    ; RE   ; 1      ; ROWCLKSEL_X83_Y62_N0_I0             ; ROWCLKSEL               ;
;   13.631 ;   0.000  ;    ; RE   ; 2      ; GLOBAL_LOCAL_SEL_X83_Y62_N0_I0      ; GLOBAL_LOCAL_SEL        ;
;   13.631 ;   0.000  ;    ; RE   ; 3      ; LAB_INPUT_X83_Y62_N0_I1             ; LAB_INPUT               ;
;   13.630 ;   -0.001 ; RR ; IC   ; 1      ; FF_X83_Y62_N31                      ; return_scalar[20]|clk   ;
;   14.118 ;   0.488  ; RR ; CELL ; 1      ; FF_X83_Y62_N31                      ; return_scalar[20]       ;
;   14.428 ;   0.310  ;    ;      ;        ;                                     ; clock pessimism removed ;
; 14.328   ; -0.100   ;    ;      ;        ;                                     ; clock uncertainty       ;
; 14.328   ; 0.000    ;    ; uTsu ; 1      ; FF_X83_Y62_N31                      ; return_scalar[20]       ;
+----------+----------+----+------+--------+-------------------------------------+-------------------------+

----------------------------
; Extra Fitter Information ;
----------------------------
HTML report is unavailable in plain text report export.


Path #2: Setup slack is 7.252 
===============================================================================
+----------------------------------------+
; Path Summary                           ;
+--------------------+-------------------+
; Property           ; Value             ;
+--------------------+-------------------+
; From Node          ; op[72]            ;
; To Node            ; return_scalar[73] ;
; Launch Clock       ; clk               ;
; Latch Clock        ; clk               ;
; Data Arrival Time  ; 7.072             ;
; Data Required Time ; 14.324            ;
; Slack              ; 7.252             ;
+--------------------+-------------------+

+-------------------------------------------------------------------------------------+
; Statistics                                                                          ;
+------------------------+--------+-------+-------------+------------+--------+-------+
; Property               ; Value  ; Count ; Total Delay ; % of Total ; Min    ; Max   ;
+------------------------+--------+-------+-------------+------------+--------+-------+
; Setup Relationship     ; 10.000 ;       ;             ;            ;        ;       ;
; Clock Skew             ; -0.140 ;       ;             ;            ;        ;       ;
; Data Delay             ; 2.508  ;       ;             ;            ;        ;       ;
; Number of Logic Levels ;        ; 1     ;             ;            ;        ;       ;
; Physical Delays        ;        ;       ;             ;            ;        ;       ;
;  Arrival Path          ;        ;       ;             ;            ;        ;       ;
;   Clock                ;        ;       ;             ;            ;        ;       ;
;    IC                  ;        ; 3     ; 0.000       ; 0          ; 0.000  ; 0.000 ;
;    Cell                ;        ; 3     ; 1.778       ; 39         ; 0.317  ; 0.890 ;
;    Routing Element     ;        ; 25    ; 2.786       ; 61         ; 0.000  ; 1.018 ;
;   Data                 ;        ;       ;             ;            ;        ;       ;
;    IC                  ;        ; 2     ; 0.000       ; 0          ; 0.000  ; 0.000 ;
;    Cell                ;        ; 3     ; 0.768       ; 31         ; 0.000  ; 0.508 ;
;    uTco                ;        ; 1     ; 0.000       ; 0          ; 0.000  ; 0.000 ;
;    Routing Element     ;        ; 10    ; 1.740       ; 69         ; 0.000  ; 0.301 ;
;  Required Path         ;        ;       ;             ;            ;        ;       ;
;   Clock                ;        ;       ;             ;            ;        ;       ;
;    IC                  ;        ; 3     ; -0.001      ; 0          ; -0.001 ; 0.000 ;
;    Cell                ;        ; 3     ; 1.666       ; 40         ; 0.292  ; 0.890 ;
;    Routing Element     ;        ; 25    ; 2.449       ; 60         ; 0.000  ; 0.965 ;
+------------------------+--------+-------+-------------+------------+--------+-------+
Note: Negative delays are omitted from totals when calculating percentages

+--------------------------------------------------------------------------------------------------------+
; Data Arrival Path                                                                                      ;
+---------+---------+----+------+--------+-------------------------------------+-------------------------+
; Total   ; Incr    ; RF ; Type ; Fanout ; Location                            ; Element                 ;
+---------+---------+----+------+--------+-------------------------------------+-------------------------+
; 0.000   ; 0.000   ;    ;      ;        ;                                     ; launch edge time        ;
; 4.564   ; 4.564   ;    ;      ;        ;                                     ; clock path              ;
;   0.000 ;   0.000 ;    ;      ;        ;                                     ; source latency          ;
;   0.000 ;   0.000 ;    ;      ; 1      ; PIN_AC18                            ; clk                     ;
;   0.000 ;   0.000 ;    ; RE   ; 1      ; IOPAD_X54_Y0_N0                     ; ARRIAV_IO_PAD           ;
;   0.000 ;   0.000 ;    ; RE   ; 1      ; IO_PAD_OUTPUT_X54_Y0_N0_I1          ; IO_PAD_OUTPUT           ;
;   0.000 ;   0.000 ;    ; RE   ; 1      ; IO_INPUT_BUFFER_INPUT_X54_Y0_N1_I0  ; IO_INPUT_BUFFER_INPUT   ;
;   0.000 ;   0.000 ; RR ; IC   ; 1      ; IOIBUF_X54_Y0_N1                    ; clk~input|i             ;
;   0.890 ;   0.890 ; RR ; CELL ; 1      ; IOIBUF_X54_Y0_N1                    ; clk~input|o             ;
;   0.890 ;   0.000 ;    ; RE   ; 1      ; IOIBUF_X54_Y0_N1                    ; ARRIAV_IO_IBUF          ;
;   0.890 ;   0.000 ;    ; RE   ; 1      ; IO_INPUT_BUFFER_OUTPUT_X54_Y0_N1_I2 ; IO_INPUT_BUFFER_OUTPUT  ;
;   0.890 ;   0.000 ;    ; RE   ; 1      ; IO_RE_X54_Y0_N0_I96                 ; IO_RE                   ;
;   1.099 ;   0.209 ;    ; RE   ; 1      ; IO_RE_X54_Y0_N0_I66                 ; IO_RE                   ;
;   1.290 ;   0.191 ;    ; RE   ; 1      ; CLKBUF_CLUSTER_RE_X58_Y0_N0_I1614   ; CLKBUF_CLUSTER_RE       ;
;   1.290 ;   0.000 ;    ; RE   ; 1      ; CLKBUF_CLUSTER_RE_X58_Y0_N0_I616    ; CLKBUF_CLUSTER_RE       ;
;   1.290 ;   0.000 ;    ; RE   ; 1      ; GCLK_CLUSTER_RE_X58_Y0_N6_I10       ; GCLK_CLUSTER_RE         ;
;   1.290 ;   0.000 ;    ; RE   ; 1      ; CLKBUFBLOCK_INPUT_X58_Y0_N7_I0      ; CLKBUFBLOCK_INPUT       ;
;   1.290 ;   0.000 ; RR ; IC   ; 1      ; CLKCTRL_G6                          ; clk~inputCLKENA0|inclk  ;
;   1.607 ;   0.317 ; RR ; CELL ; 56652  ; CLKCTRL_G6                          ; clk~inputCLKENA0|outclk ;
;   1.607 ;   0.000 ;    ; RE   ; 1      ; CLKCTRL_G6                          ; ARRIAV_CLKBUF           ;
;   1.607 ;   0.000 ;    ; RE   ; 1      ; CLKBUFBLOCK_OUTPUT_X58_Y0_N7_I2     ; CLKBUFBLOCK_OUTPUT      ;
;   1.607 ;   0.000 ;    ; RE   ; 1      ; GCLK_CLUSTER_RE_X58_Y0_N6_I12       ; GCLK_CLUSTER_RE         ;
;   1.607 ;   0.000 ;    ; RE   ; 1      ; CLKBUF_CLUSTER_RE_X58_Y0_N0_I417    ; CLKBUF_CLUSTER_RE       ;
;   2.625 ;   1.018 ;    ; RE   ; 16     ; GLOBAL_CLOCK_X0_Y58_N0_I6           ; GLOBAL_CLOCK            ;
;   2.818 ;   0.193 ;    ; RE   ; 29     ; SPINE_CLOCK_X75_Y59_N0_I22          ; SPINE_CLOCK             ;
;   3.244 ;   0.426 ;    ; RE   ; 1      ; SCLK_TO_ROWCLK_BUF_X75_Y60_N0_I132  ; SCLK_TO_ROWCLK_BUF      ;
;   3.330 ;   0.086 ;    ; RE   ; 2      ; SCLK_TO_ROWCLK_BUF_X75_Y60_N0_I135  ; SCLK_TO_ROWCLK_BUF      ;
;   3.760 ;   0.430 ;    ; RE   ; 14     ; LAB_CLK_X76_Y60_N0_I2               ; LAB_CLK                 ;
;   3.897 ;   0.137 ;    ; RE   ; 1      ; BLK_CLK_BUF_X80_Y60_N0_I2           ; BLK_CLK_BUF             ;
;   3.945 ;   0.048 ;    ; RE   ; 1      ; ROWCLKSEL_PREBUF_X80_Y60_N0_I2      ; ROWCLKSEL_PREBUF        ;
;   3.993 ;   0.048 ;    ; RE   ; 1      ; ROWCLKSEL_X80_Y60_N0_I1             ; ROWCLKSEL               ;
;   3.993 ;   0.000 ;    ; RE   ; 3      ; GLOBAL_LOCAL_SEL_X80_Y60_N0_I1      ; GLOBAL_LOCAL_SEL        ;
;   3.993 ;   0.000 ;    ; RE   ; 11     ; LAB_INPUT_X80_Y60_N0_I1             ; LAB_INPUT               ;
;   3.993 ;   0.000 ; RR ; IC   ; 1      ; FF_X80_Y60_N1                       ; op[72]|clk              ;
;   4.564 ;   0.571 ; RR ; CELL ; 1      ; FF_X80_Y60_N1                       ; op[72]                  ;
; 7.072   ; 2.508   ;    ;      ;        ;                                     ; data path               ;
;   4.564 ;   0.000 ;    ; uTco ; 1      ; FF_X80_Y60_N1                       ; op[72]                  ;
;   4.564 ;   0.000 ; FF ; CELL ; 7      ; FF_X80_Y60_N1                       ; op[72]|q                ;
;   4.605 ;   0.041 ;    ; RE   ; 2      ; FF_X80_Y60_N1                       ; ARRIAV_FF               ;
;   4.674 ;   0.069 ;    ; RE   ; 2      ; LE_BUFFER_X80_Y60_N0_I0             ; LE_BUFFER               ;
;   4.866 ;   0.192 ;    ; RE   ; 2      ; C2_X80_Y58_N0_I18                   ; V_SEG2                  ;
;   5.140 ;   0.274 ;    ; RE   ; 2      ; R6_X75_Y59_N0_I28                   ; H_SEG6                  ;
;   5.432 ;   0.292 ;    ; RE   ; 2      ; C2_X79_Y60_N0_I4                    ; V_SEG2                  ;
;   5.685 ;   0.253 ;    ; RE   ; 1      ; C2_X79_Y62_N0_I4                    ; V_SEG2                  ;
;   5.986 ;   0.301 ;    ; RE   ; 1      ; R6_X80_Y62_N0_I9                    ; H_SEG6                  ;
;   6.193 ;   0.207 ;    ; RE   ; 2      ; LOCAL_INTERCONNECT_X83_Y62_N0_I31   ; LAB_LINE                ;
;   6.304 ;   0.111 ;    ; RE   ; 1      ; BLOCK_INPUT_MUX_X83_Y62_N0_I77      ; LEIM_INPUT              ;
;   6.304 ;   0.000 ; FF ; IC   ; 1      ; LABCELL_X83_Y62_N57                 ; Selector5969~0|datac    ;
;   6.812 ;   0.508 ; FF ; CELL ; 1      ; LABCELL_X83_Y62_N57                 ; Selector5969~0|combout  ;
;   6.812 ;   0.000 ;    ; RE   ; 1      ; LABCELL_X83_Y62_N57                 ; ARRIAV_LCELL_COMB       ;
;   6.812 ;   0.000 ; FF ; IC   ; 1      ; FF_X83_Y62_N58                      ; return_scalar[73]|d     ;
;   7.072 ;   0.260 ; FF ; CELL ; 1      ; FF_X83_Y62_N58                      ; return_scalar[73]       ;
+---------+---------+----+------+--------+-------------------------------------+-------------------------+

+----------------------------------------------------------------------------------------------------------+
; Data Required Path                                                                                       ;
+----------+----------+----+------+--------+-------------------------------------+-------------------------+
; Total    ; Incr     ; RF ; Type ; Fanout ; Location                            ; Element                 ;
+----------+----------+----+------+--------+-------------------------------------+-------------------------+
; 10.000   ; 10.000   ;    ;      ;        ;                                     ; latch edge time         ;
; 14.424   ; 4.424    ;    ;      ;        ;                                     ; clock path              ;
;   10.000 ;   0.000  ;    ;      ;        ;                                     ; source latency          ;
;   10.000 ;   0.000  ;    ;      ; 1      ; PIN_AC18                            ; clk                     ;
;   10.000 ;   0.000  ;    ; RE   ; 1      ; IOPAD_X54_Y0_N0                     ; ARRIAV_IO_PAD           ;
;   10.000 ;   0.000  ;    ; RE   ; 1      ; IO_PAD_OUTPUT_X54_Y0_N0_I1          ; IO_PAD_OUTPUT           ;
;   10.000 ;   0.000  ;    ; RE   ; 1      ; IO_INPUT_BUFFER_INPUT_X54_Y0_N1_I0  ; IO_INPUT_BUFFER_INPUT   ;
;   10.000 ;   0.000  ; RR ; IC   ; 1      ; IOIBUF_X54_Y0_N1                    ; clk~input|i             ;
;   10.890 ;   0.890  ; RR ; CELL ; 1      ; IOIBUF_X54_Y0_N1                    ; clk~input|o             ;
;   10.890 ;   0.000  ;    ; RE   ; 1      ; IOIBUF_X54_Y0_N1                    ; ARRIAV_IO_IBUF          ;
;   10.890 ;   0.000  ;    ; RE   ; 1      ; IO_INPUT_BUFFER_OUTPUT_X54_Y0_N1_I2 ; IO_INPUT_BUFFER_OUTPUT  ;
;   10.890 ;   0.000  ;    ; RE   ; 1      ; IO_RE_X54_Y0_N0_I96                 ; IO_RE                   ;
;   11.058 ;   0.168  ;    ; RE   ; 1      ; IO_RE_X54_Y0_N0_I66                 ; IO_RE                   ;
;   11.058 ;   0.000  ;    ; RE   ; 1      ; CLKBUF_CLUSTER_RE_X58_Y0_N0_I1614   ; CLKBUF_CLUSTER_RE       ;
;   11.058 ;   0.000  ;    ; RE   ; 1      ; CLKBUF_CLUSTER_RE_X58_Y0_N0_I616    ; CLKBUF_CLUSTER_RE       ;
;   11.058 ;   0.000  ;    ; RE   ; 1      ; GCLK_CLUSTER_RE_X58_Y0_N6_I10       ; GCLK_CLUSTER_RE         ;
;   11.058 ;   0.000  ;    ; RE   ; 1      ; CLKBUFBLOCK_INPUT_X58_Y0_N7_I0      ; CLKBUFBLOCK_INPUT       ;
;   11.058 ;   0.000  ; RR ; IC   ; 1      ; CLKCTRL_G6                          ; clk~inputCLKENA0|inclk  ;
;   11.350 ;   0.292  ; RR ; CELL ; 56652  ; CLKCTRL_G6                          ; clk~inputCLKENA0|outclk ;
;   11.350 ;   0.000  ;    ; RE   ; 1      ; CLKCTRL_G6                          ; ARRIAV_CLKBUF           ;
;   11.350 ;   0.000  ;    ; RE   ; 1      ; CLKBUFBLOCK_OUTPUT_X58_Y0_N7_I2     ; CLKBUFBLOCK_OUTPUT      ;
;   11.350 ;   0.000  ;    ; RE   ; 1      ; GCLK_CLUSTER_RE_X58_Y0_N6_I12       ; GCLK_CLUSTER_RE         ;
;   11.350 ;   0.000  ;    ; RE   ; 1      ; CLKBUF_CLUSTER_RE_X58_Y0_N0_I417    ; CLKBUF_CLUSTER_RE       ;
;   12.315 ;   0.965  ;    ; RE   ; 16     ; GLOBAL_CLOCK_X0_Y58_N0_I6           ; GLOBAL_CLOCK            ;
;   12.500 ;   0.185  ;    ; RE   ; 29     ; SPINE_CLOCK_X75_Y59_N0_I22          ; SPINE_CLOCK             ;
;   12.912 ;   0.412  ;    ; RE   ; 1      ; SCLK_TO_ROWCLK_BUF_X75_Y62_N0_I132  ; SCLK_TO_ROWCLK_BUF      ;
;   12.995 ;   0.083  ;    ; RE   ; 2      ; SCLK_TO_ROWCLK_BUF_X75_Y62_N0_I135  ; SCLK_TO_ROWCLK_BUF      ;
;   13.413 ;   0.418  ;    ; RE   ; 15     ; LAB_CLK_X76_Y62_N0_I2               ; LAB_CLK                 ;
;   13.540 ;   0.127  ;    ; RE   ; 1      ; BLK_CLK_BUF_X83_Y62_N0_I2           ; BLK_CLK_BUF             ;
;   13.586 ;   0.046  ;    ; RE   ; 1      ; ROWCLKSEL_PREBUF_X83_Y62_N0_I2      ; ROWCLKSEL_PREBUF        ;
;   13.631 ;   0.045  ;    ; RE   ; 1      ; ROWCLKSEL_X83_Y62_N0_I0             ; ROWCLKSEL               ;
;   13.631 ;   0.000  ;    ; RE   ; 2      ; GLOBAL_LOCAL_SEL_X83_Y62_N0_I0      ; GLOBAL_LOCAL_SEL        ;
;   13.631 ;   0.000  ;    ; RE   ; 3      ; LAB_INPUT_X83_Y62_N0_I1             ; LAB_INPUT               ;
;   13.630 ;   -0.001 ; RR ; IC   ; 1      ; FF_X83_Y62_N58                      ; return_scalar[73]|clk   ;
;   14.114 ;   0.484  ; RR ; CELL ; 1      ; FF_X83_Y62_N58                      ; return_scalar[73]       ;
;   14.424 ;   0.310  ;    ;      ;        ;                                     ; clock pessimism removed ;
; 14.324   ; -0.100   ;    ;      ;        ;                                     ; clock uncertainty       ;
; 14.324   ; 0.000    ;    ; uTsu ; 1      ; FF_X83_Y62_N58                      ; return_scalar[73]       ;
+----------+----------+----+------+--------+-------------------------------------+-------------------------+

----------------------------
; Extra Fitter Information ;
----------------------------
HTML report is unavailable in plain text report export.


Path #3: Setup slack is 7.579 
===============================================================================
+----------------------------------------+
; Path Summary                           ;
+--------------------+-------------------+
; Property           ; Value             ;
+--------------------+-------------------+
; From Node          ; op[72]            ;
; To Node            ; return_scalar[46] ;
; Launch Clock       ; clk               ;
; Latch Clock        ; clk               ;
; Data Arrival Time  ; 6.745             ;
; Data Required Time ; 14.324            ;
; Slack              ; 7.579             ;
+--------------------+-------------------+

+-------------------------------------------------------------------------------------+
; Statistics                                                                          ;
+------------------------+--------+-------+-------------+------------+--------+-------+
; Property               ; Value  ; Count ; Total Delay ; % of Total ; Min    ; Max   ;
+------------------------+--------+-------+-------------+------------+--------+-------+
; Setup Relationship     ; 10.000 ;       ;             ;            ;        ;       ;
; Clock Skew             ; -0.140 ;       ;             ;            ;        ;       ;
; Data Delay             ; 2.181  ;       ;             ;            ;        ;       ;
; Number of Logic Levels ;        ; 2     ;             ;            ;        ;       ;
; Physical Delays        ;        ;       ;             ;            ;        ;       ;
;  Arrival Path          ;        ;       ;             ;            ;        ;       ;
;   Clock                ;        ;       ;             ;            ;        ;       ;
;    IC                  ;        ; 3     ; 0.000       ; 0          ; 0.000  ; 0.000 ;
;    Cell                ;        ; 3     ; 1.778       ; 39         ; 0.317  ; 0.890 ;
;    Routing Element     ;        ; 25    ; 2.786       ; 61         ; 0.000  ; 1.018 ;
;   Data                 ;        ;       ;             ;            ;        ;       ;
;    IC                  ;        ; 3     ; -0.001      ; 0          ; -0.001 ; 0.000 ;
;    Cell                ;        ; 4     ; 0.935       ; 43         ; 0.000  ; 0.599 ;
;    uTco                ;        ; 1     ; 0.000       ; 0          ; 0.000  ; 0.000 ;
;    Routing Element     ;        ; 11    ; 1.247       ; 57         ; 0.000  ; 0.249 ;
;  Required Path         ;        ;       ;             ;            ;        ;       ;
;   Clock                ;        ;       ;             ;            ;        ;       ;
;    IC                  ;        ; 3     ; -0.001      ; 0          ; -0.001 ; 0.000 ;
;    Cell                ;        ; 3     ; 1.666       ; 40         ; 0.292  ; 0.890 ;
;    Routing Element     ;        ; 25    ; 2.449       ; 60         ; 0.000  ; 0.965 ;
+------------------------+--------+-------+-------------+------------+--------+-------+
Note: Negative delays are omitted from totals when calculating percentages

+---------------------------------------------------------------------------------------------------------+
; Data Arrival Path                                                                                       ;
+---------+----------+----+------+--------+-------------------------------------+-------------------------+
; Total   ; Incr     ; RF ; Type ; Fanout ; Location                            ; Element                 ;
+---------+----------+----+------+--------+-------------------------------------+-------------------------+
; 0.000   ; 0.000    ;    ;      ;        ;                                     ; launch edge time        ;
; 4.564   ; 4.564    ;    ;      ;        ;                                     ; clock path              ;
;   0.000 ;   0.000  ;    ;      ;        ;                                     ; source latency          ;
;   0.000 ;   0.000  ;    ;      ; 1      ; PIN_AC18                            ; clk                     ;
;   0.000 ;   0.000  ;    ; RE   ; 1      ; IOPAD_X54_Y0_N0                     ; ARRIAV_IO_PAD           ;
;   0.000 ;   0.000  ;    ; RE   ; 1      ; IO_PAD_OUTPUT_X54_Y0_N0_I1          ; IO_PAD_OUTPUT           ;
;   0.000 ;   0.000  ;    ; RE   ; 1      ; IO_INPUT_BUFFER_INPUT_X54_Y0_N1_I0  ; IO_INPUT_BUFFER_INPUT   ;
;   0.000 ;   0.000  ; RR ; IC   ; 1      ; IOIBUF_X54_Y0_N1                    ; clk~input|i             ;
;   0.890 ;   0.890  ; RR ; CELL ; 1      ; IOIBUF_X54_Y0_N1                    ; clk~input|o             ;
;   0.890 ;   0.000  ;    ; RE   ; 1      ; IOIBUF_X54_Y0_N1                    ; ARRIAV_IO_IBUF          ;
;   0.890 ;   0.000  ;    ; RE   ; 1      ; IO_INPUT_BUFFER_OUTPUT_X54_Y0_N1_I2 ; IO_INPUT_BUFFER_OUTPUT  ;
;   0.890 ;   0.000  ;    ; RE   ; 1      ; IO_RE_X54_Y0_N0_I96                 ; IO_RE                   ;
;   1.099 ;   0.209  ;    ; RE   ; 1      ; IO_RE_X54_Y0_N0_I66                 ; IO_RE                   ;
;   1.290 ;   0.191  ;    ; RE   ; 1      ; CLKBUF_CLUSTER_RE_X58_Y0_N0_I1614   ; CLKBUF_CLUSTER_RE       ;
;   1.290 ;   0.000  ;    ; RE   ; 1      ; CLKBUF_CLUSTER_RE_X58_Y0_N0_I616    ; CLKBUF_CLUSTER_RE       ;
;   1.290 ;   0.000  ;    ; RE   ; 1      ; GCLK_CLUSTER_RE_X58_Y0_N6_I10       ; GCLK_CLUSTER_RE         ;
;   1.290 ;   0.000  ;    ; RE   ; 1      ; CLKBUFBLOCK_INPUT_X58_Y0_N7_I0      ; CLKBUFBLOCK_INPUT       ;
;   1.290 ;   0.000  ; RR ; IC   ; 1      ; CLKCTRL_G6                          ; clk~inputCLKENA0|inclk  ;
;   1.607 ;   0.317  ; RR ; CELL ; 56652  ; CLKCTRL_G6                          ; clk~inputCLKENA0|outclk ;
;   1.607 ;   0.000  ;    ; RE   ; 1      ; CLKCTRL_G6                          ; ARRIAV_CLKBUF           ;
;   1.607 ;   0.000  ;    ; RE   ; 1      ; CLKBUFBLOCK_OUTPUT_X58_Y0_N7_I2     ; CLKBUFBLOCK_OUTPUT      ;
;   1.607 ;   0.000  ;    ; RE   ; 1      ; GCLK_CLUSTER_RE_X58_Y0_N6_I12       ; GCLK_CLUSTER_RE         ;
;   1.607 ;   0.000  ;    ; RE   ; 1      ; CLKBUF_CLUSTER_RE_X58_Y0_N0_I417    ; CLKBUF_CLUSTER_RE       ;
;   2.625 ;   1.018  ;    ; RE   ; 16     ; GLOBAL_CLOCK_X0_Y58_N0_I6           ; GLOBAL_CLOCK            ;
;   2.818 ;   0.193  ;    ; RE   ; 29     ; SPINE_CLOCK_X75_Y59_N0_I22          ; SPINE_CLOCK             ;
;   3.244 ;   0.426  ;    ; RE   ; 1      ; SCLK_TO_ROWCLK_BUF_X75_Y60_N0_I132  ; SCLK_TO_ROWCLK_BUF      ;
;   3.330 ;   0.086  ;    ; RE   ; 2      ; SCLK_TO_ROWCLK_BUF_X75_Y60_N0_I135  ; SCLK_TO_ROWCLK_BUF      ;
;   3.760 ;   0.430  ;    ; RE   ; 14     ; LAB_CLK_X76_Y60_N0_I2               ; LAB_CLK                 ;
;   3.897 ;   0.137  ;    ; RE   ; 1      ; BLK_CLK_BUF_X80_Y60_N0_I2           ; BLK_CLK_BUF             ;
;   3.945 ;   0.048  ;    ; RE   ; 1      ; ROWCLKSEL_PREBUF_X80_Y60_N0_I2      ; ROWCLKSEL_PREBUF        ;
;   3.993 ;   0.048  ;    ; RE   ; 1      ; ROWCLKSEL_X80_Y60_N0_I1             ; ROWCLKSEL               ;
;   3.993 ;   0.000  ;    ; RE   ; 3      ; GLOBAL_LOCAL_SEL_X80_Y60_N0_I1      ; GLOBAL_LOCAL_SEL        ;
;   3.993 ;   0.000  ;    ; RE   ; 11     ; LAB_INPUT_X80_Y60_N0_I1             ; LAB_INPUT               ;
;   3.993 ;   0.000  ; RR ; IC   ; 1      ; FF_X80_Y60_N1                       ; op[72]|clk              ;
;   4.564 ;   0.571  ; RR ; CELL ; 1      ; FF_X80_Y60_N1                       ; op[72]                  ;
; 6.745   ; 2.181    ;    ;      ;        ;                                     ; data path               ;
;   4.564 ;   0.000  ;    ; uTco ; 1      ; FF_X80_Y60_N1                       ; op[72]                  ;
;   4.564 ;   0.000  ; RR ; CELL ; 7      ; FF_X80_Y60_N1                       ; op[72]|q                ;
;   4.622 ;   0.058  ;    ; RE   ; 2      ; FF_X80_Y60_N1                       ; ARRIAV_FF               ;
;   4.717 ;   0.095  ;    ; RE   ; 2      ; LE_BUFFER_X80_Y60_N0_I0             ; LE_BUFFER               ;
;   4.871 ;   0.154  ;    ; RE   ; 1      ; LOCAL_INTERCONNECT_X80_Y60_N0_I32   ; LAB_LINE                ;
;   4.974 ;   0.103  ;    ; RE   ; 1      ; BLOCK_INPUT_MUX_X80_Y60_N0_I34      ; LEIM_INPUT              ;
;   4.974 ;   0.000  ; RR ; IC   ; 1      ; LABCELL_X80_Y60_N27                 ; Selector5970~0|dataa    ;
;   5.573 ;   0.599  ; RF ; CELL ; 21     ; LABCELL_X80_Y60_N27                 ; Selector5970~0|combout  ;
;   5.573 ;   0.000  ;    ; RE   ; 2      ; LABCELL_X80_Y60_N27                 ; ARRIAV_LCELL_COMB       ;
;   5.642 ;   0.069  ;    ; RE   ; 2      ; LE_BUFFER_X80_Y60_N0_I18            ; LE_BUFFER               ;
;   5.828 ;   0.186  ;    ; RE   ; 1      ; C2_X80_Y61_N0_I9                    ; V_SEG2                  ;
;   6.077 ;   0.249  ;    ; RE   ; 1      ; R6_X81_Y62_N0_I0                    ; H_SEG6                  ;
;   6.286 ;   0.209  ;    ; RE   ; 1      ; LOCAL_INTERCONNECT_X83_Y62_N0_I0    ; LAB_LINE                ;
;   6.410 ;   0.124  ;    ; RE   ; 1      ; BLOCK_INPUT_MUX_X83_Y62_N0_I39      ; LEIM_INPUT              ;
;   6.409 ;   -0.001 ; FF ; IC   ; 1      ; LABCELL_X83_Y62_N27                 ; Selector5970~1|dataf    ;
;   6.485 ;   0.076  ; FF ; CELL ; 1      ; LABCELL_X83_Y62_N27                 ; Selector5970~1|combout  ;
;   6.485 ;   0.000  ;    ; RE   ; 1      ; LABCELL_X83_Y62_N27                 ; ARRIAV_LCELL_COMB       ;
;   6.485 ;   0.000  ; FF ; IC   ; 1      ; FF_X83_Y62_N28                      ; return_scalar[46]|d     ;
;   6.745 ;   0.260  ; FF ; CELL ; 1      ; FF_X83_Y62_N28                      ; return_scalar[46]       ;
+---------+----------+----+------+--------+-------------------------------------+-------------------------+

+----------------------------------------------------------------------------------------------------------+
; Data Required Path                                                                                       ;
+----------+----------+----+------+--------+-------------------------------------+-------------------------+
; Total    ; Incr     ; RF ; Type ; Fanout ; Location                            ; Element                 ;
+----------+----------+----+------+--------+-------------------------------------+-------------------------+
; 10.000   ; 10.000   ;    ;      ;        ;                                     ; latch edge time         ;
; 14.424   ; 4.424    ;    ;      ;        ;                                     ; clock path              ;
;   10.000 ;   0.000  ;    ;      ;        ;                                     ; source latency          ;
;   10.000 ;   0.000  ;    ;      ; 1      ; PIN_AC18                            ; clk                     ;
;   10.000 ;   0.000  ;    ; RE   ; 1      ; IOPAD_X54_Y0_N0                     ; ARRIAV_IO_PAD           ;
;   10.000 ;   0.000  ;    ; RE   ; 1      ; IO_PAD_OUTPUT_X54_Y0_N0_I1          ; IO_PAD_OUTPUT           ;
;   10.000 ;   0.000  ;    ; RE   ; 1      ; IO_INPUT_BUFFER_INPUT_X54_Y0_N1_I0  ; IO_INPUT_BUFFER_INPUT   ;
;   10.000 ;   0.000  ; RR ; IC   ; 1      ; IOIBUF_X54_Y0_N1                    ; clk~input|i             ;
;   10.890 ;   0.890  ; RR ; CELL ; 1      ; IOIBUF_X54_Y0_N1                    ; clk~input|o             ;
;   10.890 ;   0.000  ;    ; RE   ; 1      ; IOIBUF_X54_Y0_N1                    ; ARRIAV_IO_IBUF          ;
;   10.890 ;   0.000  ;    ; RE   ; 1      ; IO_INPUT_BUFFER_OUTPUT_X54_Y0_N1_I2 ; IO_INPUT_BUFFER_OUTPUT  ;
;   10.890 ;   0.000  ;    ; RE   ; 1      ; IO_RE_X54_Y0_N0_I96                 ; IO_RE                   ;
;   11.058 ;   0.168  ;    ; RE   ; 1      ; IO_RE_X54_Y0_N0_I66                 ; IO_RE                   ;
;   11.058 ;   0.000  ;    ; RE   ; 1      ; CLKBUF_CLUSTER_RE_X58_Y0_N0_I1614   ; CLKBUF_CLUSTER_RE       ;
;   11.058 ;   0.000  ;    ; RE   ; 1      ; CLKBUF_CLUSTER_RE_X58_Y0_N0_I616    ; CLKBUF_CLUSTER_RE       ;
;   11.058 ;   0.000  ;    ; RE   ; 1      ; GCLK_CLUSTER_RE_X58_Y0_N6_I10       ; GCLK_CLUSTER_RE         ;
;   11.058 ;   0.000  ;    ; RE   ; 1      ; CLKBUFBLOCK_INPUT_X58_Y0_N7_I0      ; CLKBUFBLOCK_INPUT       ;
;   11.058 ;   0.000  ; RR ; IC   ; 1      ; CLKCTRL_G6                          ; clk~inputCLKENA0|inclk  ;
;   11.350 ;   0.292  ; RR ; CELL ; 56652  ; CLKCTRL_G6                          ; clk~inputCLKENA0|outclk ;
;   11.350 ;   0.000  ;    ; RE   ; 1      ; CLKCTRL_G6                          ; ARRIAV_CLKBUF           ;
;   11.350 ;   0.000  ;    ; RE   ; 1      ; CLKBUFBLOCK_OUTPUT_X58_Y0_N7_I2     ; CLKBUFBLOCK_OUTPUT      ;
;   11.350 ;   0.000  ;    ; RE   ; 1      ; GCLK_CLUSTER_RE_X58_Y0_N6_I12       ; GCLK_CLUSTER_RE         ;
;   11.350 ;   0.000  ;    ; RE   ; 1      ; CLKBUF_CLUSTER_RE_X58_Y0_N0_I417    ; CLKBUF_CLUSTER_RE       ;
;   12.315 ;   0.965  ;    ; RE   ; 16     ; GLOBAL_CLOCK_X0_Y58_N0_I6           ; GLOBAL_CLOCK            ;
;   12.500 ;   0.185  ;    ; RE   ; 29     ; SPINE_CLOCK_X75_Y59_N0_I22          ; SPINE_CLOCK             ;
;   12.912 ;   0.412  ;    ; RE   ; 1      ; SCLK_TO_ROWCLK_BUF_X75_Y62_N0_I132  ; SCLK_TO_ROWCLK_BUF      ;
;   12.995 ;   0.083  ;    ; RE   ; 2      ; SCLK_TO_ROWCLK_BUF_X75_Y62_N0_I135  ; SCLK_TO_ROWCLK_BUF      ;
;   13.413 ;   0.418  ;    ; RE   ; 15     ; LAB_CLK_X76_Y62_N0_I2               ; LAB_CLK                 ;
;   13.540 ;   0.127  ;    ; RE   ; 1      ; BLK_CLK_BUF_X83_Y62_N0_I2           ; BLK_CLK_BUF             ;
;   13.586 ;   0.046  ;    ; RE   ; 1      ; ROWCLKSEL_PREBUF_X83_Y62_N0_I2      ; ROWCLKSEL_PREBUF        ;
;   13.631 ;   0.045  ;    ; RE   ; 1      ; ROWCLKSEL_X83_Y62_N0_I0             ; ROWCLKSEL               ;
;   13.631 ;   0.000  ;    ; RE   ; 2      ; GLOBAL_LOCAL_SEL_X83_Y62_N0_I0      ; GLOBAL_LOCAL_SEL        ;
;   13.631 ;   0.000  ;    ; RE   ; 3      ; LAB_INPUT_X83_Y62_N0_I1             ; LAB_INPUT               ;
;   13.630 ;   -0.001 ; RR ; IC   ; 1      ; FF_X83_Y62_N28                      ; return_scalar[46]|clk   ;
;   14.114 ;   0.484  ; RR ; CELL ; 1      ; FF_X83_Y62_N28                      ; return_scalar[46]       ;
;   14.424 ;   0.310  ;    ;      ;        ;                                     ; clock pessimism removed ;
; 14.324   ; -0.100   ;    ;      ;        ;                                     ; clock uncertainty       ;
; 14.324   ; 0.000    ;    ; uTsu ; 1      ; FF_X83_Y62_N28                      ; return_scalar[46]       ;
+----------+----------+----+------+--------+-------------------------------------+-------------------------+

----------------------------
; Extra Fitter Information ;
----------------------------
HTML report is unavailable in plain text report export.


