----------------
; Command Info ;
----------------
Report Timing: Found 3 setup paths (0 violated).  Worst case slack is 7.206 

Tcl Command:
    report_timing -setup -show_routing -file {D:/2151097_Nguyen Nhut Khanh/docs/verification/timing/npu100_b2/slow_1100mv_0c_scalar_return.rpt} -from [get_registers {op*}] -to [get_registers {*return_scalar*}] -nworst 1 -npaths 20 -detail full_path

Options:
    -from [get_registers {op*}] 
    -to [get_registers {*return_scalar*}] 
    -setup 
    -nworst 1 
    -npaths 20 
    -show_routing 
    -detail full_path 
    -file {D:/2151097_Nguyen Nhut Khanh/docs/verification/timing/npu100_b2/slow_1100mv_0c_scalar_return.rpt} 

Delay Model:
    Slow 1100mV 0C Model

+-------------------------------------------------------------------------------------------------------------+
; Summary of Paths                                                                                            ;
+-------+-----------+-------------------+--------------+-------------+--------------+------------+------------+
; Slack ; From Node ; To Node           ; Launch Clock ; Latch Clock ; Relationship ; Clock Skew ; Data Delay ;
+-------+-----------+-------------------+--------------+-------------+--------------+------------+------------+
; 7.206 ; op[72]    ; return_scalar[20] ; clk          ; clk         ; 10.000       ; -0.135     ; 2.559      ;
; 7.254 ; op[72]    ; return_scalar[73] ; clk          ; clk         ; 10.000       ; -0.140     ; 2.506      ;
; 7.591 ; op[72]    ; return_scalar[46] ; clk          ; clk         ; 10.000       ; -0.140     ; 2.169      ;
+-------+-----------+-------------------+--------------+-------------+--------------+------------+------------+

Path #1: Setup slack is 7.206 
===============================================================================
+----------------------------------------+
; Path Summary                           ;
+--------------------+-------------------+
; Property           ; Value             ;
+--------------------+-------------------+
; From Node          ; op[72]            ;
; To Node            ; return_scalar[20] ;
; Launch Clock       ; clk               ;
; Latch Clock        ; clk               ;
; Data Arrival Time  ; 7.210             ;
; Data Required Time ; 14.416            ;
; Slack              ; 7.206             ;
+--------------------+-------------------+

+------------------------------------------------------------------------------------+
; Statistics                                                                         ;
+------------------------+--------+-------+-------------+------------+-------+-------+
; Property               ; Value  ; Count ; Total Delay ; % of Total ; Min   ; Max   ;
+------------------------+--------+-------+-------------+------------+-------+-------+
; Setup Relationship     ; 10.000 ;       ;             ;            ;       ;       ;
; Clock Skew             ; -0.135 ;       ;             ;            ;       ;       ;
; Data Delay             ; 2.559  ;       ;             ;            ;       ;       ;
; Number of Logic Levels ;        ; 1     ;             ;            ;       ;       ;
; Physical Delays        ;        ;       ;             ;            ;       ;       ;
;  Arrival Path          ;        ;       ;             ;            ;       ;       ;
;   Clock                ;        ;       ;             ;            ;       ;       ;
;    IC                  ;        ; 3     ; 0.000       ; 0          ; 0.000 ; 0.000 ;
;    Cell                ;        ; 3     ; 1.784       ; 38         ; 0.335 ; 0.917 ;
;    Routing Element     ;        ; 25    ; 2.867       ; 62         ; 0.000 ; 1.041 ;
;   Data                 ;        ;       ;             ;            ;       ;       ;
;    IC                  ;        ; 2     ; 0.001       ; 0          ; 0.000 ; 0.001 ;
;    Cell                ;        ; 3     ; 0.916       ; 36         ; 0.000 ; 0.647 ;
;    uTco                ;        ; 1     ; 0.000       ; 0          ; 0.000 ; 0.000 ;
;    Routing Element     ;        ; 10    ; 1.642       ; 64         ; 0.000 ; 0.289 ;
;  Required Path         ;        ;       ;             ;            ;       ;       ;
;   Clock                ;        ;       ;             ;            ;       ;       ;
;    IC                  ;        ; 3     ; 0.000       ; 0          ; 0.000 ; 0.000 ;
;    Cell                ;        ; 3     ; 1.684       ; 40         ; 0.312 ; 0.917 ;
;    Routing Element     ;        ; 25    ; 2.541       ; 60         ; 0.000 ; 0.998 ;
+------------------------+--------+-------+-------------+------------+-------+-------+
Note: Negative delays are omitted from totals when calculating percentages

+--------------------------------------------------------------------------------------------------------+
; Data Arrival Path                                                                                      ;
+---------+---------+----+------+--------+-------------------------------------+-------------------------+
; Total   ; Incr    ; RF ; Type ; Fanout ; Location                            ; Element                 ;
+---------+---------+----+------+--------+-------------------------------------+-------------------------+
; 0.000   ; 0.000   ;    ;      ;        ;                                     ; launch edge time        ;
; 4.651   ; 4.651   ;    ;      ;        ;                                     ; clock path              ;
;   0.000 ;   0.000 ;    ;      ;        ;                                     ; source latency          ;
;   0.000 ;   0.000 ;    ;      ; 1      ; PIN_AC18                            ; clk                     ;
;   0.000 ;   0.000 ;    ; RE   ; 1      ; IOPAD_X54_Y0_N0                     ; ARRIAV_IO_PAD           ;
;   0.000 ;   0.000 ;    ; RE   ; 1      ; IO_PAD_OUTPUT_X54_Y0_N0_I1          ; IO_PAD_OUTPUT           ;
;   0.000 ;   0.000 ;    ; RE   ; 1      ; IO_INPUT_BUFFER_INPUT_X54_Y0_N1_I0  ; IO_INPUT_BUFFER_INPUT   ;
;   0.000 ;   0.000 ; RR ; IC   ; 1      ; IOIBUF_X54_Y0_N1                    ; clk~input|i             ;
;   0.917 ;   0.917 ; RR ; CELL ; 1      ; IOIBUF_X54_Y0_N1                    ; clk~input|o             ;
;   0.917 ;   0.000 ;    ; RE   ; 1      ; IOIBUF_X54_Y0_N1                    ; ARRIAV_IO_IBUF          ;
;   0.917 ;   0.000 ;    ; RE   ; 1      ; IO_INPUT_BUFFER_OUTPUT_X54_Y0_N1_I2 ; IO_INPUT_BUFFER_OUTPUT  ;
;   0.917 ;   0.000 ;    ; RE   ; 1      ; IO_RE_X54_Y0_N0_I96                 ; IO_RE                   ;
;   1.133 ;   0.216 ;    ; RE   ; 1      ; IO_RE_X54_Y0_N0_I66                 ; IO_RE                   ;
;   1.320 ;   0.187 ;    ; RE   ; 1      ; CLKBUF_CLUSTER_RE_X58_Y0_N0_I1614   ; CLKBUF_CLUSTER_RE       ;
;   1.320 ;   0.000 ;    ; RE   ; 1      ; CLKBUF_CLUSTER_RE_X58_Y0_N0_I616    ; CLKBUF_CLUSTER_RE       ;
;   1.320 ;   0.000 ;    ; RE   ; 1      ; GCLK_CLUSTER_RE_X58_Y0_N6_I10       ; GCLK_CLUSTER_RE         ;
;   1.320 ;   0.000 ;    ; RE   ; 1      ; CLKBUFBLOCK_INPUT_X58_Y0_N7_I0      ; CLKBUFBLOCK_INPUT       ;
;   1.320 ;   0.000 ; RR ; IC   ; 1      ; CLKCTRL_G6                          ; clk~inputCLKENA0|inclk  ;
;   1.655 ;   0.335 ; RR ; CELL ; 56652  ; CLKCTRL_G6                          ; clk~inputCLKENA0|outclk ;
;   1.655 ;   0.000 ;    ; RE   ; 1      ; CLKCTRL_G6                          ; ARRIAV_CLKBUF           ;
;   1.655 ;   0.000 ;    ; RE   ; 1      ; CLKBUFBLOCK_OUTPUT_X58_Y0_N7_I2     ; CLKBUFBLOCK_OUTPUT      ;
;   1.655 ;   0.000 ;    ; RE   ; 1      ; GCLK_CLUSTER_RE_X58_Y0_N6_I12       ; GCLK_CLUSTER_RE         ;
;   1.655 ;   0.000 ;    ; RE   ; 1      ; CLKBUF_CLUSTER_RE_X58_Y0_N0_I417    ; CLKBUF_CLUSTER_RE       ;
;   2.696 ;   1.041 ;    ; RE   ; 16     ; GLOBAL_CLOCK_X0_Y58_N0_I6           ; GLOBAL_CLOCK            ;
;   2.890 ;   0.194 ;    ; RE   ; 29     ; SPINE_CLOCK_X75_Y59_N0_I22          ; SPINE_CLOCK             ;
;   3.348 ;   0.458 ;    ; RE   ; 1      ; SCLK_TO_ROWCLK_BUF_X75_Y60_N0_I132  ; SCLK_TO_ROWCLK_BUF      ;
;   3.436 ;   0.088 ;    ; RE   ; 2      ; SCLK_TO_ROWCLK_BUF_X75_Y60_N0_I135  ; SCLK_TO_ROWCLK_BUF      ;
;   3.875 ;   0.439 ;    ; RE   ; 14     ; LAB_CLK_X76_Y60_N0_I2               ; LAB_CLK                 ;
;   4.023 ;   0.148 ;    ; RE   ; 1      ; BLK_CLK_BUF_X80_Y60_N0_I2           ; BLK_CLK_BUF             ;
;   4.080 ;   0.057 ;    ; RE   ; 1      ; ROWCLKSEL_PREBUF_X80_Y60_N0_I2      ; ROWCLKSEL_PREBUF        ;
;   4.119 ;   0.039 ;    ; RE   ; 1      ; ROWCLKSEL_X80_Y60_N0_I1             ; ROWCLKSEL               ;
;   4.119 ;   0.000 ;    ; RE   ; 3      ; GLOBAL_LOCAL_SEL_X80_Y60_N0_I1      ; GLOBAL_LOCAL_SEL        ;
;   4.119 ;   0.000 ;    ; RE   ; 11     ; LAB_INPUT_X80_Y60_N0_I1             ; LAB_INPUT               ;
;   4.119 ;   0.000 ; RR ; IC   ; 1      ; FF_X80_Y60_N1                       ; op[72]|clk              ;
;   4.651 ;   0.532 ; RR ; CELL ; 1      ; FF_X80_Y60_N1                       ; op[72]                  ;
; 7.210   ; 2.559   ;    ;      ;        ;                                     ; data path               ;
;   4.651 ;   0.000 ;    ; uTco ; 1      ; FF_X80_Y60_N1                       ; op[72]                  ;
;   4.651 ;   0.000 ; FF ; CELL ; 7      ; FF_X80_Y60_N1                       ; op[72]|q                ;
;   4.696 ;   0.045 ;    ; RE   ; 2      ; FF_X80_Y60_N1                       ; ARRIAV_FF               ;
;   4.751 ;   0.055 ;    ; RE   ; 2      ; LE_BUFFER_X80_Y60_N0_I0             ; LE_BUFFER               ;
;   4.916 ;   0.165 ;    ; RE   ; 2      ; C2_X80_Y58_N0_I18                   ; V_SEG2                  ;
;   5.192 ;   0.276 ;    ; RE   ; 2      ; R6_X75_Y59_N0_I28                   ; H_SEG6                  ;
;   5.469 ;   0.277 ;    ; RE   ; 2      ; C2_X79_Y60_N0_I4                    ; V_SEG2                  ;
;   5.710 ;   0.241 ;    ; RE   ; 1      ; C2_X79_Y62_N0_I4                    ; V_SEG2                  ;
;   5.999 ;   0.289 ;    ; RE   ; 1      ; R6_X80_Y62_N0_I9                    ; H_SEG6                  ;
;   6.210 ;   0.211 ;    ; RE   ; 2      ; LOCAL_INTERCONNECT_X83_Y62_N0_I31   ; LAB_LINE                ;
;   6.293 ;   0.083 ;    ; RE   ; 1      ; BLOCK_INPUT_MUX_X83_Y62_N0_I43      ; LEIM_INPUT              ;
;   6.294 ;   0.001 ; FF ; IC   ; 1      ; LABCELL_X83_Y62_N30                 ; Selector5971~0|datab    ;
;   6.941 ;   0.647 ; FR ; CELL ; 1      ; LABCELL_X83_Y62_N30                 ; Selector5971~0|combout  ;
;   6.941 ;   0.000 ;    ; RE   ; 1      ; LABCELL_X83_Y62_N30                 ; ARRIAV_LCELL_COMB       ;
;   6.941 ;   0.000 ; RR ; IC   ; 1      ; FF_X83_Y62_N31                      ; return_scalar[20]|d     ;
;   7.210 ;   0.269 ; RR ; CELL ; 1      ; FF_X83_Y62_N31                      ; return_scalar[20]       ;
+---------+---------+----+------+--------+-------------------------------------+-------------------------+

+---------------------------------------------------------------------------------------------------------+
; Data Required Path                                                                                      ;
+----------+---------+----+------+--------+-------------------------------------+-------------------------+
; Total    ; Incr    ; RF ; Type ; Fanout ; Location                            ; Element                 ;
+----------+---------+----+------+--------+-------------------------------------+-------------------------+
; 10.000   ; 10.000  ;    ;      ;        ;                                     ; latch edge time         ;
; 14.516   ; 4.516   ;    ;      ;        ;                                     ; clock path              ;
;   10.000 ;   0.000 ;    ;      ;        ;                                     ; source latency          ;
;   10.000 ;   0.000 ;    ;      ; 1      ; PIN_AC18                            ; clk                     ;
;   10.000 ;   0.000 ;    ; RE   ; 1      ; IOPAD_X54_Y0_N0                     ; ARRIAV_IO_PAD           ;
;   10.000 ;   0.000 ;    ; RE   ; 1      ; IO_PAD_OUTPUT_X54_Y0_N0_I1          ; IO_PAD_OUTPUT           ;
;   10.000 ;   0.000 ;    ; RE   ; 1      ; IO_INPUT_BUFFER_INPUT_X54_Y0_N1_I0  ; IO_INPUT_BUFFER_INPUT   ;
;   10.000 ;   0.000 ; RR ; IC   ; 1      ; IOIBUF_X54_Y0_N1                    ; clk~input|i             ;
;   10.917 ;   0.917 ; RR ; CELL ; 1      ; IOIBUF_X54_Y0_N1                    ; clk~input|o             ;
;   10.917 ;   0.000 ;    ; RE   ; 1      ; IOIBUF_X54_Y0_N1                    ; ARRIAV_IO_IBUF          ;
;   10.917 ;   0.000 ;    ; RE   ; 1      ; IO_INPUT_BUFFER_OUTPUT_X54_Y0_N1_I2 ; IO_INPUT_BUFFER_OUTPUT  ;
;   10.917 ;   0.000 ;    ; RE   ; 1      ; IO_RE_X54_Y0_N0_I96                 ; IO_RE                   ;
;   11.095 ;   0.178 ;    ; RE   ; 1      ; IO_RE_X54_Y0_N0_I66                 ; IO_RE                   ;
;   11.095 ;   0.000 ;    ; RE   ; 1      ; CLKBUF_CLUSTER_RE_X58_Y0_N0_I1614   ; CLKBUF_CLUSTER_RE       ;
;   11.095 ;   0.000 ;    ; RE   ; 1      ; CLKBUF_CLUSTER_RE_X58_Y0_N0_I616    ; CLKBUF_CLUSTER_RE       ;
;   11.095 ;   0.000 ;    ; RE   ; 1      ; GCLK_CLUSTER_RE_X58_Y0_N6_I10       ; GCLK_CLUSTER_RE         ;
;   11.095 ;   0.000 ;    ; RE   ; 1      ; CLKBUFBLOCK_INPUT_X58_Y0_N7_I0      ; CLKBUFBLOCK_INPUT       ;
;   11.095 ;   0.000 ; RR ; IC   ; 1      ; CLKCTRL_G6                          ; clk~inputCLKENA0|inclk  ;
;   11.407 ;   0.312 ; RR ; CELL ; 56652  ; CLKCTRL_G6                          ; clk~inputCLKENA0|outclk ;
;   11.407 ;   0.000 ;    ; RE   ; 1      ; CLKCTRL_G6                          ; ARRIAV_CLKBUF           ;
;   11.407 ;   0.000 ;    ; RE   ; 1      ; CLKBUFBLOCK_OUTPUT_X58_Y0_N7_I2     ; CLKBUFBLOCK_OUTPUT      ;
;   11.407 ;   0.000 ;    ; RE   ; 1      ; GCLK_CLUSTER_RE_X58_Y0_N6_I12       ; GCLK_CLUSTER_RE         ;
;   11.407 ;   0.000 ;    ; RE   ; 1      ; CLKBUF_CLUSTER_RE_X58_Y0_N0_I417    ; CLKBUF_CLUSTER_RE       ;
;   12.405 ;   0.998 ;    ; RE   ; 16     ; GLOBAL_CLOCK_X0_Y58_N0_I6           ; GLOBAL_CLOCK            ;
;   12.591 ;   0.186 ;    ; RE   ; 29     ; SPINE_CLOCK_X75_Y59_N0_I22          ; SPINE_CLOCK             ;
;   13.032 ;   0.441 ;    ; RE   ; 1      ; SCLK_TO_ROWCLK_BUF_X75_Y62_N0_I132  ; SCLK_TO_ROWCLK_BUF      ;
;   13.117 ;   0.085 ;    ; RE   ; 2      ; SCLK_TO_ROWCLK_BUF_X75_Y62_N0_I135  ; SCLK_TO_ROWCLK_BUF      ;
;   13.542 ;   0.425 ;    ; RE   ; 15     ; LAB_CLK_X76_Y62_N0_I2               ; LAB_CLK                 ;
;   13.679 ;   0.137 ;    ; RE   ; 1      ; BLK_CLK_BUF_X83_Y62_N0_I2           ; BLK_CLK_BUF             ;
;   13.734 ;   0.055 ;    ; RE   ; 1      ; ROWCLKSEL_PREBUF_X83_Y62_N0_I2      ; ROWCLKSEL_PREBUF        ;
;   13.770 ;   0.036 ;    ; RE   ; 1      ; ROWCLKSEL_X83_Y62_N0_I0             ; ROWCLKSEL               ;
;   13.770 ;   0.000 ;    ; RE   ; 2      ; GLOBAL_LOCAL_SEL_X83_Y62_N0_I0      ; GLOBAL_LOCAL_SEL        ;
;   13.770 ;   0.000 ;    ; RE   ; 3      ; LAB_INPUT_X83_Y62_N0_I1             ; LAB_INPUT               ;
;   13.770 ;   0.000 ; RR ; IC   ; 1      ; FF_X83_Y62_N31                      ; return_scalar[20]|clk   ;
;   14.225 ;   0.455 ; RR ; CELL ; 1      ; FF_X83_Y62_N31                      ; return_scalar[20]       ;
;   14.516 ;   0.291 ;    ;      ;        ;                                     ; clock pessimism removed ;
; 14.416   ; -0.100  ;    ;      ;        ;                                     ; clock uncertainty       ;
; 14.416   ; 0.000   ;    ; uTsu ; 1      ; FF_X83_Y62_N31                      ; return_scalar[20]       ;
+----------+---------+----+------+--------+-------------------------------------+-------------------------+

----------------------------
; Extra Fitter Information ;
----------------------------
HTML report is unavailable in plain text report export.


Path #2: Setup slack is 7.254 
===============================================================================
+----------------------------------------+
; Path Summary                           ;
+--------------------+-------------------+
; Property           ; Value             ;
+--------------------+-------------------+
; From Node          ; op[72]            ;
; To Node            ; return_scalar[73] ;
; Launch Clock       ; clk               ;
; Latch Clock        ; clk               ;
; Data Arrival Time  ; 7.157             ;
; Data Required Time ; 14.411            ;
; Slack              ; 7.254             ;
+--------------------+-------------------+

+------------------------------------------------------------------------------------+
; Statistics                                                                         ;
+------------------------+--------+-------+-------------+------------+-------+-------+
; Property               ; Value  ; Count ; Total Delay ; % of Total ; Min   ; Max   ;
+------------------------+--------+-------+-------------+------------+-------+-------+
; Setup Relationship     ; 10.000 ;       ;             ;            ;       ;       ;
; Clock Skew             ; -0.140 ;       ;             ;            ;       ;       ;
; Data Delay             ; 2.506  ;       ;             ;            ;       ;       ;
; Number of Logic Levels ;        ; 1     ;             ;            ;       ;       ;
; Physical Delays        ;        ;       ;             ;            ;       ;       ;
;  Arrival Path          ;        ;       ;             ;            ;       ;       ;
;   Clock                ;        ;       ;             ;            ;       ;       ;
;    IC                  ;        ; 3     ; 0.000       ; 0          ; 0.000 ; 0.000 ;
;    Cell                ;        ; 3     ; 1.784       ; 38         ; 0.335 ; 0.917 ;
;    Routing Element     ;        ; 25    ; 2.867       ; 62         ; 0.000 ; 1.041 ;
;   Data                 ;        ;       ;             ;            ;       ;       ;
;    IC                  ;        ; 2     ; 0.000       ; 0          ; 0.000 ; 0.000 ;
;    Cell                ;        ; 3     ; 0.844       ; 34         ; 0.000 ; 0.574 ;
;    uTco                ;        ; 1     ; 0.000       ; 0          ; 0.000 ; 0.000 ;
;    Routing Element     ;        ; 10    ; 1.662       ; 66         ; 0.000 ; 0.289 ;
;  Required Path         ;        ;       ;             ;            ;       ;       ;
;   Clock                ;        ;       ;             ;            ;       ;       ;
;    IC                  ;        ; 3     ; 0.000       ; 0          ; 0.000 ; 0.000 ;
;    Cell                ;        ; 3     ; 1.679       ; 40         ; 0.312 ; 0.917 ;
;    Routing Element     ;        ; 25    ; 2.541       ; 60         ; 0.000 ; 0.998 ;
+------------------------+--------+-------+-------------+------------+-------+-------+
Note: Negative delays are omitted from totals when calculating percentages

+--------------------------------------------------------------------------------------------------------+
; Data Arrival Path                                                                                      ;
+---------+---------+----+------+--------+-------------------------------------+-------------------------+
; Total   ; Incr    ; RF ; Type ; Fanout ; Location                            ; Element                 ;
+---------+---------+----+------+--------+-------------------------------------+-------------------------+
; 0.000   ; 0.000   ;    ;      ;        ;                                     ; launch edge time        ;
; 4.651   ; 4.651   ;    ;      ;        ;                                     ; clock path              ;
;   0.000 ;   0.000 ;    ;      ;        ;                                     ; source latency          ;
;   0.000 ;   0.000 ;    ;      ; 1      ; PIN_AC18                            ; clk                     ;
;   0.000 ;   0.000 ;    ; RE   ; 1      ; IOPAD_X54_Y0_N0                     ; ARRIAV_IO_PAD           ;
;   0.000 ;   0.000 ;    ; RE   ; 1      ; IO_PAD_OUTPUT_X54_Y0_N0_I1          ; IO_PAD_OUTPUT           ;
;   0.000 ;   0.000 ;    ; RE   ; 1      ; IO_INPUT_BUFFER_INPUT_X54_Y0_N1_I0  ; IO_INPUT_BUFFER_INPUT   ;
;   0.000 ;   0.000 ; RR ; IC   ; 1      ; IOIBUF_X54_Y0_N1                    ; clk~input|i             ;
;   0.917 ;   0.917 ; RR ; CELL ; 1      ; IOIBUF_X54_Y0_N1                    ; clk~input|o             ;
;   0.917 ;   0.000 ;    ; RE   ; 1      ; IOIBUF_X54_Y0_N1                    ; ARRIAV_IO_IBUF          ;
;   0.917 ;   0.000 ;    ; RE   ; 1      ; IO_INPUT_BUFFER_OUTPUT_X54_Y0_N1_I2 ; IO_INPUT_BUFFER_OUTPUT  ;
;   0.917 ;   0.000 ;    ; RE   ; 1      ; IO_RE_X54_Y0_N0_I96                 ; IO_RE                   ;
;   1.133 ;   0.216 ;    ; RE   ; 1      ; IO_RE_X54_Y0_N0_I66                 ; IO_RE                   ;
;   1.320 ;   0.187 ;    ; RE   ; 1      ; CLKBUF_CLUSTER_RE_X58_Y0_N0_I1614   ; CLKBUF_CLUSTER_RE       ;
;   1.320 ;   0.000 ;    ; RE   ; 1      ; CLKBUF_CLUSTER_RE_X58_Y0_N0_I616    ; CLKBUF_CLUSTER_RE       ;
;   1.320 ;   0.000 ;    ; RE   ; 1      ; GCLK_CLUSTER_RE_X58_Y0_N6_I10       ; GCLK_CLUSTER_RE         ;
;   1.320 ;   0.000 ;    ; RE   ; 1      ; CLKBUFBLOCK_INPUT_X58_Y0_N7_I0      ; CLKBUFBLOCK_INPUT       ;
;   1.320 ;   0.000 ; RR ; IC   ; 1      ; CLKCTRL_G6                          ; clk~inputCLKENA0|inclk  ;
;   1.655 ;   0.335 ; RR ; CELL ; 56652  ; CLKCTRL_G6                          ; clk~inputCLKENA0|outclk ;
;   1.655 ;   0.000 ;    ; RE   ; 1      ; CLKCTRL_G6                          ; ARRIAV_CLKBUF           ;
;   1.655 ;   0.000 ;    ; RE   ; 1      ; CLKBUFBLOCK_OUTPUT_X58_Y0_N7_I2     ; CLKBUFBLOCK_OUTPUT      ;
;   1.655 ;   0.000 ;    ; RE   ; 1      ; GCLK_CLUSTER_RE_X58_Y0_N6_I12       ; GCLK_CLUSTER_RE         ;
;   1.655 ;   0.000 ;    ; RE   ; 1      ; CLKBUF_CLUSTER_RE_X58_Y0_N0_I417    ; CLKBUF_CLUSTER_RE       ;
;   2.696 ;   1.041 ;    ; RE   ; 16     ; GLOBAL_CLOCK_X0_Y58_N0_I6           ; GLOBAL_CLOCK            ;
;   2.890 ;   0.194 ;    ; RE   ; 29     ; SPINE_CLOCK_X75_Y59_N0_I22          ; SPINE_CLOCK             ;
;   3.348 ;   0.458 ;    ; RE   ; 1      ; SCLK_TO_ROWCLK_BUF_X75_Y60_N0_I132  ; SCLK_TO_ROWCLK_BUF      ;
;   3.436 ;   0.088 ;    ; RE   ; 2      ; SCLK_TO_ROWCLK_BUF_X75_Y60_N0_I135  ; SCLK_TO_ROWCLK_BUF      ;
;   3.875 ;   0.439 ;    ; RE   ; 14     ; LAB_CLK_X76_Y60_N0_I2               ; LAB_CLK                 ;
;   4.023 ;   0.148 ;    ; RE   ; 1      ; BLK_CLK_BUF_X80_Y60_N0_I2           ; BLK_CLK_BUF             ;
;   4.080 ;   0.057 ;    ; RE   ; 1      ; ROWCLKSEL_PREBUF_X80_Y60_N0_I2      ; ROWCLKSEL_PREBUF        ;
;   4.119 ;   0.039 ;    ; RE   ; 1      ; ROWCLKSEL_X80_Y60_N0_I1             ; ROWCLKSEL               ;
;   4.119 ;   0.000 ;    ; RE   ; 3      ; GLOBAL_LOCAL_SEL_X80_Y60_N0_I1      ; GLOBAL_LOCAL_SEL        ;
;   4.119 ;   0.000 ;    ; RE   ; 11     ; LAB_INPUT_X80_Y60_N0_I1             ; LAB_INPUT               ;
;   4.119 ;   0.000 ; RR ; IC   ; 1      ; FF_X80_Y60_N1                       ; op[72]|clk              ;
;   4.651 ;   0.532 ; RR ; CELL ; 1      ; FF_X80_Y60_N1                       ; op[72]                  ;
; 7.157   ; 2.506   ;    ;      ;        ;                                     ; data path               ;
;   4.651 ;   0.000 ;    ; uTco ; 1      ; FF_X80_Y60_N1                       ; op[72]                  ;
;   4.651 ;   0.000 ; FF ; CELL ; 7      ; FF_X80_Y60_N1                       ; op[72]|q                ;
;   4.696 ;   0.045 ;    ; RE   ; 2      ; FF_X80_Y60_N1                       ; ARRIAV_FF               ;
;   4.751 ;   0.055 ;    ; RE   ; 2      ; LE_BUFFER_X80_Y60_N0_I0             ; LE_BUFFER               ;
;   4.916 ;   0.165 ;    ; RE   ; 2      ; C2_X80_Y58_N0_I18                   ; V_SEG2                  ;
;   5.192 ;   0.276 ;    ; RE   ; 2      ; R6_X75_Y59_N0_I28                   ; H_SEG6                  ;
;   5.469 ;   0.277 ;    ; RE   ; 2      ; C2_X79_Y60_N0_I4                    ; V_SEG2                  ;
;   5.710 ;   0.241 ;    ; RE   ; 1      ; C2_X79_Y62_N0_I4                    ; V_SEG2                  ;
;   5.999 ;   0.289 ;    ; RE   ; 1      ; R6_X80_Y62_N0_I9                    ; H_SEG6                  ;
;   6.207 ;   0.208 ;    ; RE   ; 2      ; LOCAL_INTERCONNECT_X83_Y62_N0_I31   ; LAB_LINE                ;
;   6.313 ;   0.106 ;    ; RE   ; 1      ; BLOCK_INPUT_MUX_X83_Y62_N0_I77      ; LEIM_INPUT              ;
;   6.313 ;   0.000 ; FF ; IC   ; 1      ; LABCELL_X83_Y62_N57                 ; Selector5969~0|datac    ;
;   6.887 ;   0.574 ; FF ; CELL ; 1      ; LABCELL_X83_Y62_N57                 ; Selector5969~0|combout  ;
;   6.887 ;   0.000 ;    ; RE   ; 1      ; LABCELL_X83_Y62_N57                 ; ARRIAV_LCELL_COMB       ;
;   6.887 ;   0.000 ; FF ; IC   ; 1      ; FF_X83_Y62_N58                      ; return_scalar[73]|d     ;
;   7.157 ;   0.270 ; FF ; CELL ; 1      ; FF_X83_Y62_N58                      ; return_scalar[73]       ;
+---------+---------+----+------+--------+-------------------------------------+-------------------------+

+---------------------------------------------------------------------------------------------------------+
; Data Required Path                                                                                      ;
+----------+---------+----+------+--------+-------------------------------------+-------------------------+
; Total    ; Incr    ; RF ; Type ; Fanout ; Location                            ; Element                 ;
+----------+---------+----+------+--------+-------------------------------------+-------------------------+
; 10.000   ; 10.000  ;    ;      ;        ;                                     ; latch edge time         ;
; 14.511   ; 4.511   ;    ;      ;        ;                                     ; clock path              ;
;   10.000 ;   0.000 ;    ;      ;        ;                                     ; source latency          ;
;   10.000 ;   0.000 ;    ;      ; 1      ; PIN_AC18                            ; clk                     ;
;   10.000 ;   0.000 ;    ; RE   ; 1      ; IOPAD_X54_Y0_N0                     ; ARRIAV_IO_PAD           ;
;   10.000 ;   0.000 ;    ; RE   ; 1      ; IO_PAD_OUTPUT_X54_Y0_N0_I1          ; IO_PAD_OUTPUT           ;
;   10.000 ;   0.000 ;    ; RE   ; 1      ; IO_INPUT_BUFFER_INPUT_X54_Y0_N1_I0  ; IO_INPUT_BUFFER_INPUT   ;
;   10.000 ;   0.000 ; RR ; IC   ; 1      ; IOIBUF_X54_Y0_N1                    ; clk~input|i             ;
;   10.917 ;   0.917 ; RR ; CELL ; 1      ; IOIBUF_X54_Y0_N1                    ; clk~input|o             ;
;   10.917 ;   0.000 ;    ; RE   ; 1      ; IOIBUF_X54_Y0_N1                    ; ARRIAV_IO_IBUF          ;
;   10.917 ;   0.000 ;    ; RE   ; 1      ; IO_INPUT_BUFFER_OUTPUT_X54_Y0_N1_I2 ; IO_INPUT_BUFFER_OUTPUT  ;
;   10.917 ;   0.000 ;    ; RE   ; 1      ; IO_RE_X54_Y0_N0_I96                 ; IO_RE                   ;
;   11.095 ;   0.178 ;    ; RE   ; 1      ; IO_RE_X54_Y0_N0_I66                 ; IO_RE                   ;
;   11.095 ;   0.000 ;    ; RE   ; 1      ; CLKBUF_CLUSTER_RE_X58_Y0_N0_I1614   ; CLKBUF_CLUSTER_RE       ;
;   11.095 ;   0.000 ;    ; RE   ; 1      ; CLKBUF_CLUSTER_RE_X58_Y0_N0_I616    ; CLKBUF_CLUSTER_RE       ;
;   11.095 ;   0.000 ;    ; RE   ; 1      ; GCLK_CLUSTER_RE_X58_Y0_N6_I10       ; GCLK_CLUSTER_RE         ;
;   11.095 ;   0.000 ;    ; RE   ; 1      ; CLKBUFBLOCK_INPUT_X58_Y0_N7_I0      ; CLKBUFBLOCK_INPUT       ;
;   11.095 ;   0.000 ; RR ; IC   ; 1      ; CLKCTRL_G6                          ; clk~inputCLKENA0|inclk  ;
;   11.407 ;   0.312 ; RR ; CELL ; 56652  ; CLKCTRL_G6                          ; clk~inputCLKENA0|outclk ;
;   11.407 ;   0.000 ;    ; RE   ; 1      ; CLKCTRL_G6                          ; ARRIAV_CLKBUF           ;
;   11.407 ;   0.000 ;    ; RE   ; 1      ; CLKBUFBLOCK_OUTPUT_X58_Y0_N7_I2     ; CLKBUFBLOCK_OUTPUT      ;
;   11.407 ;   0.000 ;    ; RE   ; 1      ; GCLK_CLUSTER_RE_X58_Y0_N6_I12       ; GCLK_CLUSTER_RE         ;
;   11.407 ;   0.000 ;    ; RE   ; 1      ; CLKBUF_CLUSTER_RE_X58_Y0_N0_I417    ; CLKBUF_CLUSTER_RE       ;
;   12.405 ;   0.998 ;    ; RE   ; 16     ; GLOBAL_CLOCK_X0_Y58_N0_I6           ; GLOBAL_CLOCK            ;
;   12.591 ;   0.186 ;    ; RE   ; 29     ; SPINE_CLOCK_X75_Y59_N0_I22          ; SPINE_CLOCK             ;
;   13.032 ;   0.441 ;    ; RE   ; 1      ; SCLK_TO_ROWCLK_BUF_X75_Y62_N0_I132  ; SCLK_TO_ROWCLK_BUF      ;
;   13.117 ;   0.085 ;    ; RE   ; 2      ; SCLK_TO_ROWCLK_BUF_X75_Y62_N0_I135  ; SCLK_TO_ROWCLK_BUF      ;
;   13.542 ;   0.425 ;    ; RE   ; 15     ; LAB_CLK_X76_Y62_N0_I2               ; LAB_CLK                 ;
;   13.679 ;   0.137 ;    ; RE   ; 1      ; BLK_CLK_BUF_X83_Y62_N0_I2           ; BLK_CLK_BUF             ;
;   13.734 ;   0.055 ;    ; RE   ; 1      ; ROWCLKSEL_PREBUF_X83_Y62_N0_I2      ; ROWCLKSEL_PREBUF        ;
;   13.770 ;   0.036 ;    ; RE   ; 1      ; ROWCLKSEL_X83_Y62_N0_I0             ; ROWCLKSEL               ;
;   13.770 ;   0.000 ;    ; RE   ; 2      ; GLOBAL_LOCAL_SEL_X83_Y62_N0_I0      ; GLOBAL_LOCAL_SEL        ;
;   13.770 ;   0.000 ;    ; RE   ; 3      ; LAB_INPUT_X83_Y62_N0_I1             ; LAB_INPUT               ;
;   13.770 ;   0.000 ; RR ; IC   ; 1      ; FF_X83_Y62_N58                      ; return_scalar[73]|clk   ;
;   14.220 ;   0.450 ; RR ; CELL ; 1      ; FF_X83_Y62_N58                      ; return_scalar[73]       ;
;   14.511 ;   0.291 ;    ;      ;        ;                                     ; clock pessimism removed ;
; 14.411   ; -0.100  ;    ;      ;        ;                                     ; clock uncertainty       ;
; 14.411   ; 0.000   ;    ; uTsu ; 1      ; FF_X83_Y62_N58                      ; return_scalar[73]       ;
+----------+---------+----+------+--------+-------------------------------------+-------------------------+

----------------------------
; Extra Fitter Information ;
----------------------------
HTML report is unavailable in plain text report export.


Path #3: Setup slack is 7.591 
===============================================================================
+----------------------------------------+
; Path Summary                           ;
+--------------------+-------------------+
; Property           ; Value             ;
+--------------------+-------------------+
; From Node          ; op[72]            ;
; To Node            ; return_scalar[46] ;
; Launch Clock       ; clk               ;
; Latch Clock        ; clk               ;
; Data Arrival Time  ; 6.820             ;
; Data Required Time ; 14.411            ;
; Slack              ; 7.591             ;
+--------------------+-------------------+

+-------------------------------------------------------------------------------------+
; Statistics                                                                          ;
+------------------------+--------+-------+-------------+------------+--------+-------+
; Property               ; Value  ; Count ; Total Delay ; % of Total ; Min    ; Max   ;
+------------------------+--------+-------+-------------+------------+--------+-------+
; Setup Relationship     ; 10.000 ;       ;             ;            ;        ;       ;
; Clock Skew             ; -0.140 ;       ;             ;            ;        ;       ;
; Data Delay             ; 2.169  ;       ;             ;            ;        ;       ;
; Number of Logic Levels ;        ; 2     ;             ;            ;        ;       ;
; Physical Delays        ;        ;       ;             ;            ;        ;       ;
;  Arrival Path          ;        ;       ;             ;            ;        ;       ;
;   Clock                ;        ;       ;             ;            ;        ;       ;
;    IC                  ;        ; 3     ; 0.000       ; 0          ; 0.000  ; 0.000 ;
;    Cell                ;        ; 3     ; 1.784       ; 38         ; 0.335  ; 0.917 ;
;    Routing Element     ;        ; 25    ; 2.867       ; 62         ; 0.000  ; 1.041 ;
;   Data                 ;        ;       ;             ;            ;        ;       ;
;    IC                  ;        ; 3     ; 0.000       ; 0          ; -0.001 ; 0.001 ;
;    Cell                ;        ; 4     ; 1.019       ; 47         ; 0.000  ; 0.668 ;
;    uTco                ;        ; 1     ; 0.000       ; 0          ; 0.000  ; 0.000 ;
;    Routing Element     ;        ; 11    ; 1.150       ; 53         ; 0.000  ; 0.237 ;
;  Required Path         ;        ;       ;             ;            ;        ;       ;
;   Clock                ;        ;       ;             ;            ;        ;       ;
;    IC                  ;        ; 3     ; 0.000       ; 0          ; 0.000  ; 0.000 ;
;    Cell                ;        ; 3     ; 1.679       ; 40         ; 0.312  ; 0.917 ;
;    Routing Element     ;        ; 25    ; 2.541       ; 60         ; 0.000  ; 0.998 ;
+------------------------+--------+-------+-------------+------------+--------+-------+
Note: Negative delays are omitted from totals when calculating percentages

+---------------------------------------------------------------------------------------------------------+
; Data Arrival Path                                                                                       ;
+---------+----------+----+------+--------+-------------------------------------+-------------------------+
; Total   ; Incr     ; RF ; Type ; Fanout ; Location                            ; Element                 ;
+---------+----------+----+------+--------+-------------------------------------+-------------------------+
; 0.000   ; 0.000    ;    ;      ;        ;                                     ; launch edge time        ;
; 4.651   ; 4.651    ;    ;      ;        ;                                     ; clock path              ;
;   0.000 ;   0.000  ;    ;      ;        ;                                     ; source latency          ;
;   0.000 ;   0.000  ;    ;      ; 1      ; PIN_AC18                            ; clk                     ;
;   0.000 ;   0.000  ;    ; RE   ; 1      ; IOPAD_X54_Y0_N0                     ; ARRIAV_IO_PAD           ;
;   0.000 ;   0.000  ;    ; RE   ; 1      ; IO_PAD_OUTPUT_X54_Y0_N0_I1          ; IO_PAD_OUTPUT           ;
;   0.000 ;   0.000  ;    ; RE   ; 1      ; IO_INPUT_BUFFER_INPUT_X54_Y0_N1_I0  ; IO_INPUT_BUFFER_INPUT   ;
;   0.000 ;   0.000  ; RR ; IC   ; 1      ; IOIBUF_X54_Y0_N1                    ; clk~input|i             ;
;   0.917 ;   0.917  ; RR ; CELL ; 1      ; IOIBUF_X54_Y0_N1                    ; clk~input|o             ;
;   0.917 ;   0.000  ;    ; RE   ; 1      ; IOIBUF_X54_Y0_N1                    ; ARRIAV_IO_IBUF          ;
;   0.917 ;   0.000  ;    ; RE   ; 1      ; IO_INPUT_BUFFER_OUTPUT_X54_Y0_N1_I2 ; IO_INPUT_BUFFER_OUTPUT  ;
;   0.917 ;   0.000  ;    ; RE   ; 1      ; IO_RE_X54_Y0_N0_I96                 ; IO_RE                   ;
;   1.133 ;   0.216  ;    ; RE   ; 1      ; IO_RE_X54_Y0_N0_I66                 ; IO_RE                   ;
;   1.320 ;   0.187  ;    ; RE   ; 1      ; CLKBUF_CLUSTER_RE_X58_Y0_N0_I1614   ; CLKBUF_CLUSTER_RE       ;
;   1.320 ;   0.000  ;    ; RE   ; 1      ; CLKBUF_CLUSTER_RE_X58_Y0_N0_I616    ; CLKBUF_CLUSTER_RE       ;
;   1.320 ;   0.000  ;    ; RE   ; 1      ; GCLK_CLUSTER_RE_X58_Y0_N6_I10       ; GCLK_CLUSTER_RE         ;
;   1.320 ;   0.000  ;    ; RE   ; 1      ; CLKBUFBLOCK_INPUT_X58_Y0_N7_I0      ; CLKBUFBLOCK_INPUT       ;
;   1.320 ;   0.000  ; RR ; IC   ; 1      ; CLKCTRL_G6                          ; clk~inputCLKENA0|inclk  ;
;   1.655 ;   0.335  ; RR ; CELL ; 56652  ; CLKCTRL_G6                          ; clk~inputCLKENA0|outclk ;
;   1.655 ;   0.000  ;    ; RE   ; 1      ; CLKCTRL_G6                          ; ARRIAV_CLKBUF           ;
;   1.655 ;   0.000  ;    ; RE   ; 1      ; CLKBUFBLOCK_OUTPUT_X58_Y0_N7_I2     ; CLKBUFBLOCK_OUTPUT      ;
;   1.655 ;   0.000  ;    ; RE   ; 1      ; GCLK_CLUSTER_RE_X58_Y0_N6_I12       ; GCLK_CLUSTER_RE         ;
;   1.655 ;   0.000  ;    ; RE   ; 1      ; CLKBUF_CLUSTER_RE_X58_Y0_N0_I417    ; CLKBUF_CLUSTER_RE       ;
;   2.696 ;   1.041  ;    ; RE   ; 16     ; GLOBAL_CLOCK_X0_Y58_N0_I6           ; GLOBAL_CLOCK            ;
;   2.890 ;   0.194  ;    ; RE   ; 29     ; SPINE_CLOCK_X75_Y59_N0_I22          ; SPINE_CLOCK             ;
;   3.348 ;   0.458  ;    ; RE   ; 1      ; SCLK_TO_ROWCLK_BUF_X75_Y60_N0_I132  ; SCLK_TO_ROWCLK_BUF      ;
;   3.436 ;   0.088  ;    ; RE   ; 2      ; SCLK_TO_ROWCLK_BUF_X75_Y60_N0_I135  ; SCLK_TO_ROWCLK_BUF      ;
;   3.875 ;   0.439  ;    ; RE   ; 14     ; LAB_CLK_X76_Y60_N0_I2               ; LAB_CLK                 ;
;   4.023 ;   0.148  ;    ; RE   ; 1      ; BLK_CLK_BUF_X80_Y60_N0_I2           ; BLK_CLK_BUF             ;
;   4.080 ;   0.057  ;    ; RE   ; 1      ; ROWCLKSEL_PREBUF_X80_Y60_N0_I2      ; ROWCLKSEL_PREBUF        ;
;   4.119 ;   0.039  ;    ; RE   ; 1      ; ROWCLKSEL_X80_Y60_N0_I1             ; ROWCLKSEL               ;
;   4.119 ;   0.000  ;    ; RE   ; 3      ; GLOBAL_LOCAL_SEL_X80_Y60_N0_I1      ; GLOBAL_LOCAL_SEL        ;
;   4.119 ;   0.000  ;    ; RE   ; 11     ; LAB_INPUT_X80_Y60_N0_I1             ; LAB_INPUT               ;
;   4.119 ;   0.000  ; RR ; IC   ; 1      ; FF_X80_Y60_N1                       ; op[72]|clk              ;
;   4.651 ;   0.532  ; RR ; CELL ; 1      ; FF_X80_Y60_N1                       ; op[72]                  ;
; 6.820   ; 2.169    ;    ;      ;        ;                                     ; data path               ;
;   4.651 ;   0.000  ;    ; uTco ; 1      ; FF_X80_Y60_N1                       ; op[72]                  ;
;   4.651 ;   0.000  ; RR ; CELL ; 7      ; FF_X80_Y60_N1                       ; op[72]|q                ;
;   4.705 ;   0.054  ;    ; RE   ; 2      ; FF_X80_Y60_N1                       ; ARRIAV_FF               ;
;   4.801 ;   0.096  ;    ; RE   ; 2      ; LE_BUFFER_X80_Y60_N0_I0             ; LE_BUFFER               ;
;   4.941 ;   0.140  ;    ; RE   ; 1      ; LOCAL_INTERCONNECT_X80_Y60_N0_I32   ; LAB_LINE                ;
;   5.024 ;   0.083  ;    ; RE   ; 1      ; BLOCK_INPUT_MUX_X80_Y60_N0_I34      ; LEIM_INPUT              ;
;   5.023 ;   -0.001 ; RR ; IC   ; 1      ; LABCELL_X80_Y60_N27                 ; Selector5970~0|dataa    ;
;   5.691 ;   0.668  ; RF ; CELL ; 21     ; LABCELL_X80_Y60_N27                 ; Selector5970~0|combout  ;
;   5.691 ;   0.000  ;    ; RE   ; 2      ; LABCELL_X80_Y60_N27                 ; ARRIAV_LCELL_COMB       ;
;   5.747 ;   0.056  ;    ; RE   ; 2      ; LE_BUFFER_X80_Y60_N0_I18            ; LE_BUFFER               ;
;   5.904 ;   0.157  ;    ; RE   ; 1      ; C2_X80_Y61_N0_I9                    ; V_SEG2                  ;
;   6.141 ;   0.237  ;    ; RE   ; 1      ; R6_X81_Y62_N0_I0                    ; H_SEG6                  ;
;   6.350 ;   0.209  ;    ; RE   ; 1      ; LOCAL_INTERCONNECT_X83_Y62_N0_I0    ; LAB_LINE                ;
;   6.468 ;   0.118  ;    ; RE   ; 1      ; BLOCK_INPUT_MUX_X83_Y62_N0_I39      ; LEIM_INPUT              ;
;   6.469 ;   0.001  ; FF ; IC   ; 1      ; LABCELL_X83_Y62_N27                 ; Selector5970~1|dataf    ;
;   6.550 ;   0.081  ; FF ; CELL ; 1      ; LABCELL_X83_Y62_N27                 ; Selector5970~1|combout  ;
;   6.550 ;   0.000  ;    ; RE   ; 1      ; LABCELL_X83_Y62_N27                 ; ARRIAV_LCELL_COMB       ;
;   6.550 ;   0.000  ; FF ; IC   ; 1      ; FF_X83_Y62_N28                      ; return_scalar[46]|d     ;
;   6.820 ;   0.270  ; FF ; CELL ; 1      ; FF_X83_Y62_N28                      ; return_scalar[46]       ;
+---------+----------+----+------+--------+-------------------------------------+-------------------------+

+---------------------------------------------------------------------------------------------------------+
; Data Required Path                                                                                      ;
+----------+---------+----+------+--------+-------------------------------------+-------------------------+
; Total    ; Incr    ; RF ; Type ; Fanout ; Location                            ; Element                 ;
+----------+---------+----+------+--------+-------------------------------------+-------------------------+
; 10.000   ; 10.000  ;    ;      ;        ;                                     ; latch edge time         ;
; 14.511   ; 4.511   ;    ;      ;        ;                                     ; clock path              ;
;   10.000 ;   0.000 ;    ;      ;        ;                                     ; source latency          ;
;   10.000 ;   0.000 ;    ;      ; 1      ; PIN_AC18                            ; clk                     ;
;   10.000 ;   0.000 ;    ; RE   ; 1      ; IOPAD_X54_Y0_N0                     ; ARRIAV_IO_PAD           ;
;   10.000 ;   0.000 ;    ; RE   ; 1      ; IO_PAD_OUTPUT_X54_Y0_N0_I1          ; IO_PAD_OUTPUT           ;
;   10.000 ;   0.000 ;    ; RE   ; 1      ; IO_INPUT_BUFFER_INPUT_X54_Y0_N1_I0  ; IO_INPUT_BUFFER_INPUT   ;
;   10.000 ;   0.000 ; RR ; IC   ; 1      ; IOIBUF_X54_Y0_N1                    ; clk~input|i             ;
;   10.917 ;   0.917 ; RR ; CELL ; 1      ; IOIBUF_X54_Y0_N1                    ; clk~input|o             ;
;   10.917 ;   0.000 ;    ; RE   ; 1      ; IOIBUF_X54_Y0_N1                    ; ARRIAV_IO_IBUF          ;
;   10.917 ;   0.000 ;    ; RE   ; 1      ; IO_INPUT_BUFFER_OUTPUT_X54_Y0_N1_I2 ; IO_INPUT_BUFFER_OUTPUT  ;
;   10.917 ;   0.000 ;    ; RE   ; 1      ; IO_RE_X54_Y0_N0_I96                 ; IO_RE                   ;
;   11.095 ;   0.178 ;    ; RE   ; 1      ; IO_RE_X54_Y0_N0_I66                 ; IO_RE                   ;
;   11.095 ;   0.000 ;    ; RE   ; 1      ; CLKBUF_CLUSTER_RE_X58_Y0_N0_I1614   ; CLKBUF_CLUSTER_RE       ;
;   11.095 ;   0.000 ;    ; RE   ; 1      ; CLKBUF_CLUSTER_RE_X58_Y0_N0_I616    ; CLKBUF_CLUSTER_RE       ;
;   11.095 ;   0.000 ;    ; RE   ; 1      ; GCLK_CLUSTER_RE_X58_Y0_N6_I10       ; GCLK_CLUSTER_RE         ;
;   11.095 ;   0.000 ;    ; RE   ; 1      ; CLKBUFBLOCK_INPUT_X58_Y0_N7_I0      ; CLKBUFBLOCK_INPUT       ;
;   11.095 ;   0.000 ; RR ; IC   ; 1      ; CLKCTRL_G6                          ; clk~inputCLKENA0|inclk  ;
;   11.407 ;   0.312 ; RR ; CELL ; 56652  ; CLKCTRL_G6                          ; clk~inputCLKENA0|outclk ;
;   11.407 ;   0.000 ;    ; RE   ; 1      ; CLKCTRL_G6                          ; ARRIAV_CLKBUF           ;
;   11.407 ;   0.000 ;    ; RE   ; 1      ; CLKBUFBLOCK_OUTPUT_X58_Y0_N7_I2     ; CLKBUFBLOCK_OUTPUT      ;
;   11.407 ;   0.000 ;    ; RE   ; 1      ; GCLK_CLUSTER_RE_X58_Y0_N6_I12       ; GCLK_CLUSTER_RE         ;
;   11.407 ;   0.000 ;    ; RE   ; 1      ; CLKBUF_CLUSTER_RE_X58_Y0_N0_I417    ; CLKBUF_CLUSTER_RE       ;
;   12.405 ;   0.998 ;    ; RE   ; 16     ; GLOBAL_CLOCK_X0_Y58_N0_I6           ; GLOBAL_CLOCK            ;
;   12.591 ;   0.186 ;    ; RE   ; 29     ; SPINE_CLOCK_X75_Y59_N0_I22          ; SPINE_CLOCK             ;
;   13.032 ;   0.441 ;    ; RE   ; 1      ; SCLK_TO_ROWCLK_BUF_X75_Y62_N0_I132  ; SCLK_TO_ROWCLK_BUF      ;
;   13.117 ;   0.085 ;    ; RE   ; 2      ; SCLK_TO_ROWCLK_BUF_X75_Y62_N0_I135  ; SCLK_TO_ROWCLK_BUF      ;
;   13.542 ;   0.425 ;    ; RE   ; 15     ; LAB_CLK_X76_Y62_N0_I2               ; LAB_CLK                 ;
;   13.679 ;   0.137 ;    ; RE   ; 1      ; BLK_CLK_BUF_X83_Y62_N0_I2           ; BLK_CLK_BUF             ;
;   13.734 ;   0.055 ;    ; RE   ; 1      ; ROWCLKSEL_PREBUF_X83_Y62_N0_I2      ; ROWCLKSEL_PREBUF        ;
;   13.770 ;   0.036 ;    ; RE   ; 1      ; ROWCLKSEL_X83_Y62_N0_I0             ; ROWCLKSEL               ;
;   13.770 ;   0.000 ;    ; RE   ; 2      ; GLOBAL_LOCAL_SEL_X83_Y62_N0_I0      ; GLOBAL_LOCAL_SEL        ;
;   13.770 ;   0.000 ;    ; RE   ; 3      ; LAB_INPUT_X83_Y62_N0_I1             ; LAB_INPUT               ;
;   13.770 ;   0.000 ; RR ; IC   ; 1      ; FF_X83_Y62_N28                      ; return_scalar[46]|clk   ;
;   14.220 ;   0.450 ; RR ; CELL ; 1      ; FF_X83_Y62_N28                      ; return_scalar[46]       ;
;   14.511 ;   0.291 ;    ;      ;        ;                                     ; clock pessimism removed ;
; 14.411   ; -0.100  ;    ;      ;        ;                                     ; clock uncertainty       ;
; 14.411   ; 0.000   ;    ; uTsu ; 1      ; FF_X83_Y62_N28                      ; return_scalar[46]       ;
+----------+---------+----+------+--------+-------------------------------------+-------------------------+

----------------------------
; Extra Fitter Information ;
----------------------------
HTML report is unavailable in plain text report export.


