Info: *******************************************************************
Info: Running Quartus Prime Timing Analyzer
    Info: Version 18.1.0 Build 625 09/12/2018 SJ Lite Edition
    Info: Copyright (C) 2018  Intel Corporation. All rights reserved.
    Info: Your use of Intel Corporation's design tools, logic functions 
    Info: and other software and tools, and its AMPP partner logic 
    Info: functions, and any output files from any of the foregoing 
    Info: (including device programming or simulation files), and any 
    Info: associated documentation or information are expressly subject 
    Info: to the terms and conditions of the Intel Program License 
    Info: Subscription Agreement, the Intel Quartus Prime License Agreement,
    Info: the Intel FPGA IP License Agreement, or other applicable license
    Info: agreement, including, without limitation, that your use is for
    Info: the sole purpose of programming logic devices manufactured by
    Info: Intel and sold by Intel or its authorized distributors.  Please
    Info: refer to the applicable agreement for further details.
    Info: Processing started: Thu Oct 01 23:57:30 2026
Info: Command: quartus_sta -t "D:\2151097_Nguyen Nhut Khanh\tools\timing\extract.tcl" "D:\2151097_Nguyen Nhut Khanh\docs\verification\timing\fullrtl100_pipeline2" sdc "D:\2151097_Nguyen Nhut Khanh\quartus\llm_soc"
Info: Quartus(args): {D:\2151097_Nguyen Nhut Khanh\docs\verification\timing\fullrtl100_pipeline2} sdc {D:\2151097_Nguyen Nhut Khanh\quartus\llm_soc}
Info (20030): Parallel compilation is enabled and will use 16 of the 16 processors detected
Info (21077): Low junction temperature is 0 degrees C
Info (21077): High junction temperature is 85 degrees C
Info (332104): Reading SDC File: 'llm_soc.sdc'
Info (332151): Clock uncertainty is not calculated until you update the timing netlist.
Info (332123): Deriving Clock Uncertainty. Please refer to report_sdc in the Timing Analyzer to see clock uncertainties.
Info (332101): Design is fully constrained for setup requirements
Info (332101): Design is fully constrained for hold requirements
Info (21077): Core supply voltage is 1.1V
Info (332123): Deriving Clock Uncertainty. Please refer to report_sdc in the Timing Analyzer to see clock uncertainties.
Info (332115): Report Timing: Found 40 setup paths (40 violated).  Worst case slack is -1.965
    Info (332115): -setup
    Info (332115): -nworst 1
    Info (332115): -npaths 40
    Info (332115): -show_routing
    Info (332115): -detail full_path
    Info (332115): -file {D:/2151097_Nguyen Nhut Khanh/docs/verification/timing/fullrtl100_pipeline2/slow_1100mv_85c_setup.rpt}
Info (332115): Report Timing: Found 40 hold paths (0 violated).  Worst case slack is 0.186
    Info (332115): -hold
    Info (332115): -nworst 1
    Info (332115): -npaths 40
    Info (332115): -show_routing
    Info (332115): -detail full_path
    Info (332115): -file {D:/2151097_Nguyen Nhut Khanh/docs/verification/timing/fullrtl100_pipeline2/slow_1100mv_85c_hold.rpt}
Info (332115): Report Timing: Found 40 recovery paths (0 violated).  Worst case slack is 6.484
    Info (332115): -recovery
    Info (332115): -nworst 1
    Info (332115): -npaths 40
    Info (332115): -show_routing
    Info (332115): -detail full_path
    Info (332115): -file {D:/2151097_Nguyen Nhut Khanh/docs/verification/timing/fullrtl100_pipeline2/slow_1100mv_85c_recovery.rpt}
Info (332115): Report Timing: Found 40 removal paths (0 violated).  Worst case slack is 0.170
    Info (332115): -removal
    Info (332115): -nworst 1
    Info (332115): -npaths 40
    Info (332115): -show_routing
    Info (332115): -detail full_path
    Info (332115): -file {D:/2151097_Nguyen Nhut Khanh/docs/verification/timing/fullrtl100_pipeline2/slow_1100mv_85c_removal.rpt}
Info (332113): Report Minimum Pulse Width: Found 40 results (0 violated).  Worst case slack is 3.600
    Info (332113): Targets: *
    Info (332113): -nworst: 40
    Info (332113): -detail: full_path
Warning (332174): Ignored filter at qsta_design_analysis.tcl(107): u_cache|g_bank[19].u_storage|read_tile_q[0]|d could not be matched with a pin or net or cell or partition or combinational node File: C:/intelFPGA_lite/18.1/quartus/common/tcl/internal/qsta_design_analysis.tcl Line: 107
Warning (332055): Command report_timing failed
    Warning (332030): Argument <through> is not an object ID
TIMING_CORNER_EXTRACTED: slow_1100mv_85c
Info (21077): Core supply voltage is 1.1V
Info (332123): Deriving Clock Uncertainty. Please refer to report_sdc in the Timing Analyzer to see clock uncertainties.
Info (332115): Report Timing: Found 40 setup paths (40 violated).  Worst case slack is -1.518
    Info (332115): -setup
    Info (332115): -nworst 1
    Info (332115): -npaths 40
    Info (332115): -show_routing
    Info (332115): -detail full_path
    Info (332115): -file {D:/2151097_Nguyen Nhut Khanh/docs/verification/timing/fullrtl100_pipeline2/slow_1100mv_0c_setup.rpt}
Info (332115): Report Timing: Found 40 hold paths (0 violated).  Worst case slack is 0.058
    Info (332115): -hold
    Info (332115): -nworst 1
    Info (332115): -npaths 40
    Info (332115): -show_routing
    Info (332115): -detail full_path
    Info (332115): -file {D:/2151097_Nguyen Nhut Khanh/docs/verification/timing/fullrtl100_pipeline2/slow_1100mv_0c_hold.rpt}
Info (332115): Report Timing: Found 40 recovery paths (0 violated).  Worst case slack is 6.563
    Info (332115): -recovery
    Info (332115): -nworst 1
    Info (332115): -npaths 40
    Info (332115): -show_routing
    Info (332115): -detail full_path
    Info (332115): -file {D:/2151097_Nguyen Nhut Khanh/docs/verification/timing/fullrtl100_pipeline2/slow_1100mv_0c_recovery.rpt}
Info (332115): Report Timing: Found 40 removal paths (0 violated).  Worst case slack is 0.072
    Info (332115): -removal
    Info (332115): -nworst 1
    Info (332115): -npaths 40
    Info (332115): -show_routing
    Info (332115): -detail full_path
    Info (332115): -file {D:/2151097_Nguyen Nhut Khanh/docs/verification/timing/fullrtl100_pipeline2/slow_1100mv_0c_removal.rpt}
Info (332113): Report Minimum Pulse Width: Found 40 results (0 violated).  Worst case slack is 3.548
    Info (332113): Targets: *
    Info (332113): -nworst: 40
    Info (332113): -detail: full_path
TIMING_CORNER_EXTRACTED: slow_1100mv_0c
Info (21077): Core supply voltage is 1.1V
Info (332123): Deriving Clock Uncertainty. Please refer to report_sdc in the Timing Analyzer to see clock uncertainties.
Info (332115): Report Timing: Found 40 setup paths (0 violated).  Worst case slack is 2.165
    Info (332115): -setup
    Info (332115): -nworst 1
    Info (332115): -npaths 40
    Info (332115): -show_routing
    Info (332115): -detail full_path
    Info (332115): -file {D:/2151097_Nguyen Nhut Khanh/docs/verification/timing/fullrtl100_pipeline2/fast_1100mv_85c_setup.rpt}
Info (332115): Report Timing: Found 40 hold paths (0 violated).  Worst case slack is 0.118
    Info (332115): -hold
    Info (332115): -nworst 1
    Info (332115): -npaths 40
    Info (332115): -show_routing
    Info (332115): -detail full_path
    Info (332115): -file {D:/2151097_Nguyen Nhut Khanh/docs/verification/timing/fullrtl100_pipeline2/fast_1100mv_85c_hold.rpt}
Info (332115): Report Timing: Found 40 recovery paths (0 violated).  Worst case slack is 7.083
    Info (332115): -recovery
    Info (332115): -nworst 1
    Info (332115): -npaths 40
    Info (332115): -show_routing
    Info (332115): -detail full_path
    Info (332115): -file {D:/2151097_Nguyen Nhut Khanh/docs/verification/timing/fullrtl100_pipeline2/fast_1100mv_85c_recovery.rpt}
Info (332115): Report Timing: Found 40 removal paths (0 violated).  Worst case slack is 0.435
    Info (332115): -removal
    Info (332115): -nworst 1
    Info (332115): -npaths 40
    Info (332115): -show_routing
    Info (332115): -detail full_path
    Info (332115): -file {D:/2151097_Nguyen Nhut Khanh/docs/verification/timing/fullrtl100_pipeline2/fast_1100mv_85c_removal.rpt}
Info (332113): Report Minimum Pulse Width: Found 40 results (0 violated).  Worst case slack is 3.798
    Info (332113): Targets: *
    Info (332113): -nworst: 40
    Info (332113): -detail: full_path
Warning (332174): Ignored filter at qsta_design_analysis.tcl(107): u_cache|g_bank[19].u_storage|read_tile_q[0]|d could not be matched with a pin or net or cell or partition or combinational node File: C:/intelFPGA_lite/18.1/quartus/common/tcl/internal/qsta_design_analysis.tcl Line: 107
Warning (332055): Command report_timing failed
    Warning (332030): Argument <through> is not an object ID
TIMING_CORNER_EXTRACTED: fast_1100mv_85c
Info (21077): Core supply voltage is 1.1V
Info (332123): Deriving Clock Uncertainty. Please refer to report_sdc in the Timing Analyzer to see clock uncertainties.
Info (332115): Report Timing: Found 40 setup paths (0 violated).  Worst case slack is 3.202
    Info (332115): -setup
    Info (332115): -nworst 1
    Info (332115): -npaths 40
    Info (332115): -show_routing
    Info (332115): -detail full_path
    Info (332115): -file {D:/2151097_Nguyen Nhut Khanh/docs/verification/timing/fullrtl100_pipeline2/fast_1100mv_0c_setup.rpt}
Info (332115): Report Timing: Found 40 hold paths (0 violated).  Worst case slack is 0.050
    Info (332115): -hold
    Info (332115): -nworst 1
    Info (332115): -npaths 40
    Info (332115): -show_routing
    Info (332115): -detail full_path
    Info (332115): -file {D:/2151097_Nguyen Nhut Khanh/docs/verification/timing/fullrtl100_pipeline2/fast_1100mv_0c_hold.rpt}
Info (332115): Report Timing: Found 40 recovery paths (0 violated).  Worst case slack is 7.098
    Info (332115): -recovery
    Info (332115): -nworst 1
    Info (332115): -npaths 40
    Info (332115): -show_routing
    Info (332115): -detail full_path
    Info (332115): -file {D:/2151097_Nguyen Nhut Khanh/docs/verification/timing/fullrtl100_pipeline2/fast_1100mv_0c_recovery.rpt}
Info (332115): Report Timing: Found 40 removal paths (0 violated).  Worst case slack is 0.435
    Info (332115): -removal
    Info (332115): -nworst 1
    Info (332115): -npaths 40
    Info (332115): -show_routing
    Info (332115): -detail full_path
    Info (332115): -file {D:/2151097_Nguyen Nhut Khanh/docs/verification/timing/fullrtl100_pipeline2/fast_1100mv_0c_removal.rpt}
Info (332113): Report Minimum Pulse Width: Found 40 results (0 violated).  Worst case slack is 3.787
    Info (332113): Targets: *
    Info (332113): -nworst: 40
    Info (332113): -detail: full_path
Warning (332174): Ignored filter at qsta_design_analysis.tcl(107): u_cache|g_bank[19].u_storage|read_tile_q[0]|d could not be matched with a pin or net or cell or partition or combinational node File: C:/intelFPGA_lite/18.1/quartus/common/tcl/internal/qsta_design_analysis.tcl Line: 107
Warning (332055): Command report_timing failed
    Warning (332030): Argument <through> is not an object ID
TIMING_CORNER_EXTRACTED: fast_1100mv_0c
TIMING_EXTRACTION_PASS: D:/2151097_Nguyen Nhut Khanh/docs/verification/timing/fullrtl100_pipeline2 (sdc)
Info (23030): Evaluation of Tcl script D:\2151097_Nguyen Nhut Khanh\tools\timing\extract.tcl was successful
Info: Quartus Prime Timing Analyzer was successful. 0 errors, 9 warnings
    Info: Peak virtual memory: 6012 megabytes
    Info: Processing ended: Thu Oct 01 23:58:43 2026
    Info: Elapsed time: 00:01:13
    Info: Total CPU time (on all processors): 00:01:38
