----------------
; Command Info ;
----------------
Report Timing: Found 2 setup paths (0 violated).  Worst case slack is 9.399 

Tcl Command:
    report_timing -setup -show_routing -file {D:/2151097_Nguyen Nhut Khanh/docs/verification/timing/arch_fulltop1_20261007/fast_1100mv_0c_scalar_return.rpt} -from [get_registers {op*}] -to [get_registers {*return_scalar*}] -nworst 1 -npaths 20 -detail full_path

Options:
    -from [get_registers {op*}] 
    -to [get_registers {*return_scalar*}] 
    -setup 
    -nworst 1 
    -npaths 20 
    -show_routing 
    -detail full_path 
    -file {D:/2151097_Nguyen Nhut Khanh/docs/verification/timing/arch_fulltop1_20261007/fast_1100mv_0c_scalar_return.rpt} 

Delay Model:
    Fast 1100mV 0C Model

+----------------------------------------------------------------------------------------------------------------------------+
; Summary of Paths                                                                                                           ;
+-------+-----------+----------------------------------+--------------+-------------+--------------+------------+------------+
; Slack ; From Node ; To Node                          ; Launch Clock ; Latch Clock ; Relationship ; Clock Skew ; Data Delay ;
+-------+-----------+----------------------------------+--------------+-------------+--------------+------------+------------+
; 9.399 ; op[19]    ; return_scalar.RET_SCALAR_H_ROUND ; clk          ; clk         ; 10.000       ; -0.030     ; 0.471      ;
; 9.404 ; op[19]    ; return_scalar.RET_SCALAR_L_ROUND ; clk          ; clk         ; 10.000       ; -0.030     ; 0.466      ;
+-------+-----------+----------------------------------+--------------+-------------+--------------+------------+------------+

Path #1: Setup slack is 9.399 
===============================================================================
+-------------------------------------------------------+
; Path Summary                                          ;
+--------------------+----------------------------------+
; Property           ; Value                            ;
+--------------------+----------------------------------+
; From Node          ; op[19]                           ;
; To Node            ; return_scalar.RET_SCALAR_H_ROUND ;
; Launch Clock       ; clk                              ;
; Latch Clock        ; clk                              ;
; Data Arrival Time  ; 2.602                            ;
; Data Required Time ; 12.001                           ;
; Slack              ; 9.399                            ;
+--------------------+----------------------------------+

+------------------------------------------------------------------------------------+
; Statistics                                                                         ;
+------------------------+--------+-------+-------------+------------+-------+-------+
; Property               ; Value  ; Count ; Total Delay ; % of Total ; Min   ; Max   ;
+------------------------+--------+-------+-------------+------------+-------+-------+
; Setup Relationship     ; 10.000 ;       ;             ;            ;       ;       ;
; Clock Skew             ; -0.030 ;       ;             ;            ;       ;       ;
; Data Delay             ; 0.471  ;       ;             ;            ;       ;       ;
; Number of Logic Levels ;        ; 1     ;             ;            ;       ;       ;
; Physical Delays        ;        ;       ;             ;            ;       ;       ;
;  Arrival Path          ;        ;       ;             ;            ;       ;       ;
;   Clock                ;        ;       ;             ;            ;       ;       ;
;    IC                  ;        ; 3     ; 0.000       ; 0          ; 0.000 ; 0.000 ;
;    Cell                ;        ; 3     ; 0.756       ; 35         ; 0.149 ; 0.406 ;
;    Routing Element     ;        ; 25    ; 1.375       ; 65         ; 0.000 ; 0.492 ;
;   Data                 ;        ;       ;             ;            ;       ;       ;
;    IC                  ;        ; 2     ; 0.000       ; 0          ; 0.000 ; 0.000 ;
;    Cell                ;        ; 3     ; 0.165       ; 35         ; 0.000 ; 0.125 ;
;    uTco                ;        ; 1     ; 0.000       ; 0          ; 0.000 ; 0.000 ;
;    Routing Element     ;        ; 6     ; 0.306       ; 65         ; 0.000 ; 0.113 ;
;  Required Path         ;        ;       ;             ;            ;       ;       ;
;   Clock                ;        ;       ;             ;            ;       ;       ;
;    IC                  ;        ; 3     ; 0.000       ; 0          ; 0.000 ; 0.000 ;
;    Cell                ;        ; 3     ; 0.730       ; 38         ; 0.141 ; 0.406 ;
;    Routing Element     ;        ; 25    ; 1.212       ; 62         ; 0.000 ; 0.478 ;
+------------------------+--------+-------+-------------+------------+-------+-------+
Note: Negative delays are omitted from totals when calculating percentages

+-------------------------------------------------------------------------------------------------------------------+
; Data Arrival Path                                                                                                 ;
+---------+---------+----+------+--------+-------------------------------------+------------------------------------+
; Total   ; Incr    ; RF ; Type ; Fanout ; Location                            ; Element                            ;
+---------+---------+----+------+--------+-------------------------------------+------------------------------------+
; 0.000   ; 0.000   ;    ;      ;        ;                                     ; launch edge time                   ;
; 2.131   ; 2.131   ;    ;      ;        ;                                     ; clock path                         ;
;   0.000 ;   0.000 ;    ;      ;        ;                                     ; source latency                     ;
;   0.000 ;   0.000 ;    ;      ; 1      ; PIN_AC18                            ; clk                                ;
;   0.000 ;   0.000 ;    ; RE   ; 1      ; IOPAD_X54_Y0_N0                     ; ARRIAV_IO_PAD                      ;
;   0.000 ;   0.000 ;    ; RE   ; 1      ; IO_PAD_OUTPUT_X54_Y0_N0_I1          ; IO_PAD_OUTPUT                      ;
;   0.000 ;   0.000 ;    ; RE   ; 1      ; IO_INPUT_BUFFER_INPUT_X54_Y0_N1_I0  ; IO_INPUT_BUFFER_INPUT              ;
;   0.000 ;   0.000 ; RR ; IC   ; 1      ; IOIBUF_X54_Y0_N1                    ; clk~input|i                        ;
;   0.406 ;   0.406 ; RR ; CELL ; 1      ; IOIBUF_X54_Y0_N1                    ; clk~input|o                        ;
;   0.406 ;   0.000 ;    ; RE   ; 1      ; IOIBUF_X54_Y0_N1                    ; ARRIAV_IO_IBUF                     ;
;   0.406 ;   0.000 ;    ; RE   ; 1      ; IO_INPUT_BUFFER_OUTPUT_X54_Y0_N1_I2 ; IO_INPUT_BUFFER_OUTPUT             ;
;   0.406 ;   0.000 ;    ; RE   ; 1      ; IO_RE_X54_Y0_N0_I96                 ; IO_RE                              ;
;   0.541 ;   0.135 ;    ; RE   ; 1      ; IO_RE_X54_Y0_N0_I66                 ; IO_RE                              ;
;   0.622 ;   0.081 ;    ; RE   ; 1      ; CLKBUF_CLUSTER_RE_X58_Y0_N0_I1614   ; CLKBUF_CLUSTER_RE                  ;
;   0.622 ;   0.000 ;    ; RE   ; 1      ; CLKBUF_CLUSTER_RE_X58_Y0_N0_I616    ; CLKBUF_CLUSTER_RE                  ;
;   0.622 ;   0.000 ;    ; RE   ; 1      ; GCLK_CLUSTER_RE_X58_Y0_N6_I10       ; GCLK_CLUSTER_RE                    ;
;   0.622 ;   0.000 ;    ; RE   ; 1      ; CLKBUFBLOCK_INPUT_X58_Y0_N7_I0      ; CLKBUFBLOCK_INPUT                  ;
;   0.622 ;   0.000 ; RR ; IC   ; 1      ; CLKCTRL_G6                          ; clk~inputCLKENA0|inclk             ;
;   0.771 ;   0.149 ; RR ; CELL ; 68041  ; CLKCTRL_G6                          ; clk~inputCLKENA0|outclk            ;
;   0.771 ;   0.000 ;    ; RE   ; 1      ; CLKCTRL_G6                          ; ARRIAV_CLKBUF                      ;
;   0.771 ;   0.000 ;    ; RE   ; 1      ; CLKBUFBLOCK_OUTPUT_X58_Y0_N7_I2     ; CLKBUFBLOCK_OUTPUT                 ;
;   0.771 ;   0.000 ;    ; RE   ; 1      ; GCLK_CLUSTER_RE_X58_Y0_N6_I12       ; GCLK_CLUSTER_RE                    ;
;   0.771 ;   0.000 ;    ; RE   ; 1      ; CLKBUF_CLUSTER_RE_X58_Y0_N0_I417    ; CLKBUF_CLUSTER_RE                  ;
;   1.263 ;   0.492 ;    ; RE   ; 16     ; GLOBAL_CLOCK_X0_Y58_N0_I6           ; GLOBAL_CLOCK                       ;
;   1.388 ;   0.125 ;    ; RE   ; 29     ; SPINE_CLOCK_X45_Y30_N0_I22          ; SPINE_CLOCK                        ;
;   1.582 ;   0.194 ;    ; RE   ; 1      ; SCLK_TO_ROWCLK_BUF_X45_Y43_N0_I132  ; SCLK_TO_ROWCLK_BUF                 ;
;   1.622 ;   0.040 ;    ; RE   ; 2      ; SCLK_TO_ROWCLK_BUF_X45_Y43_N0_I135  ; SCLK_TO_ROWCLK_BUF                 ;
;   1.830 ;   0.208 ;    ; RE   ; 13     ; LAB_CLK_X46_Y43_N0_I2               ; LAB_CLK                            ;
;   1.896 ;   0.066 ;    ; RE   ; 1      ; BLK_CLK_BUF_X59_Y43_N0_I2           ; BLK_CLK_BUF                        ;
;   1.913 ;   0.017 ;    ; RE   ; 1      ; ROWCLKSEL_PREBUF_X59_Y43_N0_I2      ; ROWCLKSEL_PREBUF                   ;
;   1.930 ;   0.017 ;    ; RE   ; 1      ; ROWCLKSEL_X59_Y43_N0_I1             ; ROWCLKSEL                          ;
;   1.930 ;   0.000 ;    ; RE   ; 2      ; GLOBAL_LOCAL_SEL_X59_Y43_N0_I1      ; GLOBAL_LOCAL_SEL                   ;
;   1.930 ;   0.000 ;    ; RE   ; 14     ; LAB_INPUT_X59_Y43_N0_I0             ; LAB_INPUT                          ;
;   1.930 ;   0.000 ; RR ; IC   ; 1      ; FF_X59_Y43_N4                       ; op[19]|clk                         ;
;   2.131 ;   0.201 ; RR ; CELL ; 1      ; FF_X59_Y43_N4                       ; op[19]                             ;
; 2.602   ; 0.471   ;    ;      ;        ;                                     ; data path                          ;
;   2.131 ;   0.000 ;    ; uTco ; 1      ; FF_X59_Y43_N4                       ; op[19]                             ;
;   2.131 ;   0.000 ; FF ; CELL ; 7      ; FF_X59_Y43_N4                       ; op[19]|q                           ;
;   2.145 ;   0.014 ;    ; RE   ; 2      ; FF_X59_Y43_N4                       ; ARRIAV_FF                          ;
;   2.173 ;   0.028 ;    ; RE   ; 2      ; LE_BUFFER_X59_Y43_N0_I2             ; LE_BUFFER                          ;
;   2.263 ;   0.090 ;    ; RE   ; 2      ; R6_X54_Y43_N0_I33                   ; H_SEG6                             ;
;   2.376 ;   0.113 ;    ; RE   ; 4      ; LOCAL_INTERCONNECT_X59_Y43_N0_I20   ; LAB_LINE                           ;
;   2.437 ;   0.061 ;    ; RE   ; 1      ; BLOCK_INPUT_MUX_X59_Y43_N0_I33      ; LEIM_INPUT                         ;
;   2.437 ;   0.000 ; FF ; IC   ; 1      ; LABCELL_X59_Y43_N24                 ; return_scalar~10|dataf             ;
;   2.477 ;   0.040 ; FR ; CELL ; 1      ; LABCELL_X59_Y43_N24                 ; return_scalar~10|combout           ;
;   2.477 ;   0.000 ;    ; RE   ; 1      ; LABCELL_X59_Y43_N24                 ; ARRIAV_LCELL_COMB                  ;
;   2.477 ;   0.000 ; RR ; IC   ; 1      ; FF_X59_Y43_N26                      ; return_scalar.RET_SCALAR_H_ROUND|d ;
;   2.602 ;   0.125 ; RR ; CELL ; 1      ; FF_X59_Y43_N26                      ; return_scalar.RET_SCALAR_H_ROUND   ;
+---------+---------+----+------+--------+-------------------------------------+------------------------------------+

+----------------------------------------------------------------------------------------------------------------------+
; Data Required Path                                                                                                   ;
+----------+---------+----+------+--------+-------------------------------------+--------------------------------------+
; Total    ; Incr    ; RF ; Type ; Fanout ; Location                            ; Element                              ;
+----------+---------+----+------+--------+-------------------------------------+--------------------------------------+
; 10.000   ; 10.000  ;    ;      ;        ;                                     ; latch edge time                      ;
; 12.101   ; 2.101   ;    ;      ;        ;                                     ; clock path                           ;
;   10.000 ;   0.000 ;    ;      ;        ;                                     ; source latency                       ;
;   10.000 ;   0.000 ;    ;      ; 1      ; PIN_AC18                            ; clk                                  ;
;   10.000 ;   0.000 ;    ; RE   ; 1      ; IOPAD_X54_Y0_N0                     ; ARRIAV_IO_PAD                        ;
;   10.000 ;   0.000 ;    ; RE   ; 1      ; IO_PAD_OUTPUT_X54_Y0_N0_I1          ; IO_PAD_OUTPUT                        ;
;   10.000 ;   0.000 ;    ; RE   ; 1      ; IO_INPUT_BUFFER_INPUT_X54_Y0_N1_I0  ; IO_INPUT_BUFFER_INPUT                ;
;   10.000 ;   0.000 ; RR ; IC   ; 1      ; IOIBUF_X54_Y0_N1                    ; clk~input|i                          ;
;   10.406 ;   0.406 ; RR ; CELL ; 1      ; IOIBUF_X54_Y0_N1                    ; clk~input|o                          ;
;   10.406 ;   0.000 ;    ; RE   ; 1      ; IOIBUF_X54_Y0_N1                    ; ARRIAV_IO_IBUF                       ;
;   10.406 ;   0.000 ;    ; RE   ; 1      ; IO_INPUT_BUFFER_OUTPUT_X54_Y0_N1_I2 ; IO_INPUT_BUFFER_OUTPUT               ;
;   10.406 ;   0.000 ;    ; RE   ; 1      ; IO_RE_X54_Y0_N0_I96                 ; IO_RE                                ;
;   10.494 ;   0.088 ;    ; RE   ; 1      ; IO_RE_X54_Y0_N0_I66                 ; IO_RE                                ;
;   10.494 ;   0.000 ;    ; RE   ; 1      ; CLKBUF_CLUSTER_RE_X58_Y0_N0_I1614   ; CLKBUF_CLUSTER_RE                    ;
;   10.494 ;   0.000 ;    ; RE   ; 1      ; CLKBUF_CLUSTER_RE_X58_Y0_N0_I616    ; CLKBUF_CLUSTER_RE                    ;
;   10.494 ;   0.000 ;    ; RE   ; 1      ; GCLK_CLUSTER_RE_X58_Y0_N6_I10       ; GCLK_CLUSTER_RE                      ;
;   10.494 ;   0.000 ;    ; RE   ; 1      ; CLKBUFBLOCK_INPUT_X58_Y0_N7_I0      ; CLKBUFBLOCK_INPUT                    ;
;   10.494 ;   0.000 ; RR ; IC   ; 1      ; CLKCTRL_G6                          ; clk~inputCLKENA0|inclk               ;
;   10.635 ;   0.141 ; RR ; CELL ; 68041  ; CLKCTRL_G6                          ; clk~inputCLKENA0|outclk              ;
;   10.635 ;   0.000 ;    ; RE   ; 1      ; CLKCTRL_G6                          ; ARRIAV_CLKBUF                        ;
;   10.635 ;   0.000 ;    ; RE   ; 1      ; CLKBUFBLOCK_OUTPUT_X58_Y0_N7_I2     ; CLKBUFBLOCK_OUTPUT                   ;
;   10.635 ;   0.000 ;    ; RE   ; 1      ; GCLK_CLUSTER_RE_X58_Y0_N6_I12       ; GCLK_CLUSTER_RE                      ;
;   10.635 ;   0.000 ;    ; RE   ; 1      ; CLKBUF_CLUSTER_RE_X58_Y0_N0_I417    ; CLKBUF_CLUSTER_RE                    ;
;   11.113 ;   0.478 ;    ; RE   ; 16     ; GLOBAL_CLOCK_X0_Y58_N0_I6           ; GLOBAL_CLOCK                         ;
;   11.235 ;   0.122 ;    ; RE   ; 29     ; SPINE_CLOCK_X45_Y30_N0_I22          ; SPINE_CLOCK                          ;
;   11.424 ;   0.189 ;    ; RE   ; 1      ; SCLK_TO_ROWCLK_BUF_X45_Y43_N0_I132  ; SCLK_TO_ROWCLK_BUF                   ;
;   11.463 ;   0.039 ;    ; RE   ; 2      ; SCLK_TO_ROWCLK_BUF_X45_Y43_N0_I135  ; SCLK_TO_ROWCLK_BUF                   ;
;   11.666 ;   0.203 ;    ; RE   ; 13     ; LAB_CLK_X46_Y43_N0_I2               ; LAB_CLK                              ;
;   11.727 ;   0.061 ;    ; RE   ; 1      ; BLK_CLK_BUF_X59_Y43_N0_I2           ; BLK_CLK_BUF                          ;
;   11.743 ;   0.016 ;    ; RE   ; 1      ; ROWCLKSEL_PREBUF_X59_Y43_N0_I2      ; ROWCLKSEL_PREBUF                     ;
;   11.759 ;   0.016 ;    ; RE   ; 1      ; ROWCLKSEL_X59_Y43_N0_I1             ; ROWCLKSEL                            ;
;   11.759 ;   0.000 ;    ; RE   ; 2      ; GLOBAL_LOCAL_SEL_X59_Y43_N0_I1      ; GLOBAL_LOCAL_SEL                     ;
;   11.759 ;   0.000 ;    ; RE   ; 14     ; LAB_INPUT_X59_Y43_N0_I0             ; LAB_INPUT                            ;
;   11.759 ;   0.000 ; RR ; IC   ; 1      ; FF_X59_Y43_N26                      ; return_scalar.RET_SCALAR_H_ROUND|clk ;
;   11.942 ;   0.183 ; RR ; CELL ; 1      ; FF_X59_Y43_N26                      ; return_scalar.RET_SCALAR_H_ROUND     ;
;   12.101 ;   0.159 ;    ;      ;        ;                                     ; clock pessimism removed              ;
; 12.001   ; -0.100  ;    ;      ;        ;                                     ; clock uncertainty                    ;
; 12.001   ; 0.000   ;    ; uTsu ; 1      ; FF_X59_Y43_N26                      ; return_scalar.RET_SCALAR_H_ROUND     ;
+----------+---------+----+------+--------+-------------------------------------+--------------------------------------+

----------------------------
; Extra Fitter Information ;
----------------------------
HTML report is unavailable in plain text report export.


Path #2: Setup slack is 9.404 
===============================================================================
+-------------------------------------------------------+
; Path Summary                                          ;
+--------------------+----------------------------------+
; Property           ; Value                            ;
+--------------------+----------------------------------+
; From Node          ; op[19]                           ;
; To Node            ; return_scalar.RET_SCALAR_L_ROUND ;
; Launch Clock       ; clk                              ;
; Latch Clock        ; clk                              ;
; Data Arrival Time  ; 2.597                            ;
; Data Required Time ; 12.001                           ;
; Slack              ; 9.404                            ;
+--------------------+----------------------------------+

+------------------------------------------------------------------------------------+
; Statistics                                                                         ;
+------------------------+--------+-------+-------------+------------+-------+-------+
; Property               ; Value  ; Count ; Total Delay ; % of Total ; Min   ; Max   ;
+------------------------+--------+-------+-------------+------------+-------+-------+
; Setup Relationship     ; 10.000 ;       ;             ;            ;       ;       ;
; Clock Skew             ; -0.030 ;       ;             ;            ;       ;       ;
; Data Delay             ; 0.466  ;       ;             ;            ;       ;       ;
; Number of Logic Levels ;        ; 1     ;             ;            ;       ;       ;
; Physical Delays        ;        ;       ;             ;            ;       ;       ;
;  Arrival Path          ;        ;       ;             ;            ;       ;       ;
;   Clock                ;        ;       ;             ;            ;       ;       ;
;    IC                  ;        ; 3     ; 0.000       ; 0          ; 0.000 ; 0.000 ;
;    Cell                ;        ; 3     ; 0.756       ; 35         ; 0.149 ; 0.406 ;
;    Routing Element     ;        ; 25    ; 1.375       ; 65         ; 0.000 ; 0.492 ;
;   Data                 ;        ;       ;             ;            ;       ;       ;
;    IC                  ;        ; 2     ; 0.000       ; 0          ; 0.000 ; 0.000 ;
;    Cell                ;        ; 3     ; 0.163       ; 35         ; 0.000 ; 0.125 ;
;    uTco                ;        ; 1     ; 0.000       ; 0          ; 0.000 ; 0.000 ;
;    Routing Element     ;        ; 6     ; 0.303       ; 65         ; 0.000 ; 0.110 ;
;  Required Path         ;        ;       ;             ;            ;       ;       ;
;   Clock                ;        ;       ;             ;            ;       ;       ;
;    IC                  ;        ; 3     ; 0.000       ; 0          ; 0.000 ; 0.000 ;
;    Cell                ;        ; 3     ; 0.730       ; 38         ; 0.141 ; 0.406 ;
;    Routing Element     ;        ; 25    ; 1.212       ; 62         ; 0.000 ; 0.478 ;
+------------------------+--------+-------+-------------+------------+-------+-------+
Note: Negative delays are omitted from totals when calculating percentages

+-------------------------------------------------------------------------------------------------------------------+
; Data Arrival Path                                                                                                 ;
+---------+---------+----+------+--------+-------------------------------------+------------------------------------+
; Total   ; Incr    ; RF ; Type ; Fanout ; Location                            ; Element                            ;
+---------+---------+----+------+--------+-------------------------------------+------------------------------------+
; 0.000   ; 0.000   ;    ;      ;        ;                                     ; launch edge time                   ;
; 2.131   ; 2.131   ;    ;      ;        ;                                     ; clock path                         ;
;   0.000 ;   0.000 ;    ;      ;        ;                                     ; source latency                     ;
;   0.000 ;   0.000 ;    ;      ; 1      ; PIN_AC18                            ; clk                                ;
;   0.000 ;   0.000 ;    ; RE   ; 1      ; IOPAD_X54_Y0_N0                     ; ARRIAV_IO_PAD                      ;
;   0.000 ;   0.000 ;    ; RE   ; 1      ; IO_PAD_OUTPUT_X54_Y0_N0_I1          ; IO_PAD_OUTPUT                      ;
;   0.000 ;   0.000 ;    ; RE   ; 1      ; IO_INPUT_BUFFER_INPUT_X54_Y0_N1_I0  ; IO_INPUT_BUFFER_INPUT              ;
;   0.000 ;   0.000 ; RR ; IC   ; 1      ; IOIBUF_X54_Y0_N1                    ; clk~input|i                        ;
;   0.406 ;   0.406 ; RR ; CELL ; 1      ; IOIBUF_X54_Y0_N1                    ; clk~input|o                        ;
;   0.406 ;   0.000 ;    ; RE   ; 1      ; IOIBUF_X54_Y0_N1                    ; ARRIAV_IO_IBUF                     ;
;   0.406 ;   0.000 ;    ; RE   ; 1      ; IO_INPUT_BUFFER_OUTPUT_X54_Y0_N1_I2 ; IO_INPUT_BUFFER_OUTPUT             ;
;   0.406 ;   0.000 ;    ; RE   ; 1      ; IO_RE_X54_Y0_N0_I96                 ; IO_RE                              ;
;   0.541 ;   0.135 ;    ; RE   ; 1      ; IO_RE_X54_Y0_N0_I66                 ; IO_RE                              ;
;   0.622 ;   0.081 ;    ; RE   ; 1      ; CLKBUF_CLUSTER_RE_X58_Y0_N0_I1614   ; CLKBUF_CLUSTER_RE                  ;
;   0.622 ;   0.000 ;    ; RE   ; 1      ; CLKBUF_CLUSTER_RE_X58_Y0_N0_I616    ; CLKBUF_CLUSTER_RE                  ;
;   0.622 ;   0.000 ;    ; RE   ; 1      ; GCLK_CLUSTER_RE_X58_Y0_N6_I10       ; GCLK_CLUSTER_RE                    ;
;   0.622 ;   0.000 ;    ; RE   ; 1      ; CLKBUFBLOCK_INPUT_X58_Y0_N7_I0      ; CLKBUFBLOCK_INPUT                  ;
;   0.622 ;   0.000 ; RR ; IC   ; 1      ; CLKCTRL_G6                          ; clk~inputCLKENA0|inclk             ;
;   0.771 ;   0.149 ; RR ; CELL ; 68041  ; CLKCTRL_G6                          ; clk~inputCLKENA0|outclk            ;
;   0.771 ;   0.000 ;    ; RE   ; 1      ; CLKCTRL_G6                          ; ARRIAV_CLKBUF                      ;
;   0.771 ;   0.000 ;    ; RE   ; 1      ; CLKBUFBLOCK_OUTPUT_X58_Y0_N7_I2     ; CLKBUFBLOCK_OUTPUT                 ;
;   0.771 ;   0.000 ;    ; RE   ; 1      ; GCLK_CLUSTER_RE_X58_Y0_N6_I12       ; GCLK_CLUSTER_RE                    ;
;   0.771 ;   0.000 ;    ; RE   ; 1      ; CLKBUF_CLUSTER_RE_X58_Y0_N0_I417    ; CLKBUF_CLUSTER_RE                  ;
;   1.263 ;   0.492 ;    ; RE   ; 16     ; GLOBAL_CLOCK_X0_Y58_N0_I6           ; GLOBAL_CLOCK                       ;
;   1.388 ;   0.125 ;    ; RE   ; 29     ; SPINE_CLOCK_X45_Y30_N0_I22          ; SPINE_CLOCK                        ;
;   1.582 ;   0.194 ;    ; RE   ; 1      ; SCLK_TO_ROWCLK_BUF_X45_Y43_N0_I132  ; SCLK_TO_ROWCLK_BUF                 ;
;   1.622 ;   0.040 ;    ; RE   ; 2      ; SCLK_TO_ROWCLK_BUF_X45_Y43_N0_I135  ; SCLK_TO_ROWCLK_BUF                 ;
;   1.830 ;   0.208 ;    ; RE   ; 13     ; LAB_CLK_X46_Y43_N0_I2               ; LAB_CLK                            ;
;   1.896 ;   0.066 ;    ; RE   ; 1      ; BLK_CLK_BUF_X59_Y43_N0_I2           ; BLK_CLK_BUF                        ;
;   1.913 ;   0.017 ;    ; RE   ; 1      ; ROWCLKSEL_PREBUF_X59_Y43_N0_I2      ; ROWCLKSEL_PREBUF                   ;
;   1.930 ;   0.017 ;    ; RE   ; 1      ; ROWCLKSEL_X59_Y43_N0_I1             ; ROWCLKSEL                          ;
;   1.930 ;   0.000 ;    ; RE   ; 2      ; GLOBAL_LOCAL_SEL_X59_Y43_N0_I1      ; GLOBAL_LOCAL_SEL                   ;
;   1.930 ;   0.000 ;    ; RE   ; 14     ; LAB_INPUT_X59_Y43_N0_I0             ; LAB_INPUT                          ;
;   1.930 ;   0.000 ; RR ; IC   ; 1      ; FF_X59_Y43_N4                       ; op[19]|clk                         ;
;   2.131 ;   0.201 ; RR ; CELL ; 1      ; FF_X59_Y43_N4                       ; op[19]                             ;
; 2.597   ; 0.466   ;    ;      ;        ;                                     ; data path                          ;
;   2.131 ;   0.000 ;    ; uTco ; 1      ; FF_X59_Y43_N4                       ; op[19]                             ;
;   2.131 ;   0.000 ; FF ; CELL ; 7      ; FF_X59_Y43_N4                       ; op[19]|q                           ;
;   2.145 ;   0.014 ;    ; RE   ; 2      ; FF_X59_Y43_N4                       ; ARRIAV_FF                          ;
;   2.173 ;   0.028 ;    ; RE   ; 2      ; LE_BUFFER_X59_Y43_N0_I2             ; LE_BUFFER                          ;
;   2.263 ;   0.090 ;    ; RE   ; 2      ; R6_X54_Y43_N0_I33                   ; H_SEG6                             ;
;   2.373 ;   0.110 ;    ; RE   ; 4      ; LOCAL_INTERCONNECT_X59_Y43_N0_I20   ; LAB_LINE                           ;
;   2.434 ;   0.061 ;    ; RE   ; 1      ; BLOCK_INPUT_MUX_X59_Y43_N0_I25      ; LEIM_INPUT                         ;
;   2.434 ;   0.000 ; FF ; IC   ; 1      ; LABCELL_X59_Y43_N18                 ; return_scalar~9|dataf              ;
;   2.472 ;   0.038 ; FF ; CELL ; 1      ; LABCELL_X59_Y43_N18                 ; return_scalar~9|combout            ;
;   2.472 ;   0.000 ;    ; RE   ; 1      ; LABCELL_X59_Y43_N18                 ; ARRIAV_LCELL_COMB                  ;
;   2.472 ;   0.000 ; FF ; IC   ; 1      ; FF_X59_Y43_N19                      ; return_scalar.RET_SCALAR_L_ROUND|d ;
;   2.597 ;   0.125 ; FF ; CELL ; 1      ; FF_X59_Y43_N19                      ; return_scalar.RET_SCALAR_L_ROUND   ;
+---------+---------+----+------+--------+-------------------------------------+------------------------------------+

+----------------------------------------------------------------------------------------------------------------------+
; Data Required Path                                                                                                   ;
+----------+---------+----+------+--------+-------------------------------------+--------------------------------------+
; Total    ; Incr    ; RF ; Type ; Fanout ; Location                            ; Element                              ;
+----------+---------+----+------+--------+-------------------------------------+--------------------------------------+
; 10.000   ; 10.000  ;    ;      ;        ;                                     ; latch edge time                      ;
; 12.101   ; 2.101   ;    ;      ;        ;                                     ; clock path                           ;
;   10.000 ;   0.000 ;    ;      ;        ;                                     ; source latency                       ;
;   10.000 ;   0.000 ;    ;      ; 1      ; PIN_AC18                            ; clk                                  ;
;   10.000 ;   0.000 ;    ; RE   ; 1      ; IOPAD_X54_Y0_N0                     ; ARRIAV_IO_PAD                        ;
;   10.000 ;   0.000 ;    ; RE   ; 1      ; IO_PAD_OUTPUT_X54_Y0_N0_I1          ; IO_PAD_OUTPUT                        ;
;   10.000 ;   0.000 ;    ; RE   ; 1      ; IO_INPUT_BUFFER_INPUT_X54_Y0_N1_I0  ; IO_INPUT_BUFFER_INPUT                ;
;   10.000 ;   0.000 ; RR ; IC   ; 1      ; IOIBUF_X54_Y0_N1                    ; clk~input|i                          ;
;   10.406 ;   0.406 ; RR ; CELL ; 1      ; IOIBUF_X54_Y0_N1                    ; clk~input|o                          ;
;   10.406 ;   0.000 ;    ; RE   ; 1      ; IOIBUF_X54_Y0_N1                    ; ARRIAV_IO_IBUF                       ;
;   10.406 ;   0.000 ;    ; RE   ; 1      ; IO_INPUT_BUFFER_OUTPUT_X54_Y0_N1_I2 ; IO_INPUT_BUFFER_OUTPUT               ;
;   10.406 ;   0.000 ;    ; RE   ; 1      ; IO_RE_X54_Y0_N0_I96                 ; IO_RE                                ;
;   10.494 ;   0.088 ;    ; RE   ; 1      ; IO_RE_X54_Y0_N0_I66                 ; IO_RE                                ;
;   10.494 ;   0.000 ;    ; RE   ; 1      ; CLKBUF_CLUSTER_RE_X58_Y0_N0_I1614   ; CLKBUF_CLUSTER_RE                    ;
;   10.494 ;   0.000 ;    ; RE   ; 1      ; CLKBUF_CLUSTER_RE_X58_Y0_N0_I616    ; CLKBUF_CLUSTER_RE                    ;
;   10.494 ;   0.000 ;    ; RE   ; 1      ; GCLK_CLUSTER_RE_X58_Y0_N6_I10       ; GCLK_CLUSTER_RE                      ;
;   10.494 ;   0.000 ;    ; RE   ; 1      ; CLKBUFBLOCK_INPUT_X58_Y0_N7_I0      ; CLKBUFBLOCK_INPUT                    ;
;   10.494 ;   0.000 ; RR ; IC   ; 1      ; CLKCTRL_G6                          ; clk~inputCLKENA0|inclk               ;
;   10.635 ;   0.141 ; RR ; CELL ; 68041  ; CLKCTRL_G6                          ; clk~inputCLKENA0|outclk              ;
;   10.635 ;   0.000 ;    ; RE   ; 1      ; CLKCTRL_G6                          ; ARRIAV_CLKBUF                        ;
;   10.635 ;   0.000 ;    ; RE   ; 1      ; CLKBUFBLOCK_OUTPUT_X58_Y0_N7_I2     ; CLKBUFBLOCK_OUTPUT                   ;
;   10.635 ;   0.000 ;    ; RE   ; 1      ; GCLK_CLUSTER_RE_X58_Y0_N6_I12       ; GCLK_CLUSTER_RE                      ;
;   10.635 ;   0.000 ;    ; RE   ; 1      ; CLKBUF_CLUSTER_RE_X58_Y0_N0_I417    ; CLKBUF_CLUSTER_RE                    ;
;   11.113 ;   0.478 ;    ; RE   ; 16     ; GLOBAL_CLOCK_X0_Y58_N0_I6           ; GLOBAL_CLOCK                         ;
;   11.235 ;   0.122 ;    ; RE   ; 29     ; SPINE_CLOCK_X45_Y30_N0_I22          ; SPINE_CLOCK                          ;
;   11.424 ;   0.189 ;    ; RE   ; 1      ; SCLK_TO_ROWCLK_BUF_X45_Y43_N0_I132  ; SCLK_TO_ROWCLK_BUF                   ;
;   11.463 ;   0.039 ;    ; RE   ; 2      ; SCLK_TO_ROWCLK_BUF_X45_Y43_N0_I135  ; SCLK_TO_ROWCLK_BUF                   ;
;   11.666 ;   0.203 ;    ; RE   ; 13     ; LAB_CLK_X46_Y43_N0_I2               ; LAB_CLK                              ;
;   11.727 ;   0.061 ;    ; RE   ; 1      ; BLK_CLK_BUF_X59_Y43_N0_I2           ; BLK_CLK_BUF                          ;
;   11.743 ;   0.016 ;    ; RE   ; 1      ; ROWCLKSEL_PREBUF_X59_Y43_N0_I2      ; ROWCLKSEL_PREBUF                     ;
;   11.759 ;   0.016 ;    ; RE   ; 1      ; ROWCLKSEL_X59_Y43_N0_I1             ; ROWCLKSEL                            ;
;   11.759 ;   0.000 ;    ; RE   ; 2      ; GLOBAL_LOCAL_SEL_X59_Y43_N0_I1      ; GLOBAL_LOCAL_SEL                     ;
;   11.759 ;   0.000 ;    ; RE   ; 14     ; LAB_INPUT_X59_Y43_N0_I0             ; LAB_INPUT                            ;
;   11.759 ;   0.000 ; RR ; IC   ; 1      ; FF_X59_Y43_N19                      ; return_scalar.RET_SCALAR_L_ROUND|clk ;
;   11.942 ;   0.183 ; RR ; CELL ; 1      ; FF_X59_Y43_N19                      ; return_scalar.RET_SCALAR_L_ROUND     ;
;   12.101 ;   0.159 ;    ;      ;        ;                                     ; clock pessimism removed              ;
; 12.001   ; -0.100  ;    ;      ;        ;                                     ; clock uncertainty                    ;
; 12.001   ; 0.000   ;    ; uTsu ; 1      ; FF_X59_Y43_N19                      ; return_scalar.RET_SCALAR_L_ROUND     ;
+----------+---------+----+------+--------+-------------------------------------+--------------------------------------+

----------------------------
; Extra Fitter Information ;
----------------------------
HTML report is unavailable in plain text report export.


