Pattern	Register	Type	Fanout_edges	Location
Count	*scalar_round_q*	42
*scalar_round_q*	scalar_round_q[29]	reg	1	FF_X64_Y15_N59
*scalar_round_q*	scalar_round_q[11]	reg	1	FF_X64_Y15_N5
*scalar_round_q*	scalar_round_q[36]	reg	1	FF_X64_Y14_N20
*scalar_round_q*	scalar_round_q[5]	reg	1	FF_X64_Y16_N44
*scalar_round_q*	scalar_round_q[16]	reg	1	FF_X64_Y15_N20
*scalar_round_q*	scalar_round_q[23]	reg	1	FF_X64_Y15_N41
*scalar_round_q*	scalar_round_q[37]	reg	1	FF_X64_Y14_N23
*scalar_round_q*	scalar_round_q[38]	reg	1	FF_X64_Y14_N26
*scalar_round_q*	scalar_round_q[35]	reg	1	FF_X64_Y14_N17
*scalar_round_q*	scalar_round_q[31]	reg	1	FF_X64_Y14_N5
*scalar_round_q*	scalar_round_q[32]	reg	1	FF_X64_Y14_N8
*scalar_round_q*	scalar_round_q[30]	reg	1	FF_X64_Y14_N2
*scalar_round_q*	scalar_round_q[34]	reg	1	FF_X64_Y14_N14
*scalar_round_q*	scalar_round_q[24]	reg	1	FF_X64_Y15_N44
*scalar_round_q*	scalar_round_q[25]	reg	1	FF_X64_Y15_N47
*scalar_round_q*	scalar_round_q[27]	reg	1	FF_X64_Y15_N53
*scalar_round_q*	scalar_round_q[26]	reg	1	FF_X64_Y15_N50
*scalar_round_q*	scalar_round_q[33]	reg	1	FF_X64_Y14_N11
*scalar_round_q*	scalar_round_q[28]	reg	1	FF_X64_Y15_N56
*scalar_round_q*	scalar_round_q[40]	reg	1	FF_X64_Y14_N32
*scalar_round_q*	scalar_round_q[39]	reg	1	FF_X64_Y14_N29
*scalar_round_q*	scalar_round_q[4]	reg	1	FF_X63_Y16_N40
*scalar_round_q*	scalar_round_q[13]	reg	1	FF_X64_Y15_N11
*scalar_round_q*	scalar_round_q[12]	reg	1	FF_X64_Y15_N8
*scalar_round_q*	scalar_round_q[0]	reg	1	FF_X64_Y16_N32
*scalar_round_q*	scalar_round_q[3]	reg	1	FF_X64_Y16_N41
*scalar_round_q*	scalar_round_q[21]	reg	1	FF_X64_Y15_N35
*scalar_round_q*	scalar_round_q[10]	reg	1	FF_X64_Y15_N2
*scalar_round_q*	scalar_round_q[17]	reg	1	FF_X64_Y15_N23
*scalar_round_q*	scalar_round_q[9]	reg	1	FF_X64_Y16_N59
*scalar_round_q*	scalar_round_q[22]	reg	1	FF_X64_Y15_N38
*scalar_round_q*	scalar_round_q[2]	reg	1	FF_X64_Y16_N38
*scalar_round_q*	scalar_round_q[15]	reg	1	FF_X64_Y15_N17
*scalar_round_q*	scalar_round_q[19]	reg	1	FF_X64_Y15_N29
*scalar_round_q*	scalar_round_q[14]	reg	1	FF_X64_Y15_N14
*scalar_round_q*	scalar_round_q[6]	reg	1	FF_X63_Y16_N56
*scalar_round_q*	scalar_round_q[1]	reg	1	FF_X64_Y16_N35
*scalar_round_q*	scalar_round_q[8]	reg	1	FF_X63_Y16_N44
*scalar_round_q*	scalar_round_q[18]	reg	1	FF_X64_Y15_N26
*scalar_round_q*	scalar_round_q[20]	reg	1	FF_X64_Y15_N32
*scalar_round_q*	scalar_round_q[7]	reg	1	FF_X64_Y16_N53
*scalar_round_q*	scalar_round_q[4]~DUPLICATE	reg	1	FF_X63_Y16_N41
Count	*scalar_packet*	31
*scalar_packet*	scalar_packet_valid_q	reg	1	FF_X63_Y46_N46
*scalar_packet*	scalar_packet_group_q[2]	reg	1	FF_X32_Y64_N8
*scalar_packet*	scalar_packet_valid_q~DUPLICATE	reg	1	FF_X63_Y46_N47
*scalar_packet*	scalar_packet_group_q[1]	reg	1	FF_X32_Y64_N43
*scalar_packet*	scalar_packet_group_q[0]	reg	1	FF_X32_Y64_N46
*scalar_packet*	scalar_packet_low_q[11]	reg	1	FF_X61_Y15_N23
*scalar_packet*	scalar_packet_high_q	reg	1	FF_X64_Y14_N59
*scalar_packet*	scalar_packet_low_q[5]	reg	1	FF_X61_Y15_N55
*scalar_packet*	scalar_packet_low_q[16]	reg	1	FF_X63_Y15_N59
*scalar_packet*	scalar_packet_low_q[23]	reg	1	FF_X64_Y16_N26
*scalar_packet*	scalar_packet_lower_q	reg	1	FF_X64_Y14_N40
*scalar_packet*	scalar_packet_low_q[4]	reg	1	FF_X61_Y15_N50
*scalar_packet*	scalar_packet_low_q[13]	reg	1	FF_X61_Y15_N10
*scalar_packet*	scalar_packet_low_q[12]	reg	1	FF_X63_Y15_N5
*scalar_packet*	scalar_packet_low_q[0]	reg	1	FF_X64_Y16_N4
*scalar_packet*	scalar_packet_low_q[3]	reg	1	FF_X61_Y15_N2
*scalar_packet*	scalar_packet_low_q[21]	reg	1	FF_X61_Y15_N29
*scalar_packet*	scalar_packet_low_q[10]	reg	1	FF_X61_Y15_N7
*scalar_packet*	scalar_packet_low_q[17]	reg	1	FF_X61_Y15_N44
*scalar_packet*	scalar_packet_low_q[9]	reg	1	FF_X61_Y15_N37
*scalar_packet*	scalar_packet_low_q[22]	reg	1	FF_X63_Y15_N26
*scalar_packet*	scalar_packet_low_q[2]	reg	1	FF_X64_Y16_N16
*scalar_packet*	scalar_packet_low_q[15]	reg	1	FF_X61_Y15_N26
*scalar_packet*	scalar_packet_low_q[19]	reg	1	FF_X63_Y15_N53
*scalar_packet*	scalar_packet_low_q[14]	reg	1	FF_X63_Y15_N8
*scalar_packet*	scalar_packet_low_q[6]	reg	1	FF_X61_Y15_N16
*scalar_packet*	scalar_packet_low_q[1]	reg	1	FF_X64_Y16_N11
*scalar_packet*	scalar_packet_low_q[8]	reg	1	FF_X61_Y15_N34
*scalar_packet*	scalar_packet_low_q[18]	reg	1	FF_X63_Y15_N23
*scalar_packet*	scalar_packet_low_q[20]	reg	1	FF_X61_Y15_N19
*scalar_packet*	scalar_packet_low_q[7]	reg	1	FF_X64_Y16_N1
Count	*scalar_cluster*	59
*scalar_cluster*	scalar_cluster_valid_q[0]	reg	1	FF_X63_Y64_N53
*scalar_cluster*	scalar_cluster_group_q[0][1]	reg	1	FF_X67_Y64_N26
*scalar_cluster*	scalar_cluster_group_q[0][0]	reg	1	FF_X67_Y64_N11
*scalar_cluster*	scalar_cluster_low_q[0][11]	reg	1	FF_X68_Y65_N22
*scalar_cluster*	scalar_cluster_group_q[1][1]	reg	1	FF_X32_Y64_N38
*scalar_cluster*	scalar_cluster_group_q[1][0]	reg	1	FF_X32_Y64_N35
*scalar_cluster*	scalar_cluster_valid_q[1]	reg	1	FF_X32_Y64_N26
*scalar_cluster*	scalar_cluster_high_q[1]	reg	1	FF_X32_Y64_N1
*scalar_cluster*	scalar_cluster_low_q[0][5]	reg	1	FF_X68_Y65_N49
*scalar_cluster*	scalar_cluster_low_q[0][16]	reg	1	FF_X68_Y65_N31
*scalar_cluster*	scalar_cluster_low_q[0][23]	reg	1	FF_X68_Y65_N56
*scalar_cluster*	scalar_cluster_high_q[0]	reg	1	FF_X67_Y64_N19
*scalar_cluster*	scalar_cluster_lower_q[0]	reg	1	FF_X67_Y64_N5
*scalar_cluster*	scalar_cluster_low_q[0][4]	reg	1	FF_X68_Y64_N40
*scalar_cluster*	scalar_cluster_low_q[0][13]	reg	1	FF_X68_Y65_N7
*scalar_cluster*	scalar_cluster_low_q[0][12]	reg	1	FF_X68_Y65_N43
*scalar_cluster*	scalar_cluster_low_q[0][0]	reg	1	FF_X67_Y64_N59
*scalar_cluster*	scalar_cluster_low_q[0][3]	reg	1	FF_X68_Y65_N53
*scalar_cluster*	scalar_cluster_low_q[0][21]	reg	1	FF_X67_Y64_N28
*scalar_cluster*	scalar_cluster_low_q[0][10]	reg	1	FF_X68_Y65_N14
*scalar_cluster*	scalar_cluster_low_q[0][17]	reg	1	FF_X68_Y65_N40
*scalar_cluster*	scalar_cluster_low_q[0][9]	reg	1	FF_X68_Y65_N37
*scalar_cluster*	scalar_cluster_low_q[0][22]	reg	1	FF_X68_Y65_N58
*scalar_cluster*	scalar_cluster_low_q[0][2]	reg	1	FF_X66_Y65_N13
*scalar_cluster*	scalar_cluster_low_q[0][15]	reg	1	FF_X68_Y65_N5
*scalar_cluster*	scalar_cluster_low_q[0][19]	reg	1	FF_X68_Y65_N26
*scalar_cluster*	scalar_cluster_low_q[0][14]	reg	1	FF_X68_Y65_N20
*scalar_cluster*	scalar_cluster_low_q[0][6]	reg	1	FF_X68_Y65_N47
*scalar_cluster*	scalar_cluster_low_q[0][1]	reg	1	FF_X66_Y65_N55
*scalar_cluster*	scalar_cluster_low_q[0][8]	reg	1	FF_X68_Y65_N1
*scalar_cluster*	scalar_cluster_low_q[0][18]	reg	1	FF_X66_Y65_N4
*scalar_cluster*	scalar_cluster_low_q[0][20]	reg	1	FF_X68_Y65_N28
*scalar_cluster*	scalar_cluster_low_q[0][7]	reg	1	FF_X67_Y65_N14
*scalar_cluster*	scalar_cluster_low_q[1][5]	reg	1	FF_X30_Y64_N37
*scalar_cluster*	scalar_cluster_lower_q[1]	reg	1	FF_X32_Y64_N4
*scalar_cluster*	scalar_cluster_low_q[1][16]	reg	1	FF_X31_Y64_N22
*scalar_cluster*	scalar_cluster_low_q[1][23]	reg	1	FF_X29_Y64_N52
*scalar_cluster*	scalar_cluster_low_q[1][4]	reg	1	FF_X31_Y64_N29
*scalar_cluster*	scalar_cluster_low_q[1][13]	reg	1	FF_X30_Y64_N40
*scalar_cluster*	scalar_cluster_low_q[1][12]	reg	1	FF_X30_Y64_N41
*scalar_cluster*	scalar_cluster_low_q[1][0]	reg	1	FF_X31_Y64_N50
*scalar_cluster*	scalar_cluster_low_q[1][3]	reg	1	FF_X31_Y64_N31
*scalar_cluster*	scalar_cluster_low_q[1][21]	reg	1	FF_X31_Y64_N44
*scalar_cluster*	scalar_cluster_low_q[1][10]	reg	1	FF_X29_Y64_N8
*scalar_cluster*	scalar_cluster_low_q[1][17]	reg	1	FF_X31_Y64_N41
*scalar_cluster*	scalar_cluster_low_q[1][9]	reg	1	FF_X31_Y64_N58
*scalar_cluster*	scalar_cluster_low_q[1][22]	reg	1	FF_X31_Y64_N56
*scalar_cluster*	scalar_cluster_low_q[1][2]	reg	1	FF_X31_Y64_N35
*scalar_cluster*	scalar_cluster_low_q[1][15]	reg	1	FF_X31_Y64_N19
*scalar_cluster*	scalar_cluster_low_q[1][19]	reg	1	FF_X31_Y64_N47
*scalar_cluster*	scalar_cluster_low_q[1][14]	reg	1	FF_X31_Y64_N1
*scalar_cluster*	scalar_cluster_low_q[1][6]	reg	1	FF_X30_Y64_N38
*scalar_cluster*	scalar_cluster_low_q[1][1]	reg	1	FF_X31_Y64_N25
*scalar_cluster*	scalar_cluster_low_q[1][8]	reg	1	FF_X31_Y64_N11
*scalar_cluster*	scalar_cluster_low_q[1][18]	reg	1	FF_X31_Y64_N17
*scalar_cluster*	scalar_cluster_low_q[1][20]	reg	1	FF_X29_Y64_N11
*scalar_cluster*	scalar_cluster_low_q[1][7]	reg	1	FF_X31_Y64_N13
*scalar_cluster*	scalar_cluster_low_q[1][11]	reg	1	FF_X29_Y64_N50
*scalar_cluster*	scalar_cluster_lower_q[1]~DUPLICATE	reg	1	FF_X32_Y64_N5
Count	*scalar_group_q*	202
*scalar_group_q*	scalar_group_q[2][11]	reg	1	FF_X69_Y65_N14
*scalar_group_q*	scalar_group_q[6][11]	reg	1	FF_X27_Y52_N31
*scalar_group_q*	scalar_group_q[2][5]	reg	1	FF_X69_Y65_N8
*scalar_group_q*	scalar_group_q[3][11]	reg	1	FF_X76_Y58_N43
*scalar_group_q*	scalar_group_q[3][5]	reg	1	FF_X76_Y58_N31
*scalar_group_q*	scalar_group_q[3][16]	reg	1	FF_X76_Y58_N7
*scalar_group_q*	scalar_group_q[3][23]	reg	1	FF_X76_Y58_N13
*scalar_group_q*	scalar_group_q[3][4]	reg	1	FF_X76_Y58_N53
*scalar_group_q*	scalar_group_q[3][13]	reg	1	FF_X76_Y58_N16
*scalar_group_q*	scalar_group_q[3][12]	reg	1	FF_X76_Y58_N46
*scalar_group_q*	scalar_group_q[3][0]	reg	1	FF_X76_Y63_N7
*scalar_group_q*	scalar_group_q[3][3]	reg	1	FF_X76_Y58_N19
*scalar_group_q*	scalar_group_q[3][21]	reg	1	FF_X76_Y58_N38
*scalar_group_q*	scalar_group_q[3][10]	reg	1	FF_X76_Y58_N58
*scalar_group_q*	scalar_group_q[3][17]	reg	1	FF_X76_Y58_N1
*scalar_group_q*	scalar_group_q[3][9]~DUPLICATE	reg	1	FF_X76_Y58_N40
*scalar_group_q*	scalar_group_q[3][22]	reg	1	FF_X76_Y58_N49
*scalar_group_q*	scalar_group_q[3][2]	reg	1	FF_X76_Y58_N50
*scalar_group_q*	scalar_group_q[3][15]	reg	1	FF_X76_Y58_N55
*scalar_group_q*	scalar_group_q[3][19]~DUPLICATE	reg	1	FF_X76_Y58_N34
*scalar_group_q*	scalar_group_q[3][14]	reg	1	FF_X75_Y59_N28
*scalar_group_q*	scalar_group_q[3][6]	reg	1	FF_X76_Y58_N4
*scalar_group_q*	scalar_group_q[3][1]	reg	1	FF_X76_Y58_N22
*scalar_group_q*	scalar_group_q[3][8]	reg	1	FF_X76_Y58_N11
*scalar_group_q*	scalar_group_q[3][18]	reg	1	FF_X76_Y60_N11
*scalar_group_q*	scalar_group_q[3][20]	reg	1	FF_X76_Y58_N52
*scalar_group_q*	scalar_group_q[3][7]	reg	1	FF_X76_Y60_N43
*scalar_group_q*	scalar_group_q[7][11]~DUPLICATE	reg	1	FF_X27_Y52_N17
*scalar_group_q*	scalar_group_q[7][5]	reg	1	FF_X30_Y52_N28
*scalar_group_q*	scalar_group_q[7][16]	reg	1	FF_X30_Y52_N7
*scalar_group_q*	scalar_group_q[7][23]	reg	1	FF_X30_Y52_N19
*scalar_group_q*	scalar_group_q[7][4]	reg	1	FF_X30_Y52_N20
*scalar_group_q*	scalar_group_q[7][13]	reg	1	FF_X30_Y52_N32
*scalar_group_q*	scalar_group_q[7][12]	reg	1	FF_X27_Y52_N14
*scalar_group_q*	scalar_group_q[7][0]	reg	1	FF_X30_Y52_N29
*scalar_group_q*	scalar_group_q[7][3]	reg	1	FF_X30_Y52_N11
*scalar_group_q*	scalar_group_q[7][21]	reg	1	FF_X30_Y52_N14
*scalar_group_q*	scalar_group_q[7][10]	reg	1	FF_X27_Y52_N55
*scalar_group_q*	scalar_group_q[7][17]	reg	1	FF_X30_Y52_N31
*scalar_group_q*	scalar_group_q[7][9]	reg	1	FF_X30_Y52_N22
*scalar_group_q*	scalar_group_q[7][22]	reg	1	FF_X30_Y52_N25
*scalar_group_q*	scalar_group_q[7][2]	reg	1	FF_X30_Y52_N26
*scalar_group_q*	scalar_group_q[7][15]	reg	1	FF_X27_Y52_N58
*scalar_group_q*	scalar_group_q[7][19]	reg	1	FF_X30_Y52_N35
*scalar_group_q*	scalar_group_q[7][14]	reg	1	FF_X30_Y52_N13
*scalar_group_q*	scalar_group_q[7][6]~DUPLICATE	reg	1	FF_X30_Y52_N17
*scalar_group_q*	scalar_group_q[7][1]	reg	1	FF_X30_Y52_N10
*scalar_group_q*	scalar_group_q[7][8]	reg	1	FF_X30_Y52_N8
*scalar_group_q*	scalar_group_q[7][18]	reg	1	FF_X30_Y59_N56
*scalar_group_q*	scalar_group_q[7][20]	reg	1	FF_X30_Y52_N34
*scalar_group_q*	scalar_group_q[7][7]	reg	1	FF_X27_Y52_N52
*scalar_group_q*	scalar_group_q[2][16]	reg	1	FF_X69_Y65_N23
*scalar_group_q*	scalar_group_q[2][23]	reg	1	FF_X69_Y65_N44
*scalar_group_q*	scalar_group_q[2][4]	reg	1	FF_X70_Y66_N43
*scalar_group_q*	scalar_group_q[2][13]	reg	1	FF_X69_Y65_N2
*scalar_group_q*	scalar_group_q[2][12]	reg	1	FF_X69_Y65_N20
*scalar_group_q*	scalar_group_q[2][0]	reg	1	FF_X70_Y66_N13
*scalar_group_q*	scalar_group_q[2][3]	reg	1	FF_X69_Y65_N50
*scalar_group_q*	scalar_group_q[2][21]	reg	1	FF_X70_Y66_N52
*scalar_group_q*	scalar_group_q[2][10]	reg	1	FF_X69_Y65_N32
*scalar_group_q*	scalar_group_q[2][17]	reg	1	FF_X69_Y65_N5
*scalar_group_q*	scalar_group_q[2][9]	reg	1	FF_X69_Y65_N17
*scalar_group_q*	scalar_group_q[2][22]	reg	1	FF_X69_Y65_N53
*scalar_group_q*	scalar_group_q[2][2]	reg	1	FF_X69_Y65_N11
*scalar_group_q*	scalar_group_q[2][15]	reg	1	FF_X69_Y65_N59
*scalar_group_q*	scalar_group_q[2][19]	reg	1	FF_X69_Y65_N41
*scalar_group_q*	scalar_group_q[2][14]	reg	1	FF_X69_Y65_N56
*scalar_group_q*	scalar_group_q[2][6]	reg	1	FF_X69_Y65_N29
*scalar_group_q*	scalar_group_q[2][1]	reg	1	FF_X69_Y65_N38
*scalar_group_q*	scalar_group_q[2][8]	reg	1	FF_X69_Y65_N47
*scalar_group_q*	scalar_group_q[2][18]	reg	1	FF_X69_Y65_N35
*scalar_group_q*	scalar_group_q[2][20]	reg	1	FF_X70_Y66_N10
*scalar_group_q*	scalar_group_q[2][7]	reg	1	FF_X69_Y65_N26
*scalar_group_q*	scalar_group_q[6][5]	reg	1	FF_X30_Y52_N37
*scalar_group_q*	scalar_group_q[6][16]	reg	1	FF_X30_Y52_N53
*scalar_group_q*	scalar_group_q[6][23]	reg	1	FF_X30_Y52_N1
*scalar_group_q*	scalar_group_q[6][4]	reg	1	FF_X27_Y52_N7
*scalar_group_q*	scalar_group_q[6][13]	reg	1	FF_X30_Y52_N40
*scalar_group_q*	scalar_group_q[6][12]	reg	1	FF_X27_Y52_N40
*scalar_group_q*	scalar_group_q[6][0]	reg	1	FF_X30_Y52_N55
*scalar_group_q*	scalar_group_q[6][3]	reg	1	FF_X30_Y52_N56
*scalar_group_q*	scalar_group_q[6][21]	reg	1	FF_X30_Y52_N43
*scalar_group_q*	scalar_group_q[6][10]	reg	1	FF_X27_Y52_N10
*scalar_group_q*	scalar_group_q[6][17]	reg	1	FF_X30_Y52_N4
*scalar_group_q*	scalar_group_q[6][9]	reg	1	FF_X30_Y52_N41
*scalar_group_q*	scalar_group_q[6][22]	reg	1	FF_X30_Y52_N59
*scalar_group_q*	scalar_group_q[6][2]	reg	1	FF_X30_Y52_N52
*scalar_group_q*	scalar_group_q[6][15]	reg	1	FF_X27_Y52_N19
*scalar_group_q*	scalar_group_q[6][19]	reg	1	FF_X30_Y52_N50
*scalar_group_q*	scalar_group_q[6][14]	reg	1	FF_X30_Y52_N47
*scalar_group_q*	scalar_group_q[6][6]	reg	1	FF_X27_Y52_N28
*scalar_group_q*	scalar_group_q[6][1]	reg	1	FF_X27_Y52_N1
*scalar_group_q*	scalar_group_q[6][8]	reg	1	FF_X30_Y52_N46
*scalar_group_q*	scalar_group_q[6][18]	reg	1	FF_X30_Y59_N29
*scalar_group_q*	scalar_group_q[6][20]	reg	1	FF_X31_Y52_N16
*scalar_group_q*	scalar_group_q[6][7]	reg	1	FF_X27_Y52_N46
*scalar_group_q*	scalar_group_q[4][11]	reg	1	FF_X29_Y64_N2
*scalar_group_q*	scalar_group_q[4][5]	reg	1	FF_X30_Y64_N47
*scalar_group_q*	scalar_group_q[4][16]	reg	1	FF_X28_Y75_N4
*scalar_group_q*	scalar_group_q[4][23]	reg	1	FF_X30_Y68_N13
*scalar_group_q*	scalar_group_q[4][4]	reg	1	FF_X30_Y64_N2
*scalar_group_q*	scalar_group_q[4][13]	reg	1	FF_X30_Y74_N37
*scalar_group_q*	scalar_group_q[4][12]	reg	1	FF_X29_Y64_N4
*scalar_group_q*	scalar_group_q[4][0]	reg	1	FF_X30_Y64_N34
*scalar_group_q*	scalar_group_q[4][3]	reg	1	FF_X30_Y64_N50
*scalar_group_q*	scalar_group_q[4][21]	reg	1	FF_X30_Y64_N8
*scalar_group_q*	scalar_group_q[4][10]	reg	1	FF_X28_Y74_N11
*scalar_group_q*	scalar_group_q[4][17]	reg	1	FF_X32_Y75_N40
*scalar_group_q*	scalar_group_q[4][9]	reg	1	FF_X30_Y64_N44
*scalar_group_q*	scalar_group_q[4][22]	reg	1	FF_X30_Y74_N17
*scalar_group_q*	scalar_group_q[4][2]	reg	1	FF_X30_Y74_N52
*scalar_group_q*	scalar_group_q[4][15]	reg	1	FF_X29_Y64_N43
*scalar_group_q*	scalar_group_q[4][19]	reg	1	FF_X30_Y74_N35
*scalar_group_q*	scalar_group_q[4][14]	reg	1	FF_X28_Y74_N20
*scalar_group_q*	scalar_group_q[4][6]	reg	1	FF_X29_Y64_N16
*scalar_group_q*	scalar_group_q[4][1]	reg	1	FF_X30_Y64_N53
*scalar_group_q*	scalar_group_q[4][8]	reg	1	FF_X30_Y74_N46
*scalar_group_q*	scalar_group_q[4][18]	reg	1	FF_X30_Y71_N22
*scalar_group_q*	scalar_group_q[4][20]	reg	1	FF_X29_Y64_N56
*scalar_group_q*	scalar_group_q[4][7]	reg	1	FF_X30_Y64_N23
*scalar_group_q*	scalar_group_q[3][9]	reg	1	FF_X76_Y58_N41
*scalar_group_q*	scalar_group_q[3][19]	reg	1	FF_X76_Y58_N35
*scalar_group_q*	scalar_group_q[5][11]	reg	1	FF_X29_Y64_N37
*scalar_group_q*	scalar_group_q[5][5]	reg	1	FF_X30_Y64_N28
*scalar_group_q*	scalar_group_q[5][16]	reg	1	FF_X30_Y64_N55
*scalar_group_q*	scalar_group_q[5][23]	reg	1	FF_X30_Y68_N11
*scalar_group_q*	scalar_group_q[5][4]	reg	1	FF_X30_Y64_N58
*scalar_group_q*	scalar_group_q[5][13]	reg	1	FF_X29_Y64_N23
*scalar_group_q*	scalar_group_q[5][12]	reg	1	FF_X29_Y64_N41
*scalar_group_q*	scalar_group_q[5][0]	reg	1	FF_X30_Y64_N13
*scalar_group_q*	scalar_group_q[5][3]	reg	1	FF_X30_Y64_N17
*scalar_group_q*	scalar_group_q[5][21]	reg	1	FF_X30_Y64_N59
*scalar_group_q*	scalar_group_q[5][10]	reg	1	FF_X29_Y64_N34
*scalar_group_q*	scalar_group_q[5][17]	reg	1	FF_X37_Y75_N5
*scalar_group_q*	scalar_group_q[5][9]~DUPLICATE	reg	1	FF_X29_Y65_N55
*scalar_group_q*	scalar_group_q[5][22]	reg	1	FF_X37_Y75_N56
*scalar_group_q*	scalar_group_q[5][2]	reg	1	FF_X30_Y64_N56
*scalar_group_q*	scalar_group_q[5][15]	reg	1	FF_X29_Y64_N28
*scalar_group_q*	scalar_group_q[5][19]	reg	1	FF_X28_Y65_N55
*scalar_group_q*	scalar_group_q[5][14]	reg	1	FF_X30_Y64_N29
*scalar_group_q*	scalar_group_q[5][6]	reg	1	FF_X29_Y65_N34
*scalar_group_q*	scalar_group_q[5][1]	reg	1	FF_X29_Y65_N7
*scalar_group_q*	scalar_group_q[5][8]	reg	1	FF_X28_Y65_N34
*scalar_group_q*	scalar_group_q[5][18]	reg	1	FF_X31_Y65_N40
*scalar_group_q*	scalar_group_q[5][20]	reg	1	FF_X29_Y64_N31
*scalar_group_q*	scalar_group_q[5][7]~DUPLICATE	reg	1	FF_X28_Y65_N40
*scalar_group_q*	scalar_group_q[5][9]	reg	1	FF_X29_Y65_N56
*scalar_group_q*	scalar_group_q[5][6]~DUPLICATE	reg	1	FF_X29_Y65_N35
*scalar_group_q*	scalar_group_q[5][7]	reg	1	FF_X28_Y65_N41
*scalar_group_q*	scalar_group_q[0][11]	reg	1	FF_X73_Y51_N56
*scalar_group_q*	scalar_group_q[0][5]	reg	1	FF_X73_Y51_N32
*scalar_group_q*	scalar_group_q[0][16]	reg	1	FF_X73_Y51_N35
*scalar_group_q*	scalar_group_q[0][23]	reg	1	FF_X73_Y51_N37
*scalar_group_q*	scalar_group_q[0][4]	reg	1	FF_X73_Y51_N47
*scalar_group_q*	scalar_group_q[0][13]	reg	1	FF_X73_Y51_N13
*scalar_group_q*	scalar_group_q[0][12]	reg	1	FF_X73_Y51_N4
*scalar_group_q*	scalar_group_q[0][0]	reg	1	FF_X76_Y60_N56
*scalar_group_q*	scalar_group_q[0][3]	reg	1	FF_X73_Y51_N2
*scalar_group_q*	scalar_group_q[0][21]	reg	1	FF_X73_Y51_N58
*scalar_group_q*	scalar_group_q[0][10]	reg	1	FF_X73_Y51_N40
*scalar_group_q*	scalar_group_q[0][17]	reg	1	FF_X73_Y51_N17
*scalar_group_q*	scalar_group_q[0][9]	reg	1	FF_X73_Y51_N11
*scalar_group_q*	scalar_group_q[0][22]	reg	1	FF_X69_Y55_N50
*scalar_group_q*	scalar_group_q[0][2]	reg	1	FF_X73_Y51_N44
*scalar_group_q*	scalar_group_q[0][15]	reg	1	FF_X73_Y51_N43
*scalar_group_q*	scalar_group_q[0][19]	reg	1	FF_X73_Y51_N22
*scalar_group_q*	scalar_group_q[0][14]	reg	1	FF_X73_Y51_N19
*scalar_group_q*	scalar_group_q[0][6]	reg	1	FF_X73_Y51_N49
*scalar_group_q*	scalar_group_q[0][1]	reg	1	FF_X73_Y51_N26
*scalar_group_q*	scalar_group_q[0][8]	reg	1	FF_X73_Y51_N7
*scalar_group_q*	scalar_group_q[0][18]	reg	1	FF_X73_Y51_N53
*scalar_group_q*	scalar_group_q[0][20]	reg	1	FF_X73_Y51_N28
*scalar_group_q*	scalar_group_q[0][7]	reg	1	FF_X76_Y60_N58
*scalar_group_q*	scalar_group_q[7][6]	reg	1	FF_X30_Y52_N16
*scalar_group_q*	scalar_group_q[5][17]~DUPLICATE	reg	1	FF_X37_Y75_N4
*scalar_group_q*	scalar_group_q[1][11]	reg	1	FF_X76_Y60_N53
*scalar_group_q*	scalar_group_q[1][5]	reg	1	FF_X76_Y60_N13
*scalar_group_q*	scalar_group_q[1][16]	reg	1	FF_X76_Y60_N22
*scalar_group_q*	scalar_group_q[1][23]	reg	1	FF_X76_Y60_N34
*scalar_group_q*	scalar_group_q[1][4]	reg	1	FF_X76_Y60_N50
*scalar_group_q*	scalar_group_q[1][13]	reg	1	FF_X76_Y60_N37
*scalar_group_q*	scalar_group_q[1][12]	reg	1	FF_X76_Y60_N40
*scalar_group_q*	scalar_group_q[1][0]	reg	1	FF_X76_Y60_N26
*scalar_group_q*	scalar_group_q[1][3]	reg	1	FF_X76_Y60_N52
*scalar_group_q*	scalar_group_q[1][21]	reg	1	FF_X76_Y60_N4
*scalar_group_q*	scalar_group_q[1][10]	reg	1	FF_X76_Y60_N49
*scalar_group_q*	scalar_group_q[1][17]	reg	1	FF_X76_Y60_N5
*scalar_group_q*	scalar_group_q[1][9]	reg	1	FF_X76_Y60_N32
*scalar_group_q*	scalar_group_q[1][22]	reg	1	FF_X76_Y60_N29
*scalar_group_q*	scalar_group_q[1][2]	reg	1	FF_X76_Y60_N20
*scalar_group_q*	scalar_group_q[1][15]	reg	1	FF_X76_Y60_N2
*scalar_group_q*	scalar_group_q[1][19]	reg	1	FF_X76_Y60_N31
*scalar_group_q*	scalar_group_q[1][14]	reg	1	FF_X76_Y60_N19
*scalar_group_q*	scalar_group_q[1][6]	reg	1	FF_X76_Y60_N41
*scalar_group_q*	scalar_group_q[1][1]	reg	1	FF_X76_Y60_N23
*scalar_group_q*	scalar_group_q[1][8]~DUPLICATE	reg	1	FF_X76_Y60_N17
*scalar_group_q*	scalar_group_q[1][18]	reg	1	FF_X76_Y60_N25
*scalar_group_q*	scalar_group_q[1][20]	reg	1	FF_X76_Y60_N1
*scalar_group_q*	scalar_group_q[1][7]	reg	1	FF_X76_Y60_N38
*scalar_group_q*	scalar_group_q[1][8]	reg	1	FF_X76_Y60_N16
*scalar_group_q*	scalar_group_q[7][11]	reg	1	FF_X27_Y52_N16
*scalar_group_q*	scalar_group_q[6][6]~DUPLICATE	reg	1	FF_X27_Y52_N29
Count	*token_prompt*	107
*token_prompt*	token_prompt_word_q[6][5]	reg	1	FF_X80_Y8_N35
*token_prompt*	token_prompt_address_q[0]	reg	1	FF_X70_Y19_N1
*token_prompt*	token_prompt_address_q[1]~DUPLICATE	reg	1	FF_X70_Y19_N58
*token_prompt*	token_prompt_address_q[3]	reg	1	FF_X70_Y19_N37
*token_prompt*	token_prompt_address_q[2]	reg	1	FF_X70_Y20_N50
*token_prompt*	token_prompt_word_q[5][5]	reg	1	FF_X85_Y9_N10
*token_prompt*	token_prompt_bank_q[0]	reg	1	FF_X75_Y17_N1
*token_prompt*	token_prompt_address_q[4]	reg	1	FF_X70_Y20_N58
*token_prompt*	token_prompt_word_q[7][5]	reg	1	FF_X90_Y16_N31
*token_prompt*	token_prompt_bank_q[1]	reg	1	FF_X75_Y17_N8
*token_prompt*	token_prompt_address_q[5]	reg	1	FF_X70_Y19_N19
*token_prompt*	token_prompt_word_q[4][5]	reg	1	FF_X80_Y8_N5
*token_prompt*	token_prompt_word_q[1][5]	reg	1	FF_X76_Y17_N49
*token_prompt*	token_prompt_word_q[3][5]	reg	1	FF_X89_Y14_N34
*token_prompt*	token_prompt_word_q[2][5]	reg	1	FF_X75_Y17_N17
*token_prompt*	token_prompt_word_q[0][5]	reg	1	FF_X73_Y15_N49
*token_prompt*	token_prompt_bank_q[2]	reg	1	FF_X70_Y20_N4
*token_prompt*	token_prompt_address_q[6]	reg	1	FF_X70_Y20_N53
*token_prompt*	token_prompt_word_q[4][4]	reg	1	FF_X78_Y14_N26
*token_prompt*	token_prompt_word_q[5][4]	reg	1	FF_X81_Y9_N13
*token_prompt*	token_prompt_word_q[6][4]	reg	1	FF_X81_Y8_N13
*token_prompt*	token_prompt_word_q[7][4]	reg	1	FF_X90_Y16_N26
*token_prompt*	token_prompt_word_q[0][4]	reg	1	FF_X75_Y14_N28
*token_prompt*	token_prompt_word_q[3][4]	reg	1	FF_X90_Y13_N13
*token_prompt*	token_prompt_word_q[1][4]	reg	1	FF_X90_Y10_N16
*token_prompt*	token_prompt_word_q[2][4]	reg	1	FF_X83_Y16_N55
*token_prompt*	token_prompt_address_q[1]	reg	1	FF_X70_Y19_N59
*token_prompt*	token_prompt_word_q[6][3]	reg	1	FF_X81_Y8_N55
*token_prompt*	token_prompt_word_q[5][3]	reg	1	FF_X85_Y9_N49
*token_prompt*	token_prompt_word_q[7][3]	reg	1	FF_X89_Y18_N46
*token_prompt*	token_prompt_word_q[4][3]	reg	1	FF_X80_Y8_N53
*token_prompt*	token_prompt_word_q[1][3]	reg	1	FF_X86_Y9_N31
*token_prompt*	token_prompt_word_q[3][3]	reg	1	FF_X86_Y14_N22
*token_prompt*	token_prompt_word_q[0][3]	reg	1	FF_X73_Y15_N19
*token_prompt*	token_prompt_word_q[2][3]	reg	1	FF_X76_Y16_N20
*token_prompt*	token_prompt_word_q[7][0]	reg	1	FF_X92_Y16_N8
*token_prompt*	token_prompt_word_q[4][0]	reg	1	FF_X77_Y10_N31
*token_prompt*	token_prompt_word_q[6][0]	reg	1	FF_X80_Y8_N19
*token_prompt*	token_prompt_word_q[5][0]	reg	1	FF_X86_Y9_N49
*token_prompt*	token_prompt_word_q[2][0]	reg	1	FF_X81_Y16_N32
*token_prompt*	token_prompt_word_q[1][0]	reg	1	FF_X90_Y10_N10
*token_prompt*	token_prompt_word_q[0][0]	reg	1	FF_X81_Y16_N35
*token_prompt*	token_prompt_word_q[3][0]	reg	1	FF_X90_Y13_N44
*token_prompt*	token_prompt_word_q[3][6]	reg	1	FF_X90_Y13_N19
*token_prompt*	token_prompt_word_q[1][6]	reg	1	FF_X86_Y9_N46
*token_prompt*	token_prompt_word_q[2][6]	reg	1	FF_X81_Y16_N44
*token_prompt*	token_prompt_word_q[0][6]	reg	1	FF_X75_Y14_N19
*token_prompt*	token_prompt_word_q[5][6]	reg	1	FF_X78_Y11_N13
*token_prompt*	token_prompt_word_q[7][6]	reg	1	FF_X89_Y18_N1
*token_prompt*	token_prompt_word_q[6][6]	reg	1	FF_X77_Y10_N8
*token_prompt*	token_prompt_word_q[4][6]	reg	1	FF_X77_Y10_N26
*token_prompt*	token_prompt_word_q[3][11]	reg	1	FF_X90_Y13_N31
*token_prompt*	token_prompt_word_q[0][11]	reg	1	FF_X74_Y14_N14
*token_prompt*	token_prompt_word_q[1][11]	reg	1	FF_X90_Y10_N31
*token_prompt*	token_prompt_word_q[2][11]	reg	1	FF_X78_Y14_N41
*token_prompt*	token_prompt_word_q[5][11]	reg	1	FF_X81_Y9_N10
*token_prompt*	token_prompt_word_q[7][11]	reg	1	FF_X89_Y18_N28
*token_prompt*	token_prompt_word_q[4][11]	reg	1	FF_X81_Y10_N55
*token_prompt*	token_prompt_word_q[6][11]	reg	1	FF_X78_Y13_N26
*token_prompt*	token_prompt_word_q[0][10]	reg	1	FF_X78_Y16_N26
*token_prompt*	token_prompt_word_q[1][10]	reg	1	FF_X90_Y10_N44
*token_prompt*	token_prompt_word_q[2][10]	reg	1	FF_X78_Y16_N32
*token_prompt*	token_prompt_word_q[3][10]	reg	1	FF_X90_Y13_N2
*token_prompt*	token_prompt_word_q[4][10]	reg	1	FF_X81_Y10_N26
*token_prompt*	token_prompt_word_q[7][10]	reg	1	FF_X90_Y16_N43
*token_prompt*	token_prompt_word_q[5][10]	reg	1	FF_X81_Y9_N37
*token_prompt*	token_prompt_word_q[6][10]	reg	1	FF_X81_Y10_N8
*token_prompt*	token_prompt_word_q[2][2]	reg	1	FF_X78_Y16_N41
*token_prompt*	token_prompt_word_q[1][2]	reg	1	FF_X90_Y10_N19
*token_prompt*	token_prompt_word_q[3][2]	reg	1	FF_X89_Y14_N38
*token_prompt*	token_prompt_word_q[0][2]	reg	1	FF_X78_Y16_N20
*token_prompt*	token_prompt_word_q[4][2]	reg	1	FF_X78_Y14_N2
*token_prompt*	token_prompt_word_q[5][2]	reg	1	FF_X83_Y11_N31
*token_prompt*	token_prompt_word_q[7][2]	reg	1	FF_X92_Y18_N1
*token_prompt*	token_prompt_word_q[6][2]	reg	1	FF_X81_Y8_N34
*token_prompt*	token_prompt_word_q[5][1]	reg	1	FF_X83_Y11_N13
*token_prompt*	token_prompt_word_q[7][1]	reg	1	FF_X92_Y16_N49
*token_prompt*	token_prompt_word_q[4][1]	reg	1	FF_X78_Y13_N5
*token_prompt*	token_prompt_word_q[6][1]	reg	1	FF_X78_Y13_N8
*token_prompt*	token_prompt_word_q[3][1]	reg	1	FF_X90_Y13_N37
*token_prompt*	token_prompt_word_q[1][1]	reg	1	FF_X90_Y10_N40
*token_prompt*	token_prompt_word_q[0][1]	reg	1	FF_X73_Y15_N10
*token_prompt*	token_prompt_word_q[2][1]	reg	1	FF_X75_Y17_N26
*token_prompt*	token_prompt_word_q[2][9]	reg	1	FF_X83_Y16_N4
*token_prompt*	token_prompt_word_q[1][9]	reg	1	FF_X90_Y10_N1
*token_prompt*	token_prompt_word_q[3][9]	reg	1	FF_X89_Y14_N49
*token_prompt*	token_prompt_word_q[0][9]	reg	1	FF_X81_Y16_N49
*token_prompt*	token_prompt_word_q[5][9]	reg	1	FF_X86_Y9_N40
*token_prompt*	token_prompt_word_q[7][9]	reg	1	FF_X90_Y16_N49
*token_prompt*	token_prompt_word_q[6][9]	reg	1	FF_X81_Y8_N4
*token_prompt*	token_prompt_word_q[4][9]	reg	1	FF_X80_Y8_N26
*token_prompt*	token_prompt_word_q[7][8]	reg	1	FF_X92_Y16_N1
*token_prompt*	token_prompt_word_q[5][8]	reg	1	FF_X90_Y9_N1
*token_prompt*	token_prompt_word_q[4][8]	reg	1	FF_X77_Y10_N53
*token_prompt*	token_prompt_word_q[6][8]	reg	1	FF_X77_Y10_N59
*token_prompt*	token_prompt_word_q[2][8]	reg	1	FF_X76_Y16_N26
*token_prompt*	token_prompt_word_q[1][8]	reg	1	FF_X90_Y10_N25
*token_prompt*	token_prompt_word_q[3][8]	reg	1	FF_X86_Y14_N13
*token_prompt*	token_prompt_word_q[0][8]	reg	1	FF_X73_Y15_N25
*token_prompt*	token_prompt_word_q[3][7]	reg	1	FF_X91_Y13_N40
*token_prompt*	token_prompt_word_q[0][7]	reg	1	FF_X75_Y15_N37
*token_prompt*	token_prompt_word_q[2][7]	reg	1	FF_X75_Y17_N53
*token_prompt*	token_prompt_word_q[1][7]	reg	1	FF_X81_Y10_N44
*token_prompt*	token_prompt_word_q[6][7]	reg	1	FF_X81_Y10_N16
*token_prompt*	token_prompt_word_q[4][7]	reg	1	FF_X78_Y14_N50
*token_prompt*	token_prompt_word_q[7][7]	reg	1	FF_X89_Y18_N8
*token_prompt*	token_prompt_word_q[5][7]	reg	1	FF_X78_Y11_N31
Count	token_q*	12
token_q*	token_q[5]	reg	1	FF_X67_Y20_N47
token_q*	token_q[4]	reg	1	FF_X61_Y20_N10
token_q*	token_q[3]	reg	1	FF_X64_Y20_N58
token_q*	token_q[0]	reg	1	FF_X61_Y20_N52
token_q*	token_q[6]	reg	1	FF_X67_Y20_N41
token_q*	token_q[11]	reg	1	FF_X67_Y20_N13
token_q*	token_q[10]	reg	1	FF_X61_Y20_N32
token_q*	token_q[2]	reg	1	FF_X67_Y20_N43
token_q*	token_q[1]	reg	1	FF_X61_Y20_N55
token_q*	token_q[9]	reg	1	FF_X67_Y20_N22
token_q*	token_q[8]	reg	1	FF_X61_Y20_N37
token_q*	token_q[7]	reg	1	FF_X67_Y20_N11
Count	*round16_group_q*	8
*round16_group_q*	round16_group_q[2]	reg	1	FF_X66_Y71_N44
*round16_group_q*	round16_group_q[1]	reg	1	FF_X95_Y60_N20
*round16_group_q*	round16_group_q[5]	reg	1	FF_X24_Y75_N26
*round16_group_q*	round16_group_q[6]	reg	1	FF_X71_Y39_N14
*round16_group_q*	round16_group_q[4]	reg	1	FF_X24_Y75_N8
*round16_group_q*	round16_group_q[0]	reg	1	FF_X71_Y39_N26
*round16_group_q*	round16_group_q[3]	reg	1	FF_X95_Y60_N53
*round16_group_q*	round16_group_q[7]	reg	1	FF_X32_Y48_N17
Count	*return_scalar*	2
*return_scalar*	return_scalar.RET_SCALAR_L_ROUND	reg	1	FF_X59_Y43_N19
*return_scalar*	return_scalar.RET_SCALAR_H_ROUND	reg	1	FF_X59_Y43_N26
