------------------------------------------------------------
Timing Analyzer Summary
------------------------------------------------------------

Type  : Slow 1100mV 85C Model Setup 'clk'
Slack : 0.196
TNS   : 0.000

Type  : Slow 1100mV 85C Model Hold 'clk'
Slack : 0.244
TNS   : 0.000

Type  : Slow 1100mV 85C Model Recovery 'clk'
Slack : -0.045
TNS   : -0.135

Type  : Slow 1100mV 85C Model Removal 'clk'
Slack : 1.448
TNS   : 0.000

Type  : Slow 1100mV 85C Model Minimum Pulse Width 'clk'
Slack : 3.600
TNS   : 0.000

Type  : Slow 1100mV 0C Model Setup 'clk'
Slack : 0.151
TNS   : 0.000

Type  : Slow 1100mV 0C Model Hold 'clk'
Slack : 0.233
TNS   : 0.000

Type  : Slow 1100mV 0C Model Recovery 'clk'
Slack : 0.172
TNS   : 0.000

Type  : Slow 1100mV 0C Model Removal 'clk'
Slack : 3.498
TNS   : 0.000

Type  : Slow 1100mV 0C Model Minimum Pulse Width 'clk'
Slack : 3.548
TNS   : 0.000

Type  : Fast 1100mV 85C Model Setup 'clk'
Slack : 3.696
TNS   : 0.000

Type  : Fast 1100mV 85C Model Hold 'clk'
Slack : 0.128
TNS   : 0.000

Type  : Fast 1100mV 85C Model Recovery 'clk'
Slack : 4.729
TNS   : 0.000

Type  : Fast 1100mV 85C Model Removal 'clk'
Slack : 2.200
TNS   : 0.000

Type  : Fast 1100mV 85C Model Minimum Pulse Width 'clk'
Slack : 3.799
TNS   : 0.000

Type  : Fast 1100mV 0C Model Setup 'clk'
Slack : 4.021
TNS   : 0.000

Type  : Fast 1100mV 0C Model Hold 'clk'
Slack : 0.116
TNS   : 0.000

Type  : Fast 1100mV 0C Model Recovery 'clk'
Slack : 5.334
TNS   : 0.000

Type  : Fast 1100mV 0C Model Removal 'clk'
Slack : 0.841
TNS   : 0.000

Type  : Fast 1100mV 0C Model Minimum Pulse Width 'clk'
Slack : 3.789
TNS   : 0.000

------------------------------------------------------------
