----------------
; Command Info ;
----------------
Report Timing: Found 2 setup paths (0 violated).  Worst case slack is 8.699 

Tcl Command:
    report_timing -setup -show_routing -file {D:/2151097_Nguyen Nhut Khanh/docs/verification/timing/arch_fulltop1_20261007/slow_1100mv_0c_scalar_return.rpt} -from [get_registers {op*}] -to [get_registers {*return_scalar*}] -nworst 1 -npaths 20 -detail full_path

Options:
    -from [get_registers {op*}] 
    -to [get_registers {*return_scalar*}] 
    -setup 
    -nworst 1 
    -npaths 20 
    -show_routing 
    -detail full_path 
    -file {D:/2151097_Nguyen Nhut Khanh/docs/verification/timing/arch_fulltop1_20261007/slow_1100mv_0c_scalar_return.rpt} 

Delay Model:
    Slow 1100mV 0C Model

+----------------------------------------------------------------------------------------------------------------------------+
; Summary of Paths                                                                                                           ;
+-------+-----------+----------------------------------+--------------+-------------+--------------+------------+------------+
; Slack ; From Node ; To Node                          ; Launch Clock ; Latch Clock ; Relationship ; Clock Skew ; Data Delay ;
+-------+-----------+----------------------------------+--------------+-------------+--------------+------------+------------+
; 8.699 ; op[72]    ; return_scalar.RET_SCALAR_H_ROUND ; clk          ; clk         ; 10.000       ; -0.082     ; 1.119      ;
; 8.703 ; op[72]    ; return_scalar.RET_SCALAR_L_ROUND ; clk          ; clk         ; 10.000       ; -0.076     ; 1.121      ;
+-------+-----------+----------------------------------+--------------+-------------+--------------+------------+------------+

Path #1: Setup slack is 8.699 
===============================================================================
+-------------------------------------------------------+
; Path Summary                                          ;
+--------------------+----------------------------------+
; Property           ; Value                            ;
+--------------------+----------------------------------+
; From Node          ; op[72]                           ;
; To Node            ; return_scalar.RET_SCALAR_H_ROUND ;
; Launch Clock       ; clk                              ;
; Latch Clock        ; clk                              ;
; Data Arrival Time  ; 5.722                            ;
; Data Required Time ; 14.421                           ;
; Slack              ; 8.699                            ;
+--------------------+----------------------------------+

+------------------------------------------------------------------------------------+
; Statistics                                                                         ;
+------------------------+--------+-------+-------------+------------+-------+-------+
; Property               ; Value  ; Count ; Total Delay ; % of Total ; Min   ; Max   ;
+------------------------+--------+-------+-------------+------------+-------+-------+
; Setup Relationship     ; 10.000 ;       ;             ;            ;       ;       ;
; Clock Skew             ; -0.082 ;       ;             ;            ;       ;       ;
; Data Delay             ; 1.119  ;       ;             ;            ;       ;       ;
; Number of Logic Levels ;        ; 1     ;             ;            ;       ;       ;
; Physical Delays        ;        ;       ;             ;            ;       ;       ;
;  Arrival Path          ;        ;       ;             ;            ;       ;       ;
;   Clock                ;        ;       ;             ;            ;       ;       ;
;    IC                  ;        ; 3     ; 0.000       ; 0          ; 0.000 ; 0.000 ;
;    Cell                ;        ; 3     ; 1.763       ; 38         ; 0.335 ; 0.917 ;
;    Routing Element     ;        ; 25    ; 2.840       ; 62         ; 0.000 ; 1.004 ;
;   Data                 ;        ;       ;             ;            ;       ;       ;
;    IC                  ;        ; 2     ; 0.000       ; 0          ; 0.000 ; 0.000 ;
;    Cell                ;        ; 3     ; 0.848       ; 76         ; 0.000 ; 0.576 ;
;    uTco                ;        ; 1     ; 0.000       ; 0          ; 0.000 ; 0.000 ;
;    Routing Element     ;        ; 4     ; 0.271       ; 24         ; 0.000 ; 0.135 ;
;  Required Path         ;        ;       ;             ;            ;       ;       ;
;   Clock                ;        ;       ;             ;            ;       ;       ;
;    IC                  ;        ; 3     ; 0.001       ; 0          ; 0.000 ; 0.001 ;
;    Cell                ;        ; 3     ; 1.693       ; 40         ; 0.312 ; 0.917 ;
;    Routing Element     ;        ; 25    ; 2.512       ; 60         ; 0.000 ; 0.963 ;
+------------------------+--------+-------+-------------+------------+-------+-------+
Note: Negative delays are omitted from totals when calculating percentages

+-------------------------------------------------------------------------------------------------------------------+
; Data Arrival Path                                                                                                 ;
+---------+---------+----+------+--------+-------------------------------------+------------------------------------+
; Total   ; Incr    ; RF ; Type ; Fanout ; Location                            ; Element                            ;
+---------+---------+----+------+--------+-------------------------------------+------------------------------------+
; 0.000   ; 0.000   ;    ;      ;        ;                                     ; launch edge time                   ;
; 4.603   ; 4.603   ;    ;      ;        ;                                     ; clock path                         ;
;   0.000 ;   0.000 ;    ;      ;        ;                                     ; source latency                     ;
;   0.000 ;   0.000 ;    ;      ; 1      ; PIN_AC18                            ; clk                                ;
;   0.000 ;   0.000 ;    ; RE   ; 1      ; IOPAD_X54_Y0_N0                     ; ARRIAV_IO_PAD                      ;
;   0.000 ;   0.000 ;    ; RE   ; 1      ; IO_PAD_OUTPUT_X54_Y0_N0_I1          ; IO_PAD_OUTPUT                      ;
;   0.000 ;   0.000 ;    ; RE   ; 1      ; IO_INPUT_BUFFER_INPUT_X54_Y0_N1_I0  ; IO_INPUT_BUFFER_INPUT              ;
;   0.000 ;   0.000 ; RR ; IC   ; 1      ; IOIBUF_X54_Y0_N1                    ; clk~input|i                        ;
;   0.917 ;   0.917 ; RR ; CELL ; 1      ; IOIBUF_X54_Y0_N1                    ; clk~input|o                        ;
;   0.917 ;   0.000 ;    ; RE   ; 1      ; IOIBUF_X54_Y0_N1                    ; ARRIAV_IO_IBUF                     ;
;   0.917 ;   0.000 ;    ; RE   ; 1      ; IO_INPUT_BUFFER_OUTPUT_X54_Y0_N1_I2 ; IO_INPUT_BUFFER_OUTPUT             ;
;   0.917 ;   0.000 ;    ; RE   ; 1      ; IO_RE_X54_Y0_N0_I96                 ; IO_RE                              ;
;   1.133 ;   0.216 ;    ; RE   ; 1      ; IO_RE_X54_Y0_N0_I66                 ; IO_RE                              ;
;   1.320 ;   0.187 ;    ; RE   ; 1      ; CLKBUF_CLUSTER_RE_X58_Y0_N0_I1614   ; CLKBUF_CLUSTER_RE                  ;
;   1.320 ;   0.000 ;    ; RE   ; 1      ; CLKBUF_CLUSTER_RE_X58_Y0_N0_I616    ; CLKBUF_CLUSTER_RE                  ;
;   1.320 ;   0.000 ;    ; RE   ; 1      ; GCLK_CLUSTER_RE_X58_Y0_N6_I10       ; GCLK_CLUSTER_RE                    ;
;   1.320 ;   0.000 ;    ; RE   ; 1      ; CLKBUFBLOCK_INPUT_X58_Y0_N7_I0      ; CLKBUFBLOCK_INPUT                  ;
;   1.320 ;   0.000 ; RR ; IC   ; 1      ; CLKCTRL_G6                          ; clk~inputCLKENA0|inclk             ;
;   1.655 ;   0.335 ; RR ; CELL ; 68041  ; CLKCTRL_G6                          ; clk~inputCLKENA0|outclk            ;
;   1.655 ;   0.000 ;    ; RE   ; 1      ; CLKCTRL_G6                          ; ARRIAV_CLKBUF                      ;
;   1.655 ;   0.000 ;    ; RE   ; 1      ; CLKBUFBLOCK_OUTPUT_X58_Y0_N7_I2     ; CLKBUFBLOCK_OUTPUT                 ;
;   1.655 ;   0.000 ;    ; RE   ; 1      ; GCLK_CLUSTER_RE_X58_Y0_N6_I12       ; GCLK_CLUSTER_RE                    ;
;   1.655 ;   0.000 ;    ; RE   ; 1      ; CLKBUF_CLUSTER_RE_X58_Y0_N0_I417    ; CLKBUF_CLUSTER_RE                  ;
;   2.659 ;   1.004 ;    ; RE   ; 16     ; GLOBAL_CLOCK_X0_Y58_N0_I6           ; GLOBAL_CLOCK                       ;
;   2.839 ;   0.180 ;    ; RE   ; 29     ; SPINE_CLOCK_X45_Y30_N0_I22          ; SPINE_CLOCK                        ;
;   3.298 ;   0.459 ;    ; RE   ; 1      ; SCLK_TO_ROWCLK_BUF_X45_Y43_N0_I132  ; SCLK_TO_ROWCLK_BUF                 ;
;   3.386 ;   0.088 ;    ; RE   ; 2      ; SCLK_TO_ROWCLK_BUF_X45_Y43_N0_I135  ; SCLK_TO_ROWCLK_BUF                 ;
;   3.839 ;   0.453 ;    ; RE   ; 13     ; LAB_CLK_X46_Y43_N0_I2               ; LAB_CLK                            ;
;   3.994 ;   0.155 ;    ; RE   ; 1      ; BLK_CLK_BUF_X59_Y43_N0_I2           ; BLK_CLK_BUF                        ;
;   4.053 ;   0.059 ;    ; RE   ; 1      ; ROWCLKSEL_PREBUF_X59_Y43_N0_I2      ; ROWCLKSEL_PREBUF                   ;
;   4.092 ;   0.039 ;    ; RE   ; 1      ; ROWCLKSEL_X59_Y43_N0_I1             ; ROWCLKSEL                          ;
;   4.092 ;   0.000 ;    ; RE   ; 2      ; GLOBAL_LOCAL_SEL_X59_Y43_N0_I1      ; GLOBAL_LOCAL_SEL                   ;
;   4.092 ;   0.000 ;    ; RE   ; 1      ; LAB_INPUT_X59_Y43_N0_I2             ; LAB_INPUT                          ;
;   4.092 ;   0.000 ; RR ; IC   ; 1      ; FF_X59_Y43_N56                      ; op[72]|clk                         ;
;   4.603 ;   0.511 ; RR ; CELL ; 1      ; FF_X59_Y43_N56                      ; op[72]                             ;
; 5.722   ; 1.119   ;    ;      ;        ;                                     ; data path                          ;
;   4.603 ;   0.000 ;    ; uTco ; 1      ; FF_X59_Y43_N56                      ; op[72]                             ;
;   4.603 ;   0.000 ; FF ; CELL ; 5      ; FF_X59_Y43_N56                      ; op[72]|q                           ;
;   4.660 ;   0.057 ;    ; RE   ; 2      ; FF_X59_Y43_N56                      ; ARRIAV_FF                          ;
;   4.739 ;   0.079 ;    ; RE   ; 4      ; LOCAL_LINE_X59_Y43_N0_I18           ; LOCAL_LINE                         ;
;   4.874 ;   0.135 ;    ; RE   ; 1      ; BLOCK_INPUT_MUX_X59_Y43_N0_I36      ; LEIM_INPUT                         ;
;   4.874 ;   0.000 ; FF ; IC   ; 1      ; LABCELL_X59_Y43_N24                 ; return_scalar~10|datac             ;
;   5.450 ;   0.576 ; FF ; CELL ; 1      ; LABCELL_X59_Y43_N24                 ; return_scalar~10|combout           ;
;   5.450 ;   0.000 ;    ; RE   ; 1      ; LABCELL_X59_Y43_N24                 ; ARRIAV_LCELL_COMB                  ;
;   5.450 ;   0.000 ; FF ; IC   ; 1      ; FF_X59_Y43_N26                      ; return_scalar.RET_SCALAR_H_ROUND|d ;
;   5.722 ;   0.272 ; FF ; CELL ; 1      ; FF_X59_Y43_N26                      ; return_scalar.RET_SCALAR_H_ROUND   ;
+---------+---------+----+------+--------+-------------------------------------+------------------------------------+

+----------------------------------------------------------------------------------------------------------------------+
; Data Required Path                                                                                                   ;
+----------+---------+----+------+--------+-------------------------------------+--------------------------------------+
; Total    ; Incr    ; RF ; Type ; Fanout ; Location                            ; Element                              ;
+----------+---------+----+------+--------+-------------------------------------+--------------------------------------+
; 10.000   ; 10.000  ;    ;      ;        ;                                     ; latch edge time                      ;
; 14.521   ; 4.521   ;    ;      ;        ;                                     ; clock path                           ;
;   10.000 ;   0.000 ;    ;      ;        ;                                     ; source latency                       ;
;   10.000 ;   0.000 ;    ;      ; 1      ; PIN_AC18                            ; clk                                  ;
;   10.000 ;   0.000 ;    ; RE   ; 1      ; IOPAD_X54_Y0_N0                     ; ARRIAV_IO_PAD                        ;
;   10.000 ;   0.000 ;    ; RE   ; 1      ; IO_PAD_OUTPUT_X54_Y0_N0_I1          ; IO_PAD_OUTPUT                        ;
;   10.000 ;   0.000 ;    ; RE   ; 1      ; IO_INPUT_BUFFER_INPUT_X54_Y0_N1_I0  ; IO_INPUT_BUFFER_INPUT                ;
;   10.000 ;   0.000 ; RR ; IC   ; 1      ; IOIBUF_X54_Y0_N1                    ; clk~input|i                          ;
;   10.917 ;   0.917 ; RR ; CELL ; 1      ; IOIBUF_X54_Y0_N1                    ; clk~input|o                          ;
;   10.917 ;   0.000 ;    ; RE   ; 1      ; IOIBUF_X54_Y0_N1                    ; ARRIAV_IO_IBUF                       ;
;   10.917 ;   0.000 ;    ; RE   ; 1      ; IO_INPUT_BUFFER_OUTPUT_X54_Y0_N1_I2 ; IO_INPUT_BUFFER_OUTPUT               ;
;   10.917 ;   0.000 ;    ; RE   ; 1      ; IO_RE_X54_Y0_N0_I96                 ; IO_RE                                ;
;   11.095 ;   0.178 ;    ; RE   ; 1      ; IO_RE_X54_Y0_N0_I66                 ; IO_RE                                ;
;   11.095 ;   0.000 ;    ; RE   ; 1      ; CLKBUF_CLUSTER_RE_X58_Y0_N0_I1614   ; CLKBUF_CLUSTER_RE                    ;
;   11.095 ;   0.000 ;    ; RE   ; 1      ; CLKBUF_CLUSTER_RE_X58_Y0_N0_I616    ; CLKBUF_CLUSTER_RE                    ;
;   11.095 ;   0.000 ;    ; RE   ; 1      ; GCLK_CLUSTER_RE_X58_Y0_N6_I10       ; GCLK_CLUSTER_RE                      ;
;   11.095 ;   0.000 ;    ; RE   ; 1      ; CLKBUFBLOCK_INPUT_X58_Y0_N7_I0      ; CLKBUFBLOCK_INPUT                    ;
;   11.095 ;   0.000 ; RR ; IC   ; 1      ; CLKCTRL_G6                          ; clk~inputCLKENA0|inclk               ;
;   11.407 ;   0.312 ; RR ; CELL ; 68041  ; CLKCTRL_G6                          ; clk~inputCLKENA0|outclk              ;
;   11.407 ;   0.000 ;    ; RE   ; 1      ; CLKCTRL_G6                          ; ARRIAV_CLKBUF                        ;
;   11.407 ;   0.000 ;    ; RE   ; 1      ; CLKBUFBLOCK_OUTPUT_X58_Y0_N7_I2     ; CLKBUFBLOCK_OUTPUT                   ;
;   11.407 ;   0.000 ;    ; RE   ; 1      ; GCLK_CLUSTER_RE_X58_Y0_N6_I12       ; GCLK_CLUSTER_RE                      ;
;   11.407 ;   0.000 ;    ; RE   ; 1      ; CLKBUF_CLUSTER_RE_X58_Y0_N0_I417    ; CLKBUF_CLUSTER_RE                    ;
;   12.370 ;   0.963 ;    ; RE   ; 16     ; GLOBAL_CLOCK_X0_Y58_N0_I6           ; GLOBAL_CLOCK                         ;
;   12.544 ;   0.174 ;    ; RE   ; 29     ; SPINE_CLOCK_X45_Y30_N0_I22          ; SPINE_CLOCK                          ;
;   12.986 ;   0.442 ;    ; RE   ; 1      ; SCLK_TO_ROWCLK_BUF_X45_Y43_N0_I132  ; SCLK_TO_ROWCLK_BUF                   ;
;   13.071 ;   0.085 ;    ; RE   ; 2      ; SCLK_TO_ROWCLK_BUF_X45_Y43_N0_I135  ; SCLK_TO_ROWCLK_BUF                   ;
;   13.507 ;   0.436 ;    ; RE   ; 13     ; LAB_CLK_X46_Y43_N0_I2               ; LAB_CLK                              ;
;   13.649 ;   0.142 ;    ; RE   ; 1      ; BLK_CLK_BUF_X59_Y43_N0_I2           ; BLK_CLK_BUF                          ;
;   13.705 ;   0.056 ;    ; RE   ; 1      ; ROWCLKSEL_PREBUF_X59_Y43_N0_I2      ; ROWCLKSEL_PREBUF                     ;
;   13.741 ;   0.036 ;    ; RE   ; 1      ; ROWCLKSEL_X59_Y43_N0_I1             ; ROWCLKSEL                            ;
;   13.741 ;   0.000 ;    ; RE   ; 2      ; GLOBAL_LOCAL_SEL_X59_Y43_N0_I1      ; GLOBAL_LOCAL_SEL                     ;
;   13.741 ;   0.000 ;    ; RE   ; 14     ; LAB_INPUT_X59_Y43_N0_I0             ; LAB_INPUT                            ;
;   13.742 ;   0.001 ; RR ; IC   ; 1      ; FF_X59_Y43_N26                      ; return_scalar.RET_SCALAR_H_ROUND|clk ;
;   14.206 ;   0.464 ; RR ; CELL ; 1      ; FF_X59_Y43_N26                      ; return_scalar.RET_SCALAR_H_ROUND     ;
;   14.521 ;   0.315 ;    ;      ;        ;                                     ; clock pessimism removed              ;
; 14.421   ; -0.100  ;    ;      ;        ;                                     ; clock uncertainty                    ;
; 14.421   ; 0.000   ;    ; uTsu ; 1      ; FF_X59_Y43_N26                      ; return_scalar.RET_SCALAR_H_ROUND     ;
+----------+---------+----+------+--------+-------------------------------------+--------------------------------------+

----------------------------
; Extra Fitter Information ;
----------------------------
HTML report is unavailable in plain text report export.


Path #2: Setup slack is 8.703 
===============================================================================
+-------------------------------------------------------+
; Path Summary                                          ;
+--------------------+----------------------------------+
; Property           ; Value                            ;
+--------------------+----------------------------------+
; From Node          ; op[72]                           ;
; To Node            ; return_scalar.RET_SCALAR_L_ROUND ;
; Launch Clock       ; clk                              ;
; Latch Clock        ; clk                              ;
; Data Arrival Time  ; 5.724                            ;
; Data Required Time ; 14.427                           ;
; Slack              ; 8.703                            ;
+--------------------+----------------------------------+

+------------------------------------------------------------------------------------+
; Statistics                                                                         ;
+------------------------+--------+-------+-------------+------------+-------+-------+
; Property               ; Value  ; Count ; Total Delay ; % of Total ; Min   ; Max   ;
+------------------------+--------+-------+-------------+------------+-------+-------+
; Setup Relationship     ; 10.000 ;       ;             ;            ;       ;       ;
; Clock Skew             ; -0.076 ;       ;             ;            ;       ;       ;
; Data Delay             ; 1.121  ;       ;             ;            ;       ;       ;
; Number of Logic Levels ;        ; 1     ;             ;            ;       ;       ;
; Physical Delays        ;        ;       ;             ;            ;       ;       ;
;  Arrival Path          ;        ;       ;             ;            ;       ;       ;
;   Clock                ;        ;       ;             ;            ;       ;       ;
;    IC                  ;        ; 3     ; 0.000       ; 0          ; 0.000 ; 0.000 ;
;    Cell                ;        ; 3     ; 1.763       ; 38         ; 0.335 ; 0.917 ;
;    Routing Element     ;        ; 25    ; 2.840       ; 62         ; 0.000 ; 1.004 ;
;   Data                 ;        ;       ;             ;            ;       ;       ;
;    IC                  ;        ; 2     ; 0.000       ; 0          ; 0.000 ; 0.000 ;
;    Cell                ;        ; 3     ; 0.790       ; 70         ; 0.000 ; 0.520 ;
;    uTco                ;        ; 1     ; 0.000       ; 0          ; 0.000 ; 0.000 ;
;    Routing Element     ;        ; 4     ; 0.331       ; 30         ; 0.000 ; 0.137 ;
;  Required Path         ;        ;       ;             ;            ;       ;       ;
;   Clock                ;        ;       ;             ;            ;       ;       ;
;    IC                  ;        ; 3     ; 0.001       ; 0          ; 0.000 ; 0.001 ;
;    Cell                ;        ; 3     ; 1.699       ; 40         ; 0.312 ; 0.917 ;
;    Routing Element     ;        ; 25    ; 2.512       ; 60         ; 0.000 ; 0.963 ;
+------------------------+--------+-------+-------------+------------+-------+-------+
Note: Negative delays are omitted from totals when calculating percentages

+-------------------------------------------------------------------------------------------------------------------+
; Data Arrival Path                                                                                                 ;
+---------+---------+----+------+--------+-------------------------------------+------------------------------------+
; Total   ; Incr    ; RF ; Type ; Fanout ; Location                            ; Element                            ;
+---------+---------+----+------+--------+-------------------------------------+------------------------------------+
; 0.000   ; 0.000   ;    ;      ;        ;                                     ; launch edge time                   ;
; 4.603   ; 4.603   ;    ;      ;        ;                                     ; clock path                         ;
;   0.000 ;   0.000 ;    ;      ;        ;                                     ; source latency                     ;
;   0.000 ;   0.000 ;    ;      ; 1      ; PIN_AC18                            ; clk                                ;
;   0.000 ;   0.000 ;    ; RE   ; 1      ; IOPAD_X54_Y0_N0                     ; ARRIAV_IO_PAD                      ;
;   0.000 ;   0.000 ;    ; RE   ; 1      ; IO_PAD_OUTPUT_X54_Y0_N0_I1          ; IO_PAD_OUTPUT                      ;
;   0.000 ;   0.000 ;    ; RE   ; 1      ; IO_INPUT_BUFFER_INPUT_X54_Y0_N1_I0  ; IO_INPUT_BUFFER_INPUT              ;
;   0.000 ;   0.000 ; RR ; IC   ; 1      ; IOIBUF_X54_Y0_N1                    ; clk~input|i                        ;
;   0.917 ;   0.917 ; RR ; CELL ; 1      ; IOIBUF_X54_Y0_N1                    ; clk~input|o                        ;
;   0.917 ;   0.000 ;    ; RE   ; 1      ; IOIBUF_X54_Y0_N1                    ; ARRIAV_IO_IBUF                     ;
;   0.917 ;   0.000 ;    ; RE   ; 1      ; IO_INPUT_BUFFER_OUTPUT_X54_Y0_N1_I2 ; IO_INPUT_BUFFER_OUTPUT             ;
;   0.917 ;   0.000 ;    ; RE   ; 1      ; IO_RE_X54_Y0_N0_I96                 ; IO_RE                              ;
;   1.133 ;   0.216 ;    ; RE   ; 1      ; IO_RE_X54_Y0_N0_I66                 ; IO_RE                              ;
;   1.320 ;   0.187 ;    ; RE   ; 1      ; CLKBUF_CLUSTER_RE_X58_Y0_N0_I1614   ; CLKBUF_CLUSTER_RE                  ;
;   1.320 ;   0.000 ;    ; RE   ; 1      ; CLKBUF_CLUSTER_RE_X58_Y0_N0_I616    ; CLKBUF_CLUSTER_RE                  ;
;   1.320 ;   0.000 ;    ; RE   ; 1      ; GCLK_CLUSTER_RE_X58_Y0_N6_I10       ; GCLK_CLUSTER_RE                    ;
;   1.320 ;   0.000 ;    ; RE   ; 1      ; CLKBUFBLOCK_INPUT_X58_Y0_N7_I0      ; CLKBUFBLOCK_INPUT                  ;
;   1.320 ;   0.000 ; RR ; IC   ; 1      ; CLKCTRL_G6                          ; clk~inputCLKENA0|inclk             ;
;   1.655 ;   0.335 ; RR ; CELL ; 68041  ; CLKCTRL_G6                          ; clk~inputCLKENA0|outclk            ;
;   1.655 ;   0.000 ;    ; RE   ; 1      ; CLKCTRL_G6                          ; ARRIAV_CLKBUF                      ;
;   1.655 ;   0.000 ;    ; RE   ; 1      ; CLKBUFBLOCK_OUTPUT_X58_Y0_N7_I2     ; CLKBUFBLOCK_OUTPUT                 ;
;   1.655 ;   0.000 ;    ; RE   ; 1      ; GCLK_CLUSTER_RE_X58_Y0_N6_I12       ; GCLK_CLUSTER_RE                    ;
;   1.655 ;   0.000 ;    ; RE   ; 1      ; CLKBUF_CLUSTER_RE_X58_Y0_N0_I417    ; CLKBUF_CLUSTER_RE                  ;
;   2.659 ;   1.004 ;    ; RE   ; 16     ; GLOBAL_CLOCK_X0_Y58_N0_I6           ; GLOBAL_CLOCK                       ;
;   2.839 ;   0.180 ;    ; RE   ; 29     ; SPINE_CLOCK_X45_Y30_N0_I22          ; SPINE_CLOCK                        ;
;   3.298 ;   0.459 ;    ; RE   ; 1      ; SCLK_TO_ROWCLK_BUF_X45_Y43_N0_I132  ; SCLK_TO_ROWCLK_BUF                 ;
;   3.386 ;   0.088 ;    ; RE   ; 2      ; SCLK_TO_ROWCLK_BUF_X45_Y43_N0_I135  ; SCLK_TO_ROWCLK_BUF                 ;
;   3.839 ;   0.453 ;    ; RE   ; 13     ; LAB_CLK_X46_Y43_N0_I2               ; LAB_CLK                            ;
;   3.994 ;   0.155 ;    ; RE   ; 1      ; BLK_CLK_BUF_X59_Y43_N0_I2           ; BLK_CLK_BUF                        ;
;   4.053 ;   0.059 ;    ; RE   ; 1      ; ROWCLKSEL_PREBUF_X59_Y43_N0_I2      ; ROWCLKSEL_PREBUF                   ;
;   4.092 ;   0.039 ;    ; RE   ; 1      ; ROWCLKSEL_X59_Y43_N0_I1             ; ROWCLKSEL                          ;
;   4.092 ;   0.000 ;    ; RE   ; 2      ; GLOBAL_LOCAL_SEL_X59_Y43_N0_I1      ; GLOBAL_LOCAL_SEL                   ;
;   4.092 ;   0.000 ;    ; RE   ; 1      ; LAB_INPUT_X59_Y43_N0_I2             ; LAB_INPUT                          ;
;   4.092 ;   0.000 ; RR ; IC   ; 1      ; FF_X59_Y43_N56                      ; op[72]|clk                         ;
;   4.603 ;   0.511 ; RR ; CELL ; 1      ; FF_X59_Y43_N56                      ; op[72]                             ;
; 5.724   ; 1.121   ;    ;      ;        ;                                     ; data path                          ;
;   4.603 ;   0.000 ;    ; uTco ; 1      ; FF_X59_Y43_N56                      ; op[72]                             ;
;   4.603 ;   0.000 ; RR ; CELL ; 5      ; FF_X59_Y43_N56                      ; op[72]|q                           ;
;   4.668 ;   0.065 ;    ; RE   ; 2      ; FF_X59_Y43_N56                      ; ARRIAV_FF                          ;
;   4.805 ;   0.137 ;    ; RE   ; 4      ; LOCAL_LINE_X59_Y43_N0_I18           ; LOCAL_LINE                         ;
;   4.934 ;   0.129 ;    ; RE   ; 1      ; BLOCK_INPUT_MUX_X59_Y43_N0_I28      ; LEIM_INPUT                         ;
;   4.934 ;   0.000 ; RR ; IC   ; 1      ; LABCELL_X59_Y43_N18                 ; return_scalar~9|datac              ;
;   5.454 ;   0.520 ; RF ; CELL ; 1      ; LABCELL_X59_Y43_N18                 ; return_scalar~9|combout            ;
;   5.454 ;   0.000 ;    ; RE   ; 1      ; LABCELL_X59_Y43_N18                 ; ARRIAV_LCELL_COMB                  ;
;   5.454 ;   0.000 ; FF ; IC   ; 1      ; FF_X59_Y43_N19                      ; return_scalar.RET_SCALAR_L_ROUND|d ;
;   5.724 ;   0.270 ; FF ; CELL ; 1      ; FF_X59_Y43_N19                      ; return_scalar.RET_SCALAR_L_ROUND   ;
+---------+---------+----+------+--------+-------------------------------------+------------------------------------+

+----------------------------------------------------------------------------------------------------------------------+
; Data Required Path                                                                                                   ;
+----------+---------+----+------+--------+-------------------------------------+--------------------------------------+
; Total    ; Incr    ; RF ; Type ; Fanout ; Location                            ; Element                              ;
+----------+---------+----+------+--------+-------------------------------------+--------------------------------------+
; 10.000   ; 10.000  ;    ;      ;        ;                                     ; latch edge time                      ;
; 14.527   ; 4.527   ;    ;      ;        ;                                     ; clock path                           ;
;   10.000 ;   0.000 ;    ;      ;        ;                                     ; source latency                       ;
;   10.000 ;   0.000 ;    ;      ; 1      ; PIN_AC18                            ; clk                                  ;
;   10.000 ;   0.000 ;    ; RE   ; 1      ; IOPAD_X54_Y0_N0                     ; ARRIAV_IO_PAD                        ;
;   10.000 ;   0.000 ;    ; RE   ; 1      ; IO_PAD_OUTPUT_X54_Y0_N0_I1          ; IO_PAD_OUTPUT                        ;
;   10.000 ;   0.000 ;    ; RE   ; 1      ; IO_INPUT_BUFFER_INPUT_X54_Y0_N1_I0  ; IO_INPUT_BUFFER_INPUT                ;
;   10.000 ;   0.000 ; RR ; IC   ; 1      ; IOIBUF_X54_Y0_N1                    ; clk~input|i                          ;
;   10.917 ;   0.917 ; RR ; CELL ; 1      ; IOIBUF_X54_Y0_N1                    ; clk~input|o                          ;
;   10.917 ;   0.000 ;    ; RE   ; 1      ; IOIBUF_X54_Y0_N1                    ; ARRIAV_IO_IBUF                       ;
;   10.917 ;   0.000 ;    ; RE   ; 1      ; IO_INPUT_BUFFER_OUTPUT_X54_Y0_N1_I2 ; IO_INPUT_BUFFER_OUTPUT               ;
;   10.917 ;   0.000 ;    ; RE   ; 1      ; IO_RE_X54_Y0_N0_I96                 ; IO_RE                                ;
;   11.095 ;   0.178 ;    ; RE   ; 1      ; IO_RE_X54_Y0_N0_I66                 ; IO_RE                                ;
;   11.095 ;   0.000 ;    ; RE   ; 1      ; CLKBUF_CLUSTER_RE_X58_Y0_N0_I1614   ; CLKBUF_CLUSTER_RE                    ;
;   11.095 ;   0.000 ;    ; RE   ; 1      ; CLKBUF_CLUSTER_RE_X58_Y0_N0_I616    ; CLKBUF_CLUSTER_RE                    ;
;   11.095 ;   0.000 ;    ; RE   ; 1      ; GCLK_CLUSTER_RE_X58_Y0_N6_I10       ; GCLK_CLUSTER_RE                      ;
;   11.095 ;   0.000 ;    ; RE   ; 1      ; CLKBUFBLOCK_INPUT_X58_Y0_N7_I0      ; CLKBUFBLOCK_INPUT                    ;
;   11.095 ;   0.000 ; RR ; IC   ; 1      ; CLKCTRL_G6                          ; clk~inputCLKENA0|inclk               ;
;   11.407 ;   0.312 ; RR ; CELL ; 68041  ; CLKCTRL_G6                          ; clk~inputCLKENA0|outclk              ;
;   11.407 ;   0.000 ;    ; RE   ; 1      ; CLKCTRL_G6                          ; ARRIAV_CLKBUF                        ;
;   11.407 ;   0.000 ;    ; RE   ; 1      ; CLKBUFBLOCK_OUTPUT_X58_Y0_N7_I2     ; CLKBUFBLOCK_OUTPUT                   ;
;   11.407 ;   0.000 ;    ; RE   ; 1      ; GCLK_CLUSTER_RE_X58_Y0_N6_I12       ; GCLK_CLUSTER_RE                      ;
;   11.407 ;   0.000 ;    ; RE   ; 1      ; CLKBUF_CLUSTER_RE_X58_Y0_N0_I417    ; CLKBUF_CLUSTER_RE                    ;
;   12.370 ;   0.963 ;    ; RE   ; 16     ; GLOBAL_CLOCK_X0_Y58_N0_I6           ; GLOBAL_CLOCK                         ;
;   12.544 ;   0.174 ;    ; RE   ; 29     ; SPINE_CLOCK_X45_Y30_N0_I22          ; SPINE_CLOCK                          ;
;   12.986 ;   0.442 ;    ; RE   ; 1      ; SCLK_TO_ROWCLK_BUF_X45_Y43_N0_I132  ; SCLK_TO_ROWCLK_BUF                   ;
;   13.071 ;   0.085 ;    ; RE   ; 2      ; SCLK_TO_ROWCLK_BUF_X45_Y43_N0_I135  ; SCLK_TO_ROWCLK_BUF                   ;
;   13.507 ;   0.436 ;    ; RE   ; 13     ; LAB_CLK_X46_Y43_N0_I2               ; LAB_CLK                              ;
;   13.649 ;   0.142 ;    ; RE   ; 1      ; BLK_CLK_BUF_X59_Y43_N0_I2           ; BLK_CLK_BUF                          ;
;   13.705 ;   0.056 ;    ; RE   ; 1      ; ROWCLKSEL_PREBUF_X59_Y43_N0_I2      ; ROWCLKSEL_PREBUF                     ;
;   13.741 ;   0.036 ;    ; RE   ; 1      ; ROWCLKSEL_X59_Y43_N0_I1             ; ROWCLKSEL                            ;
;   13.741 ;   0.000 ;    ; RE   ; 2      ; GLOBAL_LOCAL_SEL_X59_Y43_N0_I1      ; GLOBAL_LOCAL_SEL                     ;
;   13.741 ;   0.000 ;    ; RE   ; 14     ; LAB_INPUT_X59_Y43_N0_I0             ; LAB_INPUT                            ;
;   13.742 ;   0.001 ; RR ; IC   ; 1      ; FF_X59_Y43_N19                      ; return_scalar.RET_SCALAR_L_ROUND|clk ;
;   14.212 ;   0.470 ; RR ; CELL ; 1      ; FF_X59_Y43_N19                      ; return_scalar.RET_SCALAR_L_ROUND     ;
;   14.527 ;   0.315 ;    ;      ;        ;                                     ; clock pessimism removed              ;
; 14.427   ; -0.100  ;    ;      ;        ;                                     ; clock uncertainty                    ;
; 14.427   ; 0.000   ;    ; uTsu ; 1      ; FF_X59_Y43_N19                      ; return_scalar.RET_SCALAR_L_ROUND     ;
+----------+---------+----+------+--------+-------------------------------------+--------------------------------------+

----------------------------
; Extra Fitter Information ;
----------------------------
HTML report is unavailable in plain text report export.


