------------------------------------------------------------
Timing Analyzer Summary
------------------------------------------------------------

Type  : Slow 1100mV 85C Model Setup 'clk'
Slack : -0.916
TNS   : -3.387

Type  : Slow 1100mV 85C Model Hold 'clk'
Slack : -0.023
TNS   : -0.029

Type  : Slow 1100mV 85C Model Recovery 'clk'
Slack : 2.085
TNS   : 0.000

Type  : Slow 1100mV 85C Model Removal 'clk'
Slack : 1.423
TNS   : 0.000

Type  : Slow 1100mV 85C Model Minimum Pulse Width 'clk'
Slack : 3.600
TNS   : 0.000

Type  : Slow 1100mV 0C Model Setup 'clk'
Slack : -0.400
TNS   : -0.629

Type  : Slow 1100mV 0C Model Hold 'clk'
Slack : 0.234
TNS   : 0.000

Type  : Slow 1100mV 0C Model Recovery 'clk'
Slack : 2.482
TNS   : 0.000

Type  : Slow 1100mV 0C Model Removal 'clk'
Slack : 1.358
TNS   : 0.000

Type  : Slow 1100mV 0C Model Minimum Pulse Width 'clk'
Slack : 3.543
TNS   : 0.000

Type  : Fast 1100mV 85C Model Setup 'clk'
Slack : 2.979
TNS   : 0.000

Type  : Fast 1100mV 85C Model Hold 'clk'
Slack : 0.129
TNS   : 0.000

Type  : Fast 1100mV 85C Model Recovery 'clk'
Slack : 4.476
TNS   : 0.000

Type  : Fast 1100mV 85C Model Removal 'clk'
Slack : 0.676
TNS   : 0.000

Type  : Fast 1100mV 85C Model Minimum Pulse Width 'clk'
Slack : 3.799
TNS   : 0.000

Type  : Fast 1100mV 0C Model Setup 'clk'
Slack : 3.931
TNS   : 0.000

Type  : Fast 1100mV 0C Model Hold 'clk'
Slack : 0.118
TNS   : 0.000

Type  : Fast 1100mV 0C Model Recovery 'clk'
Slack : 4.736
TNS   : 0.000

Type  : Fast 1100mV 0C Model Removal 'clk'
Slack : 0.616
TNS   : 0.000

Type  : Fast 1100mV 0C Model Minimum Pulse Width 'clk'
Slack : 3.789
TNS   : 0.000

------------------------------------------------------------
