+----------------------------------------------------------------------------------------------------------------+
; Create Clock                                                                                                   ;
+--------------+------+--------+------------------+-------------------+-----------+-------------------+----------+
; SDC Command  ; Name ; Period ; Waveform         ; Targets           ; Add Clock ; Location          ; Comments ;
+--------------+------+--------+------------------+-------------------+-----------+-------------------+----------+
; create_clock ; clk  ; 20.000 ; { 0.000 10.000 } ; [get_ports {clk}] ;           ; matmul_free.sdc:3 ;          ;
+--------------+------+--------+------------------+-------------------+-----------+-------------------+----------+

+---------------------------------------------------------------------------------------------------------------------------------------+
; Set Clock Uncertainty                                                                                                                 ;
+-----------------------+--------+------------+--------------------+----------+--------------------+-------------+-----------+----------+
; SDC Command           ; Flags  ; From Flags ; From               ; To Flags ; To                 ; Uncertainty ; Source    ; Comments ;
+-----------------------+--------+------------+--------------------+----------+--------------------+-------------+-----------+----------+
; set_clock_uncertainty ; -setup ; -rise_from ; [get_clocks {clk}] ; -rise_to ; [get_clocks {clk}] ; 0.100       ; Generated ;          ;
; set_clock_uncertainty ; -hold  ; -rise_from ; [get_clocks {clk}] ; -rise_to ; [get_clocks {clk}] ; 0.060       ; Generated ;          ;
; set_clock_uncertainty ; -setup ; -rise_from ; [get_clocks {clk}] ; -fall_to ; [get_clocks {clk}] ; 0.100       ; Generated ;          ;
; set_clock_uncertainty ; -hold  ; -rise_from ; [get_clocks {clk}] ; -fall_to ; [get_clocks {clk}] ; 0.060       ; Generated ;          ;
; set_clock_uncertainty ; -setup ; -fall_from ; [get_clocks {clk}] ; -rise_to ; [get_clocks {clk}] ; 0.100       ; Generated ;          ;
; set_clock_uncertainty ; -hold  ; -fall_from ; [get_clocks {clk}] ; -rise_to ; [get_clocks {clk}] ; 0.060       ; Generated ;          ;
; set_clock_uncertainty ; -setup ; -fall_from ; [get_clocks {clk}] ; -fall_to ; [get_clocks {clk}] ; 0.100       ; Generated ;          ;
; set_clock_uncertainty ; -hold  ; -fall_from ; [get_clocks {clk}] ; -fall_to ; [get_clocks {clk}] ; 0.060       ; Generated ;          ;
+-----------------------+--------+------------+--------------------+----------+--------------------+-------------+-----------+----------+

+---------------------------------------------------------------------------------------------------------------------------------------------------------------------------------------------------------------+
; Set Input Delay                                                                                                                                                                                               ;
+-----------------+------------+-------------------------+-------------------------+------------+-------+------------------+---------------+-------+----------------------------+--------------------+----------+
; SDC Command     ; Add Delay  ; Partition Boundary Port ; Source Latency Included ; Clock Fall ; Flags ; Clock Name       ; Reference Pin ; Delay ; Ports                      ; Location           ; Comments ;
+-----------------+------------+-------------------------+-------------------------+------------+-------+------------------+---------------+-------+----------------------------+--------------------+----------+
; set_input_delay ; -add_delay ;                         ;                         ;            ; -max  ; [get_clocks clk] ;               ; 2.000 ; [get_ports host_addr[0]]   ; matmul_free.sdc:10 ;          ;
; set_input_delay ; -add_delay ;                         ;                         ;            ; -min  ; [get_clocks clk] ;               ; 0.500 ; [get_ports host_addr[0]]   ; matmul_free.sdc:10 ;          ;
; set_input_delay ; -add_delay ;                         ;                         ;            ; -max  ; [get_clocks clk] ;               ; 2.000 ; [get_ports host_addr[1]]   ; matmul_free.sdc:10 ;          ;
; set_input_delay ; -add_delay ;                         ;                         ;            ; -min  ; [get_clocks clk] ;               ; 0.500 ; [get_ports host_addr[1]]   ; matmul_free.sdc:10 ;          ;
; set_input_delay ; -add_delay ;                         ;                         ;            ; -max  ; [get_clocks clk] ;               ; 2.000 ; [get_ports host_addr[2]]   ; matmul_free.sdc:10 ;          ;
; set_input_delay ; -add_delay ;                         ;                         ;            ; -min  ; [get_clocks clk] ;               ; 0.500 ; [get_ports host_addr[2]]   ; matmul_free.sdc:10 ;          ;
; set_input_delay ; -add_delay ;                         ;                         ;            ; -max  ; [get_clocks clk] ;               ; 2.000 ; [get_ports host_addr[3]]   ; matmul_free.sdc:10 ;          ;
; set_input_delay ; -add_delay ;                         ;                         ;            ; -min  ; [get_clocks clk] ;               ; 0.500 ; [get_ports host_addr[3]]   ; matmul_free.sdc:10 ;          ;
; set_input_delay ; -add_delay ;                         ;                         ;            ; -max  ; [get_clocks clk] ;               ; 2.000 ; [get_ports host_addr[4]]   ; matmul_free.sdc:10 ;          ;
; set_input_delay ; -add_delay ;                         ;                         ;            ; -min  ; [get_clocks clk] ;               ; 0.500 ; [get_ports host_addr[4]]   ; matmul_free.sdc:10 ;          ;
; set_input_delay ; -add_delay ;                         ;                         ;            ; -max  ; [get_clocks clk] ;               ; 2.000 ; [get_ports host_addr[5]]   ; matmul_free.sdc:10 ;          ;
; set_input_delay ; -add_delay ;                         ;                         ;            ; -min  ; [get_clocks clk] ;               ; 0.500 ; [get_ports host_addr[5]]   ; matmul_free.sdc:10 ;          ;
; set_input_delay ; -add_delay ;                         ;                         ;            ; -max  ; [get_clocks clk] ;               ; 2.000 ; [get_ports host_addr[6]]   ; matmul_free.sdc:10 ;          ;
; set_input_delay ; -add_delay ;                         ;                         ;            ; -min  ; [get_clocks clk] ;               ; 0.500 ; [get_ports host_addr[6]]   ; matmul_free.sdc:10 ;          ;
; set_input_delay ; -add_delay ;                         ;                         ;            ; -max  ; [get_clocks clk] ;               ; 2.000 ; [get_ports host_addr[7]]   ; matmul_free.sdc:10 ;          ;
; set_input_delay ; -add_delay ;                         ;                         ;            ; -min  ; [get_clocks clk] ;               ; 0.500 ; [get_ports host_addr[7]]   ; matmul_free.sdc:10 ;          ;
; set_input_delay ; -add_delay ;                         ;                         ;            ; -max  ; [get_clocks clk] ;               ; 2.000 ; [get_ports host_addr[8]]   ; matmul_free.sdc:10 ;          ;
; set_input_delay ; -add_delay ;                         ;                         ;            ; -min  ; [get_clocks clk] ;               ; 0.500 ; [get_ports host_addr[8]]   ; matmul_free.sdc:10 ;          ;
; set_input_delay ; -add_delay ;                         ;                         ;            ; -max  ; [get_clocks clk] ;               ; 2.000 ; [get_ports host_addr[9]]   ; matmul_free.sdc:10 ;          ;
; set_input_delay ; -add_delay ;                         ;                         ;            ; -min  ; [get_clocks clk] ;               ; 0.500 ; [get_ports host_addr[9]]   ; matmul_free.sdc:10 ;          ;
; set_input_delay ; -add_delay ;                         ;                         ;            ; -max  ; [get_clocks clk] ;               ; 2.000 ; [get_ports host_addr[10]]  ; matmul_free.sdc:10 ;          ;
; set_input_delay ; -add_delay ;                         ;                         ;            ; -min  ; [get_clocks clk] ;               ; 0.500 ; [get_ports host_addr[10]]  ; matmul_free.sdc:10 ;          ;
; set_input_delay ; -add_delay ;                         ;                         ;            ; -max  ; [get_clocks clk] ;               ; 2.000 ; [get_ports host_addr[11]]  ; matmul_free.sdc:10 ;          ;
; set_input_delay ; -add_delay ;                         ;                         ;            ; -min  ; [get_clocks clk] ;               ; 0.500 ; [get_ports host_addr[11]]  ; matmul_free.sdc:10 ;          ;
; set_input_delay ; -add_delay ;                         ;                         ;            ; -max  ; [get_clocks clk] ;               ; 2.000 ; [get_ports host_addr[12]]  ; matmul_free.sdc:10 ;          ;
; set_input_delay ; -add_delay ;                         ;                         ;            ; -min  ; [get_clocks clk] ;               ; 0.500 ; [get_ports host_addr[12]]  ; matmul_free.sdc:10 ;          ;
; set_input_delay ; -add_delay ;                         ;                         ;            ; -max  ; [get_clocks clk] ;               ; 2.000 ; [get_ports host_addr[13]]  ; matmul_free.sdc:10 ;          ;
; set_input_delay ; -add_delay ;                         ;                         ;            ; -min  ; [get_clocks clk] ;               ; 0.500 ; [get_ports host_addr[13]]  ; matmul_free.sdc:10 ;          ;
; set_input_delay ; -add_delay ;                         ;                         ;            ; -max  ; [get_clocks clk] ;               ; 2.000 ; [get_ports host_addr[14]]  ; matmul_free.sdc:10 ;          ;
; set_input_delay ; -add_delay ;                         ;                         ;            ; -min  ; [get_clocks clk] ;               ; 0.500 ; [get_ports host_addr[14]]  ; matmul_free.sdc:10 ;          ;
; set_input_delay ; -add_delay ;                         ;                         ;            ; -max  ; [get_clocks clk] ;               ; 2.000 ; [get_ports host_addr[15]]  ; matmul_free.sdc:10 ;          ;
; set_input_delay ; -add_delay ;                         ;                         ;            ; -min  ; [get_clocks clk] ;               ; 0.500 ; [get_ports host_addr[15]]  ; matmul_free.sdc:10 ;          ;
; set_input_delay ; -add_delay ;                         ;                         ;            ; -max  ; [get_clocks clk] ;               ; 2.000 ; [get_ports host_addr[16]]  ; matmul_free.sdc:10 ;          ;
; set_input_delay ; -add_delay ;                         ;                         ;            ; -min  ; [get_clocks clk] ;               ; 0.500 ; [get_ports host_addr[16]]  ; matmul_free.sdc:10 ;          ;
; set_input_delay ; -add_delay ;                         ;                         ;            ; -max  ; [get_clocks clk] ;               ; 2.000 ; [get_ports host_addr[17]]  ; matmul_free.sdc:10 ;          ;
; set_input_delay ; -add_delay ;                         ;                         ;            ; -min  ; [get_clocks clk] ;               ; 0.500 ; [get_ports host_addr[17]]  ; matmul_free.sdc:10 ;          ;
; set_input_delay ; -add_delay ;                         ;                         ;            ; -max  ; [get_clocks clk] ;               ; 2.000 ; [get_ports host_addr[18]]  ; matmul_free.sdc:10 ;          ;
; set_input_delay ; -add_delay ;                         ;                         ;            ; -min  ; [get_clocks clk] ;               ; 0.500 ; [get_ports host_addr[18]]  ; matmul_free.sdc:10 ;          ;
; set_input_delay ; -add_delay ;                         ;                         ;            ; -max  ; [get_clocks clk] ;               ; 2.000 ; [get_ports host_addr[19]]  ; matmul_free.sdc:10 ;          ;
; set_input_delay ; -add_delay ;                         ;                         ;            ; -min  ; [get_clocks clk] ;               ; 0.500 ; [get_ports host_addr[19]]  ; matmul_free.sdc:10 ;          ;
; set_input_delay ; -add_delay ;                         ;                         ;            ; -max  ; [get_clocks clk] ;               ; 2.000 ; [get_ports host_addr[20]]  ; matmul_free.sdc:10 ;          ;
; set_input_delay ; -add_delay ;                         ;                         ;            ; -min  ; [get_clocks clk] ;               ; 0.500 ; [get_ports host_addr[20]]  ; matmul_free.sdc:10 ;          ;
; set_input_delay ; -add_delay ;                         ;                         ;            ; -max  ; [get_clocks clk] ;               ; 2.000 ; [get_ports host_addr[21]]  ; matmul_free.sdc:10 ;          ;
; set_input_delay ; -add_delay ;                         ;                         ;            ; -min  ; [get_clocks clk] ;               ; 0.500 ; [get_ports host_addr[21]]  ; matmul_free.sdc:10 ;          ;
; set_input_delay ; -add_delay ;                         ;                         ;            ; -max  ; [get_clocks clk] ;               ; 2.000 ; [get_ports host_addr[22]]  ; matmul_free.sdc:10 ;          ;
; set_input_delay ; -add_delay ;                         ;                         ;            ; -min  ; [get_clocks clk] ;               ; 0.500 ; [get_ports host_addr[22]]  ; matmul_free.sdc:10 ;          ;
; set_input_delay ; -add_delay ;                         ;                         ;            ; -max  ; [get_clocks clk] ;               ; 2.000 ; [get_ports host_addr[23]]  ; matmul_free.sdc:10 ;          ;
; set_input_delay ; -add_delay ;                         ;                         ;            ; -min  ; [get_clocks clk] ;               ; 0.500 ; [get_ports host_addr[23]]  ; matmul_free.sdc:10 ;          ;
; set_input_delay ; -add_delay ;                         ;                         ;            ; -max  ; [get_clocks clk] ;               ; 2.000 ; [get_ports host_addr[24]]  ; matmul_free.sdc:10 ;          ;
; set_input_delay ; -add_delay ;                         ;                         ;            ; -min  ; [get_clocks clk] ;               ; 0.500 ; [get_ports host_addr[24]]  ; matmul_free.sdc:10 ;          ;
; set_input_delay ; -add_delay ;                         ;                         ;            ; -max  ; [get_clocks clk] ;               ; 2.000 ; [get_ports host_addr[25]]  ; matmul_free.sdc:10 ;          ;
; set_input_delay ; -add_delay ;                         ;                         ;            ; -min  ; [get_clocks clk] ;               ; 0.500 ; [get_ports host_addr[25]]  ; matmul_free.sdc:10 ;          ;
; set_input_delay ; -add_delay ;                         ;                         ;            ; -max  ; [get_clocks clk] ;               ; 2.000 ; [get_ports host_addr[26]]  ; matmul_free.sdc:10 ;          ;
; set_input_delay ; -add_delay ;                         ;                         ;            ; -min  ; [get_clocks clk] ;               ; 0.500 ; [get_ports host_addr[26]]  ; matmul_free.sdc:10 ;          ;
; set_input_delay ; -add_delay ;                         ;                         ;            ; -max  ; [get_clocks clk] ;               ; 2.000 ; [get_ports host_addr[27]]  ; matmul_free.sdc:10 ;          ;
; set_input_delay ; -add_delay ;                         ;                         ;            ; -min  ; [get_clocks clk] ;               ; 0.500 ; [get_ports host_addr[27]]  ; matmul_free.sdc:10 ;          ;
; set_input_delay ; -add_delay ;                         ;                         ;            ; -max  ; [get_clocks clk] ;               ; 2.000 ; [get_ports host_addr[28]]  ; matmul_free.sdc:10 ;          ;
; set_input_delay ; -add_delay ;                         ;                         ;            ; -min  ; [get_clocks clk] ;               ; 0.500 ; [get_ports host_addr[28]]  ; matmul_free.sdc:10 ;          ;
; set_input_delay ; -add_delay ;                         ;                         ;            ; -max  ; [get_clocks clk] ;               ; 2.000 ; [get_ports host_addr[29]]  ; matmul_free.sdc:10 ;          ;
; set_input_delay ; -add_delay ;                         ;                         ;            ; -min  ; [get_clocks clk] ;               ; 0.500 ; [get_ports host_addr[29]]  ; matmul_free.sdc:10 ;          ;
; set_input_delay ; -add_delay ;                         ;                         ;            ; -max  ; [get_clocks clk] ;               ; 2.000 ; [get_ports host_addr[30]]  ; matmul_free.sdc:10 ;          ;
; set_input_delay ; -add_delay ;                         ;                         ;            ; -min  ; [get_clocks clk] ;               ; 0.500 ; [get_ports host_addr[30]]  ; matmul_free.sdc:10 ;          ;
; set_input_delay ; -add_delay ;                         ;                         ;            ; -max  ; [get_clocks clk] ;               ; 2.000 ; [get_ports host_addr[31]]  ; matmul_free.sdc:10 ;          ;
; set_input_delay ; -add_delay ;                         ;                         ;            ; -min  ; [get_clocks clk] ;               ; 0.500 ; [get_ports host_addr[31]]  ; matmul_free.sdc:10 ;          ;
; set_input_delay ; -add_delay ;                         ;                         ;            ; -max  ; [get_clocks clk] ;               ; 2.000 ; [get_ports host_en]        ; matmul_free.sdc:10 ;          ;
; set_input_delay ; -add_delay ;                         ;                         ;            ; -min  ; [get_clocks clk] ;               ; 0.500 ; [get_ports host_en]        ; matmul_free.sdc:10 ;          ;
; set_input_delay ; -add_delay ;                         ;                         ;            ; -max  ; [get_clocks clk] ;               ; 2.000 ; [get_ports host_wdata[0]]  ; matmul_free.sdc:10 ;          ;
; set_input_delay ; -add_delay ;                         ;                         ;            ; -min  ; [get_clocks clk] ;               ; 0.500 ; [get_ports host_wdata[0]]  ; matmul_free.sdc:10 ;          ;
; set_input_delay ; -add_delay ;                         ;                         ;            ; -max  ; [get_clocks clk] ;               ; 2.000 ; [get_ports host_wdata[1]]  ; matmul_free.sdc:10 ;          ;
; set_input_delay ; -add_delay ;                         ;                         ;            ; -min  ; [get_clocks clk] ;               ; 0.500 ; [get_ports host_wdata[1]]  ; matmul_free.sdc:10 ;          ;
; set_input_delay ; -add_delay ;                         ;                         ;            ; -max  ; [get_clocks clk] ;               ; 2.000 ; [get_ports host_wdata[2]]  ; matmul_free.sdc:10 ;          ;
; set_input_delay ; -add_delay ;                         ;                         ;            ; -min  ; [get_clocks clk] ;               ; 0.500 ; [get_ports host_wdata[2]]  ; matmul_free.sdc:10 ;          ;
; set_input_delay ; -add_delay ;                         ;                         ;            ; -max  ; [get_clocks clk] ;               ; 2.000 ; [get_ports host_wdata[3]]  ; matmul_free.sdc:10 ;          ;
; set_input_delay ; -add_delay ;                         ;                         ;            ; -min  ; [get_clocks clk] ;               ; 0.500 ; [get_ports host_wdata[3]]  ; matmul_free.sdc:10 ;          ;
; set_input_delay ; -add_delay ;                         ;                         ;            ; -max  ; [get_clocks clk] ;               ; 2.000 ; [get_ports host_wdata[4]]  ; matmul_free.sdc:10 ;          ;
; set_input_delay ; -add_delay ;                         ;                         ;            ; -min  ; [get_clocks clk] ;               ; 0.500 ; [get_ports host_wdata[4]]  ; matmul_free.sdc:10 ;          ;
; set_input_delay ; -add_delay ;                         ;                         ;            ; -max  ; [get_clocks clk] ;               ; 2.000 ; [get_ports host_wdata[5]]  ; matmul_free.sdc:10 ;          ;
; set_input_delay ; -add_delay ;                         ;                         ;            ; -min  ; [get_clocks clk] ;               ; 0.500 ; [get_ports host_wdata[5]]  ; matmul_free.sdc:10 ;          ;
; set_input_delay ; -add_delay ;                         ;                         ;            ; -max  ; [get_clocks clk] ;               ; 2.000 ; [get_ports host_wdata[6]]  ; matmul_free.sdc:10 ;          ;
; set_input_delay ; -add_delay ;                         ;                         ;            ; -min  ; [get_clocks clk] ;               ; 0.500 ; [get_ports host_wdata[6]]  ; matmul_free.sdc:10 ;          ;
; set_input_delay ; -add_delay ;                         ;                         ;            ; -max  ; [get_clocks clk] ;               ; 2.000 ; [get_ports host_wdata[7]]  ; matmul_free.sdc:10 ;          ;
; set_input_delay ; -add_delay ;                         ;                         ;            ; -min  ; [get_clocks clk] ;               ; 0.500 ; [get_ports host_wdata[7]]  ; matmul_free.sdc:10 ;          ;
; set_input_delay ; -add_delay ;                         ;                         ;            ; -max  ; [get_clocks clk] ;               ; 2.000 ; [get_ports host_wdata[8]]  ; matmul_free.sdc:10 ;          ;
; set_input_delay ; -add_delay ;                         ;                         ;            ; -min  ; [get_clocks clk] ;               ; 0.500 ; [get_ports host_wdata[8]]  ; matmul_free.sdc:10 ;          ;
; set_input_delay ; -add_delay ;                         ;                         ;            ; -max  ; [get_clocks clk] ;               ; 2.000 ; [get_ports host_wdata[9]]  ; matmul_free.sdc:10 ;          ;
; set_input_delay ; -add_delay ;                         ;                         ;            ; -min  ; [get_clocks clk] ;               ; 0.500 ; [get_ports host_wdata[9]]  ; matmul_free.sdc:10 ;          ;
; set_input_delay ; -add_delay ;                         ;                         ;            ; -max  ; [get_clocks clk] ;               ; 2.000 ; [get_ports host_wdata[10]] ; matmul_free.sdc:10 ;          ;
; set_input_delay ; -add_delay ;                         ;                         ;            ; -min  ; [get_clocks clk] ;               ; 0.500 ; [get_ports host_wdata[10]] ; matmul_free.sdc:10 ;          ;
; set_input_delay ; -add_delay ;                         ;                         ;            ; -max  ; [get_clocks clk] ;               ; 2.000 ; [get_ports host_wdata[11]] ; matmul_free.sdc:10 ;          ;
; set_input_delay ; -add_delay ;                         ;                         ;            ; -min  ; [get_clocks clk] ;               ; 0.500 ; [get_ports host_wdata[11]] ; matmul_free.sdc:10 ;          ;
; set_input_delay ; -add_delay ;                         ;                         ;            ; -max  ; [get_clocks clk] ;               ; 2.000 ; [get_ports host_wdata[12]] ; matmul_free.sdc:10 ;          ;
; set_input_delay ; -add_delay ;                         ;                         ;            ; -min  ; [get_clocks clk] ;               ; 0.500 ; [get_ports host_wdata[12]] ; matmul_free.sdc:10 ;          ;
; set_input_delay ; -add_delay ;                         ;                         ;            ; -max  ; [get_clocks clk] ;               ; 2.000 ; [get_ports host_wdata[13]] ; matmul_free.sdc:10 ;          ;
; set_input_delay ; -add_delay ;                         ;                         ;            ; -min  ; [get_clocks clk] ;               ; 0.500 ; [get_ports host_wdata[13]] ; matmul_free.sdc:10 ;          ;
; set_input_delay ; -add_delay ;                         ;                         ;            ; -max  ; [get_clocks clk] ;               ; 2.000 ; [get_ports host_wdata[14]] ; matmul_free.sdc:10 ;          ;
; set_input_delay ; -add_delay ;                         ;                         ;            ; -min  ; [get_clocks clk] ;               ; 0.500 ; [get_ports host_wdata[14]] ; matmul_free.sdc:10 ;          ;
; set_input_delay ; -add_delay ;                         ;                         ;            ; -max  ; [get_clocks clk] ;               ; 2.000 ; [get_ports host_wdata[15]] ; matmul_free.sdc:10 ;          ;
; set_input_delay ; -add_delay ;                         ;                         ;            ; -min  ; [get_clocks clk] ;               ; 0.500 ; [get_ports host_wdata[15]] ; matmul_free.sdc:10 ;          ;
; set_input_delay ; -add_delay ;                         ;                         ;            ; -max  ; [get_clocks clk] ;               ; 2.000 ; [get_ports host_wdata[16]] ; matmul_free.sdc:10 ;          ;
; set_input_delay ; -add_delay ;                         ;                         ;            ; -min  ; [get_clocks clk] ;               ; 0.500 ; [get_ports host_wdata[16]] ; matmul_free.sdc:10 ;          ;
; set_input_delay ; -add_delay ;                         ;                         ;            ; -max  ; [get_clocks clk] ;               ; 2.000 ; [get_ports host_wdata[17]] ; matmul_free.sdc:10 ;          ;
; set_input_delay ; -add_delay ;                         ;                         ;            ; -min  ; [get_clocks clk] ;               ; 0.500 ; [get_ports host_wdata[17]] ; matmul_free.sdc:10 ;          ;
; set_input_delay ; -add_delay ;                         ;                         ;            ; -max  ; [get_clocks clk] ;               ; 2.000 ; [get_ports host_wdata[18]] ; matmul_free.sdc:10 ;          ;
; set_input_delay ; -add_delay ;                         ;                         ;            ; -min  ; [get_clocks clk] ;               ; 0.500 ; [get_ports host_wdata[18]] ; matmul_free.sdc:10 ;          ;
; set_input_delay ; -add_delay ;                         ;                         ;            ; -max  ; [get_clocks clk] ;               ; 2.000 ; [get_ports host_wdata[19]] ; matmul_free.sdc:10 ;          ;
; set_input_delay ; -add_delay ;                         ;                         ;            ; -min  ; [get_clocks clk] ;               ; 0.500 ; [get_ports host_wdata[19]] ; matmul_free.sdc:10 ;          ;
; set_input_delay ; -add_delay ;                         ;                         ;            ; -max  ; [get_clocks clk] ;               ; 2.000 ; [get_ports host_wdata[20]] ; matmul_free.sdc:10 ;          ;
; set_input_delay ; -add_delay ;                         ;                         ;            ; -min  ; [get_clocks clk] ;               ; 0.500 ; [get_ports host_wdata[20]] ; matmul_free.sdc:10 ;          ;
; set_input_delay ; -add_delay ;                         ;                         ;            ; -max  ; [get_clocks clk] ;               ; 2.000 ; [get_ports host_wdata[21]] ; matmul_free.sdc:10 ;          ;
; set_input_delay ; -add_delay ;                         ;                         ;            ; -min  ; [get_clocks clk] ;               ; 0.500 ; [get_ports host_wdata[21]] ; matmul_free.sdc:10 ;          ;
; set_input_delay ; -add_delay ;                         ;                         ;            ; -max  ; [get_clocks clk] ;               ; 2.000 ; [get_ports host_wdata[22]] ; matmul_free.sdc:10 ;          ;
; set_input_delay ; -add_delay ;                         ;                         ;            ; -min  ; [get_clocks clk] ;               ; 0.500 ; [get_ports host_wdata[22]] ; matmul_free.sdc:10 ;          ;
; set_input_delay ; -add_delay ;                         ;                         ;            ; -max  ; [get_clocks clk] ;               ; 2.000 ; [get_ports host_wdata[23]] ; matmul_free.sdc:10 ;          ;
; set_input_delay ; -add_delay ;                         ;                         ;            ; -min  ; [get_clocks clk] ;               ; 0.500 ; [get_ports host_wdata[23]] ; matmul_free.sdc:10 ;          ;
; set_input_delay ; -add_delay ;                         ;                         ;            ; -max  ; [get_clocks clk] ;               ; 2.000 ; [get_ports host_wdata[24]] ; matmul_free.sdc:10 ;          ;
; set_input_delay ; -add_delay ;                         ;                         ;            ; -min  ; [get_clocks clk] ;               ; 0.500 ; [get_ports host_wdata[24]] ; matmul_free.sdc:10 ;          ;
; set_input_delay ; -add_delay ;                         ;                         ;            ; -max  ; [get_clocks clk] ;               ; 2.000 ; [get_ports host_wdata[25]] ; matmul_free.sdc:10 ;          ;
; set_input_delay ; -add_delay ;                         ;                         ;            ; -min  ; [get_clocks clk] ;               ; 0.500 ; [get_ports host_wdata[25]] ; matmul_free.sdc:10 ;          ;
; set_input_delay ; -add_delay ;                         ;                         ;            ; -max  ; [get_clocks clk] ;               ; 2.000 ; [get_ports host_wdata[26]] ; matmul_free.sdc:10 ;          ;
; set_input_delay ; -add_delay ;                         ;                         ;            ; -min  ; [get_clocks clk] ;               ; 0.500 ; [get_ports host_wdata[26]] ; matmul_free.sdc:10 ;          ;
; set_input_delay ; -add_delay ;                         ;                         ;            ; -max  ; [get_clocks clk] ;               ; 2.000 ; [get_ports host_wdata[27]] ; matmul_free.sdc:10 ;          ;
; set_input_delay ; -add_delay ;                         ;                         ;            ; -min  ; [get_clocks clk] ;               ; 0.500 ; [get_ports host_wdata[27]] ; matmul_free.sdc:10 ;          ;
; set_input_delay ; -add_delay ;                         ;                         ;            ; -max  ; [get_clocks clk] ;               ; 2.000 ; [get_ports host_wdata[28]] ; matmul_free.sdc:10 ;          ;
; set_input_delay ; -add_delay ;                         ;                         ;            ; -min  ; [get_clocks clk] ;               ; 0.500 ; [get_ports host_wdata[28]] ; matmul_free.sdc:10 ;          ;
; set_input_delay ; -add_delay ;                         ;                         ;            ; -max  ; [get_clocks clk] ;               ; 2.000 ; [get_ports host_wdata[29]] ; matmul_free.sdc:10 ;          ;
; set_input_delay ; -add_delay ;                         ;                         ;            ; -min  ; [get_clocks clk] ;               ; 0.500 ; [get_ports host_wdata[29]] ; matmul_free.sdc:10 ;          ;
; set_input_delay ; -add_delay ;                         ;                         ;            ; -max  ; [get_clocks clk] ;               ; 2.000 ; [get_ports host_wdata[30]] ; matmul_free.sdc:10 ;          ;
; set_input_delay ; -add_delay ;                         ;                         ;            ; -min  ; [get_clocks clk] ;               ; 0.500 ; [get_ports host_wdata[30]] ; matmul_free.sdc:10 ;          ;
; set_input_delay ; -add_delay ;                         ;                         ;            ; -max  ; [get_clocks clk] ;               ; 2.000 ; [get_ports host_wdata[31]] ; matmul_free.sdc:10 ;          ;
; set_input_delay ; -add_delay ;                         ;                         ;            ; -min  ; [get_clocks clk] ;               ; 0.500 ; [get_ports host_wdata[31]] ; matmul_free.sdc:10 ;          ;
; set_input_delay ; -add_delay ;                         ;                         ;            ; -max  ; [get_clocks clk] ;               ; 2.000 ; [get_ports host_we]        ; matmul_free.sdc:10 ;          ;
; set_input_delay ; -add_delay ;                         ;                         ;            ; -min  ; [get_clocks clk] ;               ; 0.500 ; [get_ports host_we]        ; matmul_free.sdc:10 ;          ;
; set_input_delay ; -add_delay ;                         ;                         ;            ; -max  ; [get_clocks clk] ;               ; 2.000 ; [get_ports rst_n]          ; matmul_free.sdc:10 ;          ;
; set_input_delay ; -add_delay ;                         ;                         ;            ; -min  ; [get_clocks clk] ;               ; 0.500 ; [get_ports rst_n]          ; matmul_free.sdc:10 ;          ;
+-----------------+------------+-------------------------+-------------------------+------------+-------+------------------+---------------+-------+----------------------------+--------------------+----------+

+------------------------------------------------------------------------------------------------------------------------------------------------------------------------------------------------------------------+
; Set Output Delay                                                                                                                                                                                                 ;
+------------------+------------+-------------------------+-------------------------+------------+-------+------------------+---------------+--------+-----------------------------+--------------------+----------+
; SDC Command      ; Add Delay  ; Partition Boundary Port ; Source Latency Included ; Clock Fall ; Flags ; Clock Name       ; Reference Pin ; Delay  ; Ports                       ; Location           ; Comments ;
+------------------+------------+-------------------------+-------------------------+------------+-------+------------------+---------------+--------+-----------------------------+--------------------+----------+
; set_output_delay ; -add_delay ;                         ;                         ;            ; -max  ; [get_clocks clk] ;               ; 2.000  ; [get_ports error]           ; matmul_free.sdc:12 ;          ;
; set_output_delay ; -add_delay ;                         ;                         ;            ; -min  ; [get_clocks clk] ;               ; -0.500 ; [get_ports error]           ; matmul_free.sdc:12 ;          ;
; set_output_delay ; -add_delay ;                         ;                         ;            ; -max  ; [get_clocks clk] ;               ; 2.000  ; [get_ports host_rdata[0]]   ; matmul_free.sdc:12 ;          ;
; set_output_delay ; -add_delay ;                         ;                         ;            ; -min  ; [get_clocks clk] ;               ; -0.500 ; [get_ports host_rdata[0]]   ; matmul_free.sdc:12 ;          ;
; set_output_delay ; -add_delay ;                         ;                         ;            ; -max  ; [get_clocks clk] ;               ; 2.000  ; [get_ports host_rdata[1]]   ; matmul_free.sdc:12 ;          ;
; set_output_delay ; -add_delay ;                         ;                         ;            ; -min  ; [get_clocks clk] ;               ; -0.500 ; [get_ports host_rdata[1]]   ; matmul_free.sdc:12 ;          ;
; set_output_delay ; -add_delay ;                         ;                         ;            ; -max  ; [get_clocks clk] ;               ; 2.000  ; [get_ports host_rdata[2]]   ; matmul_free.sdc:12 ;          ;
; set_output_delay ; -add_delay ;                         ;                         ;            ; -min  ; [get_clocks clk] ;               ; -0.500 ; [get_ports host_rdata[2]]   ; matmul_free.sdc:12 ;          ;
; set_output_delay ; -add_delay ;                         ;                         ;            ; -max  ; [get_clocks clk] ;               ; 2.000  ; [get_ports host_rdata[3]]   ; matmul_free.sdc:12 ;          ;
; set_output_delay ; -add_delay ;                         ;                         ;            ; -min  ; [get_clocks clk] ;               ; -0.500 ; [get_ports host_rdata[3]]   ; matmul_free.sdc:12 ;          ;
; set_output_delay ; -add_delay ;                         ;                         ;            ; -max  ; [get_clocks clk] ;               ; 2.000  ; [get_ports host_rdata[4]]   ; matmul_free.sdc:12 ;          ;
; set_output_delay ; -add_delay ;                         ;                         ;            ; -min  ; [get_clocks clk] ;               ; -0.500 ; [get_ports host_rdata[4]]   ; matmul_free.sdc:12 ;          ;
; set_output_delay ; -add_delay ;                         ;                         ;            ; -max  ; [get_clocks clk] ;               ; 2.000  ; [get_ports host_rdata[5]]   ; matmul_free.sdc:12 ;          ;
; set_output_delay ; -add_delay ;                         ;                         ;            ; -min  ; [get_clocks clk] ;               ; -0.500 ; [get_ports host_rdata[5]]   ; matmul_free.sdc:12 ;          ;
; set_output_delay ; -add_delay ;                         ;                         ;            ; -max  ; [get_clocks clk] ;               ; 2.000  ; [get_ports host_rdata[6]]   ; matmul_free.sdc:12 ;          ;
; set_output_delay ; -add_delay ;                         ;                         ;            ; -min  ; [get_clocks clk] ;               ; -0.500 ; [get_ports host_rdata[6]]   ; matmul_free.sdc:12 ;          ;
; set_output_delay ; -add_delay ;                         ;                         ;            ; -max  ; [get_clocks clk] ;               ; 2.000  ; [get_ports host_rdata[7]]   ; matmul_free.sdc:12 ;          ;
; set_output_delay ; -add_delay ;                         ;                         ;            ; -min  ; [get_clocks clk] ;               ; -0.500 ; [get_ports host_rdata[7]]   ; matmul_free.sdc:12 ;          ;
; set_output_delay ; -add_delay ;                         ;                         ;            ; -max  ; [get_clocks clk] ;               ; 2.000  ; [get_ports host_rdata[8]]   ; matmul_free.sdc:12 ;          ;
; set_output_delay ; -add_delay ;                         ;                         ;            ; -min  ; [get_clocks clk] ;               ; -0.500 ; [get_ports host_rdata[8]]   ; matmul_free.sdc:12 ;          ;
; set_output_delay ; -add_delay ;                         ;                         ;            ; -max  ; [get_clocks clk] ;               ; 2.000  ; [get_ports host_rdata[9]]   ; matmul_free.sdc:12 ;          ;
; set_output_delay ; -add_delay ;                         ;                         ;            ; -min  ; [get_clocks clk] ;               ; -0.500 ; [get_ports host_rdata[9]]   ; matmul_free.sdc:12 ;          ;
; set_output_delay ; -add_delay ;                         ;                         ;            ; -max  ; [get_clocks clk] ;               ; 2.000  ; [get_ports host_rdata[10]]  ; matmul_free.sdc:12 ;          ;
; set_output_delay ; -add_delay ;                         ;                         ;            ; -min  ; [get_clocks clk] ;               ; -0.500 ; [get_ports host_rdata[10]]  ; matmul_free.sdc:12 ;          ;
; set_output_delay ; -add_delay ;                         ;                         ;            ; -max  ; [get_clocks clk] ;               ; 2.000  ; [get_ports host_rdata[11]]  ; matmul_free.sdc:12 ;          ;
; set_output_delay ; -add_delay ;                         ;                         ;            ; -min  ; [get_clocks clk] ;               ; -0.500 ; [get_ports host_rdata[11]]  ; matmul_free.sdc:12 ;          ;
; set_output_delay ; -add_delay ;                         ;                         ;            ; -max  ; [get_clocks clk] ;               ; 2.000  ; [get_ports host_rdata[12]]  ; matmul_free.sdc:12 ;          ;
; set_output_delay ; -add_delay ;                         ;                         ;            ; -min  ; [get_clocks clk] ;               ; -0.500 ; [get_ports host_rdata[12]]  ; matmul_free.sdc:12 ;          ;
; set_output_delay ; -add_delay ;                         ;                         ;            ; -max  ; [get_clocks clk] ;               ; 2.000  ; [get_ports host_rdata[13]]  ; matmul_free.sdc:12 ;          ;
; set_output_delay ; -add_delay ;                         ;                         ;            ; -min  ; [get_clocks clk] ;               ; -0.500 ; [get_ports host_rdata[13]]  ; matmul_free.sdc:12 ;          ;
; set_output_delay ; -add_delay ;                         ;                         ;            ; -max  ; [get_clocks clk] ;               ; 2.000  ; [get_ports host_rdata[14]]  ; matmul_free.sdc:12 ;          ;
; set_output_delay ; -add_delay ;                         ;                         ;            ; -min  ; [get_clocks clk] ;               ; -0.500 ; [get_ports host_rdata[14]]  ; matmul_free.sdc:12 ;          ;
; set_output_delay ; -add_delay ;                         ;                         ;            ; -max  ; [get_clocks clk] ;               ; 2.000  ; [get_ports host_rdata[15]]  ; matmul_free.sdc:12 ;          ;
; set_output_delay ; -add_delay ;                         ;                         ;            ; -min  ; [get_clocks clk] ;               ; -0.500 ; [get_ports host_rdata[15]]  ; matmul_free.sdc:12 ;          ;
; set_output_delay ; -add_delay ;                         ;                         ;            ; -max  ; [get_clocks clk] ;               ; 2.000  ; [get_ports host_rdata[16]]  ; matmul_free.sdc:12 ;          ;
; set_output_delay ; -add_delay ;                         ;                         ;            ; -min  ; [get_clocks clk] ;               ; -0.500 ; [get_ports host_rdata[16]]  ; matmul_free.sdc:12 ;          ;
; set_output_delay ; -add_delay ;                         ;                         ;            ; -max  ; [get_clocks clk] ;               ; 2.000  ; [get_ports host_rdata[17]]  ; matmul_free.sdc:12 ;          ;
; set_output_delay ; -add_delay ;                         ;                         ;            ; -min  ; [get_clocks clk] ;               ; -0.500 ; [get_ports host_rdata[17]]  ; matmul_free.sdc:12 ;          ;
; set_output_delay ; -add_delay ;                         ;                         ;            ; -max  ; [get_clocks clk] ;               ; 2.000  ; [get_ports host_rdata[18]]  ; matmul_free.sdc:12 ;          ;
; set_output_delay ; -add_delay ;                         ;                         ;            ; -min  ; [get_clocks clk] ;               ; -0.500 ; [get_ports host_rdata[18]]  ; matmul_free.sdc:12 ;          ;
; set_output_delay ; -add_delay ;                         ;                         ;            ; -max  ; [get_clocks clk] ;               ; 2.000  ; [get_ports host_rdata[19]]  ; matmul_free.sdc:12 ;          ;
; set_output_delay ; -add_delay ;                         ;                         ;            ; -min  ; [get_clocks clk] ;               ; -0.500 ; [get_ports host_rdata[19]]  ; matmul_free.sdc:12 ;          ;
; set_output_delay ; -add_delay ;                         ;                         ;            ; -max  ; [get_clocks clk] ;               ; 2.000  ; [get_ports host_rdata[20]]  ; matmul_free.sdc:12 ;          ;
; set_output_delay ; -add_delay ;                         ;                         ;            ; -min  ; [get_clocks clk] ;               ; -0.500 ; [get_ports host_rdata[20]]  ; matmul_free.sdc:12 ;          ;
; set_output_delay ; -add_delay ;                         ;                         ;            ; -max  ; [get_clocks clk] ;               ; 2.000  ; [get_ports host_rdata[21]]  ; matmul_free.sdc:12 ;          ;
; set_output_delay ; -add_delay ;                         ;                         ;            ; -min  ; [get_clocks clk] ;               ; -0.500 ; [get_ports host_rdata[21]]  ; matmul_free.sdc:12 ;          ;
; set_output_delay ; -add_delay ;                         ;                         ;            ; -max  ; [get_clocks clk] ;               ; 2.000  ; [get_ports host_rdata[22]]  ; matmul_free.sdc:12 ;          ;
; set_output_delay ; -add_delay ;                         ;                         ;            ; -min  ; [get_clocks clk] ;               ; -0.500 ; [get_ports host_rdata[22]]  ; matmul_free.sdc:12 ;          ;
; set_output_delay ; -add_delay ;                         ;                         ;            ; -max  ; [get_clocks clk] ;               ; 2.000  ; [get_ports host_rdata[23]]  ; matmul_free.sdc:12 ;          ;
; set_output_delay ; -add_delay ;                         ;                         ;            ; -min  ; [get_clocks clk] ;               ; -0.500 ; [get_ports host_rdata[23]]  ; matmul_free.sdc:12 ;          ;
; set_output_delay ; -add_delay ;                         ;                         ;            ; -max  ; [get_clocks clk] ;               ; 2.000  ; [get_ports host_rdata[24]]  ; matmul_free.sdc:12 ;          ;
; set_output_delay ; -add_delay ;                         ;                         ;            ; -min  ; [get_clocks clk] ;               ; -0.500 ; [get_ports host_rdata[24]]  ; matmul_free.sdc:12 ;          ;
; set_output_delay ; -add_delay ;                         ;                         ;            ; -max  ; [get_clocks clk] ;               ; 2.000  ; [get_ports host_rdata[25]]  ; matmul_free.sdc:12 ;          ;
; set_output_delay ; -add_delay ;                         ;                         ;            ; -min  ; [get_clocks clk] ;               ; -0.500 ; [get_ports host_rdata[25]]  ; matmul_free.sdc:12 ;          ;
; set_output_delay ; -add_delay ;                         ;                         ;            ; -max  ; [get_clocks clk] ;               ; 2.000  ; [get_ports host_rdata[26]]  ; matmul_free.sdc:12 ;          ;
; set_output_delay ; -add_delay ;                         ;                         ;            ; -min  ; [get_clocks clk] ;               ; -0.500 ; [get_ports host_rdata[26]]  ; matmul_free.sdc:12 ;          ;
; set_output_delay ; -add_delay ;                         ;                         ;            ; -max  ; [get_clocks clk] ;               ; 2.000  ; [get_ports host_rdata[27]]  ; matmul_free.sdc:12 ;          ;
; set_output_delay ; -add_delay ;                         ;                         ;            ; -min  ; [get_clocks clk] ;               ; -0.500 ; [get_ports host_rdata[27]]  ; matmul_free.sdc:12 ;          ;
; set_output_delay ; -add_delay ;                         ;                         ;            ; -max  ; [get_clocks clk] ;               ; 2.000  ; [get_ports host_rdata[28]]  ; matmul_free.sdc:12 ;          ;
; set_output_delay ; -add_delay ;                         ;                         ;            ; -min  ; [get_clocks clk] ;               ; -0.500 ; [get_ports host_rdata[28]]  ; matmul_free.sdc:12 ;          ;
; set_output_delay ; -add_delay ;                         ;                         ;            ; -max  ; [get_clocks clk] ;               ; 2.000  ; [get_ports host_rdata[29]]  ; matmul_free.sdc:12 ;          ;
; set_output_delay ; -add_delay ;                         ;                         ;            ; -min  ; [get_clocks clk] ;               ; -0.500 ; [get_ports host_rdata[29]]  ; matmul_free.sdc:12 ;          ;
; set_output_delay ; -add_delay ;                         ;                         ;            ; -max  ; [get_clocks clk] ;               ; 2.000  ; [get_ports host_rdata[30]]  ; matmul_free.sdc:12 ;          ;
; set_output_delay ; -add_delay ;                         ;                         ;            ; -min  ; [get_clocks clk] ;               ; -0.500 ; [get_ports host_rdata[30]]  ; matmul_free.sdc:12 ;          ;
; set_output_delay ; -add_delay ;                         ;                         ;            ; -max  ; [get_clocks clk] ;               ; 2.000  ; [get_ports host_rdata[31]]  ; matmul_free.sdc:12 ;          ;
; set_output_delay ; -add_delay ;                         ;                         ;            ; -min  ; [get_clocks clk] ;               ; -0.500 ; [get_ports host_rdata[31]]  ; matmul_free.sdc:12 ;          ;
; set_output_delay ; -add_delay ;                         ;                         ;            ; -max  ; [get_clocks clk] ;               ; 2.000  ; [get_ports host_ready]      ; matmul_free.sdc:12 ;          ;
; set_output_delay ; -add_delay ;                         ;                         ;            ; -min  ; [get_clocks clk] ;               ; -0.500 ; [get_ports host_ready]      ; matmul_free.sdc:12 ;          ;
; set_output_delay ; -add_delay ;                         ;                         ;            ; -max  ; [get_clocks clk] ;               ; 2.000  ; [get_ports instr_debug[0]]  ; matmul_free.sdc:12 ;          ;
; set_output_delay ; -add_delay ;                         ;                         ;            ; -min  ; [get_clocks clk] ;               ; -0.500 ; [get_ports instr_debug[0]]  ; matmul_free.sdc:12 ;          ;
; set_output_delay ; -add_delay ;                         ;                         ;            ; -max  ; [get_clocks clk] ;               ; 2.000  ; [get_ports instr_debug[1]]  ; matmul_free.sdc:12 ;          ;
; set_output_delay ; -add_delay ;                         ;                         ;            ; -min  ; [get_clocks clk] ;               ; -0.500 ; [get_ports instr_debug[1]]  ; matmul_free.sdc:12 ;          ;
; set_output_delay ; -add_delay ;                         ;                         ;            ; -max  ; [get_clocks clk] ;               ; 2.000  ; [get_ports instr_debug[2]]  ; matmul_free.sdc:12 ;          ;
; set_output_delay ; -add_delay ;                         ;                         ;            ; -min  ; [get_clocks clk] ;               ; -0.500 ; [get_ports instr_debug[2]]  ; matmul_free.sdc:12 ;          ;
; set_output_delay ; -add_delay ;                         ;                         ;            ; -max  ; [get_clocks clk] ;               ; 2.000  ; [get_ports instr_debug[3]]  ; matmul_free.sdc:12 ;          ;
; set_output_delay ; -add_delay ;                         ;                         ;            ; -min  ; [get_clocks clk] ;               ; -0.500 ; [get_ports instr_debug[3]]  ; matmul_free.sdc:12 ;          ;
; set_output_delay ; -add_delay ;                         ;                         ;            ; -max  ; [get_clocks clk] ;               ; 2.000  ; [get_ports instr_debug[4]]  ; matmul_free.sdc:12 ;          ;
; set_output_delay ; -add_delay ;                         ;                         ;            ; -min  ; [get_clocks clk] ;               ; -0.500 ; [get_ports instr_debug[4]]  ; matmul_free.sdc:12 ;          ;
; set_output_delay ; -add_delay ;                         ;                         ;            ; -max  ; [get_clocks clk] ;               ; 2.000  ; [get_ports instr_debug[5]]  ; matmul_free.sdc:12 ;          ;
; set_output_delay ; -add_delay ;                         ;                         ;            ; -min  ; [get_clocks clk] ;               ; -0.500 ; [get_ports instr_debug[5]]  ; matmul_free.sdc:12 ;          ;
; set_output_delay ; -add_delay ;                         ;                         ;            ; -max  ; [get_clocks clk] ;               ; 2.000  ; [get_ports instr_debug[6]]  ; matmul_free.sdc:12 ;          ;
; set_output_delay ; -add_delay ;                         ;                         ;            ; -min  ; [get_clocks clk] ;               ; -0.500 ; [get_ports instr_debug[6]]  ; matmul_free.sdc:12 ;          ;
; set_output_delay ; -add_delay ;                         ;                         ;            ; -max  ; [get_clocks clk] ;               ; 2.000  ; [get_ports instr_debug[7]]  ; matmul_free.sdc:12 ;          ;
; set_output_delay ; -add_delay ;                         ;                         ;            ; -min  ; [get_clocks clk] ;               ; -0.500 ; [get_ports instr_debug[7]]  ; matmul_free.sdc:12 ;          ;
; set_output_delay ; -add_delay ;                         ;                         ;            ; -max  ; [get_clocks clk] ;               ; 2.000  ; [get_ports instr_debug[8]]  ; matmul_free.sdc:12 ;          ;
; set_output_delay ; -add_delay ;                         ;                         ;            ; -min  ; [get_clocks clk] ;               ; -0.500 ; [get_ports instr_debug[8]]  ; matmul_free.sdc:12 ;          ;
; set_output_delay ; -add_delay ;                         ;                         ;            ; -max  ; [get_clocks clk] ;               ; 2.000  ; [get_ports instr_debug[9]]  ; matmul_free.sdc:12 ;          ;
; set_output_delay ; -add_delay ;                         ;                         ;            ; -min  ; [get_clocks clk] ;               ; -0.500 ; [get_ports instr_debug[9]]  ; matmul_free.sdc:12 ;          ;
; set_output_delay ; -add_delay ;                         ;                         ;            ; -max  ; [get_clocks clk] ;               ; 2.000  ; [get_ports instr_debug[10]] ; matmul_free.sdc:12 ;          ;
; set_output_delay ; -add_delay ;                         ;                         ;            ; -min  ; [get_clocks clk] ;               ; -0.500 ; [get_ports instr_debug[10]] ; matmul_free.sdc:12 ;          ;
; set_output_delay ; -add_delay ;                         ;                         ;            ; -max  ; [get_clocks clk] ;               ; 2.000  ; [get_ports instr_debug[11]] ; matmul_free.sdc:12 ;          ;
; set_output_delay ; -add_delay ;                         ;                         ;            ; -min  ; [get_clocks clk] ;               ; -0.500 ; [get_ports instr_debug[11]] ; matmul_free.sdc:12 ;          ;
; set_output_delay ; -add_delay ;                         ;                         ;            ; -max  ; [get_clocks clk] ;               ; 2.000  ; [get_ports instr_debug[12]] ; matmul_free.sdc:12 ;          ;
; set_output_delay ; -add_delay ;                         ;                         ;            ; -min  ; [get_clocks clk] ;               ; -0.500 ; [get_ports instr_debug[12]] ; matmul_free.sdc:12 ;          ;
; set_output_delay ; -add_delay ;                         ;                         ;            ; -max  ; [get_clocks clk] ;               ; 2.000  ; [get_ports overflow_out]    ; matmul_free.sdc:12 ;          ;
; set_output_delay ; -add_delay ;                         ;                         ;            ; -min  ; [get_clocks clk] ;               ; -0.500 ; [get_ports overflow_out]    ; matmul_free.sdc:12 ;          ;
; set_output_delay ; -add_delay ;                         ;                         ;            ; -max  ; [get_clocks clk] ;               ; 2.000  ; [get_ports pc_debug[0]]     ; matmul_free.sdc:12 ;          ;
; set_output_delay ; -add_delay ;                         ;                         ;            ; -min  ; [get_clocks clk] ;               ; -0.500 ; [get_ports pc_debug[0]]     ; matmul_free.sdc:12 ;          ;
; set_output_delay ; -add_delay ;                         ;                         ;            ; -max  ; [get_clocks clk] ;               ; 2.000  ; [get_ports pc_debug[1]]     ; matmul_free.sdc:12 ;          ;
; set_output_delay ; -add_delay ;                         ;                         ;            ; -min  ; [get_clocks clk] ;               ; -0.500 ; [get_ports pc_debug[1]]     ; matmul_free.sdc:12 ;          ;
; set_output_delay ; -add_delay ;                         ;                         ;            ; -max  ; [get_clocks clk] ;               ; 2.000  ; [get_ports pc_debug[2]]     ; matmul_free.sdc:12 ;          ;
; set_output_delay ; -add_delay ;                         ;                         ;            ; -min  ; [get_clocks clk] ;               ; -0.500 ; [get_ports pc_debug[2]]     ; matmul_free.sdc:12 ;          ;
; set_output_delay ; -add_delay ;                         ;                         ;            ; -max  ; [get_clocks clk] ;               ; 2.000  ; [get_ports pc_debug[3]]     ; matmul_free.sdc:12 ;          ;
; set_output_delay ; -add_delay ;                         ;                         ;            ; -min  ; [get_clocks clk] ;               ; -0.500 ; [get_ports pc_debug[3]]     ; matmul_free.sdc:12 ;          ;
; set_output_delay ; -add_delay ;                         ;                         ;            ; -max  ; [get_clocks clk] ;               ; 2.000  ; [get_ports pc_debug[4]]     ; matmul_free.sdc:12 ;          ;
; set_output_delay ; -add_delay ;                         ;                         ;            ; -min  ; [get_clocks clk] ;               ; -0.500 ; [get_ports pc_debug[4]]     ; matmul_free.sdc:12 ;          ;
; set_output_delay ; -add_delay ;                         ;                         ;            ; -max  ; [get_clocks clk] ;               ; 2.000  ; [get_ports pc_debug[5]]     ; matmul_free.sdc:12 ;          ;
; set_output_delay ; -add_delay ;                         ;                         ;            ; -min  ; [get_clocks clk] ;               ; -0.500 ; [get_ports pc_debug[5]]     ; matmul_free.sdc:12 ;          ;
; set_output_delay ; -add_delay ;                         ;                         ;            ; -max  ; [get_clocks clk] ;               ; 2.000  ; [get_ports pc_debug[6]]     ; matmul_free.sdc:12 ;          ;
; set_output_delay ; -add_delay ;                         ;                         ;            ; -min  ; [get_clocks clk] ;               ; -0.500 ; [get_ports pc_debug[6]]     ; matmul_free.sdc:12 ;          ;
; set_output_delay ; -add_delay ;                         ;                         ;            ; -max  ; [get_clocks clk] ;               ; 2.000  ; [get_ports pc_debug[7]]     ; matmul_free.sdc:12 ;          ;
; set_output_delay ; -add_delay ;                         ;                         ;            ; -min  ; [get_clocks clk] ;               ; -0.500 ; [get_ports pc_debug[7]]     ; matmul_free.sdc:12 ;          ;
; set_output_delay ; -add_delay ;                         ;                         ;            ; -max  ; [get_clocks clk] ;               ; 2.000  ; [get_ports pc_debug[8]]     ; matmul_free.sdc:12 ;          ;
; set_output_delay ; -add_delay ;                         ;                         ;            ; -min  ; [get_clocks clk] ;               ; -0.500 ; [get_ports pc_debug[8]]     ; matmul_free.sdc:12 ;          ;
; set_output_delay ; -add_delay ;                         ;                         ;            ; -max  ; [get_clocks clk] ;               ; 2.000  ; [get_ports ready]           ; matmul_free.sdc:12 ;          ;
; set_output_delay ; -add_delay ;                         ;                         ;            ; -min  ; [get_clocks clk] ;               ; -0.500 ; [get_ports ready]           ; matmul_free.sdc:12 ;          ;
; set_output_delay ; -add_delay ;                         ;                         ;            ; -max  ; [get_clocks clk] ;               ; 2.000  ; [get_ports running]         ; matmul_free.sdc:12 ;          ;
; set_output_delay ; -add_delay ;                         ;                         ;            ; -min  ; [get_clocks clk] ;               ; -0.500 ; [get_ports running]         ; matmul_free.sdc:12 ;          ;
+------------------+------------+-------------------------+-------------------------+------------+-------+------------------+---------------+--------+-----------------------------+--------------------+----------+

