TBBmalloc: skip allocation functions replacement in ucrtbase.dll: unknown prologue for function _msize
Info: *******************************************************************
Info: Running Quartus Prime Analysis & Synthesis
    Info: Version 25.1std.0 Build 1129 10/21/2025 SC Lite Edition
    Info: Copyright (C) 2025  Altera Corporation. All rights reserved.
    Info: Your use of Altera Corporation's design tools, logic functions 
    Info: and other software and tools, and any partner logic 
    Info: functions, and any output files from any of the foregoing 
    Info: (including device programming or simulation files), and any 
    Info: associated documentation or information are expressly subject 
    Info: to the terms and conditions of the Altera Program License 
    Info: Subscription Agreement, the Altera Quartus Prime License Agreement,
    Info: the Altera IP License Agreement, or other applicable license
    Info: agreement, including, without limitation, that your use is for
    Info: the sole purpose of programming logic devices manufactured by
    Info: Altera and sold by Altera or its authorized distributors.  Please
    Info: refer to the Altera Software License Subscription Agreements 
    Info: on the Quartus Prime software download page.
    Info: Processing started: Mon Oct  5 15:54:14 2026
Info: Command: quartus_map --read_settings_files=on --write_settings_files=off llm_soc -c llm_soc
Info (20030): Parallel compilation is enabled and will use 16 of the 16 processors detected
Info (12021): Found 1 design units, including 0 entities, in source file /2151097_nguyen nhut khanh/verilog source code/npu_pkg.sv
    Info (12022): Found design unit 1: npu_pkg (SystemVerilog) File: D:/2151097_Nguyen Nhut Khanh/Verilog Source code/npu_pkg.sv Line: 1
Info (12021): Found 3 design units, including 2 entities, in source file /2151097_nguyen nhut khanh/verilog source code/llm_pkg.sv
    Info (12022): Found design unit 1: llm_pkg (SystemVerilog) File: D:/2151097_Nguyen Nhut Khanh/Verilog Source code/llm_pkg.sv Line: 1
    Info (12023): Found entity 1: llm_exp_sample File: D:/2151097_Nguyen Nhut Khanh/Verilog Source code/llm_exp_lut.svh Line: 4
    Info (12023): Found entity 2: llm_gumbel_sample File: D:/2151097_Nguyen Nhut Khanh/Verilog Source code/llm_gumbel_lut.svh Line: 4
Info (12021): Found 1 design units, including 1 entities, in source file /2151097_nguyen nhut khanh/verilog source code/div.sv
    Info (12023): Found entity 1: div File: D:/2151097_Nguyen Nhut Khanh/Verilog Source code/div.sv Line: 3
Info (12021): Found 1 design units, including 1 entities, in source file /2151097_nguyen nhut khanh/verilog source code/llm_bank_ram.sv
    Info (12023): Found entity 1: llm_bank_ram File: D:/2151097_Nguyen Nhut Khanh/Verilog Source code/llm_bank_ram.sv Line: 5
Info (12021): Found 1 design units, including 1 entities, in source file /2151097_nguyen nhut khanh/verilog source code/pipelined_word_ram.sv
    Info (12023): Found entity 1: pipelined_word_ram File: D:/2151097_Nguyen Nhut Khanh/Verilog Source code/pipelined_word_ram.sv Line: 4
Info (12021): Found 1 design units, including 1 entities, in source file /2151097_nguyen nhut khanh/verilog source code/llm_parameter_ram.sv
    Info (12023): Found entity 1: llm_parameter_ram File: D:/2151097_Nguyen Nhut Khanh/Verilog Source code/llm_parameter_ram.sv Line: 5
Info (12021): Found 1 design units, including 1 entities, in source file /2151097_nguyen nhut khanh/verilog source code/llm_math.sv
    Info (12023): Found entity 1: llm_math File: D:/2151097_Nguyen Nhut Khanh/Verilog Source code/llm_math.sv Line: 5
Info (12021): Found 1 design units, including 1 entities, in source file /2151097_nguyen nhut khanh/verilog source code/reset_release.sv
    Info (12023): Found entity 1: reset_release File: D:/2151097_Nguyen Nhut Khanh/Verilog Source code/reset_release.sv Line: 3
Error (10170): Verilog HDL syntax error at llm_soc.sv(521) near text: "genvar";  expecting an identifier ("genvar" is a reserved keyword ). Check for and fix any syntax errors that appear immediately before or at the specified keyword. The Intel FPGA Knowledge Database contains many articles with specific details on how to resolve this error. Visit the Knowledge Database at https://www.altera.com/support/support-resources/knowledge-base/search.html and search for this specific error message number. File: D:/2151097_Nguyen Nhut Khanh/Verilog Source code/llm_soc.sv Line: 521
Error (10170): Verilog HDL syntax error at llm_soc.sv(569) near text: "genvar";  expecting an identifier ("genvar" is a reserved keyword ). Check for and fix any syntax errors that appear immediately before or at the specified keyword. The Intel FPGA Knowledge Database contains many articles with specific details on how to resolve this error. Visit the Knowledge Database at https://www.altera.com/support/support-resources/knowledge-base/search.html and search for this specific error message number. File: D:/2151097_Nguyen Nhut Khanh/Verilog Source code/llm_soc.sv Line: 569
Error (10170): Verilog HDL syntax error at llm_soc.sv(603) near text: "genvar";  expecting an identifier ("genvar" is a reserved keyword ). Check for and fix any syntax errors that appear immediately before or at the specified keyword. The Intel FPGA Knowledge Database contains many articles with specific details on how to resolve this error. Visit the Knowledge Database at https://www.altera.com/support/support-resources/knowledge-base/search.html and search for this specific error message number. File: D:/2151097_Nguyen Nhut Khanh/Verilog Source code/llm_soc.sv Line: 603
Error (10170): Verilog HDL syntax error at llm_soc.sv(901) near text: "genvar";  expecting an identifier ("genvar" is a reserved keyword ). Check for and fix any syntax errors that appear immediately before or at the specified keyword. The Intel FPGA Knowledge Database contains many articles with specific details on how to resolve this error. Visit the Knowledge Database at https://www.altera.com/support/support-resources/knowledge-base/search.html and search for this specific error message number. File: D:/2151097_Nguyen Nhut Khanh/Verilog Source code/llm_soc.sv Line: 901
Error (10112): Ignored design unit "llm_soc" at llm_soc.sv(3) due to previous errors File: D:/2151097_Nguyen Nhut Khanh/Verilog Source code/llm_soc.sv Line: 3
Info (12021): Found 0 design units, including 0 entities, in source file /2151097_nguyen nhut khanh/verilog source code/llm_soc.sv
Info (12021): Found 2 design units, including 2 entities, in source file /2151097_nguyen nhut khanh/verilog source code/sigmoid.sv
    Info (12023): Found entity 1: sigmoid_sample File: D:/2151097_Nguyen Nhut Khanh/Verilog Source code/sigmoid_lut.svh Line: 3
    Info (12023): Found entity 2: sigmoid File: D:/2151097_Nguyen Nhut Khanh/Verilog Source code/sigmoid.sv Line: 2
Info (12021): Found 1 design units, including 1 entities, in source file /2151097_nguyen nhut khanh/verilog source code/quartus_word_ram.sv
    Info (12023): Found entity 1: quartus_word_ram File: D:/2151097_Nguyen Nhut Khanh/Verilog Source code/quartus_word_ram.sv Line: 5
Info (12021): Found 1 design units, including 1 entities, in source file /2151097_nguyen nhut khanh/verilog source code/logic_mul.sv
    Info (12023): Found entity 1: logic_mul File: D:/2151097_Nguyen Nhut Khanh/Verilog Source code/logic_mul.sv Line: 4
Error (10170): Verilog HDL syntax error at ternary_dot32.sv(26) near text: "genvar";  expecting an identifier ("genvar" is a reserved keyword ). Check for and fix any syntax errors that appear immediately before or at the specified keyword. The Intel FPGA Knowledge Database contains many articles with specific details on how to resolve this error. Visit the Knowledge Database at https://www.altera.com/support/support-resources/knowledge-base/search.html and search for this specific error message number. File: D:/2151097_Nguyen Nhut Khanh/Verilog Source code/ternary_dot32.sv Line: 26
Error (10170): Verilog HDL syntax error at ternary_dot32.sv(38) near text: "genvar";  expecting an identifier ("genvar" is a reserved keyword ). Check for and fix any syntax errors that appear immediately before or at the specified keyword. The Intel FPGA Knowledge Database contains many articles with specific details on how to resolve this error. Visit the Knowledge Database at https://www.altera.com/support/support-resources/knowledge-base/search.html and search for this specific error message number. File: D:/2151097_Nguyen Nhut Khanh/Verilog Source code/ternary_dot32.sv Line: 38
Error (10170): Verilog HDL syntax error at ternary_dot32.sv(41) near text: "genvar";  expecting an identifier ("genvar" is a reserved keyword ). Check for and fix any syntax errors that appear immediately before or at the specified keyword. The Intel FPGA Knowledge Database contains many articles with specific details on how to resolve this error. Visit the Knowledge Database at https://www.altera.com/support/support-resources/knowledge-base/search.html and search for this specific error message number. File: D:/2151097_Nguyen Nhut Khanh/Verilog Source code/ternary_dot32.sv Line: 41
Error (10170): Verilog HDL syntax error at ternary_dot32.sv(44) near text: "genvar";  expecting an identifier ("genvar" is a reserved keyword ). Check for and fix any syntax errors that appear immediately before or at the specified keyword. The Intel FPGA Knowledge Database contains many articles with specific details on how to resolve this error. Visit the Knowledge Database at https://www.altera.com/support/support-resources/knowledge-base/search.html and search for this specific error message number. File: D:/2151097_Nguyen Nhut Khanh/Verilog Source code/ternary_dot32.sv Line: 44
Error (10170): Verilog HDL syntax error at ternary_dot32.sv(48) near text: "genvar";  expecting an identifier ("genvar" is a reserved keyword ). Check for and fix any syntax errors that appear immediately before or at the specified keyword. The Intel FPGA Knowledge Database contains many articles with specific details on how to resolve this error. Visit the Knowledge Database at https://www.altera.com/support/support-resources/knowledge-base/search.html and search for this specific error message number. File: D:/2151097_Nguyen Nhut Khanh/Verilog Source code/ternary_dot32.sv Line: 48
Error (10112): Ignored design unit "ternary_dot32" at ternary_dot32.sv(3) due to previous errors File: D:/2151097_Nguyen Nhut Khanh/Verilog Source code/ternary_dot32.sv Line: 3
Info (12021): Found 0 design units, including 0 entities, in source file /2151097_nguyen nhut khanh/verilog source code/ternary_dot32.sv
Info (12021): Found 1 design units, including 1 entities, in source file /2151097_nguyen nhut khanh/verilog source code/llm_head_engine.sv
    Info (12023): Found entity 1: llm_head_engine File: D:/2151097_Nguyen Nhut Khanh/Verilog Source code/llm_head_engine.sv Line: 3
Info (12021): Found 1 design units, including 1 entities, in source file /2151097_nguyen nhut khanh/verilog source code/llm_attention_engine.sv
    Info (12023): Found entity 1: llm_attention_engine File: D:/2151097_Nguyen Nhut Khanh/Verilog Source code/llm_attention_engine.sv Line: 4
Error (10170): Verilog HDL syntax error at llm_attention_normalize.sv(55) near text: "genvar";  expecting an identifier ("genvar" is a reserved keyword ). Check for and fix any syntax errors that appear immediately before or at the specified keyword. The Intel FPGA Knowledge Database contains many articles with specific details on how to resolve this error. Visit the Knowledge Database at https://www.altera.com/support/support-resources/knowledge-base/search.html and search for this specific error message number. File: D:/2151097_Nguyen Nhut Khanh/Verilog Source code/llm_attention_normalize.sv Line: 55
Error (10170): Verilog HDL syntax error at llm_attention_normalize.sv(72) near text: "'";  expecting ":", or "?", or binary operator. Check for and fix any syntax errors that appear immediately before or at the specified keyword. The Intel FPGA Knowledge Database contains many articles with specific details on how to resolve this error. Visit the Knowledge Database at https://www.altera.com/support/support-resources/knowledge-base/search.html and search for this specific error message number. File: D:/2151097_Nguyen Nhut Khanh/Verilog Source code/llm_attention_normalize.sv Line: 72
Error (10170): Verilog HDL syntax error at llm_attention_normalize.sv(72) near text: ")";  expecting "<=", or "=", or "+=", or "-=", or "*=", or "/=", or "%=", or "&=", or "|=", or "^=", or "<<=", or ">>=", or "<<<=", or ">>>=", or "++", or "--". Check for and fix any syntax errors that appear immediately before or at the specified keyword. The Intel FPGA Knowledge Database contains many articles with specific details on how to resolve this error. Visit the Knowledge Database at https://www.altera.com/support/support-resources/knowledge-base/search.html and search for this specific error message number. File: D:/2151097_Nguyen Nhut Khanh/Verilog Source code/llm_attention_normalize.sv Line: 72
Error (10170): Verilog HDL syntax error at llm_attention_normalize.sv(75) near text: "'";  expecting ":", or "?", or binary operator. Check for and fix any syntax errors that appear immediately before or at the specified keyword. The Intel FPGA Knowledge Database contains many articles with specific details on how to resolve this error. Visit the Knowledge Database at https://www.altera.com/support/support-resources/knowledge-base/search.html and search for this specific error message number. File: D:/2151097_Nguyen Nhut Khanh/Verilog Source code/llm_attention_normalize.sv Line: 75
Error (10170): Verilog HDL syntax error at llm_attention_normalize.sv(88) near text: "genvar";  expecting an identifier ("genvar" is a reserved keyword ). Check for and fix any syntax errors that appear immediately before or at the specified keyword. The Intel FPGA Knowledge Database contains many articles with specific details on how to resolve this error. Visit the Knowledge Database at https://www.altera.com/support/support-resources/knowledge-base/search.html and search for this specific error message number. File: D:/2151097_Nguyen Nhut Khanh/Verilog Source code/llm_attention_normalize.sv Line: 88
Error (10112): Ignored design unit "llm_attention_normalize" at llm_attention_normalize.sv(3) due to previous errors File: D:/2151097_Nguyen Nhut Khanh/Verilog Source code/llm_attention_normalize.sv Line: 3
Info (12021): Found 0 design units, including 0 entities, in source file /2151097_nguyen nhut khanh/verilog source code/llm_attention_normalize.sv
Error (10170): Verilog HDL syntax error at llm_linear_engine.sv(83) near text: "genvar";  expecting an identifier ("genvar" is a reserved keyword ). Check for and fix any syntax errors that appear immediately before or at the specified keyword. The Intel FPGA Knowledge Database contains many articles with specific details on how to resolve this error. Visit the Knowledge Database at https://www.altera.com/support/support-resources/knowledge-base/search.html and search for this specific error message number. File: D:/2151097_Nguyen Nhut Khanh/Verilog Source code/llm_linear_engine.sv Line: 83
Error (10112): Ignored design unit "llm_linear_engine" at llm_linear_engine.sv(3) due to previous errors File: D:/2151097_Nguyen Nhut Khanh/Verilog Source code/llm_linear_engine.sv Line: 3
Info (12021): Found 0 design units, including 0 entities, in source file /2151097_nguyen nhut khanh/verilog source code/llm_linear_engine.sv
Info (12021): Found 1 design units, including 1 entities, in source file /2151097_nguyen nhut khanh/verilog source code/isqrt_u64.sv
    Info (12023): Found entity 1: isqrt_u64 File: D:/2151097_Nguyen Nhut Khanh/Verilog Source code/isqrt_u64.sv Line: 1
Info (12021): Found 1 design units, including 1 entities, in source file /2151097_nguyen nhut khanh/verilog source code/sram_word_tile.sv
    Info (12023): Found entity 1: sram_word_tile File: D:/2151097_Nguyen Nhut Khanh/Verilog Source code/sram_word_tile.sv Line: 1
Error: Quartus Prime Analysis & Synthesis was unsuccessful. 19 errors, 0 warnings
    Error: Peak virtual memory: 5100 megabytes
    Error: Processing ended: Mon Oct  5 15:54:34 2026
    Error: Elapsed time: 00:00:20
    Error: Total CPU time (on all processors): 00:00:05
