------------------------------------------------------------
Timing Analyzer Summary
------------------------------------------------------------

Type  : Slow 1100mV 85C Model Setup 'clk'
Slack : 0.422
TNS   : 0.000

Type  : Slow 1100mV 85C Model Hold 'clk'
Slack : 0.692
TNS   : 0.000

Type  : Slow 1100mV 85C Model Minimum Pulse Width 'clk'
Slack : 4.069
TNS   : 0.000

Type  : Slow 1100mV 0C Model Setup 'clk'
Slack : 0.380
TNS   : 0.000

Type  : Slow 1100mV 0C Model Hold 'clk'
Slack : 2.701
TNS   : 0.000

Type  : Slow 1100mV 0C Model Minimum Pulse Width 'clk'
Slack : 4.030
TNS   : 0.000

Type  : Fast 1100mV 85C Model Setup 'clk'
Slack : 3.951
TNS   : 0.000

Type  : Fast 1100mV 85C Model Hold 'clk'
Slack : 1.936
TNS   : 0.000

Type  : Fast 1100mV 85C Model Minimum Pulse Width 'clk'
Slack : 4.422
TNS   : 0.000

Type  : Fast 1100mV 0C Model Setup 'clk'
Slack : 4.088
TNS   : 0.000

Type  : Fast 1100mV 0C Model Hold 'clk'
Slack : 0.631
TNS   : 0.000

Type  : Fast 1100mV 0C Model Minimum Pulse Width 'clk'
Slack : 4.408
TNS   : 0.000

------------------------------------------------------------
