----------------
; Command Info ;
----------------
Report Timing: Found 2 setup paths (0 violated).  Worst case slack is 8.961 

Tcl Command:
    report_timing -setup -show_routing -file {D:/2151097_Nguyen Nhut Khanh/docs/verification/timing/arch_fulltop2_20261007/fast_1100mv_0c_scalar_return.rpt} -from [get_registers {op*}] -to [get_registers {*return_scalar*}] -nworst 1 -npaths 20 -detail full_path

Options:
    -from [get_registers {op*}] 
    -to [get_registers {*return_scalar*}] 
    -setup 
    -nworst 1 
    -npaths 20 
    -show_routing 
    -detail full_path 
    -file {D:/2151097_Nguyen Nhut Khanh/docs/verification/timing/arch_fulltop2_20261007/fast_1100mv_0c_scalar_return.rpt} 

Delay Model:
    Fast 1100mV 0C Model

+-----------------------------------------------------------------------------------------------------------------------------------+
; Summary of Paths                                                                                                                  ;
+-------+------------------+----------------------------------+--------------+-------------+--------------+------------+------------+
; Slack ; From Node        ; To Node                          ; Launch Clock ; Latch Clock ; Relationship ; Clock Skew ; Data Delay ;
+-------+------------------+----------------------------------+--------------+-------------+--------------+------------+------------+
; 8.961 ; op[19]~DUPLICATE ; return_scalar.RET_SCALAR_H_ROUND ; clk          ; clk         ; 10.000       ; -0.038     ; 0.901      ;
; 8.961 ; op[19]~DUPLICATE ; return_scalar.RET_SCALAR_L_ROUND ; clk          ; clk         ; 10.000       ; -0.037     ; 0.902      ;
+-------+------------------+----------------------------------+--------------+-------------+--------------+------------+------------+

Path #1: Setup slack is 8.961 
===============================================================================
+-------------------------------------------------------+
; Path Summary                                          ;
+--------------------+----------------------------------+
; Property           ; Value                            ;
+--------------------+----------------------------------+
; From Node          ; op[19]~DUPLICATE                 ;
; To Node            ; return_scalar.RET_SCALAR_H_ROUND ;
; Launch Clock       ; clk                              ;
; Latch Clock        ; clk                              ;
; Data Arrival Time  ; 3.015                            ;
; Data Required Time ; 11.976                           ;
; Slack              ; 8.961                            ;
+--------------------+----------------------------------+

+------------------------------------------------------------------------------------+
; Statistics                                                                         ;
+------------------------+--------+-------+-------------+------------+-------+-------+
; Property               ; Value  ; Count ; Total Delay ; % of Total ; Min   ; Max   ;
+------------------------+--------+-------+-------------+------------+-------+-------+
; Setup Relationship     ; 10.000 ;       ;             ;            ;       ;       ;
; Clock Skew             ; -0.038 ;       ;             ;            ;       ;       ;
; Data Delay             ; 0.901  ;       ;             ;            ;       ;       ;
; Number of Logic Levels ;        ; 1     ;             ;            ;       ;       ;
; Physical Delays        ;        ;       ;             ;            ;       ;       ;
;  Arrival Path          ;        ;       ;             ;            ;       ;       ;
;   Clock                ;        ;       ;             ;            ;       ;       ;
;    IC                  ;        ; 3     ; 0.000       ; 0          ; 0.000 ; 0.000 ;
;    Cell                ;        ; 3     ; 0.758       ; 36         ; 0.149 ; 0.406 ;
;    Routing Element     ;        ; 25    ; 1.356       ; 64         ; 0.000 ; 0.492 ;
;   Data                 ;        ;       ;             ;            ;       ;       ;
;    IC                  ;        ; 2     ; 0.000       ; 0          ; 0.000 ; 0.000 ;
;    Cell                ;        ; 3     ; 0.332       ; 37         ; 0.000 ; 0.208 ;
;    uTco                ;        ; 1     ; 0.000       ; 0          ; 0.000 ; 0.000 ;
;    Routing Element     ;        ; 8     ; 0.569       ; 63         ; 0.000 ; 0.147 ;
;  Required Path         ;        ;       ;             ;            ;       ;       ;
;   Clock                ;        ;       ;             ;            ;       ;       ;
;    IC                  ;        ; 3     ; 0.000       ; 0          ; 0.000 ; 0.000 ;
;    Cell                ;        ; 3     ; 0.729       ; 38         ; 0.141 ; 0.406 ;
;    Routing Element     ;        ; 25    ; 1.197       ; 62         ; 0.000 ; 0.478 ;
+------------------------+--------+-------+-------------+------------+-------+-------+
Note: Negative delays are omitted from totals when calculating percentages

+-------------------------------------------------------------------------------------------------------------------+
; Data Arrival Path                                                                                                 ;
+---------+---------+----+------+--------+-------------------------------------+------------------------------------+
; Total   ; Incr    ; RF ; Type ; Fanout ; Location                            ; Element                            ;
+---------+---------+----+------+--------+-------------------------------------+------------------------------------+
; 0.000   ; 0.000   ;    ;      ;        ;                                     ; launch edge time                   ;
; 2.114   ; 2.114   ;    ;      ;        ;                                     ; clock path                         ;
;   0.000 ;   0.000 ;    ;      ;        ;                                     ; source latency                     ;
;   0.000 ;   0.000 ;    ;      ; 1      ; PIN_AC18                            ; clk                                ;
;   0.000 ;   0.000 ;    ; RE   ; 1      ; IOPAD_X54_Y0_N0                     ; ARRIAV_IO_PAD                      ;
;   0.000 ;   0.000 ;    ; RE   ; 1      ; IO_PAD_OUTPUT_X54_Y0_N0_I1          ; IO_PAD_OUTPUT                      ;
;   0.000 ;   0.000 ;    ; RE   ; 1      ; IO_INPUT_BUFFER_INPUT_X54_Y0_N1_I0  ; IO_INPUT_BUFFER_INPUT              ;
;   0.000 ;   0.000 ; RR ; IC   ; 1      ; IOIBUF_X54_Y0_N1                    ; clk~input|i                        ;
;   0.406 ;   0.406 ; RR ; CELL ; 1      ; IOIBUF_X54_Y0_N1                    ; clk~input|o                        ;
;   0.406 ;   0.000 ;    ; RE   ; 1      ; IOIBUF_X54_Y0_N1                    ; ARRIAV_IO_IBUF                     ;
;   0.406 ;   0.000 ;    ; RE   ; 1      ; IO_INPUT_BUFFER_OUTPUT_X54_Y0_N1_I2 ; IO_INPUT_BUFFER_OUTPUT             ;
;   0.406 ;   0.000 ;    ; RE   ; 1      ; IO_RE_X54_Y0_N0_I96                 ; IO_RE                              ;
;   0.541 ;   0.135 ;    ; RE   ; 1      ; IO_RE_X54_Y0_N0_I66                 ; IO_RE                              ;
;   0.622 ;   0.081 ;    ; RE   ; 1      ; CLKBUF_CLUSTER_RE_X58_Y0_N0_I1614   ; CLKBUF_CLUSTER_RE                  ;
;   0.622 ;   0.000 ;    ; RE   ; 1      ; CLKBUF_CLUSTER_RE_X58_Y0_N0_I616    ; CLKBUF_CLUSTER_RE                  ;
;   0.622 ;   0.000 ;    ; RE   ; 1      ; GCLK_CLUSTER_RE_X58_Y0_N6_I10       ; GCLK_CLUSTER_RE                    ;
;   0.622 ;   0.000 ;    ; RE   ; 1      ; CLKBUFBLOCK_INPUT_X58_Y0_N7_I0      ; CLKBUFBLOCK_INPUT                  ;
;   0.622 ;   0.000 ; RR ; IC   ; 1      ; CLKCTRL_G6                          ; clk~inputCLKENA0|inclk             ;
;   0.771 ;   0.149 ; RR ; CELL ; 68132  ; CLKCTRL_G6                          ; clk~inputCLKENA0|outclk            ;
;   0.771 ;   0.000 ;    ; RE   ; 1      ; CLKCTRL_G6                          ; ARRIAV_CLKBUF                      ;
;   0.771 ;   0.000 ;    ; RE   ; 1      ; CLKBUFBLOCK_OUTPUT_X58_Y0_N7_I2     ; CLKBUFBLOCK_OUTPUT                 ;
;   0.771 ;   0.000 ;    ; RE   ; 1      ; GCLK_CLUSTER_RE_X58_Y0_N6_I12       ; GCLK_CLUSTER_RE                    ;
;   0.771 ;   0.000 ;    ; RE   ; 1      ; CLKBUF_CLUSTER_RE_X58_Y0_N0_I417    ; CLKBUF_CLUSTER_RE                  ;
;   1.263 ;   0.492 ;    ; RE   ; 16     ; GLOBAL_CLOCK_X0_Y58_N0_I6           ; GLOBAL_CLOCK                       ;
;   1.388 ;   0.125 ;    ; RE   ; 29     ; SPINE_CLOCK_X45_Y30_N0_I22          ; SPINE_CLOCK                        ;
;   1.582 ;   0.194 ;    ; RE   ; 1      ; SCLK_TO_ROWCLK_BUF_X45_Y48_N0_I133  ; SCLK_TO_ROWCLK_BUF                 ;
;   1.622 ;   0.040 ;    ; RE   ; 2      ; SCLK_TO_ROWCLK_BUF_X45_Y48_N0_I136  ; SCLK_TO_ROWCLK_BUF                 ;
;   1.815 ;   0.193 ;    ; RE   ; 14     ; LAB_CLK_X31_Y48_N0_I5               ; LAB_CLK                            ;
;   1.878 ;   0.063 ;    ; RE   ; 1      ; BLK_CLK_BUF_X45_Y48_N0_I5           ; BLK_CLK_BUF                        ;
;   1.894 ;   0.016 ;    ; RE   ; 1      ; ROWCLKSEL_PREBUF_X45_Y48_N0_I5      ; ROWCLKSEL_PREBUF                   ;
;   1.911 ;   0.017 ;    ; RE   ; 1      ; ROWCLKSEL_X45_Y48_N0_I1             ; ROWCLKSEL                          ;
;   1.911 ;   0.000 ;    ; RE   ; 2      ; GLOBAL_LOCAL_SEL_X45_Y48_N0_I1      ; GLOBAL_LOCAL_SEL                   ;
;   1.911 ;   0.000 ;    ; RE   ; 8      ; LAB_INPUT_X45_Y48_N0_I0             ; LAB_INPUT                          ;
;   1.911 ;   0.000 ; RR ; IC   ; 1      ; FF_X45_Y48_N7                       ; op[19]~DUPLICATE|clk               ;
;   2.114 ;   0.203 ; RR ; CELL ; 1      ; FF_X45_Y48_N7                       ; op[19]~DUPLICATE                   ;
; 3.015   ; 0.901   ;    ;      ;        ;                                     ; data path                          ;
;   2.114 ;   0.000 ;    ; uTco ; 1      ; FF_X45_Y48_N7                       ; op[19]~DUPLICATE                   ;
;   2.114 ;   0.000 ; FF ; CELL ; 5      ; FF_X45_Y48_N7                       ; op[19]~DUPLICATE|q                 ;
;   2.128 ;   0.014 ;    ; RE   ; 1      ; FF_X45_Y48_N7                       ; ARRIAV_FF                          ;
;   2.164 ;   0.036 ;    ; RE   ; 1      ; LE_BUFFER_X45_Y48_N0_I4             ; LE_BUFFER                          ;
;   2.249 ;   0.085 ;    ; RE   ; 3      ; R3_X46_Y48_N0_I2                    ; H_SEG3                             ;
;   2.388 ;   0.139 ;    ; RE   ; 2      ; C2_X47_Y46_N0_I20                   ; V_SEG2                             ;
;   2.535 ;   0.147 ;    ; RE   ; 1      ; R6_X42_Y47_N0_I31                   ; H_SEG6                             ;
;   2.637 ;   0.102 ;    ; RE   ; 1      ; LOCAL_INTERCONNECT_X46_Y47_N0_I22   ; LAB_LINE                           ;
;   2.683 ;   0.046 ;    ; RE   ; 2      ; BLOCK_INPUT_MUX_X46_Y47_N0_I35      ; LEIM_INPUT                         ;
;   2.683 ;   0.000 ; FF ; IC   ; 1      ; MLABCELL_X46_Y47_N27                ; return_scalar~10|datab             ;
;   2.891 ;   0.208 ; FR ; CELL ; 1      ; MLABCELL_X46_Y47_N27                ; return_scalar~10|combout           ;
;   2.891 ;   0.000 ;    ; RE   ; 1      ; MLABCELL_X46_Y47_N27                ; ARRIAV_LCELL_COMB                  ;
;   2.891 ;   0.000 ; RR ; IC   ; 1      ; FF_X46_Y47_N28                      ; return_scalar.RET_SCALAR_H_ROUND|d ;
;   3.015 ;   0.124 ; RR ; CELL ; 1      ; FF_X46_Y47_N28                      ; return_scalar.RET_SCALAR_H_ROUND   ;
+---------+---------+----+------+--------+-------------------------------------+------------------------------------+

+----------------------------------------------------------------------------------------------------------------------+
; Data Required Path                                                                                                   ;
+----------+---------+----+------+--------+-------------------------------------+--------------------------------------+
; Total    ; Incr    ; RF ; Type ; Fanout ; Location                            ; Element                              ;
+----------+---------+----+------+--------+-------------------------------------+--------------------------------------+
; 10.000   ; 10.000  ;    ;      ;        ;                                     ; latch edge time                      ;
; 12.076   ; 2.076   ;    ;      ;        ;                                     ; clock path                           ;
;   10.000 ;   0.000 ;    ;      ;        ;                                     ; source latency                       ;
;   10.000 ;   0.000 ;    ;      ; 1      ; PIN_AC18                            ; clk                                  ;
;   10.000 ;   0.000 ;    ; RE   ; 1      ; IOPAD_X54_Y0_N0                     ; ARRIAV_IO_PAD                        ;
;   10.000 ;   0.000 ;    ; RE   ; 1      ; IO_PAD_OUTPUT_X54_Y0_N0_I1          ; IO_PAD_OUTPUT                        ;
;   10.000 ;   0.000 ;    ; RE   ; 1      ; IO_INPUT_BUFFER_INPUT_X54_Y0_N1_I0  ; IO_INPUT_BUFFER_INPUT                ;
;   10.000 ;   0.000 ; RR ; IC   ; 1      ; IOIBUF_X54_Y0_N1                    ; clk~input|i                          ;
;   10.406 ;   0.406 ; RR ; CELL ; 1      ; IOIBUF_X54_Y0_N1                    ; clk~input|o                          ;
;   10.406 ;   0.000 ;    ; RE   ; 1      ; IOIBUF_X54_Y0_N1                    ; ARRIAV_IO_IBUF                       ;
;   10.406 ;   0.000 ;    ; RE   ; 1      ; IO_INPUT_BUFFER_OUTPUT_X54_Y0_N1_I2 ; IO_INPUT_BUFFER_OUTPUT               ;
;   10.406 ;   0.000 ;    ; RE   ; 1      ; IO_RE_X54_Y0_N0_I96                 ; IO_RE                                ;
;   10.494 ;   0.088 ;    ; RE   ; 1      ; IO_RE_X54_Y0_N0_I66                 ; IO_RE                                ;
;   10.494 ;   0.000 ;    ; RE   ; 1      ; CLKBUF_CLUSTER_RE_X58_Y0_N0_I1614   ; CLKBUF_CLUSTER_RE                    ;
;   10.494 ;   0.000 ;    ; RE   ; 1      ; CLKBUF_CLUSTER_RE_X58_Y0_N0_I616    ; CLKBUF_CLUSTER_RE                    ;
;   10.494 ;   0.000 ;    ; RE   ; 1      ; GCLK_CLUSTER_RE_X58_Y0_N6_I10       ; GCLK_CLUSTER_RE                      ;
;   10.494 ;   0.000 ;    ; RE   ; 1      ; CLKBUFBLOCK_INPUT_X58_Y0_N7_I0      ; CLKBUFBLOCK_INPUT                    ;
;   10.494 ;   0.000 ; RR ; IC   ; 1      ; CLKCTRL_G6                          ; clk~inputCLKENA0|inclk               ;
;   10.635 ;   0.141 ; RR ; CELL ; 68132  ; CLKCTRL_G6                          ; clk~inputCLKENA0|outclk              ;
;   10.635 ;   0.000 ;    ; RE   ; 1      ; CLKCTRL_G6                          ; ARRIAV_CLKBUF                        ;
;   10.635 ;   0.000 ;    ; RE   ; 1      ; CLKBUFBLOCK_OUTPUT_X58_Y0_N7_I2     ; CLKBUFBLOCK_OUTPUT                   ;
;   10.635 ;   0.000 ;    ; RE   ; 1      ; GCLK_CLUSTER_RE_X58_Y0_N6_I12       ; GCLK_CLUSTER_RE                      ;
;   10.635 ;   0.000 ;    ; RE   ; 1      ; CLKBUF_CLUSTER_RE_X58_Y0_N0_I417    ; CLKBUF_CLUSTER_RE                    ;
;   11.113 ;   0.478 ;    ; RE   ; 16     ; GLOBAL_CLOCK_X0_Y58_N0_I6           ; GLOBAL_CLOCK                         ;
;   11.234 ;   0.121 ;    ; RE   ; 29     ; SPINE_CLOCK_X45_Y30_N0_I22          ; SPINE_CLOCK                          ;
;   11.423 ;   0.189 ;    ; RE   ; 1      ; SCLK_TO_ROWCLK_BUF_X45_Y47_N0_I133  ; SCLK_TO_ROWCLK_BUF                   ;
;   11.462 ;   0.039 ;    ; RE   ; 2      ; SCLK_TO_ROWCLK_BUF_X45_Y47_N0_I136  ; SCLK_TO_ROWCLK_BUF                   ;
;   11.651 ;   0.189 ;    ; RE   ; 12     ; LAB_CLK_X46_Y47_N0_I5               ; LAB_CLK                              ;
;   11.712 ;   0.061 ;    ; RE   ; 1      ; BLK_CLK_BUF_X46_Y47_N0_I5           ; BLK_CLK_BUF                          ;
;   11.728 ;   0.016 ;    ; RE   ; 1      ; ROWCLKSEL_PREBUF_X46_Y47_N0_I5      ; ROWCLKSEL_PREBUF                     ;
;   11.744 ;   0.016 ;    ; RE   ; 1      ; ROWCLKSEL_X46_Y47_N0_I1             ; ROWCLKSEL                            ;
;   11.744 ;   0.000 ;    ; RE   ; 2      ; GLOBAL_LOCAL_SEL_X46_Y47_N0_I1      ; GLOBAL_LOCAL_SEL                     ;
;   11.744 ;   0.000 ;    ; RE   ; 10     ; LAB_INPUT_X46_Y47_N0_I0             ; LAB_INPUT                            ;
;   11.744 ;   0.000 ; RR ; IC   ; 1      ; FF_X46_Y47_N28                      ; return_scalar.RET_SCALAR_H_ROUND|clk ;
;   11.926 ;   0.182 ; RR ; CELL ; 1      ; FF_X46_Y47_N28                      ; return_scalar.RET_SCALAR_H_ROUND     ;
;   12.076 ;   0.150 ;    ;      ;        ;                                     ; clock pessimism removed              ;
; 11.976   ; -0.100  ;    ;      ;        ;                                     ; clock uncertainty                    ;
; 11.976   ; 0.000   ;    ; uTsu ; 1      ; FF_X46_Y47_N28                      ; return_scalar.RET_SCALAR_H_ROUND     ;
+----------+---------+----+------+--------+-------------------------------------+--------------------------------------+

----------------------------
; Extra Fitter Information ;
----------------------------
HTML report is unavailable in plain text report export.


Path #2: Setup slack is 8.961 
===============================================================================
+-------------------------------------------------------+
; Path Summary                                          ;
+--------------------+----------------------------------+
; Property           ; Value                            ;
+--------------------+----------------------------------+
; From Node          ; op[19]~DUPLICATE                 ;
; To Node            ; return_scalar.RET_SCALAR_L_ROUND ;
; Launch Clock       ; clk                              ;
; Latch Clock        ; clk                              ;
; Data Arrival Time  ; 3.016                            ;
; Data Required Time ; 11.977                           ;
; Slack              ; 8.961                            ;
+--------------------+----------------------------------+

+------------------------------------------------------------------------------------+
; Statistics                                                                         ;
+------------------------+--------+-------+-------------+------------+-------+-------+
; Property               ; Value  ; Count ; Total Delay ; % of Total ; Min   ; Max   ;
+------------------------+--------+-------+-------------+------------+-------+-------+
; Setup Relationship     ; 10.000 ;       ;             ;            ;       ;       ;
; Clock Skew             ; -0.037 ;       ;             ;            ;       ;       ;
; Data Delay             ; 0.902  ;       ;             ;            ;       ;       ;
; Number of Logic Levels ;        ; 1     ;             ;            ;       ;       ;
; Physical Delays        ;        ;       ;             ;            ;       ;       ;
;  Arrival Path          ;        ;       ;             ;            ;       ;       ;
;   Clock                ;        ;       ;             ;            ;       ;       ;
;    IC                  ;        ; 3     ; 0.000       ; 0          ; 0.000 ; 0.000 ;
;    Cell                ;        ; 3     ; 0.758       ; 36         ; 0.149 ; 0.406 ;
;    Routing Element     ;        ; 25    ; 1.356       ; 64         ; 0.000 ; 0.492 ;
;   Data                 ;        ;       ;             ;            ;       ;       ;
;    IC                  ;        ; 2     ; 0.000       ; 0          ; 0.000 ; 0.000 ;
;    Cell                ;        ; 3     ; 0.333       ; 37         ; 0.000 ; 0.208 ;
;    uTco                ;        ; 1     ; 0.000       ; 0          ; 0.000 ; 0.000 ;
;    Routing Element     ;        ; 8     ; 0.569       ; 63         ; 0.000 ; 0.147 ;
;  Required Path         ;        ;       ;             ;            ;       ;       ;
;   Clock                ;        ;       ;             ;            ;       ;       ;
;    IC                  ;        ; 3     ; 0.000       ; 0          ; 0.000 ; 0.000 ;
;    Cell                ;        ; 3     ; 0.730       ; 38         ; 0.141 ; 0.406 ;
;    Routing Element     ;        ; 25    ; 1.197       ; 62         ; 0.000 ; 0.478 ;
+------------------------+--------+-------+-------------+------------+-------+-------+
Note: Negative delays are omitted from totals when calculating percentages

+-------------------------------------------------------------------------------------------------------------------+
; Data Arrival Path                                                                                                 ;
+---------+---------+----+------+--------+-------------------------------------+------------------------------------+
; Total   ; Incr    ; RF ; Type ; Fanout ; Location                            ; Element                            ;
+---------+---------+----+------+--------+-------------------------------------+------------------------------------+
; 0.000   ; 0.000   ;    ;      ;        ;                                     ; launch edge time                   ;
; 2.114   ; 2.114   ;    ;      ;        ;                                     ; clock path                         ;
;   0.000 ;   0.000 ;    ;      ;        ;                                     ; source latency                     ;
;   0.000 ;   0.000 ;    ;      ; 1      ; PIN_AC18                            ; clk                                ;
;   0.000 ;   0.000 ;    ; RE   ; 1      ; IOPAD_X54_Y0_N0                     ; ARRIAV_IO_PAD                      ;
;   0.000 ;   0.000 ;    ; RE   ; 1      ; IO_PAD_OUTPUT_X54_Y0_N0_I1          ; IO_PAD_OUTPUT                      ;
;   0.000 ;   0.000 ;    ; RE   ; 1      ; IO_INPUT_BUFFER_INPUT_X54_Y0_N1_I0  ; IO_INPUT_BUFFER_INPUT              ;
;   0.000 ;   0.000 ; RR ; IC   ; 1      ; IOIBUF_X54_Y0_N1                    ; clk~input|i                        ;
;   0.406 ;   0.406 ; RR ; CELL ; 1      ; IOIBUF_X54_Y0_N1                    ; clk~input|o                        ;
;   0.406 ;   0.000 ;    ; RE   ; 1      ; IOIBUF_X54_Y0_N1                    ; ARRIAV_IO_IBUF                     ;
;   0.406 ;   0.000 ;    ; RE   ; 1      ; IO_INPUT_BUFFER_OUTPUT_X54_Y0_N1_I2 ; IO_INPUT_BUFFER_OUTPUT             ;
;   0.406 ;   0.000 ;    ; RE   ; 1      ; IO_RE_X54_Y0_N0_I96                 ; IO_RE                              ;
;   0.541 ;   0.135 ;    ; RE   ; 1      ; IO_RE_X54_Y0_N0_I66                 ; IO_RE                              ;
;   0.622 ;   0.081 ;    ; RE   ; 1      ; CLKBUF_CLUSTER_RE_X58_Y0_N0_I1614   ; CLKBUF_CLUSTER_RE                  ;
;   0.622 ;   0.000 ;    ; RE   ; 1      ; CLKBUF_CLUSTER_RE_X58_Y0_N0_I616    ; CLKBUF_CLUSTER_RE                  ;
;   0.622 ;   0.000 ;    ; RE   ; 1      ; GCLK_CLUSTER_RE_X58_Y0_N6_I10       ; GCLK_CLUSTER_RE                    ;
;   0.622 ;   0.000 ;    ; RE   ; 1      ; CLKBUFBLOCK_INPUT_X58_Y0_N7_I0      ; CLKBUFBLOCK_INPUT                  ;
;   0.622 ;   0.000 ; RR ; IC   ; 1      ; CLKCTRL_G6                          ; clk~inputCLKENA0|inclk             ;
;   0.771 ;   0.149 ; RR ; CELL ; 68132  ; CLKCTRL_G6                          ; clk~inputCLKENA0|outclk            ;
;   0.771 ;   0.000 ;    ; RE   ; 1      ; CLKCTRL_G6                          ; ARRIAV_CLKBUF                      ;
;   0.771 ;   0.000 ;    ; RE   ; 1      ; CLKBUFBLOCK_OUTPUT_X58_Y0_N7_I2     ; CLKBUFBLOCK_OUTPUT                 ;
;   0.771 ;   0.000 ;    ; RE   ; 1      ; GCLK_CLUSTER_RE_X58_Y0_N6_I12       ; GCLK_CLUSTER_RE                    ;
;   0.771 ;   0.000 ;    ; RE   ; 1      ; CLKBUF_CLUSTER_RE_X58_Y0_N0_I417    ; CLKBUF_CLUSTER_RE                  ;
;   1.263 ;   0.492 ;    ; RE   ; 16     ; GLOBAL_CLOCK_X0_Y58_N0_I6           ; GLOBAL_CLOCK                       ;
;   1.388 ;   0.125 ;    ; RE   ; 29     ; SPINE_CLOCK_X45_Y30_N0_I22          ; SPINE_CLOCK                        ;
;   1.582 ;   0.194 ;    ; RE   ; 1      ; SCLK_TO_ROWCLK_BUF_X45_Y48_N0_I133  ; SCLK_TO_ROWCLK_BUF                 ;
;   1.622 ;   0.040 ;    ; RE   ; 2      ; SCLK_TO_ROWCLK_BUF_X45_Y48_N0_I136  ; SCLK_TO_ROWCLK_BUF                 ;
;   1.815 ;   0.193 ;    ; RE   ; 14     ; LAB_CLK_X31_Y48_N0_I5               ; LAB_CLK                            ;
;   1.878 ;   0.063 ;    ; RE   ; 1      ; BLK_CLK_BUF_X45_Y48_N0_I5           ; BLK_CLK_BUF                        ;
;   1.894 ;   0.016 ;    ; RE   ; 1      ; ROWCLKSEL_PREBUF_X45_Y48_N0_I5      ; ROWCLKSEL_PREBUF                   ;
;   1.911 ;   0.017 ;    ; RE   ; 1      ; ROWCLKSEL_X45_Y48_N0_I1             ; ROWCLKSEL                          ;
;   1.911 ;   0.000 ;    ; RE   ; 2      ; GLOBAL_LOCAL_SEL_X45_Y48_N0_I1      ; GLOBAL_LOCAL_SEL                   ;
;   1.911 ;   0.000 ;    ; RE   ; 8      ; LAB_INPUT_X45_Y48_N0_I0             ; LAB_INPUT                          ;
;   1.911 ;   0.000 ; RR ; IC   ; 1      ; FF_X45_Y48_N7                       ; op[19]~DUPLICATE|clk               ;
;   2.114 ;   0.203 ; RR ; CELL ; 1      ; FF_X45_Y48_N7                       ; op[19]~DUPLICATE                   ;
; 3.016   ; 0.902   ;    ;      ;        ;                                     ; data path                          ;
;   2.114 ;   0.000 ;    ; uTco ; 1      ; FF_X45_Y48_N7                       ; op[19]~DUPLICATE                   ;
;   2.114 ;   0.000 ; FF ; CELL ; 5      ; FF_X45_Y48_N7                       ; op[19]~DUPLICATE|q                 ;
;   2.128 ;   0.014 ;    ; RE   ; 1      ; FF_X45_Y48_N7                       ; ARRIAV_FF                          ;
;   2.164 ;   0.036 ;    ; RE   ; 1      ; LE_BUFFER_X45_Y48_N0_I4             ; LE_BUFFER                          ;
;   2.249 ;   0.085 ;    ; RE   ; 3      ; R3_X46_Y48_N0_I2                    ; H_SEG3                             ;
;   2.388 ;   0.139 ;    ; RE   ; 2      ; C2_X47_Y46_N0_I20                   ; V_SEG2                             ;
;   2.535 ;   0.147 ;    ; RE   ; 1      ; R6_X42_Y47_N0_I31                   ; H_SEG6                             ;
;   2.637 ;   0.102 ;    ; RE   ; 1      ; LOCAL_INTERCONNECT_X46_Y47_N0_I22   ; LAB_LINE                           ;
;   2.683 ;   0.046 ;    ; RE   ; 2      ; BLOCK_INPUT_MUX_X46_Y47_N0_I35      ; LEIM_INPUT                         ;
;   2.683 ;   0.000 ; FF ; IC   ; 1      ; MLABCELL_X46_Y47_N24                ; return_scalar~9|datab              ;
;   2.891 ;   0.208 ; FF ; CELL ; 1      ; MLABCELL_X46_Y47_N24                ; return_scalar~9|combout            ;
;   2.891 ;   0.000 ;    ; RE   ; 1      ; MLABCELL_X46_Y47_N24                ; ARRIAV_LCELL_COMB                  ;
;   2.891 ;   0.000 ; FF ; IC   ; 1      ; FF_X46_Y47_N25                      ; return_scalar.RET_SCALAR_L_ROUND|d ;
;   3.016 ;   0.125 ; FF ; CELL ; 1      ; FF_X46_Y47_N25                      ; return_scalar.RET_SCALAR_L_ROUND   ;
+---------+---------+----+------+--------+-------------------------------------+------------------------------------+

+----------------------------------------------------------------------------------------------------------------------+
; Data Required Path                                                                                                   ;
+----------+---------+----+------+--------+-------------------------------------+--------------------------------------+
; Total    ; Incr    ; RF ; Type ; Fanout ; Location                            ; Element                              ;
+----------+---------+----+------+--------+-------------------------------------+--------------------------------------+
; 10.000   ; 10.000  ;    ;      ;        ;                                     ; latch edge time                      ;
; 12.077   ; 2.077   ;    ;      ;        ;                                     ; clock path                           ;
;   10.000 ;   0.000 ;    ;      ;        ;                                     ; source latency                       ;
;   10.000 ;   0.000 ;    ;      ; 1      ; PIN_AC18                            ; clk                                  ;
;   10.000 ;   0.000 ;    ; RE   ; 1      ; IOPAD_X54_Y0_N0                     ; ARRIAV_IO_PAD                        ;
;   10.000 ;   0.000 ;    ; RE   ; 1      ; IO_PAD_OUTPUT_X54_Y0_N0_I1          ; IO_PAD_OUTPUT                        ;
;   10.000 ;   0.000 ;    ; RE   ; 1      ; IO_INPUT_BUFFER_INPUT_X54_Y0_N1_I0  ; IO_INPUT_BUFFER_INPUT                ;
;   10.000 ;   0.000 ; RR ; IC   ; 1      ; IOIBUF_X54_Y0_N1                    ; clk~input|i                          ;
;   10.406 ;   0.406 ; RR ; CELL ; 1      ; IOIBUF_X54_Y0_N1                    ; clk~input|o                          ;
;   10.406 ;   0.000 ;    ; RE   ; 1      ; IOIBUF_X54_Y0_N1                    ; ARRIAV_IO_IBUF                       ;
;   10.406 ;   0.000 ;    ; RE   ; 1      ; IO_INPUT_BUFFER_OUTPUT_X54_Y0_N1_I2 ; IO_INPUT_BUFFER_OUTPUT               ;
;   10.406 ;   0.000 ;    ; RE   ; 1      ; IO_RE_X54_Y0_N0_I96                 ; IO_RE                                ;
;   10.494 ;   0.088 ;    ; RE   ; 1      ; IO_RE_X54_Y0_N0_I66                 ; IO_RE                                ;
;   10.494 ;   0.000 ;    ; RE   ; 1      ; CLKBUF_CLUSTER_RE_X58_Y0_N0_I1614   ; CLKBUF_CLUSTER_RE                    ;
;   10.494 ;   0.000 ;    ; RE   ; 1      ; CLKBUF_CLUSTER_RE_X58_Y0_N0_I616    ; CLKBUF_CLUSTER_RE                    ;
;   10.494 ;   0.000 ;    ; RE   ; 1      ; GCLK_CLUSTER_RE_X58_Y0_N6_I10       ; GCLK_CLUSTER_RE                      ;
;   10.494 ;   0.000 ;    ; RE   ; 1      ; CLKBUFBLOCK_INPUT_X58_Y0_N7_I0      ; CLKBUFBLOCK_INPUT                    ;
;   10.494 ;   0.000 ; RR ; IC   ; 1      ; CLKCTRL_G6                          ; clk~inputCLKENA0|inclk               ;
;   10.635 ;   0.141 ; RR ; CELL ; 68132  ; CLKCTRL_G6                          ; clk~inputCLKENA0|outclk              ;
;   10.635 ;   0.000 ;    ; RE   ; 1      ; CLKCTRL_G6                          ; ARRIAV_CLKBUF                        ;
;   10.635 ;   0.000 ;    ; RE   ; 1      ; CLKBUFBLOCK_OUTPUT_X58_Y0_N7_I2     ; CLKBUFBLOCK_OUTPUT                   ;
;   10.635 ;   0.000 ;    ; RE   ; 1      ; GCLK_CLUSTER_RE_X58_Y0_N6_I12       ; GCLK_CLUSTER_RE                      ;
;   10.635 ;   0.000 ;    ; RE   ; 1      ; CLKBUF_CLUSTER_RE_X58_Y0_N0_I417    ; CLKBUF_CLUSTER_RE                    ;
;   11.113 ;   0.478 ;    ; RE   ; 16     ; GLOBAL_CLOCK_X0_Y58_N0_I6           ; GLOBAL_CLOCK                         ;
;   11.234 ;   0.121 ;    ; RE   ; 29     ; SPINE_CLOCK_X45_Y30_N0_I22          ; SPINE_CLOCK                          ;
;   11.423 ;   0.189 ;    ; RE   ; 1      ; SCLK_TO_ROWCLK_BUF_X45_Y47_N0_I133  ; SCLK_TO_ROWCLK_BUF                   ;
;   11.462 ;   0.039 ;    ; RE   ; 2      ; SCLK_TO_ROWCLK_BUF_X45_Y47_N0_I136  ; SCLK_TO_ROWCLK_BUF                   ;
;   11.651 ;   0.189 ;    ; RE   ; 12     ; LAB_CLK_X46_Y47_N0_I5               ; LAB_CLK                              ;
;   11.712 ;   0.061 ;    ; RE   ; 1      ; BLK_CLK_BUF_X46_Y47_N0_I5           ; BLK_CLK_BUF                          ;
;   11.728 ;   0.016 ;    ; RE   ; 1      ; ROWCLKSEL_PREBUF_X46_Y47_N0_I5      ; ROWCLKSEL_PREBUF                     ;
;   11.744 ;   0.016 ;    ; RE   ; 1      ; ROWCLKSEL_X46_Y47_N0_I1             ; ROWCLKSEL                            ;
;   11.744 ;   0.000 ;    ; RE   ; 2      ; GLOBAL_LOCAL_SEL_X46_Y47_N0_I1      ; GLOBAL_LOCAL_SEL                     ;
;   11.744 ;   0.000 ;    ; RE   ; 10     ; LAB_INPUT_X46_Y47_N0_I0             ; LAB_INPUT                            ;
;   11.744 ;   0.000 ; RR ; IC   ; 1      ; FF_X46_Y47_N25                      ; return_scalar.RET_SCALAR_L_ROUND|clk ;
;   11.927 ;   0.183 ; RR ; CELL ; 1      ; FF_X46_Y47_N25                      ; return_scalar.RET_SCALAR_L_ROUND     ;
;   12.077 ;   0.150 ;    ;      ;        ;                                     ; clock pessimism removed              ;
; 11.977   ; -0.100  ;    ;      ;        ;                                     ; clock uncertainty                    ;
; 11.977   ; 0.000   ;    ; uTsu ; 1      ; FF_X46_Y47_N25                      ; return_scalar.RET_SCALAR_L_ROUND     ;
+----------+---------+----+------+--------+-------------------------------------+--------------------------------------+

----------------------------
; Extra Fitter Information ;
----------------------------
HTML report is unavailable in plain text report export.


