Pattern	Register	Type	Fanout_edges	Location
Count	*scalar_round_q*	41
*scalar_round_q*	scalar_round_q[23]	reg	1	FF_X50_Y23_N41
*scalar_round_q*	scalar_round_q[29]	reg	1	FF_X50_Y23_N59
*scalar_round_q*	scalar_round_q[11]	reg	1	FF_X50_Y23_N5
*scalar_round_q*	scalar_round_q[38]	reg	1	FF_X50_Y22_N26
*scalar_round_q*	scalar_round_q[37]	reg	1	FF_X50_Y22_N23
*scalar_round_q*	scalar_round_q[35]	reg	1	FF_X50_Y22_N17
*scalar_round_q*	scalar_round_q[36]	reg	1	FF_X50_Y22_N20
*scalar_round_q*	scalar_round_q[34]	reg	1	FF_X50_Y22_N14
*scalar_round_q*	scalar_round_q[27]	reg	1	FF_X50_Y23_N53
*scalar_round_q*	scalar_round_q[24]	reg	1	FF_X50_Y23_N44
*scalar_round_q*	scalar_round_q[25]	reg	1	FF_X50_Y23_N47
*scalar_round_q*	scalar_round_q[26]	reg	1	FF_X50_Y23_N50
*scalar_round_q*	scalar_round_q[31]	reg	1	FF_X50_Y22_N5
*scalar_round_q*	scalar_round_q[30]	reg	1	FF_X50_Y22_N2
*scalar_round_q*	scalar_round_q[32]	reg	1	FF_X50_Y22_N8
*scalar_round_q*	scalar_round_q[28]	reg	1	FF_X50_Y23_N56
*scalar_round_q*	scalar_round_q[33]	reg	1	FF_X50_Y22_N11
*scalar_round_q*	scalar_round_q[40]	reg	1	FF_X50_Y22_N32
*scalar_round_q*	scalar_round_q[39]	reg	1	FF_X50_Y22_N29
*scalar_round_q*	scalar_round_q[5]	reg	1	FF_X50_Y24_N47
*scalar_round_q*	scalar_round_q[16]	reg	1	FF_X50_Y23_N20
*scalar_round_q*	scalar_round_q[4]	reg	1	FF_X50_Y24_N44
*scalar_round_q*	scalar_round_q[13]	reg	1	FF_X50_Y23_N11
*scalar_round_q*	scalar_round_q[12]	reg	1	FF_X50_Y23_N8
*scalar_round_q*	scalar_round_q[0]	reg	1	FF_X50_Y24_N32
*scalar_round_q*	scalar_round_q[3]	reg	1	FF_X50_Y24_N41
*scalar_round_q*	scalar_round_q[21]	reg	1	FF_X50_Y23_N35
*scalar_round_q*	scalar_round_q[10]	reg	1	FF_X50_Y23_N2
*scalar_round_q*	scalar_round_q[17]	reg	1	FF_X50_Y23_N23
*scalar_round_q*	scalar_round_q[9]	reg	1	FF_X50_Y24_N59
*scalar_round_q*	scalar_round_q[22]	reg	1	FF_X50_Y23_N38
*scalar_round_q*	scalar_round_q[2]	reg	1	FF_X50_Y24_N38
*scalar_round_q*	scalar_round_q[15]	reg	1	FF_X50_Y23_N17
*scalar_round_q*	scalar_round_q[19]	reg	1	FF_X50_Y23_N29
*scalar_round_q*	scalar_round_q[14]	reg	1	FF_X50_Y23_N14
*scalar_round_q*	scalar_round_q[6]	reg	1	FF_X50_Y24_N50
*scalar_round_q*	scalar_round_q[1]	reg	1	FF_X50_Y24_N35
*scalar_round_q*	scalar_round_q[8]	reg	1	FF_X50_Y24_N56
*scalar_round_q*	scalar_round_q[18]	reg	1	FF_X50_Y23_N26
*scalar_round_q*	scalar_round_q[20]	reg	1	FF_X50_Y23_N32
*scalar_round_q*	scalar_round_q[7]	reg	1	FF_X50_Y24_N53
Count	*scalar_packet*	30
*scalar_packet*	scalar_packet_valid_q	reg	1	FF_X44_Y52_N25
*scalar_packet*	scalar_packet_group_q[2]	reg	1	FF_X30_Y49_N40
*scalar_packet*	scalar_packet_group_q[1]	reg	1	FF_X30_Y49_N19
*scalar_packet*	scalar_packet_group_q[0]	reg	1	FF_X30_Y49_N13
*scalar_packet*	scalar_packet_low_q[11]	reg	1	FF_X45_Y25_N50
*scalar_packet*	scalar_packet_lower_q	reg	1	FF_X50_Y22_N52
*scalar_packet*	scalar_packet_low_q[5]	reg	1	FF_X50_Y24_N14
*scalar_packet*	scalar_packet_high_q	reg	1	FF_X50_Y22_N44
*scalar_packet*	scalar_packet_low_q[16]	reg	1	FF_X45_Y25_N56
*scalar_packet*	scalar_packet_low_q[23]	reg	1	FF_X46_Y25_N43
*scalar_packet*	scalar_packet_low_q[4]	reg	1	FF_X46_Y25_N58
*scalar_packet*	scalar_packet_low_q[13]	reg	1	FF_X45_Y25_N40
*scalar_packet*	scalar_packet_low_q[12]	reg	1	FF_X45_Y25_N47
*scalar_packet*	scalar_packet_low_q[0]	reg	1	FF_X45_Y25_N25
*scalar_packet*	scalar_packet_low_q[3]	reg	1	FF_X46_Y25_N53
*scalar_packet*	scalar_packet_low_q[21]	reg	1	FF_X45_Y25_N52
*scalar_packet*	scalar_packet_low_q[10]	reg	1	FF_X45_Y25_N16
*scalar_packet*	scalar_packet_low_q[17]	reg	1	FF_X45_Y25_N31
*scalar_packet*	scalar_packet_low_q[9]	reg	1	FF_X45_Y25_N35
*scalar_packet*	scalar_packet_low_q[22]	reg	1	FF_X45_Y25_N14
*scalar_packet*	scalar_packet_low_q[2]	reg	1	FF_X46_Y25_N55
*scalar_packet*	scalar_packet_low_q[15]	reg	1	FF_X46_Y25_N22
*scalar_packet*	scalar_packet_low_q[19]	reg	1	FF_X45_Y25_N20
*scalar_packet*	scalar_packet_low_q[14]	reg	1	FF_X45_Y25_N58
*scalar_packet*	scalar_packet_low_q[6]	reg	1	FF_X46_Y25_N5
*scalar_packet*	scalar_packet_low_q[1]	reg	1	FF_X46_Y25_N37
*scalar_packet*	scalar_packet_low_q[8]	reg	1	FF_X45_Y25_N28
*scalar_packet*	scalar_packet_low_q[18]	reg	1	FF_X45_Y25_N1
*scalar_packet*	scalar_packet_low_q[20]	reg	1	FF_X45_Y25_N22
*scalar_packet*	scalar_packet_low_q[7]	reg	1	FF_X45_Y25_N7
Count	*scalar_cluster*	60
*scalar_cluster*	scalar_cluster_valid_q[0]	reg	1	FF_X30_Y49_N44
*scalar_cluster*	scalar_cluster_group_q[0][1]	reg	1	FF_X31_Y61_N19
*scalar_cluster*	scalar_cluster_group_q[0][0]	reg	1	FF_X31_Y61_N53
*scalar_cluster*	scalar_cluster_low_q[0][11]	reg	1	FF_X45_Y75_N44
*scalar_cluster*	scalar_cluster_lower_q[0]	reg	1	FF_X31_Y61_N37
*scalar_cluster*	scalar_cluster_low_q[0][5]	reg	1	FF_X46_Y75_N32
*scalar_cluster*	scalar_cluster_high_q[0]	reg	1	FF_X31_Y61_N41
*scalar_cluster*	scalar_cluster_low_q[0][16]	reg	1	FF_X47_Y75_N38
*scalar_cluster*	scalar_cluster_low_q[0][23]	reg	1	FF_X46_Y75_N10
*scalar_cluster*	scalar_cluster_low_q[0][4]	reg	1	FF_X46_Y75_N28
*scalar_cluster*	scalar_cluster_low_q[0][13]	reg	1	FF_X45_Y75_N58
*scalar_cluster*	scalar_cluster_low_q[0][12]	reg	1	FF_X45_Y75_N37
*scalar_cluster*	scalar_cluster_low_q[0][0]	reg	1	FF_X31_Y61_N17
*scalar_cluster*	scalar_cluster_low_q[0][3]	reg	1	FF_X46_Y75_N23
*scalar_cluster*	scalar_cluster_low_q[0][21]	reg	1	FF_X45_Y75_N26
*scalar_cluster*	scalar_cluster_low_q[0][10]	reg	1	FF_X45_Y75_N25
*scalar_cluster*	scalar_cluster_low_q[0][17]	reg	1	FF_X45_Y75_N56
*scalar_cluster*	scalar_cluster_low_q[0][9]	reg	1	FF_X45_Y75_N29
*scalar_cluster*	scalar_cluster_low_q[0][22]	reg	1	FF_X45_Y75_N28
*scalar_cluster*	scalar_cluster_low_q[0][2]	reg	1	FF_X46_Y75_N14
*scalar_cluster*	scalar_cluster_low_q[0][15]	reg	1	FF_X47_Y75_N32
*scalar_cluster*	scalar_cluster_low_q[0][19]	reg	1	FF_X45_Y75_N41
*scalar_cluster*	scalar_cluster_low_q[0][14]	reg	1	FF_X45_Y75_N47
*scalar_cluster*	scalar_cluster_low_q[0][6]	reg	1	FF_X46_Y75_N20
*scalar_cluster*	scalar_cluster_low_q[0][1]	reg	1	FF_X46_Y75_N35
*scalar_cluster*	scalar_cluster_low_q[0][8]	reg	1	FF_X46_Y75_N7
*scalar_cluster*	scalar_cluster_low_q[0][18]	reg	1	FF_X45_Y75_N43
*scalar_cluster*	scalar_cluster_low_q[0][20]	reg	1	FF_X45_Y75_N55
*scalar_cluster*	scalar_cluster_low_q[0][7]	reg	1	FF_X46_Y75_N25
*scalar_cluster*	scalar_cluster_valid_q[1]	reg	1	FF_X30_Y49_N47
*scalar_cluster*	scalar_cluster_group_q[1][0]	reg	1	FF_X30_Y49_N34
*scalar_cluster*	scalar_cluster_group_q[1][1]	reg	1	FF_X30_Y49_N2
*scalar_cluster*	scalar_cluster_low_q[1][11]	reg	1	FF_X30_Y47_N41
*scalar_cluster*	scalar_cluster_high_q[1]	reg	1	FF_X30_Y49_N59
*scalar_cluster*	scalar_cluster_lower_q[1]	reg	1	FF_X30_Y49_N52
*scalar_cluster*	scalar_cluster_low_q[1][5]	reg	1	FF_X29_Y49_N29
*scalar_cluster*	scalar_cluster_low_q[1][16]	reg	1	FF_X30_Y47_N10
*scalar_cluster*	scalar_cluster_low_q[1][23]	reg	1	FF_X30_Y72_N59
*scalar_cluster*	scalar_cluster_low_q[1][4]	reg	1	FF_X29_Y49_N10
*scalar_cluster*	scalar_cluster_low_q[1][13]	reg	1	FF_X30_Y72_N14
*scalar_cluster*	scalar_cluster_low_q[1][12]	reg	1	FF_X30_Y72_N34
*scalar_cluster*	scalar_cluster_low_q[1][0]	reg	1	FF_X29_Y49_N44
*scalar_cluster*	scalar_cluster_low_q[1][3]	reg	1	FF_X29_Y49_N53
*scalar_cluster*	scalar_cluster_low_q[1][21]	reg	1	FF_X30_Y72_N44
*scalar_cluster*	scalar_cluster_low_q[1][10]	reg	1	FF_X29_Y49_N25
*scalar_cluster*	scalar_cluster_low_q[1][17]	reg	1	FF_X30_Y72_N55
*scalar_cluster*	scalar_cluster_low_q[1][9]	reg	1	FF_X30_Y47_N32
*scalar_cluster*	scalar_cluster_low_q[1][22]	reg	1	FF_X30_Y72_N32
*scalar_cluster*	scalar_cluster_low_q[1][2]	reg	1	FF_X29_Y49_N46
*scalar_cluster*	scalar_cluster_low_q[1][15]	reg	1	FF_X30_Y47_N7
*scalar_cluster*	scalar_cluster_low_q[1][19]	reg	1	FF_X30_Y72_N16
*scalar_cluster*	scalar_cluster_low_q[1][14]	reg	1	FF_X30_Y47_N34
*scalar_cluster*	scalar_cluster_low_q[1][6]	reg	1	FF_X29_Y49_N50
*scalar_cluster*	scalar_cluster_low_q[1][1]	reg	1	FF_X29_Y49_N8
*scalar_cluster*	scalar_cluster_low_q[1][8]	reg	1	FF_X29_Y49_N19
*scalar_cluster*	scalar_cluster_low_q[1][18]	reg	1	FF_X30_Y72_N46
*scalar_cluster*	scalar_cluster_low_q[1][20]	reg	1	FF_X30_Y72_N4
*scalar_cluster*	scalar_cluster_low_q[1][7]	reg	1	FF_X29_Y49_N23
*scalar_cluster*	scalar_cluster_lower_q[0]~DUPLICATE	reg	1	FF_X31_Y61_N38
*scalar_cluster*	scalar_cluster_lower_q[1]~DUPLICATE	reg	1	FF_X30_Y49_N53
Count	*scalar_group_q*	202
*scalar_group_q*	scalar_group_q[3][11]	reg	1	FF_X71_Y85_N22
*scalar_group_q*	scalar_group_q[2][11]	reg	1	FF_X45_Y75_N14
*scalar_group_q*	scalar_group_q[0][11]	reg	1	FF_X59_Y75_N47
*scalar_group_q*	scalar_group_q[0][5]	reg	1	FF_X61_Y75_N26
*scalar_group_q*	scalar_group_q[0][16]	reg	1	FF_X59_Y75_N23
*scalar_group_q*	scalar_group_q[0][23]	reg	1	FF_X61_Y75_N10
*scalar_group_q*	scalar_group_q[0][4]	reg	1	FF_X61_Y75_N22
*scalar_group_q*	scalar_group_q[0][13]	reg	1	FF_X61_Y75_N28
*scalar_group_q*	scalar_group_q[0][12]	reg	1	FF_X59_Y75_N22
*scalar_group_q*	scalar_group_q[0][0]~DUPLICATE	reg	1	FF_X61_Y75_N56
*scalar_group_q*	scalar_group_q[0][3]	reg	1	FF_X61_Y75_N59
*scalar_group_q*	scalar_group_q[0][21]	reg	1	FF_X61_Y75_N7
*scalar_group_q*	scalar_group_q[0][10]	reg	1	FF_X61_Y75_N46
*scalar_group_q*	scalar_group_q[0][17]	reg	1	FF_X59_Y75_N13
*scalar_group_q*	scalar_group_q[0][9]	reg	1	FF_X61_Y75_N19
*scalar_group_q*	scalar_group_q[0][22]	reg	1	FF_X59_Y75_N44
*scalar_group_q*	scalar_group_q[0][2]	reg	1	FF_X61_Y75_N43
*scalar_group_q*	scalar_group_q[0][15]	reg	1	FF_X59_Y75_N43
*scalar_group_q*	scalar_group_q[0][19]	reg	1	FF_X54_Y75_N40
*scalar_group_q*	scalar_group_q[0][14]	reg	1	FF_X56_Y76_N37
*scalar_group_q*	scalar_group_q[0][6]	reg	1	FF_X61_Y75_N11
*scalar_group_q*	scalar_group_q[0][1]	reg	1	FF_X61_Y75_N29
*scalar_group_q*	scalar_group_q[0][8]	reg	1	FF_X59_Y75_N17
*scalar_group_q*	scalar_group_q[0][18]	reg	1	FF_X59_Y75_N19
*scalar_group_q*	scalar_group_q[0][20]	reg	1	FF_X59_Y75_N16
*scalar_group_q*	scalar_group_q[0][7]	reg	1	FF_X61_Y75_N8
*scalar_group_q*	scalar_group_q[1][11]	reg	1	FF_X59_Y75_N40
*scalar_group_q*	scalar_group_q[1][5]	reg	1	FF_X59_Y75_N7
*scalar_group_q*	scalar_group_q[1][16]	reg	1	FF_X59_Y75_N55
*scalar_group_q*	scalar_group_q[1][23]	reg	1	FF_X59_Y75_N8
*scalar_group_q*	scalar_group_q[1][4]	reg	1	FF_X56_Y75_N34
*scalar_group_q*	scalar_group_q[1][13]	reg	1	FF_X59_Y75_N49
*scalar_group_q*	scalar_group_q[1][12]	reg	1	FF_X59_Y75_N53
*scalar_group_q*	scalar_group_q[1][0]	reg	1	FF_X64_Y67_N10
*scalar_group_q*	scalar_group_q[1][3]	reg	1	FF_X59_Y75_N4
*scalar_group_q*	scalar_group_q[1][21]	reg	1	FF_X59_Y75_N56
*scalar_group_q*	scalar_group_q[1][10]	reg	1	FF_X59_Y75_N25
*scalar_group_q*	scalar_group_q[1][17]	reg	1	FF_X59_Y75_N1
*scalar_group_q*	scalar_group_q[1][9]	reg	1	FF_X56_Y75_N13
*scalar_group_q*	scalar_group_q[1][22]	reg	1	FF_X59_Y75_N50
*scalar_group_q*	scalar_group_q[1][2]	reg	1	FF_X59_Y75_N58
*scalar_group_q*	scalar_group_q[1][15]	reg	1	FF_X59_Y75_N28
*scalar_group_q*	scalar_group_q[1][19]	reg	1	FF_X59_Y75_N29
*scalar_group_q*	scalar_group_q[1][14]	reg	1	FF_X59_Y75_N52
*scalar_group_q*	scalar_group_q[1][6]	reg	1	FF_X59_Y75_N31
*scalar_group_q*	scalar_group_q[1][1]	reg	1	FF_X59_Y75_N37
*scalar_group_q*	scalar_group_q[1][8]	reg	1	FF_X59_Y75_N10
*scalar_group_q*	scalar_group_q[1][18]	reg	1	FF_X59_Y75_N59
*scalar_group_q*	scalar_group_q[1][20]	reg	1	FF_X59_Y75_N5
*scalar_group_q*	scalar_group_q[1][7]	reg	1	FF_X59_Y75_N35
*scalar_group_q*	scalar_group_q[5][11]	reg	1	FF_X30_Y45_N37
*scalar_group_q*	scalar_group_q[5][5]	reg	1	FF_X30_Y45_N49
*scalar_group_q*	scalar_group_q[5][16]	reg	1	FF_X30_Y47_N52
*scalar_group_q*	scalar_group_q[5][23]	reg	1	FF_X30_Y45_N22
*scalar_group_q*	scalar_group_q[5][4]	reg	1	FF_X30_Y45_N1
*scalar_group_q*	scalar_group_q[5][13]	reg	1	FF_X30_Y45_N41
*scalar_group_q*	scalar_group_q[5][12]	reg	1	FF_X30_Y45_N4
*scalar_group_q*	scalar_group_q[5][0]	reg	1	FF_X30_Y45_N28
*scalar_group_q*	scalar_group_q[5][3]	reg	1	FF_X30_Y45_N19
*scalar_group_q*	scalar_group_q[5][21]	reg	1	FF_X30_Y47_N43
*scalar_group_q*	scalar_group_q[5][10]	reg	1	FF_X30_Y45_N31
*scalar_group_q*	scalar_group_q[5][17]	reg	1	FF_X30_Y45_N58
*scalar_group_q*	scalar_group_q[5][9]	reg	1	FF_X30_Y45_N34
*scalar_group_q*	scalar_group_q[5][22]	reg	1	FF_X30_Y45_N40
*scalar_group_q*	scalar_group_q[5][2]	reg	1	FF_X30_Y45_N52
*scalar_group_q*	scalar_group_q[5][15]	reg	1	FF_X30_Y47_N46
*scalar_group_q*	scalar_group_q[5][19]	reg	1	FF_X30_Y45_N10
*scalar_group_q*	scalar_group_q[5][14]	reg	1	FF_X30_Y45_N25
*scalar_group_q*	scalar_group_q[5][6]	reg	1	FF_X30_Y45_N16
*scalar_group_q*	scalar_group_q[5][1]	reg	1	FF_X30_Y45_N46
*scalar_group_q*	scalar_group_q[5][8]	reg	1	FF_X30_Y45_N7
*scalar_group_q*	scalar_group_q[5][18]	reg	1	FF_X30_Y45_N55
*scalar_group_q*	scalar_group_q[5][20]	reg	1	FF_X30_Y45_N43
*scalar_group_q*	scalar_group_q[5][7]~DUPLICATE	reg	1	FF_X30_Y45_N13
*scalar_group_q*	scalar_group_q[7][11]	reg	1	FF_X27_Y64_N40
*scalar_group_q*	scalar_group_q[7][5]	reg	1	FF_X29_Y68_N34
*scalar_group_q*	scalar_group_q[7][16]	reg	1	FF_X29_Y68_N7
*scalar_group_q*	scalar_group_q[7][23]	reg	1	FF_X29_Y68_N43
*scalar_group_q*	scalar_group_q[7][4]	reg	1	FF_X29_Y68_N25
*scalar_group_q*	scalar_group_q[7][13]	reg	1	FF_X21_Y67_N53
*scalar_group_q*	scalar_group_q[7][12]	reg	1	FF_X29_Y68_N28
*scalar_group_q*	scalar_group_q[7][0]	reg	1	FF_X29_Y68_N49
*scalar_group_q*	scalar_group_q[7][3]	reg	1	FF_X23_Y66_N40
*scalar_group_q*	scalar_group_q[7][21]	reg	1	FF_X29_Y68_N40
*scalar_group_q*	scalar_group_q[7][10]	reg	1	FF_X29_Y68_N4
*scalar_group_q*	scalar_group_q[7][17]	reg	1	FF_X29_Y68_N56
*scalar_group_q*	scalar_group_q[7][9]	reg	1	FF_X29_Y68_N22
*scalar_group_q*	scalar_group_q[7][22]	reg	1	FF_X29_Y68_N58
*scalar_group_q*	scalar_group_q[7][2]	reg	1	FF_X29_Y68_N52
*scalar_group_q*	scalar_group_q[7][15]	reg	1	FF_X29_Y68_N16
*scalar_group_q*	scalar_group_q[7][19]	reg	1	FF_X29_Y68_N31
*scalar_group_q*	scalar_group_q[7][14]	reg	1	FF_X29_Y68_N14
*scalar_group_q*	scalar_group_q[7][6]	reg	1	FF_X29_Y68_N10
*scalar_group_q*	scalar_group_q[7][1]~DUPLICATE	reg	1	FF_X21_Y68_N49
*scalar_group_q*	scalar_group_q[7][8]	reg	1	FF_X29_Y68_N46
*scalar_group_q*	scalar_group_q[7][18]	reg	1	FF_X29_Y68_N1
*scalar_group_q*	scalar_group_q[7][20]	reg	1	FF_X29_Y68_N19
*scalar_group_q*	scalar_group_q[7][7]	reg	1	FF_X29_Y68_N37
*scalar_group_q*	scalar_group_q[4][11]	reg	1	FF_X30_Y47_N55
*scalar_group_q*	scalar_group_q[4][5]	reg	1	FF_X29_Y49_N38
*scalar_group_q*	scalar_group_q[4][16]	reg	1	FF_X30_Y47_N19
*scalar_group_q*	scalar_group_q[4][23]~DUPLICATE	reg	1	FF_X29_Y47_N58
*scalar_group_q*	scalar_group_q[4][4]	reg	1	FF_X29_Y49_N32
*scalar_group_q*	scalar_group_q[4][13]	reg	1	FF_X28_Y49_N49
*scalar_group_q*	scalar_group_q[4][12]	reg	1	FF_X30_Y72_N38
*scalar_group_q*	scalar_group_q[4][0]	reg	1	FF_X29_Y49_N41
*scalar_group_q*	scalar_group_q[4][3]	reg	1	FF_X29_Y49_N56
*scalar_group_q*	scalar_group_q[4][21]	reg	1	FF_X30_Y47_N22
*scalar_group_q*	scalar_group_q[4][10]	reg	1	FF_X29_Y49_N5
*scalar_group_q*	scalar_group_q[4][17]~DUPLICATE	reg	1	FF_X13_Y48_N49
*scalar_group_q*	scalar_group_q[4][9]	reg	1	FF_X30_Y47_N13
*scalar_group_q*	scalar_group_q[4][22]	reg	1	FF_X29_Y47_N56
*scalar_group_q*	scalar_group_q[4][2]	reg	1	FF_X29_Y49_N14
*scalar_group_q*	scalar_group_q[4][15]	reg	1	FF_X30_Y47_N1
*scalar_group_q*	scalar_group_q[4][19]~DUPLICATE	reg	1	FF_X30_Y47_N28
*scalar_group_q*	scalar_group_q[4][14]	reg	1	FF_X30_Y47_N5
*scalar_group_q*	scalar_group_q[4][6]	reg	1	FF_X29_Y49_N59
*scalar_group_q*	scalar_group_q[4][1]	reg	1	FF_X29_Y49_N17
*scalar_group_q*	scalar_group_q[4][8]	reg	1	FF_X29_Y49_N35
*scalar_group_q*	scalar_group_q[4][18]~DUPLICATE	reg	1	FF_X28_Y49_N23
*scalar_group_q*	scalar_group_q[4][20]	reg	1	FF_X13_Y48_N19
*scalar_group_q*	scalar_group_q[4][7]	reg	1	FF_X29_Y49_N2
*scalar_group_q*	scalar_group_q[2][5]	reg	1	FF_X46_Y75_N52
*scalar_group_q*	scalar_group_q[2][16]	reg	1	FF_X47_Y75_N28
*scalar_group_q*	scalar_group_q[2][23]	reg	1	FF_X46_Y75_N58
*scalar_group_q*	scalar_group_q[2][4]	reg	1	FF_X46_Y75_N56
*scalar_group_q*	scalar_group_q[2][13]	reg	1	FF_X45_Y75_N8
*scalar_group_q*	scalar_group_q[2][12]	reg	1	FF_X45_Y75_N17
*scalar_group_q*	scalar_group_q[2][0]	reg	1	FF_X47_Y75_N1
*scalar_group_q*	scalar_group_q[2][3]	reg	1	FF_X46_Y75_N1
*scalar_group_q*	scalar_group_q[2][21]	reg	1	FF_X45_Y75_N32
*scalar_group_q*	scalar_group_q[2][10]	reg	1	FF_X45_Y75_N5
*scalar_group_q*	scalar_group_q[2][17]	reg	1	FF_X45_Y75_N20
*scalar_group_q*	scalar_group_q[2][9]	reg	1	FF_X45_Y75_N23
*scalar_group_q*	scalar_group_q[2][22]	reg	1	FF_X45_Y75_N35
*scalar_group_q*	scalar_group_q[2][2]	reg	1	FF_X46_Y75_N46
*scalar_group_q*	scalar_group_q[2][15]	reg	1	FF_X47_Y75_N55
*scalar_group_q*	scalar_group_q[2][19]	reg	1	FF_X45_Y75_N53
*scalar_group_q*	scalar_group_q[2][14]	reg	1	FF_X45_Y75_N11
*scalar_group_q*	scalar_group_q[2][6]	reg	1	FF_X46_Y75_N43
*scalar_group_q*	scalar_group_q[2][1]	reg	1	FF_X46_Y75_N49
*scalar_group_q*	scalar_group_q[2][8]	reg	1	FF_X46_Y75_N37
*scalar_group_q*	scalar_group_q[2][18]	reg	1	FF_X45_Y75_N50
*scalar_group_q*	scalar_group_q[2][20]	reg	1	FF_X45_Y75_N2
*scalar_group_q*	scalar_group_q[2][7]	reg	1	FF_X46_Y75_N40
*scalar_group_q*	scalar_group_q[6][11]	reg	1	FF_X30_Y69_N20
*scalar_group_q*	scalar_group_q[6][5]	reg	1	FF_X30_Y69_N37
*scalar_group_q*	scalar_group_q[6][16]	reg	1	FF_X30_Y69_N43
*scalar_group_q*	scalar_group_q[6][23]	reg	1	FF_X30_Y72_N52
*scalar_group_q*	scalar_group_q[6][4]	reg	1	FF_X30_Y69_N56
*scalar_group_q*	scalar_group_q[6][13]	reg	1	FF_X30_Y69_N52
*scalar_group_q*	scalar_group_q[6][12]	reg	1	FF_X30_Y72_N22
*scalar_group_q*	scalar_group_q[6][0]	reg	1	FF_X30_Y69_N1
*scalar_group_q*	scalar_group_q[6][3]	reg	1	FF_X30_Y69_N58
*scalar_group_q*	scalar_group_q[6][21]	reg	1	FF_X30_Y72_N20
*scalar_group_q*	scalar_group_q[6][10]	reg	1	FF_X30_Y69_N16
*scalar_group_q*	scalar_group_q[6][17]	reg	1	FF_X30_Y72_N8
*scalar_group_q*	scalar_group_q[6][9]	reg	1	FF_X30_Y69_N46
*scalar_group_q*	scalar_group_q[6][22]	reg	1	FF_X30_Y72_N49
*scalar_group_q*	scalar_group_q[6][2]	reg	1	FF_X30_Y69_N13
*scalar_group_q*	scalar_group_q[6][15]	reg	1	FF_X30_Y69_N35
*scalar_group_q*	scalar_group_q[6][19]	reg	1	FF_X30_Y72_N26
*scalar_group_q*	scalar_group_q[6][14]	reg	1	FF_X30_Y69_N32
*scalar_group_q*	scalar_group_q[6][6]	reg	1	FF_X30_Y69_N40
*scalar_group_q*	scalar_group_q[6][1]	reg	1	FF_X30_Y69_N22
*scalar_group_q*	scalar_group_q[6][8]	reg	1	FF_X30_Y69_N7
*scalar_group_q*	scalar_group_q[6][18]	reg	1	FF_X30_Y72_N11
*scalar_group_q*	scalar_group_q[6][20]	reg	1	FF_X30_Y72_N29
*scalar_group_q*	scalar_group_q[6][7]	reg	1	FF_X30_Y69_N28
*scalar_group_q*	scalar_group_q[3][5]	reg	1	FF_X61_Y75_N13
*scalar_group_q*	scalar_group_q[3][16]	reg	1	FF_X71_Y85_N19
*scalar_group_q*	scalar_group_q[3][23]	reg	1	FF_X61_Y75_N53
*scalar_group_q*	scalar_group_q[3][4]	reg	1	FF_X61_Y75_N49
*scalar_group_q*	scalar_group_q[3][13]	reg	1	FF_X61_Y75_N35
*scalar_group_q*	scalar_group_q[3][12]	reg	1	FF_X61_Y75_N31
*scalar_group_q*	scalar_group_q[3][0]	reg	1	FF_X61_Y75_N40
*scalar_group_q*	scalar_group_q[3][3]	reg	1	FF_X61_Y75_N1
*scalar_group_q*	scalar_group_q[3][21]	reg	1	FF_X61_Y75_N50
*scalar_group_q*	scalar_group_q[3][10]	reg	1	FF_X61_Y75_N32
*scalar_group_q*	scalar_group_q[3][17]	reg	1	FF_X71_Y85_N17
*scalar_group_q*	scalar_group_q[3][9]	reg	1	FF_X61_Y75_N16
*scalar_group_q*	scalar_group_q[3][22]	reg	1	FF_X61_Y75_N37
*scalar_group_q*	scalar_group_q[3][2]	reg	1	FF_X61_Y75_N5
*scalar_group_q*	scalar_group_q[3][15]	reg	1	FF_X61_Y75_N14
*scalar_group_q*	scalar_group_q[3][19]	reg	1	FF_X61_Y75_N38
*scalar_group_q*	scalar_group_q[3][14]	reg	1	FF_X59_Y77_N55
*scalar_group_q*	scalar_group_q[3][6]	reg	1	FF_X61_Y75_N4
*scalar_group_q*	scalar_group_q[3][1]	reg	1	FF_X61_Y75_N34
*scalar_group_q*	scalar_group_q[3][8]	reg	1	FF_X61_Y75_N52
*scalar_group_q*	scalar_group_q[3][18]	reg	1	FF_X71_Y85_N34
*scalar_group_q*	scalar_group_q[3][20]	reg	1	FF_X61_Y75_N41
*scalar_group_q*	scalar_group_q[3][7]	reg	1	FF_X61_Y75_N2
*scalar_group_q*	scalar_group_q[1][8]~DUPLICATE	reg	1	FF_X59_Y75_N11
*scalar_group_q*	scalar_group_q[5][7]	reg	1	FF_X30_Y45_N14
*scalar_group_q*	scalar_group_q[4][17]	reg	1	FF_X13_Y48_N50
*scalar_group_q*	scalar_group_q[7][1]	reg	1	FF_X21_Y68_N50
*scalar_group_q*	scalar_group_q[3][17]~DUPLICATE	reg	1	FF_X71_Y85_N16
*scalar_group_q*	scalar_group_q[2][23]~DUPLICATE	reg	1	FF_X46_Y75_N59
*scalar_group_q*	scalar_group_q[4][23]	reg	1	FF_X29_Y47_N59
*scalar_group_q*	scalar_group_q[4][19]	reg	1	FF_X30_Y47_N29
*scalar_group_q*	scalar_group_q[4][18]	reg	1	FF_X28_Y49_N22
*scalar_group_q*	scalar_group_q[0][0]	reg	1	FF_X61_Y75_N55
Count	*token_prompt*	106
*token_prompt*	token_prompt_word_q[0][5]	reg	1	FF_X77_Y16_N8
*token_prompt*	token_prompt_address_q[0]	reg	1	FF_X68_Y19_N40
*token_prompt*	token_prompt_address_q[1]	reg	1	FF_X68_Y19_N10
*token_prompt*	token_prompt_address_q[2]	reg	1	FF_X68_Y19_N4
*token_prompt*	token_prompt_address_q[3]	reg	1	FF_X68_Y19_N46
*token_prompt*	token_prompt_word_q[2][5]	reg	1	FF_X77_Y16_N56
*token_prompt*	token_prompt_bank_q[1]	reg	1	FF_X69_Y17_N7
*token_prompt*	token_prompt_address_q[5]	reg	1	FF_X62_Y19_N40
*token_prompt*	token_prompt_word_q[3][5]	reg	1	FF_X73_Y15_N37
*token_prompt*	token_prompt_word_q[1][5]	reg	1	FF_X77_Y16_N41
*token_prompt*	token_prompt_bank_q[0]	reg	1	FF_X69_Y17_N53
*token_prompt*	token_prompt_address_q[4]	reg	1	FF_X62_Y19_N7
*token_prompt*	token_prompt_word_q[4][5]	reg	1	FF_X81_Y11_N55
*token_prompt*	token_prompt_word_q[6][5]	reg	1	FF_X71_Y9_N5
*token_prompt*	token_prompt_word_q[5][5]	reg	1	FF_X71_Y9_N35
*token_prompt*	token_prompt_word_q[7][5]	reg	1	FF_X70_Y9_N43
*token_prompt*	token_prompt_bank_q[2]	reg	1	FF_X66_Y19_N16
*token_prompt*	token_prompt_address_q[6]	reg	1	FF_X62_Y19_N16
*token_prompt*	token_prompt_word_q[2][4]	reg	1	FF_X79_Y16_N32
*token_prompt*	token_prompt_word_q[3][4]	reg	1	FF_X77_Y16_N28
*token_prompt*	token_prompt_word_q[0][4]	reg	1	FF_X80_Y16_N25
*token_prompt*	token_prompt_word_q[1][4]	reg	1	FF_X84_Y12_N34
*token_prompt*	token_prompt_word_q[6][4]	reg	1	FF_X76_Y10_N46
*token_prompt*	token_prompt_word_q[4][4]	reg	1	FF_X80_Y11_N1
*token_prompt*	token_prompt_word_q[5][4]	reg	1	FF_X71_Y8_N37
*token_prompt*	token_prompt_word_q[7][4]	reg	1	FF_X71_Y9_N56
*token_prompt*	token_prompt_word_q[5][3]	reg	1	FF_X74_Y8_N52
*token_prompt*	token_prompt_word_q[6][3]	reg	1	FF_X76_Y10_N50
*token_prompt*	token_prompt_word_q[4][3]	reg	1	FF_X81_Y11_N5
*token_prompt*	token_prompt_word_q[7][3]	reg	1	FF_X69_Y11_N26
*token_prompt*	token_prompt_word_q[1][3]	reg	1	FF_X83_Y12_N44
*token_prompt*	token_prompt_word_q[3][3]	reg	1	FF_X73_Y15_N10
*token_prompt*	token_prompt_word_q[0][3]	reg	1	FF_X80_Y16_N31
*token_prompt*	token_prompt_word_q[2][3]	reg	1	FF_X77_Y16_N52
*token_prompt*	token_prompt_word_q[7][2]	reg	1	FF_X71_Y11_N26
*token_prompt*	token_prompt_word_q[5][2]	reg	1	FF_X71_Y8_N7
*token_prompt*	token_prompt_word_q[6][2]	reg	1	FF_X76_Y10_N7
*token_prompt*	token_prompt_word_q[4][2]	reg	1	FF_X80_Y11_N43
*token_prompt*	token_prompt_word_q[0][2]	reg	1	FF_X80_Y16_N46
*token_prompt*	token_prompt_word_q[1][2]	reg	1	FF_X79_Y16_N8
*token_prompt*	token_prompt_word_q[3][2]	reg	1	FF_X74_Y15_N49
*token_prompt*	token_prompt_word_q[2][2]	reg	1	FF_X79_Y16_N25
*token_prompt*	token_prompt_word_q[5][1]	reg	1	FF_X71_Y8_N34
*token_prompt*	token_prompt_word_q[4][1]	reg	1	FF_X80_Y11_N7
*token_prompt*	token_prompt_word_q[6][1]	reg	1	FF_X71_Y11_N14
*token_prompt*	token_prompt_word_q[7][1]	reg	1	FF_X71_Y11_N20
*token_prompt*	token_prompt_word_q[0][1]	reg	1	FF_X74_Y15_N26
*token_prompt*	token_prompt_word_q[3][1]	reg	1	FF_X74_Y15_N35
*token_prompt*	token_prompt_word_q[2][1]	reg	1	FF_X74_Y17_N7
*token_prompt*	token_prompt_word_q[1][1]	reg	1	FF_X83_Y12_N34
*token_prompt*	token_prompt_word_q[5][0]	reg	1	FF_X76_Y9_N49
*token_prompt*	token_prompt_word_q[4][0]	reg	1	FF_X81_Y11_N13
*token_prompt*	token_prompt_word_q[7][0]	reg	1	FF_X70_Y9_N49
*token_prompt*	token_prompt_word_q[6][0]	reg	1	FF_X77_Y9_N20
*token_prompt*	token_prompt_word_q[2][0]	reg	1	FF_X74_Y17_N41
*token_prompt*	token_prompt_word_q[0][0]	reg	1	FF_X84_Y15_N46
*token_prompt*	token_prompt_word_q[3][0]	reg	1	FF_X74_Y15_N17
*token_prompt*	token_prompt_word_q[1][0]	reg	1	FF_X83_Y12_N37
*token_prompt*	token_prompt_word_q[6][10]	reg	1	FF_X80_Y8_N53
*token_prompt*	token_prompt_word_q[4][10]	reg	1	FF_X83_Y12_N1
*token_prompt*	token_prompt_word_q[7][10]	reg	1	FF_X80_Y8_N44
*token_prompt*	token_prompt_word_q[5][10]	reg	1	FF_X80_Y8_N7
*token_prompt*	token_prompt_word_q[2][10]	reg	1	FF_X78_Y17_N38
*token_prompt*	token_prompt_word_q[3][10]	reg	1	FF_X73_Y15_N25
*token_prompt*	token_prompt_word_q[1][10]	reg	1	FF_X78_Y17_N8
*token_prompt*	token_prompt_word_q[0][10]	reg	1	FF_X78_Y17_N50
*token_prompt*	token_prompt_word_q[0][9]	reg	1	FF_X80_Y16_N52
*token_prompt*	token_prompt_word_q[3][9]	reg	1	FF_X78_Y17_N17
*token_prompt*	token_prompt_word_q[2][9]	reg	1	FF_X78_Y17_N32
*token_prompt*	token_prompt_word_q[1][9]	reg	1	FF_X78_Y17_N2
*token_prompt*	token_prompt_word_q[6][9]	reg	1	FF_X77_Y9_N7
*token_prompt*	token_prompt_word_q[7][9]	reg	1	FF_X70_Y9_N37
*token_prompt*	token_prompt_word_q[5][9]	reg	1	FF_X74_Y8_N40
*token_prompt*	token_prompt_word_q[4][9]	reg	1	FF_X77_Y9_N26
*token_prompt*	token_prompt_word_q[6][8]	reg	1	FF_X71_Y9_N26
*token_prompt*	token_prompt_word_q[7][8]	reg	1	FF_X71_Y9_N23
*token_prompt*	token_prompt_word_q[5][8]	reg	1	FF_X74_Y8_N56
*token_prompt*	token_prompt_word_q[4][8]	reg	1	FF_X80_Y11_N25
*token_prompt*	token_prompt_word_q[1][8]	reg	1	FF_X84_Y12_N13
*token_prompt*	token_prompt_word_q[0][8]	reg	1	FF_X77_Y15_N4
*token_prompt*	token_prompt_word_q[2][8]	reg	1	FF_X74_Y15_N37
*token_prompt*	token_prompt_word_q[3][8]	reg	1	FF_X73_Y15_N19
*token_prompt*	token_prompt_word_q[1][11]	reg	1	FF_X79_Y16_N50
*token_prompt*	token_prompt_word_q[2][11]	reg	1	FF_X79_Y16_N56
*token_prompt*	token_prompt_word_q[0][11]	reg	1	FF_X84_Y15_N4
*token_prompt*	token_prompt_word_q[3][11]	reg	1	FF_X73_Y15_N13
*token_prompt*	token_prompt_word_q[5][11]	reg	1	FF_X76_Y9_N37
*token_prompt*	token_prompt_word_q[4][11]	reg	1	FF_X80_Y11_N19
*token_prompt*	token_prompt_word_q[7][11]	reg	1	FF_X76_Y9_N31
*token_prompt*	token_prompt_word_q[6][11]	reg	1	FF_X77_Y9_N32
*token_prompt*	token_prompt_word_q[4][7]	reg	1	FF_X83_Y13_N4
*token_prompt*	token_prompt_word_q[6][7]	reg	1	FF_X76_Y10_N38
*token_prompt*	token_prompt_word_q[7][7]	reg	1	FF_X69_Y11_N14
*token_prompt*	token_prompt_word_q[5][7]	reg	1	FF_X70_Y9_N55
*token_prompt*	token_prompt_word_q[2][7]	reg	1	FF_X77_Y15_N49
*token_prompt*	token_prompt_word_q[3][7]	reg	1	FF_X77_Y15_N20
*token_prompt*	token_prompt_word_q[0][7]	reg	1	FF_X77_Y15_N32
*token_prompt*	token_prompt_word_q[1][7]	reg	1	FF_X83_Y12_N49
*token_prompt*	token_prompt_word_q[2][6]	reg	1	FF_X75_Y16_N13
*token_prompt*	token_prompt_word_q[3][6]	reg	1	FF_X73_Y15_N55
*token_prompt*	token_prompt_word_q[0][6]	reg	1	FF_X79_Y16_N4
*token_prompt*	token_prompt_word_q[1][6]	reg	1	FF_X84_Y12_N26
*token_prompt*	token_prompt_word_q[6][6]	reg	1	FF_X71_Y11_N8
*token_prompt*	token_prompt_word_q[5][6]	reg	1	FF_X71_Y8_N13
*token_prompt*	token_prompt_word_q[7][6]	reg	1	FF_X71_Y11_N53
*token_prompt*	token_prompt_word_q[4][6]	reg	1	FF_X80_Y11_N13
Count	token_q*	12
token_q*	token_q[6]	reg	1	FF_X62_Y27_N1
token_q*	token_q[5]	reg	1	FF_X67_Y23_N44
token_q*	token_q[4]	reg	1	FF_X67_Y23_N4
token_q*	token_q[3]	reg	1	FF_X62_Y27_N59
token_q*	token_q[2]	reg	1	FF_X62_Y27_N43
token_q*	token_q[1]	reg	1	FF_X62_Y27_N34
token_q*	token_q[0]	reg	1	FF_X62_Y27_N37
token_q*	token_q[10]	reg	1	FF_X62_Y27_N13
token_q*	token_q[9]	reg	1	FF_X67_Y23_N58
token_q*	token_q[8]	reg	1	FF_X67_Y23_N13
token_q*	token_q[11]	reg	1	FF_X67_Y23_N7
token_q*	token_q[7]	reg	1	FF_X67_Y23_N10
Count	*round16_group_q*	8
*round16_group_q*	round16_group_q[6]	reg	1	FF_X39_Y83_N8
*round16_group_q*	round16_group_q[7]	reg	1	FF_X39_Y83_N59
*round16_group_q*	round16_group_q[3]	reg	1	FF_X70_Y77_N56
*round16_group_q*	round16_group_q[1]	reg	1	FF_X70_Y77_N26
*round16_group_q*	round16_group_q[5]	reg	1	FF_X39_Y43_N53
*round16_group_q*	round16_group_q[4]	reg	1	FF_X28_Y47_N47
*round16_group_q*	round16_group_q[2]	reg	1	FF_X46_Y62_N5
*round16_group_q*	round16_group_q[0]	reg	1	FF_X64_Y77_N26
Count	*return_scalar*	2
*return_scalar*	return_scalar.RET_SCALAR_H_ROUND	reg	1	FF_X46_Y47_N28
*return_scalar*	return_scalar.RET_SCALAR_L_ROUND	reg	1	FF_X46_Y47_N25
