----------------
; Command Info ;
----------------
Report Timing: Found 2 setup paths (0 violated).  Worst case slack is 7.846 

Tcl Command:
    report_timing -setup -show_routing -file {D:/2151097_Nguyen Nhut Khanh/docs/verification/timing/arch_fulltop2_20261007/slow_1100mv_85c_scalar_return.rpt} -from [get_registers {op*}] -to [get_registers {*return_scalar*}] -nworst 1 -npaths 20 -detail full_path

Options:
    -from [get_registers {op*}] 
    -to [get_registers {*return_scalar*}] 
    -setup 
    -nworst 1 
    -npaths 20 
    -show_routing 
    -detail full_path 
    -file {D:/2151097_Nguyen Nhut Khanh/docs/verification/timing/arch_fulltop2_20261007/slow_1100mv_85c_scalar_return.rpt} 

Delay Model:
    Slow 1100mV 85C Model

+-----------------------------------------------------------------------------------------------------------------------------------+
; Summary of Paths                                                                                                                  ;
+-------+------------------+----------------------------------+--------------+-------------+--------------+------------+------------+
; Slack ; From Node        ; To Node                          ; Launch Clock ; Latch Clock ; Relationship ; Clock Skew ; Data Delay ;
+-------+------------------+----------------------------------+--------------+-------------+--------------+------------+------------+
; 7.846 ; op[19]~DUPLICATE ; return_scalar.RET_SCALAR_H_ROUND ; clk          ; clk         ; 10.000       ; -0.110     ; 1.944      ;
; 7.875 ; op[19]~DUPLICATE ; return_scalar.RET_SCALAR_L_ROUND ; clk          ; clk         ; 10.000       ; -0.104     ; 1.921      ;
+-------+------------------+----------------------------------+--------------+-------------+--------------+------------+------------+

Path #1: Setup slack is 7.846 
===============================================================================
+-------------------------------------------------------+
; Path Summary                                          ;
+--------------------+----------------------------------+
; Property           ; Value                            ;
+--------------------+----------------------------------+
; From Node          ; op[19]~DUPLICATE                 ;
; To Node            ; return_scalar.RET_SCALAR_H_ROUND ;
; Launch Clock       ; clk                              ;
; Latch Clock        ; clk                              ;
; Data Arrival Time  ; 6.445                            ;
; Data Required Time ; 14.291                           ;
; Slack              ; 7.846                            ;
+--------------------+----------------------------------+

+------------------------------------------------------------------------------------+
; Statistics                                                                         ;
+------------------------+--------+-------+-------------+------------+-------+-------+
; Property               ; Value  ; Count ; Total Delay ; % of Total ; Min   ; Max   ;
+------------------------+--------+-------+-------------+------------+-------+-------+
; Setup Relationship     ; 10.000 ;       ;             ;            ;       ;       ;
; Clock Skew             ; -0.110 ;       ;             ;            ;       ;       ;
; Data Delay             ; 1.944  ;       ;             ;            ;       ;       ;
; Number of Logic Levels ;        ; 1     ;             ;            ;       ;       ;
; Physical Delays        ;        ;       ;             ;            ;       ;       ;
;  Arrival Path          ;        ;       ;             ;            ;       ;       ;
;   Clock                ;        ;       ;             ;            ;       ;       ;
;    IC                  ;        ; 3     ; 0.000       ; 0          ; 0.000 ; 0.000 ;
;    Cell                ;        ; 3     ; 1.772       ; 39         ; 0.317 ; 0.890 ;
;    Routing Element     ;        ; 25    ; 2.729       ; 61         ; 0.000 ; 0.985 ;
;   Data                 ;        ;       ;             ;            ;       ;       ;
;    IC                  ;        ; 2     ; 0.000       ; 0          ; 0.000 ; 0.000 ;
;    Cell                ;        ; 3     ; 0.814       ; 42         ; 0.000 ; 0.555 ;
;    uTco                ;        ; 1     ; 0.000       ; 0          ; 0.000 ; 0.000 ;
;    Routing Element     ;        ; 8     ; 1.130       ; 58         ; 0.000 ; 0.281 ;
;  Required Path         ;        ;       ;             ;            ;       ;       ;
;   Clock                ;        ;       ;             ;            ;       ;       ;
;    IC                  ;        ; 3     ; 0.000       ; 0          ; 0.000 ; 0.000 ;
;    Cell                ;        ; 3     ; 1.683       ; 41         ; 0.292 ; 0.890 ;
;    Routing Element     ;        ; 25    ; 2.400       ; 59         ; 0.000 ; 0.934 ;
+------------------------+--------+-------+-------------+------------+-------+-------+
Note: Negative delays are omitted from totals when calculating percentages

+-------------------------------------------------------------------------------------------------------------------+
; Data Arrival Path                                                                                                 ;
+---------+---------+----+------+--------+-------------------------------------+------------------------------------+
; Total   ; Incr    ; RF ; Type ; Fanout ; Location                            ; Element                            ;
+---------+---------+----+------+--------+-------------------------------------+------------------------------------+
; 0.000   ; 0.000   ;    ;      ;        ;                                     ; launch edge time                   ;
; 4.501   ; 4.501   ;    ;      ;        ;                                     ; clock path                         ;
;   0.000 ;   0.000 ;    ;      ;        ;                                     ; source latency                     ;
;   0.000 ;   0.000 ;    ;      ; 1      ; PIN_AC18                            ; clk                                ;
;   0.000 ;   0.000 ;    ; RE   ; 1      ; IOPAD_X54_Y0_N0                     ; ARRIAV_IO_PAD                      ;
;   0.000 ;   0.000 ;    ; RE   ; 1      ; IO_PAD_OUTPUT_X54_Y0_N0_I1          ; IO_PAD_OUTPUT                      ;
;   0.000 ;   0.000 ;    ; RE   ; 1      ; IO_INPUT_BUFFER_INPUT_X54_Y0_N1_I0  ; IO_INPUT_BUFFER_INPUT              ;
;   0.000 ;   0.000 ; RR ; IC   ; 1      ; IOIBUF_X54_Y0_N1                    ; clk~input|i                        ;
;   0.890 ;   0.890 ; RR ; CELL ; 1      ; IOIBUF_X54_Y0_N1                    ; clk~input|o                        ;
;   0.890 ;   0.000 ;    ; RE   ; 1      ; IOIBUF_X54_Y0_N1                    ; ARRIAV_IO_IBUF                     ;
;   0.890 ;   0.000 ;    ; RE   ; 1      ; IO_INPUT_BUFFER_OUTPUT_X54_Y0_N1_I2 ; IO_INPUT_BUFFER_OUTPUT             ;
;   0.890 ;   0.000 ;    ; RE   ; 1      ; IO_RE_X54_Y0_N0_I96                 ; IO_RE                              ;
;   1.099 ;   0.209 ;    ; RE   ; 1      ; IO_RE_X54_Y0_N0_I66                 ; IO_RE                              ;
;   1.290 ;   0.191 ;    ; RE   ; 1      ; CLKBUF_CLUSTER_RE_X58_Y0_N0_I1614   ; CLKBUF_CLUSTER_RE                  ;
;   1.290 ;   0.000 ;    ; RE   ; 1      ; CLKBUF_CLUSTER_RE_X58_Y0_N0_I616    ; CLKBUF_CLUSTER_RE                  ;
;   1.290 ;   0.000 ;    ; RE   ; 1      ; GCLK_CLUSTER_RE_X58_Y0_N6_I10       ; GCLK_CLUSTER_RE                    ;
;   1.290 ;   0.000 ;    ; RE   ; 1      ; CLKBUFBLOCK_INPUT_X58_Y0_N7_I0      ; CLKBUFBLOCK_INPUT                  ;
;   1.290 ;   0.000 ; RR ; IC   ; 1      ; CLKCTRL_G6                          ; clk~inputCLKENA0|inclk             ;
;   1.607 ;   0.317 ; RR ; CELL ; 68132  ; CLKCTRL_G6                          ; clk~inputCLKENA0|outclk            ;
;   1.607 ;   0.000 ;    ; RE   ; 1      ; CLKCTRL_G6                          ; ARRIAV_CLKBUF                      ;
;   1.607 ;   0.000 ;    ; RE   ; 1      ; CLKBUFBLOCK_OUTPUT_X58_Y0_N7_I2     ; CLKBUFBLOCK_OUTPUT                 ;
;   1.607 ;   0.000 ;    ; RE   ; 1      ; GCLK_CLUSTER_RE_X58_Y0_N6_I12       ; GCLK_CLUSTER_RE                    ;
;   1.607 ;   0.000 ;    ; RE   ; 1      ; CLKBUF_CLUSTER_RE_X58_Y0_N0_I417    ; CLKBUF_CLUSTER_RE                  ;
;   2.592 ;   0.985 ;    ; RE   ; 16     ; GLOBAL_CLOCK_X0_Y58_N0_I6           ; GLOBAL_CLOCK                       ;
;   2.766 ;   0.174 ;    ; RE   ; 29     ; SPINE_CLOCK_X45_Y30_N0_I22          ; SPINE_CLOCK                        ;
;   3.193 ;   0.427 ;    ; RE   ; 1      ; SCLK_TO_ROWCLK_BUF_X45_Y48_N0_I133  ; SCLK_TO_ROWCLK_BUF                 ;
;   3.279 ;   0.086 ;    ; RE   ; 2      ; SCLK_TO_ROWCLK_BUF_X45_Y48_N0_I136  ; SCLK_TO_ROWCLK_BUF                 ;
;   3.703 ;   0.424 ;    ; RE   ; 14     ; LAB_CLK_X31_Y48_N0_I5               ; LAB_CLK                            ;
;   3.839 ;   0.136 ;    ; RE   ; 1      ; BLK_CLK_BUF_X45_Y48_N0_I5           ; BLK_CLK_BUF                        ;
;   3.887 ;   0.048 ;    ; RE   ; 1      ; ROWCLKSEL_PREBUF_X45_Y48_N0_I5      ; ROWCLKSEL_PREBUF                   ;
;   3.936 ;   0.049 ;    ; RE   ; 1      ; ROWCLKSEL_X45_Y48_N0_I1             ; ROWCLKSEL                          ;
;   3.936 ;   0.000 ;    ; RE   ; 2      ; GLOBAL_LOCAL_SEL_X45_Y48_N0_I1      ; GLOBAL_LOCAL_SEL                   ;
;   3.936 ;   0.000 ;    ; RE   ; 8      ; LAB_INPUT_X45_Y48_N0_I0             ; LAB_INPUT                          ;
;   3.936 ;   0.000 ; RR ; IC   ; 1      ; FF_X45_Y48_N7                       ; op[19]~DUPLICATE|clk               ;
;   4.501 ;   0.565 ; RR ; CELL ; 1      ; FF_X45_Y48_N7                       ; op[19]~DUPLICATE                   ;
; 6.445   ; 1.944   ;    ;      ;        ;                                     ; data path                          ;
;   4.501 ;   0.000 ;    ; uTco ; 1      ; FF_X45_Y48_N7                       ; op[19]~DUPLICATE                   ;
;   4.501 ;   0.000 ; FF ; CELL ; 5      ; FF_X45_Y48_N7                       ; op[19]~DUPLICATE|q                 ;
;   4.542 ;   0.041 ;    ; RE   ; 1      ; FF_X45_Y48_N7                       ; ARRIAV_FF                          ;
;   4.627 ;   0.085 ;    ; RE   ; 1      ; LE_BUFFER_X45_Y48_N0_I4             ; LE_BUFFER                          ;
;   4.802 ;   0.175 ;    ; RE   ; 3      ; R3_X46_Y48_N0_I2                    ; H_SEG3                             ;
;   5.052 ;   0.250 ;    ; RE   ; 2      ; C2_X47_Y46_N0_I20                   ; V_SEG2                             ;
;   5.333 ;   0.281 ;    ; RE   ; 1      ; R6_X42_Y47_N0_I31                   ; H_SEG6                             ;
;   5.540 ;   0.207 ;    ; RE   ; 1      ; LOCAL_INTERCONNECT_X46_Y47_N0_I22   ; LAB_LINE                           ;
;   5.631 ;   0.091 ;    ; RE   ; 2      ; BLOCK_INPUT_MUX_X46_Y47_N0_I35      ; LEIM_INPUT                         ;
;   5.631 ;   0.000 ; FF ; IC   ; 1      ; MLABCELL_X46_Y47_N27                ; return_scalar~10|datab             ;
;   6.186 ;   0.555 ; FR ; CELL ; 1      ; MLABCELL_X46_Y47_N27                ; return_scalar~10|combout           ;
;   6.186 ;   0.000 ;    ; RE   ; 1      ; MLABCELL_X46_Y47_N27                ; ARRIAV_LCELL_COMB                  ;
;   6.186 ;   0.000 ; RR ; IC   ; 1      ; FF_X46_Y47_N28                      ; return_scalar.RET_SCALAR_H_ROUND|d ;
;   6.445 ;   0.259 ; RR ; CELL ; 1      ; FF_X46_Y47_N28                      ; return_scalar.RET_SCALAR_H_ROUND   ;
+---------+---------+----+------+--------+-------------------------------------+------------------------------------+

+----------------------------------------------------------------------------------------------------------------------+
; Data Required Path                                                                                                   ;
+----------+---------+----+------+--------+-------------------------------------+--------------------------------------+
; Total    ; Incr    ; RF ; Type ; Fanout ; Location                            ; Element                              ;
+----------+---------+----+------+--------+-------------------------------------+--------------------------------------+
; 10.000   ; 10.000  ;    ;      ;        ;                                     ; latch edge time                      ;
; 14.391   ; 4.391   ;    ;      ;        ;                                     ; clock path                           ;
;   10.000 ;   0.000 ;    ;      ;        ;                                     ; source latency                       ;
;   10.000 ;   0.000 ;    ;      ; 1      ; PIN_AC18                            ; clk                                  ;
;   10.000 ;   0.000 ;    ; RE   ; 1      ; IOPAD_X54_Y0_N0                     ; ARRIAV_IO_PAD                        ;
;   10.000 ;   0.000 ;    ; RE   ; 1      ; IO_PAD_OUTPUT_X54_Y0_N0_I1          ; IO_PAD_OUTPUT                        ;
;   10.000 ;   0.000 ;    ; RE   ; 1      ; IO_INPUT_BUFFER_INPUT_X54_Y0_N1_I0  ; IO_INPUT_BUFFER_INPUT                ;
;   10.000 ;   0.000 ; RR ; IC   ; 1      ; IOIBUF_X54_Y0_N1                    ; clk~input|i                          ;
;   10.890 ;   0.890 ; RR ; CELL ; 1      ; IOIBUF_X54_Y0_N1                    ; clk~input|o                          ;
;   10.890 ;   0.000 ;    ; RE   ; 1      ; IOIBUF_X54_Y0_N1                    ; ARRIAV_IO_IBUF                       ;
;   10.890 ;   0.000 ;    ; RE   ; 1      ; IO_INPUT_BUFFER_OUTPUT_X54_Y0_N1_I2 ; IO_INPUT_BUFFER_OUTPUT               ;
;   10.890 ;   0.000 ;    ; RE   ; 1      ; IO_RE_X54_Y0_N0_I96                 ; IO_RE                                ;
;   11.058 ;   0.168 ;    ; RE   ; 1      ; IO_RE_X54_Y0_N0_I66                 ; IO_RE                                ;
;   11.058 ;   0.000 ;    ; RE   ; 1      ; CLKBUF_CLUSTER_RE_X58_Y0_N0_I1614   ; CLKBUF_CLUSTER_RE                    ;
;   11.058 ;   0.000 ;    ; RE   ; 1      ; CLKBUF_CLUSTER_RE_X58_Y0_N0_I616    ; CLKBUF_CLUSTER_RE                    ;
;   11.058 ;   0.000 ;    ; RE   ; 1      ; GCLK_CLUSTER_RE_X58_Y0_N6_I10       ; GCLK_CLUSTER_RE                      ;
;   11.058 ;   0.000 ;    ; RE   ; 1      ; CLKBUFBLOCK_INPUT_X58_Y0_N7_I0      ; CLKBUFBLOCK_INPUT                    ;
;   11.058 ;   0.000 ; RR ; IC   ; 1      ; CLKCTRL_G6                          ; clk~inputCLKENA0|inclk               ;
;   11.350 ;   0.292 ; RR ; CELL ; 68132  ; CLKCTRL_G6                          ; clk~inputCLKENA0|outclk              ;
;   11.350 ;   0.000 ;    ; RE   ; 1      ; CLKCTRL_G6                          ; ARRIAV_CLKBUF                        ;
;   11.350 ;   0.000 ;    ; RE   ; 1      ; CLKBUFBLOCK_OUTPUT_X58_Y0_N7_I2     ; CLKBUFBLOCK_OUTPUT                   ;
;   11.350 ;   0.000 ;    ; RE   ; 1      ; GCLK_CLUSTER_RE_X58_Y0_N6_I12       ; GCLK_CLUSTER_RE                      ;
;   11.350 ;   0.000 ;    ; RE   ; 1      ; CLKBUF_CLUSTER_RE_X58_Y0_N0_I417    ; CLKBUF_CLUSTER_RE                    ;
;   12.284 ;   0.934 ;    ; RE   ; 16     ; GLOBAL_CLOCK_X0_Y58_N0_I6           ; GLOBAL_CLOCK                         ;
;   12.451 ;   0.167 ;    ; RE   ; 29     ; SPINE_CLOCK_X45_Y30_N0_I22          ; SPINE_CLOCK                          ;
;   12.863 ;   0.412 ;    ; RE   ; 1      ; SCLK_TO_ROWCLK_BUF_X45_Y47_N0_I133  ; SCLK_TO_ROWCLK_BUF                   ;
;   12.946 ;   0.083 ;    ; RE   ; 2      ; SCLK_TO_ROWCLK_BUF_X45_Y47_N0_I136  ; SCLK_TO_ROWCLK_BUF                   ;
;   13.359 ;   0.413 ;    ; RE   ; 12     ; LAB_CLK_X46_Y47_N0_I5               ; LAB_CLK                              ;
;   13.490 ;   0.131 ;    ; RE   ; 1      ; BLK_CLK_BUF_X46_Y47_N0_I5           ; BLK_CLK_BUF                          ;
;   13.537 ;   0.047 ;    ; RE   ; 1      ; ROWCLKSEL_PREBUF_X46_Y47_N0_I5      ; ROWCLKSEL_PREBUF                     ;
;   13.582 ;   0.045 ;    ; RE   ; 1      ; ROWCLKSEL_X46_Y47_N0_I1             ; ROWCLKSEL                            ;
;   13.582 ;   0.000 ;    ; RE   ; 2      ; GLOBAL_LOCAL_SEL_X46_Y47_N0_I1      ; GLOBAL_LOCAL_SEL                     ;
;   13.582 ;   0.000 ;    ; RE   ; 10     ; LAB_INPUT_X46_Y47_N0_I0             ; LAB_INPUT                            ;
;   13.582 ;   0.000 ; RR ; IC   ; 1      ; FF_X46_Y47_N28                      ; return_scalar.RET_SCALAR_H_ROUND|clk ;
;   14.083 ;   0.501 ; RR ; CELL ; 1      ; FF_X46_Y47_N28                      ; return_scalar.RET_SCALAR_H_ROUND     ;
;   14.391 ;   0.308 ;    ;      ;        ;                                     ; clock pessimism removed              ;
; 14.291   ; -0.100  ;    ;      ;        ;                                     ; clock uncertainty                    ;
; 14.291   ; 0.000   ;    ; uTsu ; 1      ; FF_X46_Y47_N28                      ; return_scalar.RET_SCALAR_H_ROUND     ;
+----------+---------+----+------+--------+-------------------------------------+--------------------------------------+

----------------------------
; Extra Fitter Information ;
----------------------------
HTML report is unavailable in plain text report export.


Path #2: Setup slack is 7.875 
===============================================================================
+-------------------------------------------------------+
; Path Summary                                          ;
+--------------------+----------------------------------+
; Property           ; Value                            ;
+--------------------+----------------------------------+
; From Node          ; op[19]~DUPLICATE                 ;
; To Node            ; return_scalar.RET_SCALAR_L_ROUND ;
; Launch Clock       ; clk                              ;
; Latch Clock        ; clk                              ;
; Data Arrival Time  ; 6.422                            ;
; Data Required Time ; 14.297                           ;
; Slack              ; 7.875                            ;
+--------------------+----------------------------------+

+------------------------------------------------------------------------------------+
; Statistics                                                                         ;
+------------------------+--------+-------+-------------+------------+-------+-------+
; Property               ; Value  ; Count ; Total Delay ; % of Total ; Min   ; Max   ;
+------------------------+--------+-------+-------------+------------+-------+-------+
; Setup Relationship     ; 10.000 ;       ;             ;            ;       ;       ;
; Clock Skew             ; -0.104 ;       ;             ;            ;       ;       ;
; Data Delay             ; 1.921  ;       ;             ;            ;       ;       ;
; Number of Logic Levels ;        ; 1     ;             ;            ;       ;       ;
; Physical Delays        ;        ;       ;             ;            ;       ;       ;
;  Arrival Path          ;        ;       ;             ;            ;       ;       ;
;   Clock                ;        ;       ;             ;            ;       ;       ;
;    IC                  ;        ; 3     ; 0.000       ; 0          ; 0.000 ; 0.000 ;
;    Cell                ;        ; 3     ; 1.772       ; 39         ; 0.317 ; 0.890 ;
;    Routing Element     ;        ; 25    ; 2.729       ; 61         ; 0.000 ; 0.985 ;
;   Data                 ;        ;       ;             ;            ;       ;       ;
;    IC                  ;        ; 2     ; 0.000       ; 0          ; 0.000 ; 0.000 ;
;    Cell                ;        ; 3     ; 0.791       ; 41         ; 0.000 ; 0.531 ;
;    uTco                ;        ; 1     ; 0.000       ; 0          ; 0.000 ; 0.000 ;
;    Routing Element     ;        ; 8     ; 1.130       ; 59         ; 0.000 ; 0.281 ;
;  Required Path         ;        ;       ;             ;            ;       ;       ;
;   Clock                ;        ;       ;             ;            ;       ;       ;
;    IC                  ;        ; 3     ; 0.000       ; 0          ; 0.000 ; 0.000 ;
;    Cell                ;        ; 3     ; 1.689       ; 41         ; 0.292 ; 0.890 ;
;    Routing Element     ;        ; 25    ; 2.400       ; 59         ; 0.000 ; 0.934 ;
+------------------------+--------+-------+-------------+------------+-------+-------+
Note: Negative delays are omitted from totals when calculating percentages

+-------------------------------------------------------------------------------------------------------------------+
; Data Arrival Path                                                                                                 ;
+---------+---------+----+------+--------+-------------------------------------+------------------------------------+
; Total   ; Incr    ; RF ; Type ; Fanout ; Location                            ; Element                            ;
+---------+---------+----+------+--------+-------------------------------------+------------------------------------+
; 0.000   ; 0.000   ;    ;      ;        ;                                     ; launch edge time                   ;
; 4.501   ; 4.501   ;    ;      ;        ;                                     ; clock path                         ;
;   0.000 ;   0.000 ;    ;      ;        ;                                     ; source latency                     ;
;   0.000 ;   0.000 ;    ;      ; 1      ; PIN_AC18                            ; clk                                ;
;   0.000 ;   0.000 ;    ; RE   ; 1      ; IOPAD_X54_Y0_N0                     ; ARRIAV_IO_PAD                      ;
;   0.000 ;   0.000 ;    ; RE   ; 1      ; IO_PAD_OUTPUT_X54_Y0_N0_I1          ; IO_PAD_OUTPUT                      ;
;   0.000 ;   0.000 ;    ; RE   ; 1      ; IO_INPUT_BUFFER_INPUT_X54_Y0_N1_I0  ; IO_INPUT_BUFFER_INPUT              ;
;   0.000 ;   0.000 ; RR ; IC   ; 1      ; IOIBUF_X54_Y0_N1                    ; clk~input|i                        ;
;   0.890 ;   0.890 ; RR ; CELL ; 1      ; IOIBUF_X54_Y0_N1                    ; clk~input|o                        ;
;   0.890 ;   0.000 ;    ; RE   ; 1      ; IOIBUF_X54_Y0_N1                    ; ARRIAV_IO_IBUF                     ;
;   0.890 ;   0.000 ;    ; RE   ; 1      ; IO_INPUT_BUFFER_OUTPUT_X54_Y0_N1_I2 ; IO_INPUT_BUFFER_OUTPUT             ;
;   0.890 ;   0.000 ;    ; RE   ; 1      ; IO_RE_X54_Y0_N0_I96                 ; IO_RE                              ;
;   1.099 ;   0.209 ;    ; RE   ; 1      ; IO_RE_X54_Y0_N0_I66                 ; IO_RE                              ;
;   1.290 ;   0.191 ;    ; RE   ; 1      ; CLKBUF_CLUSTER_RE_X58_Y0_N0_I1614   ; CLKBUF_CLUSTER_RE                  ;
;   1.290 ;   0.000 ;    ; RE   ; 1      ; CLKBUF_CLUSTER_RE_X58_Y0_N0_I616    ; CLKBUF_CLUSTER_RE                  ;
;   1.290 ;   0.000 ;    ; RE   ; 1      ; GCLK_CLUSTER_RE_X58_Y0_N6_I10       ; GCLK_CLUSTER_RE                    ;
;   1.290 ;   0.000 ;    ; RE   ; 1      ; CLKBUFBLOCK_INPUT_X58_Y0_N7_I0      ; CLKBUFBLOCK_INPUT                  ;
;   1.290 ;   0.000 ; RR ; IC   ; 1      ; CLKCTRL_G6                          ; clk~inputCLKENA0|inclk             ;
;   1.607 ;   0.317 ; RR ; CELL ; 68132  ; CLKCTRL_G6                          ; clk~inputCLKENA0|outclk            ;
;   1.607 ;   0.000 ;    ; RE   ; 1      ; CLKCTRL_G6                          ; ARRIAV_CLKBUF                      ;
;   1.607 ;   0.000 ;    ; RE   ; 1      ; CLKBUFBLOCK_OUTPUT_X58_Y0_N7_I2     ; CLKBUFBLOCK_OUTPUT                 ;
;   1.607 ;   0.000 ;    ; RE   ; 1      ; GCLK_CLUSTER_RE_X58_Y0_N6_I12       ; GCLK_CLUSTER_RE                    ;
;   1.607 ;   0.000 ;    ; RE   ; 1      ; CLKBUF_CLUSTER_RE_X58_Y0_N0_I417    ; CLKBUF_CLUSTER_RE                  ;
;   2.592 ;   0.985 ;    ; RE   ; 16     ; GLOBAL_CLOCK_X0_Y58_N0_I6           ; GLOBAL_CLOCK                       ;
;   2.766 ;   0.174 ;    ; RE   ; 29     ; SPINE_CLOCK_X45_Y30_N0_I22          ; SPINE_CLOCK                        ;
;   3.193 ;   0.427 ;    ; RE   ; 1      ; SCLK_TO_ROWCLK_BUF_X45_Y48_N0_I133  ; SCLK_TO_ROWCLK_BUF                 ;
;   3.279 ;   0.086 ;    ; RE   ; 2      ; SCLK_TO_ROWCLK_BUF_X45_Y48_N0_I136  ; SCLK_TO_ROWCLK_BUF                 ;
;   3.703 ;   0.424 ;    ; RE   ; 14     ; LAB_CLK_X31_Y48_N0_I5               ; LAB_CLK                            ;
;   3.839 ;   0.136 ;    ; RE   ; 1      ; BLK_CLK_BUF_X45_Y48_N0_I5           ; BLK_CLK_BUF                        ;
;   3.887 ;   0.048 ;    ; RE   ; 1      ; ROWCLKSEL_PREBUF_X45_Y48_N0_I5      ; ROWCLKSEL_PREBUF                   ;
;   3.936 ;   0.049 ;    ; RE   ; 1      ; ROWCLKSEL_X45_Y48_N0_I1             ; ROWCLKSEL                          ;
;   3.936 ;   0.000 ;    ; RE   ; 2      ; GLOBAL_LOCAL_SEL_X45_Y48_N0_I1      ; GLOBAL_LOCAL_SEL                   ;
;   3.936 ;   0.000 ;    ; RE   ; 8      ; LAB_INPUT_X45_Y48_N0_I0             ; LAB_INPUT                          ;
;   3.936 ;   0.000 ; RR ; IC   ; 1      ; FF_X45_Y48_N7                       ; op[19]~DUPLICATE|clk               ;
;   4.501 ;   0.565 ; RR ; CELL ; 1      ; FF_X45_Y48_N7                       ; op[19]~DUPLICATE                   ;
; 6.422   ; 1.921   ;    ;      ;        ;                                     ; data path                          ;
;   4.501 ;   0.000 ;    ; uTco ; 1      ; FF_X45_Y48_N7                       ; op[19]~DUPLICATE                   ;
;   4.501 ;   0.000 ; FF ; CELL ; 5      ; FF_X45_Y48_N7                       ; op[19]~DUPLICATE|q                 ;
;   4.542 ;   0.041 ;    ; RE   ; 1      ; FF_X45_Y48_N7                       ; ARRIAV_FF                          ;
;   4.627 ;   0.085 ;    ; RE   ; 1      ; LE_BUFFER_X45_Y48_N0_I4             ; LE_BUFFER                          ;
;   4.802 ;   0.175 ;    ; RE   ; 3      ; R3_X46_Y48_N0_I2                    ; H_SEG3                             ;
;   5.052 ;   0.250 ;    ; RE   ; 2      ; C2_X47_Y46_N0_I20                   ; V_SEG2                             ;
;   5.333 ;   0.281 ;    ; RE   ; 1      ; R6_X42_Y47_N0_I31                   ; H_SEG6                             ;
;   5.540 ;   0.207 ;    ; RE   ; 1      ; LOCAL_INTERCONNECT_X46_Y47_N0_I22   ; LAB_LINE                           ;
;   5.631 ;   0.091 ;    ; RE   ; 2      ; BLOCK_INPUT_MUX_X46_Y47_N0_I35      ; LEIM_INPUT                         ;
;   5.631 ;   0.000 ; FF ; IC   ; 1      ; MLABCELL_X46_Y47_N24                ; return_scalar~9|datab              ;
;   6.162 ;   0.531 ; FF ; CELL ; 1      ; MLABCELL_X46_Y47_N24                ; return_scalar~9|combout            ;
;   6.162 ;   0.000 ;    ; RE   ; 1      ; MLABCELL_X46_Y47_N24                ; ARRIAV_LCELL_COMB                  ;
;   6.162 ;   0.000 ; FF ; IC   ; 1      ; FF_X46_Y47_N25                      ; return_scalar.RET_SCALAR_L_ROUND|d ;
;   6.422 ;   0.260 ; FF ; CELL ; 1      ; FF_X46_Y47_N25                      ; return_scalar.RET_SCALAR_L_ROUND   ;
+---------+---------+----+------+--------+-------------------------------------+------------------------------------+

+----------------------------------------------------------------------------------------------------------------------+
; Data Required Path                                                                                                   ;
+----------+---------+----+------+--------+-------------------------------------+--------------------------------------+
; Total    ; Incr    ; RF ; Type ; Fanout ; Location                            ; Element                              ;
+----------+---------+----+------+--------+-------------------------------------+--------------------------------------+
; 10.000   ; 10.000  ;    ;      ;        ;                                     ; latch edge time                      ;
; 14.397   ; 4.397   ;    ;      ;        ;                                     ; clock path                           ;
;   10.000 ;   0.000 ;    ;      ;        ;                                     ; source latency                       ;
;   10.000 ;   0.000 ;    ;      ; 1      ; PIN_AC18                            ; clk                                  ;
;   10.000 ;   0.000 ;    ; RE   ; 1      ; IOPAD_X54_Y0_N0                     ; ARRIAV_IO_PAD                        ;
;   10.000 ;   0.000 ;    ; RE   ; 1      ; IO_PAD_OUTPUT_X54_Y0_N0_I1          ; IO_PAD_OUTPUT                        ;
;   10.000 ;   0.000 ;    ; RE   ; 1      ; IO_INPUT_BUFFER_INPUT_X54_Y0_N1_I0  ; IO_INPUT_BUFFER_INPUT                ;
;   10.000 ;   0.000 ; RR ; IC   ; 1      ; IOIBUF_X54_Y0_N1                    ; clk~input|i                          ;
;   10.890 ;   0.890 ; RR ; CELL ; 1      ; IOIBUF_X54_Y0_N1                    ; clk~input|o                          ;
;   10.890 ;   0.000 ;    ; RE   ; 1      ; IOIBUF_X54_Y0_N1                    ; ARRIAV_IO_IBUF                       ;
;   10.890 ;   0.000 ;    ; RE   ; 1      ; IO_INPUT_BUFFER_OUTPUT_X54_Y0_N1_I2 ; IO_INPUT_BUFFER_OUTPUT               ;
;   10.890 ;   0.000 ;    ; RE   ; 1      ; IO_RE_X54_Y0_N0_I96                 ; IO_RE                                ;
;   11.058 ;   0.168 ;    ; RE   ; 1      ; IO_RE_X54_Y0_N0_I66                 ; IO_RE                                ;
;   11.058 ;   0.000 ;    ; RE   ; 1      ; CLKBUF_CLUSTER_RE_X58_Y0_N0_I1614   ; CLKBUF_CLUSTER_RE                    ;
;   11.058 ;   0.000 ;    ; RE   ; 1      ; CLKBUF_CLUSTER_RE_X58_Y0_N0_I616    ; CLKBUF_CLUSTER_RE                    ;
;   11.058 ;   0.000 ;    ; RE   ; 1      ; GCLK_CLUSTER_RE_X58_Y0_N6_I10       ; GCLK_CLUSTER_RE                      ;
;   11.058 ;   0.000 ;    ; RE   ; 1      ; CLKBUFBLOCK_INPUT_X58_Y0_N7_I0      ; CLKBUFBLOCK_INPUT                    ;
;   11.058 ;   0.000 ; RR ; IC   ; 1      ; CLKCTRL_G6                          ; clk~inputCLKENA0|inclk               ;
;   11.350 ;   0.292 ; RR ; CELL ; 68132  ; CLKCTRL_G6                          ; clk~inputCLKENA0|outclk              ;
;   11.350 ;   0.000 ;    ; RE   ; 1      ; CLKCTRL_G6                          ; ARRIAV_CLKBUF                        ;
;   11.350 ;   0.000 ;    ; RE   ; 1      ; CLKBUFBLOCK_OUTPUT_X58_Y0_N7_I2     ; CLKBUFBLOCK_OUTPUT                   ;
;   11.350 ;   0.000 ;    ; RE   ; 1      ; GCLK_CLUSTER_RE_X58_Y0_N6_I12       ; GCLK_CLUSTER_RE                      ;
;   11.350 ;   0.000 ;    ; RE   ; 1      ; CLKBUF_CLUSTER_RE_X58_Y0_N0_I417    ; CLKBUF_CLUSTER_RE                    ;
;   12.284 ;   0.934 ;    ; RE   ; 16     ; GLOBAL_CLOCK_X0_Y58_N0_I6           ; GLOBAL_CLOCK                         ;
;   12.451 ;   0.167 ;    ; RE   ; 29     ; SPINE_CLOCK_X45_Y30_N0_I22          ; SPINE_CLOCK                          ;
;   12.863 ;   0.412 ;    ; RE   ; 1      ; SCLK_TO_ROWCLK_BUF_X45_Y47_N0_I133  ; SCLK_TO_ROWCLK_BUF                   ;
;   12.946 ;   0.083 ;    ; RE   ; 2      ; SCLK_TO_ROWCLK_BUF_X45_Y47_N0_I136  ; SCLK_TO_ROWCLK_BUF                   ;
;   13.359 ;   0.413 ;    ; RE   ; 12     ; LAB_CLK_X46_Y47_N0_I5               ; LAB_CLK                              ;
;   13.490 ;   0.131 ;    ; RE   ; 1      ; BLK_CLK_BUF_X46_Y47_N0_I5           ; BLK_CLK_BUF                          ;
;   13.537 ;   0.047 ;    ; RE   ; 1      ; ROWCLKSEL_PREBUF_X46_Y47_N0_I5      ; ROWCLKSEL_PREBUF                     ;
;   13.582 ;   0.045 ;    ; RE   ; 1      ; ROWCLKSEL_X46_Y47_N0_I1             ; ROWCLKSEL                            ;
;   13.582 ;   0.000 ;    ; RE   ; 2      ; GLOBAL_LOCAL_SEL_X46_Y47_N0_I1      ; GLOBAL_LOCAL_SEL                     ;
;   13.582 ;   0.000 ;    ; RE   ; 10     ; LAB_INPUT_X46_Y47_N0_I0             ; LAB_INPUT                            ;
;   13.582 ;   0.000 ; RR ; IC   ; 1      ; FF_X46_Y47_N25                      ; return_scalar.RET_SCALAR_L_ROUND|clk ;
;   14.089 ;   0.507 ; RR ; CELL ; 1      ; FF_X46_Y47_N25                      ; return_scalar.RET_SCALAR_L_ROUND     ;
;   14.397 ;   0.308 ;    ;      ;        ;                                     ; clock pessimism removed              ;
; 14.297   ; -0.100  ;    ;      ;        ;                                     ; clock uncertainty                    ;
; 14.297   ; 0.000   ;    ; uTsu ; 1      ; FF_X46_Y47_N25                      ; return_scalar.RET_SCALAR_L_ROUND     ;
+----------+---------+----+------+--------+-------------------------------------+--------------------------------------+

----------------------------
; Extra Fitter Information ;
----------------------------
HTML report is unavailable in plain text report export.


