------------------------------------------------------------
Timing Analyzer Summary
------------------------------------------------------------

Type  : Slow 1100mV 85C Model Setup 'clk'
Slack : -0.847
TNS   : -158.461

Type  : Slow 1100mV 85C Model Hold 'clk'
Slack : 0.215
TNS   : 0.000

Type  : Slow 1100mV 85C Model Recovery 'clk'
Slack : 4.983
TNS   : 0.000

Type  : Slow 1100mV 85C Model Removal 'clk'
Slack : 0.270
TNS   : 0.000

Type  : Slow 1100mV 85C Model Minimum Pulse Width 'clk'
Slack : 3.600
TNS   : 0.000

Type  : Slow 1100mV 0C Model Setup 'clk'
Slack : -0.955
TNS   : -58.743

Type  : Slow 1100mV 0C Model Hold 'clk'
Slack : 0.087
TNS   : 0.000

Type  : Slow 1100mV 0C Model Recovery 'clk'
Slack : 5.098
TNS   : 0.000

Type  : Slow 1100mV 0C Model Removal 'clk'
Slack : 0.164
TNS   : 0.000

Type  : Slow 1100mV 0C Model Minimum Pulse Width 'clk'
Slack : 3.548
TNS   : 0.000

Type  : Fast 1100mV 85C Model Setup 'clk'
Slack : 3.246
TNS   : 0.000

Type  : Fast 1100mV 85C Model Hold 'clk'
Slack : 0.125
TNS   : 0.000

Type  : Fast 1100mV 85C Model Recovery 'clk'
Slack : 6.376
TNS   : 0.000

Type  : Fast 1100mV 85C Model Removal 'clk'
Slack : 0.500
TNS   : 0.000

Type  : Fast 1100mV 85C Model Minimum Pulse Width 'clk'
Slack : 3.801
TNS   : 0.000

Type  : Fast 1100mV 0C Model Setup 'clk'
Slack : 3.497
TNS   : 0.000

Type  : Fast 1100mV 0C Model Hold 'clk'
Slack : 0.060
TNS   : 0.000

Type  : Fast 1100mV 0C Model Recovery 'clk'
Slack : 6.387
TNS   : 0.000

Type  : Fast 1100mV 0C Model Removal 'clk'
Slack : 0.498
TNS   : 0.000

Type  : Fast 1100mV 0C Model Minimum Pulse Width 'clk'
Slack : 3.790
TNS   : 0.000

------------------------------------------------------------
