----------------
; Command Info ;
----------------
Report Timing: Found 1 setup paths (0 violated).  Worst case slack is 8.355 

Tcl Command:
    report_timing -setup -show_routing -file {D:/2151097_Nguyen Nhut Khanh/docs/verification/timing/phase1a_linear_20261008/fast_1100mv_0c_scalar_return.rpt} -from [get_registers {op*}] -to [get_registers {*return_scalar*}] -nworst 1 -npaths 20 -detail full_path

Options:
    -from [get_registers {op*}] 
    -to [get_registers {*return_scalar*}] 
    -setup 
    -nworst 1 
    -npaths 20 
    -show_routing 
    -detail full_path 
    -file {D:/2151097_Nguyen Nhut Khanh/docs/verification/timing/phase1a_linear_20261008/fast_1100mv_0c_scalar_return.rpt} 

Delay Model:
    Fast 1100mV 0C Model

+----------------------------------------------------------------------------------------------------------------------------+
; Summary of Paths                                                                                                           ;
+-------+-----------+----------------------------------+--------------+-------------+--------------+------------+------------+
; Slack ; From Node ; To Node                          ; Launch Clock ; Latch Clock ; Relationship ; Clock Skew ; Data Delay ;
+-------+-----------+----------------------------------+--------------+-------------+--------------+------------+------------+
; 8.355 ; op[72]    ; return_scalar.RET_SCALAR_H_ROUND ; clk          ; clk         ; 10.000       ; -0.032     ; 1.513      ;
+-------+-----------+----------------------------------+--------------+-------------+--------------+------------+------------+

Path #1: Setup slack is 8.355 
===============================================================================
+-------------------------------------------------------+
; Path Summary                                          ;
+--------------------+----------------------------------+
; Property           ; Value                            ;
+--------------------+----------------------------------+
; From Node          ; op[72]                           ;
; To Node            ; return_scalar.RET_SCALAR_H_ROUND ;
; Launch Clock       ; clk                              ;
; Latch Clock        ; clk                              ;
; Data Arrival Time  ; 3.641                            ;
; Data Required Time ; 11.996                           ;
; Slack              ; 8.355                            ;
+--------------------+----------------------------------+

+-------------------------------------------------------------------------------------+
; Statistics                                                                          ;
+------------------------+--------+-------+-------------+------------+--------+-------+
; Property               ; Value  ; Count ; Total Delay ; % of Total ; Min    ; Max   ;
+------------------------+--------+-------+-------------+------------+--------+-------+
; Setup Relationship     ; 10.000 ;       ;             ;            ;        ;       ;
; Clock Skew             ; -0.032 ;       ;             ;            ;        ;       ;
; Data Delay             ; 1.513  ;       ;             ;            ;        ;       ;
; Number of Logic Levels ;        ; 1     ;             ;            ;        ;       ;
; Physical Delays        ;        ;       ;             ;            ;        ;       ;
;  Arrival Path          ;        ;       ;             ;            ;        ;       ;
;   Clock                ;        ;       ;             ;            ;        ;       ;
;    IC                  ;        ; 3     ; -0.001      ; 0          ; -0.001 ; 0.000 ;
;    Cell                ;        ; 3     ; 0.754       ; 35         ; 0.149  ; 0.406 ;
;    Routing Element     ;        ; 25    ; 1.375       ; 65         ; 0.000  ; 0.507 ;
;   Data                 ;        ;       ;             ;            ;        ;       ;
;    IC                  ;        ; 2     ; 0.000       ; 0          ; 0.000  ; 0.000 ;
;    Cell                ;        ; 3     ; 0.316       ; 21         ; 0.000  ; 0.192 ;
;    uTco                ;        ; 1     ; 0.000       ; 0          ; 0.000  ; 0.000 ;
;    Routing Element     ;        ; 12    ; 1.197       ; 79         ; 0.000  ; 0.186 ;
;  Required Path         ;        ;       ;             ;            ;        ;       ;
;   Clock                ;        ;       ;             ;            ;        ;       ;
;    IC                  ;        ; 3     ; 0.000       ; 0          ; 0.000  ; 0.000 ;
;    Cell                ;        ; 3     ; 0.734       ; 38         ; 0.141  ; 0.406 ;
;    Routing Element     ;        ; 25    ; 1.212       ; 62         ; 0.000  ; 0.493 ;
+------------------------+--------+-------+-------------+------------+--------+-------+
Note: Negative delays are omitted from totals when calculating percentages

+--------------------------------------------------------------------------------------------------------------------+
; Data Arrival Path                                                                                                  ;
+---------+----------+----+------+--------+-------------------------------------+------------------------------------+
; Total   ; Incr     ; RF ; Type ; Fanout ; Location                            ; Element                            ;
+---------+----------+----+------+--------+-------------------------------------+------------------------------------+
; 0.000   ; 0.000    ;    ;      ;        ;                                     ; launch edge time                   ;
; 2.128   ; 2.128    ;    ;      ;        ;                                     ; clock path                         ;
;   0.000 ;   0.000  ;    ;      ;        ;                                     ; source latency                     ;
;   0.000 ;   0.000  ;    ;      ; 1      ; PIN_AC18                            ; clk                                ;
;   0.000 ;   0.000  ;    ; RE   ; 1      ; IOPAD_X54_Y0_N0                     ; ARRIAV_IO_PAD                      ;
;   0.000 ;   0.000  ;    ; RE   ; 1      ; IO_PAD_OUTPUT_X54_Y0_N0_I1          ; IO_PAD_OUTPUT                      ;
;   0.000 ;   0.000  ;    ; RE   ; 1      ; IO_INPUT_BUFFER_INPUT_X54_Y0_N1_I0  ; IO_INPUT_BUFFER_INPUT              ;
;   0.000 ;   0.000  ; RR ; IC   ; 1      ; IOIBUF_X54_Y0_N1                    ; clk~input|i                        ;
;   0.406 ;   0.406  ; RR ; CELL ; 1      ; IOIBUF_X54_Y0_N1                    ; clk~input|o                        ;
;   0.406 ;   0.000  ;    ; RE   ; 1      ; IOIBUF_X54_Y0_N1                    ; ARRIAV_IO_IBUF                     ;
;   0.406 ;   0.000  ;    ; RE   ; 1      ; IO_INPUT_BUFFER_OUTPUT_X54_Y0_N1_I2 ; IO_INPUT_BUFFER_OUTPUT             ;
;   0.406 ;   0.000  ;    ; RE   ; 1      ; IO_RE_X54_Y0_N0_I96                 ; IO_RE                              ;
;   0.541 ;   0.135  ;    ; RE   ; 1      ; IO_RE_X54_Y0_N0_I66                 ; IO_RE                              ;
;   0.622 ;   0.081  ;    ; RE   ; 1      ; CLKBUF_CLUSTER_RE_X58_Y0_N0_I1614   ; CLKBUF_CLUSTER_RE                  ;
;   0.622 ;   0.000  ;    ; RE   ; 1      ; CLKBUF_CLUSTER_RE_X58_Y0_N0_I616    ; CLKBUF_CLUSTER_RE                  ;
;   0.622 ;   0.000  ;    ; RE   ; 1      ; GCLK_CLUSTER_RE_X58_Y0_N6_I10       ; GCLK_CLUSTER_RE                    ;
;   0.622 ;   0.000  ;    ; RE   ; 1      ; CLKBUFBLOCK_INPUT_X58_Y0_N7_I0      ; CLKBUFBLOCK_INPUT                  ;
;   0.622 ;   0.000  ; RR ; IC   ; 1      ; CLKCTRL_G6                          ; clk~inputCLKENA0|inclk             ;
;   0.771 ;   0.149  ; RR ; CELL ; 68215  ; CLKCTRL_G6                          ; clk~inputCLKENA0|outclk            ;
;   0.771 ;   0.000  ;    ; RE   ; 1      ; CLKCTRL_G6                          ; ARRIAV_CLKBUF                      ;
;   0.771 ;   0.000  ;    ; RE   ; 1      ; CLKBUFBLOCK_OUTPUT_X58_Y0_N7_I2     ; CLKBUFBLOCK_OUTPUT                 ;
;   0.771 ;   0.000  ;    ; RE   ; 1      ; GCLK_CLUSTER_RE_X58_Y0_N6_I12       ; GCLK_CLUSTER_RE                    ;
;   0.771 ;   0.000  ;    ; RE   ; 1      ; CLKBUF_CLUSTER_RE_X58_Y0_N0_I417    ; CLKBUF_CLUSTER_RE                  ;
;   1.278 ;   0.507  ;    ; RE   ; 16     ; GLOBAL_CLOCK_X0_Y58_N0_I6           ; GLOBAL_CLOCK                       ;
;   1.402 ;   0.124  ;    ; RE   ; 29     ; SPINE_CLOCK_X75_Y30_N0_I22          ; SPINE_CLOCK                        ;
;   1.596 ;   0.194  ;    ; RE   ; 1      ; SCLK_TO_ROWCLK_BUF_X75_Y47_N0_I133  ; SCLK_TO_ROWCLK_BUF                 ;
;   1.636 ;   0.040  ;    ; RE   ; 2      ; SCLK_TO_ROWCLK_BUF_X75_Y47_N0_I136  ; SCLK_TO_ROWCLK_BUF                 ;
;   1.835 ;   0.199  ;    ; RE   ; 14     ; LAB_CLK_X61_Y47_N0_I5               ; LAB_CLK                            ;
;   1.897 ;   0.062  ;    ; RE   ; 1      ; BLK_CLK_BUF_X61_Y47_N0_I5           ; BLK_CLK_BUF                        ;
;   1.913 ;   0.016  ;    ; RE   ; 1      ; ROWCLKSEL_PREBUF_X61_Y47_N0_I5      ; ROWCLKSEL_PREBUF                   ;
;   1.930 ;   0.017  ;    ; RE   ; 1      ; ROWCLKSEL_X61_Y47_N0_I0             ; ROWCLKSEL                          ;
;   1.930 ;   0.000  ;    ; RE   ; 2      ; GLOBAL_LOCAL_SEL_X61_Y47_N0_I0      ; GLOBAL_LOCAL_SEL                   ;
;   1.930 ;   0.000  ;    ; RE   ; 1      ; LAB_INPUT_X61_Y47_N0_I2             ; LAB_INPUT                          ;
;   1.929 ;   -0.001 ; RR ; IC   ; 1      ; FF_X61_Y47_N56                      ; op[72]|clk                         ;
;   2.128 ;   0.199  ; RR ; CELL ; 1      ; FF_X61_Y47_N56                      ; op[72]                             ;
; 3.641   ; 1.513    ;    ;      ;        ;                                     ; data path                          ;
;   2.128 ;   0.000  ;    ; uTco ; 1      ; FF_X61_Y47_N56                      ; op[72]                             ;
;   2.128 ;   0.000  ; FF ; CELL ; 8      ; FF_X61_Y47_N56                      ; op[72]|q                           ;
;   2.147 ;   0.019  ;    ; RE   ; 3      ; FF_X61_Y47_N56                      ; ARRIAV_FF                          ;
;   2.184 ;   0.037  ;    ; RE   ; 2      ; LE_BUFFER_X61_Y47_N0_I37            ; LE_BUFFER                          ;
;   2.297 ;   0.113  ;    ; RE   ; 2      ; R3_X61_Y47_N0_I3                    ; H_SEG3                             ;
;   2.483 ;   0.186  ;    ; RE   ; 1      ; C4_X63_Y43_N0_I8                    ; V_SEG4                             ;
;   2.664 ;   0.181  ;    ; RE   ; 2      ; C4_X63_Y39_N0_I8                    ; V_SEG4                             ;
;   2.820 ;   0.156  ;    ; RE   ; 1      ; R6_X64_Y41_N0_I3                    ; H_SEG6                             ;
;   2.959 ;   0.139  ;    ; RE   ; 1      ; C2_X64_Y42_N0_I0                    ; V_SEG2                             ;
;   3.069 ;   0.110  ;    ; RE   ; 1      ; C2_X64_Y44_N0_I0                    ; V_SEG2                             ;
;   3.178 ;   0.109  ;    ; RE   ; 1      ; R3_X62_Y44_N0_I18                   ; H_SEG3                             ;
;   3.264 ;   0.086  ;    ; RE   ; 1      ; LOCAL_INTERCONNECT_X63_Y44_N0_I26   ; LAB_LINE                           ;
;   3.325 ;   0.061  ;    ; RE   ; 1      ; BLOCK_INPUT_MUX_X63_Y44_N0_I44      ; LEIM_INPUT                         ;
;   3.325 ;   0.000  ; FF ; IC   ; 1      ; MLABCELL_X63_Y44_N30                ; return_scalar~9|datac              ;
;   3.517 ;   0.192  ; FF ; CELL ; 1      ; MLABCELL_X63_Y44_N30                ; return_scalar~9|combout            ;
;   3.517 ;   0.000  ;    ; RE   ; 1      ; MLABCELL_X63_Y44_N30                ; ARRIAV_LCELL_COMB                  ;
;   3.517 ;   0.000  ; FF ; IC   ; 1      ; FF_X63_Y44_N31                      ; return_scalar.RET_SCALAR_H_ROUND|d ;
;   3.641 ;   0.124  ; FF ; CELL ; 1      ; FF_X63_Y44_N31                      ; return_scalar.RET_SCALAR_H_ROUND   ;
+---------+----------+----+------+--------+-------------------------------------+------------------------------------+

+----------------------------------------------------------------------------------------------------------------------+
; Data Required Path                                                                                                   ;
+----------+---------+----+------+--------+-------------------------------------+--------------------------------------+
; Total    ; Incr    ; RF ; Type ; Fanout ; Location                            ; Element                              ;
+----------+---------+----+------+--------+-------------------------------------+--------------------------------------+
; 10.000   ; 10.000  ;    ;      ;        ;                                     ; latch edge time                      ;
; 12.096   ; 2.096   ;    ;      ;        ;                                     ; clock path                           ;
;   10.000 ;   0.000 ;    ;      ;        ;                                     ; source latency                       ;
;   10.000 ;   0.000 ;    ;      ; 1      ; PIN_AC18                            ; clk                                  ;
;   10.000 ;   0.000 ;    ; RE   ; 1      ; IOPAD_X54_Y0_N0                     ; ARRIAV_IO_PAD                        ;
;   10.000 ;   0.000 ;    ; RE   ; 1      ; IO_PAD_OUTPUT_X54_Y0_N0_I1          ; IO_PAD_OUTPUT                        ;
;   10.000 ;   0.000 ;    ; RE   ; 1      ; IO_INPUT_BUFFER_INPUT_X54_Y0_N1_I0  ; IO_INPUT_BUFFER_INPUT                ;
;   10.000 ;   0.000 ; RR ; IC   ; 1      ; IOIBUF_X54_Y0_N1                    ; clk~input|i                          ;
;   10.406 ;   0.406 ; RR ; CELL ; 1      ; IOIBUF_X54_Y0_N1                    ; clk~input|o                          ;
;   10.406 ;   0.000 ;    ; RE   ; 1      ; IOIBUF_X54_Y0_N1                    ; ARRIAV_IO_IBUF                       ;
;   10.406 ;   0.000 ;    ; RE   ; 1      ; IO_INPUT_BUFFER_OUTPUT_X54_Y0_N1_I2 ; IO_INPUT_BUFFER_OUTPUT               ;
;   10.406 ;   0.000 ;    ; RE   ; 1      ; IO_RE_X54_Y0_N0_I96                 ; IO_RE                                ;
;   10.494 ;   0.088 ;    ; RE   ; 1      ; IO_RE_X54_Y0_N0_I66                 ; IO_RE                                ;
;   10.494 ;   0.000 ;    ; RE   ; 1      ; CLKBUF_CLUSTER_RE_X58_Y0_N0_I1614   ; CLKBUF_CLUSTER_RE                    ;
;   10.494 ;   0.000 ;    ; RE   ; 1      ; CLKBUF_CLUSTER_RE_X58_Y0_N0_I616    ; CLKBUF_CLUSTER_RE                    ;
;   10.494 ;   0.000 ;    ; RE   ; 1      ; GCLK_CLUSTER_RE_X58_Y0_N6_I10       ; GCLK_CLUSTER_RE                      ;
;   10.494 ;   0.000 ;    ; RE   ; 1      ; CLKBUFBLOCK_INPUT_X58_Y0_N7_I0      ; CLKBUFBLOCK_INPUT                    ;
;   10.494 ;   0.000 ; RR ; IC   ; 1      ; CLKCTRL_G6                          ; clk~inputCLKENA0|inclk               ;
;   10.635 ;   0.141 ; RR ; CELL ; 68215  ; CLKCTRL_G6                          ; clk~inputCLKENA0|outclk              ;
;   10.635 ;   0.000 ;    ; RE   ; 1      ; CLKCTRL_G6                          ; ARRIAV_CLKBUF                        ;
;   10.635 ;   0.000 ;    ; RE   ; 1      ; CLKBUFBLOCK_OUTPUT_X58_Y0_N7_I2     ; CLKBUFBLOCK_OUTPUT                   ;
;   10.635 ;   0.000 ;    ; RE   ; 1      ; GCLK_CLUSTER_RE_X58_Y0_N6_I12       ; GCLK_CLUSTER_RE                      ;
;   10.635 ;   0.000 ;    ; RE   ; 1      ; CLKBUF_CLUSTER_RE_X58_Y0_N0_I417    ; CLKBUF_CLUSTER_RE                    ;
;   11.128 ;   0.493 ;    ; RE   ; 16     ; GLOBAL_CLOCK_X0_Y58_N0_I6           ; GLOBAL_CLOCK                         ;
;   11.248 ;   0.120 ;    ; RE   ; 29     ; SPINE_CLOCK_X75_Y30_N0_I22          ; SPINE_CLOCK                          ;
;   11.437 ;   0.189 ;    ; RE   ; 1      ; SCLK_TO_ROWCLK_BUF_X75_Y44_N0_I133  ; SCLK_TO_ROWCLK_BUF                   ;
;   11.476 ;   0.039 ;    ; RE   ; 2      ; SCLK_TO_ROWCLK_BUF_X75_Y44_N0_I136  ; SCLK_TO_ROWCLK_BUF                   ;
;   11.670 ;   0.194 ;    ; RE   ; 14     ; LAB_CLK_X61_Y44_N0_I5               ; LAB_CLK                              ;
;   11.727 ;   0.057 ;    ; RE   ; 1      ; BLK_CLK_BUF_X63_Y44_N0_I5           ; BLK_CLK_BUF                          ;
;   11.743 ;   0.016 ;    ; RE   ; 1      ; ROWCLKSEL_PREBUF_X63_Y44_N0_I5      ; ROWCLKSEL_PREBUF                     ;
;   11.759 ;   0.016 ;    ; RE   ; 1      ; ROWCLKSEL_X63_Y44_N0_I0             ; ROWCLKSEL                            ;
;   11.759 ;   0.000 ;    ; RE   ; 3      ; GLOBAL_LOCAL_SEL_X63_Y44_N0_I0      ; GLOBAL_LOCAL_SEL                     ;
;   11.759 ;   0.000 ;    ; RE   ; 6      ; LAB_INPUT_X63_Y44_N0_I1             ; LAB_INPUT                            ;
;   11.759 ;   0.000 ; RR ; IC   ; 1      ; FF_X63_Y44_N31                      ; return_scalar.RET_SCALAR_H_ROUND|clk ;
;   11.946 ;   0.187 ; RR ; CELL ; 1      ; FF_X63_Y44_N31                      ; return_scalar.RET_SCALAR_H_ROUND     ;
;   12.096 ;   0.150 ;    ;      ;        ;                                     ; clock pessimism removed              ;
; 11.996   ; -0.100  ;    ;      ;        ;                                     ; clock uncertainty                    ;
; 11.996   ; 0.000   ;    ; uTsu ; 1      ; FF_X63_Y44_N31                      ; return_scalar.RET_SCALAR_H_ROUND     ;
+----------+---------+----+------+--------+-------------------------------------+--------------------------------------+

----------------------------
; Extra Fitter Information ;
----------------------------
HTML report is unavailable in plain text report export.


