Pattern	Register	Type	Fanout_edges	Location
Count	*scalar_round_q*	41
*scalar_round_q*	scalar_round_q[30]	reg	1	FF_X64_Y29_N2
*scalar_round_q*	scalar_round_q[36]	reg	1	FF_X64_Y29_N20
*scalar_round_q*	scalar_round_q[23]	reg	1	FF_X64_Y30_N41
*scalar_round_q*	scalar_round_q[5]	reg	1	FF_X64_Y31_N47
*scalar_round_q*	scalar_round_q[16]	reg	1	FF_X64_Y30_N20
*scalar_round_q*	scalar_round_q[4]	reg	1	FF_X64_Y31_N44
*scalar_round_q*	scalar_round_q[13]	reg	1	FF_X64_Y30_N11
*scalar_round_q*	scalar_round_q[12]	reg	1	FF_X64_Y30_N8
*scalar_round_q*	scalar_round_q[0]	reg	1	FF_X64_Y31_N32
*scalar_round_q*	scalar_round_q[3]	reg	1	FF_X64_Y31_N41
*scalar_round_q*	scalar_round_q[21]	reg	1	FF_X64_Y30_N35
*scalar_round_q*	scalar_round_q[10]	reg	1	FF_X64_Y30_N2
*scalar_round_q*	scalar_round_q[17]	reg	1	FF_X64_Y30_N23
*scalar_round_q*	scalar_round_q[9]	reg	1	FF_X64_Y31_N59
*scalar_round_q*	scalar_round_q[22]	reg	1	FF_X64_Y30_N38
*scalar_round_q*	scalar_round_q[2]	reg	1	FF_X64_Y31_N38
*scalar_round_q*	scalar_round_q[15]	reg	1	FF_X64_Y30_N17
*scalar_round_q*	scalar_round_q[19]	reg	1	FF_X64_Y30_N29
*scalar_round_q*	scalar_round_q[14]	reg	1	FF_X64_Y30_N14
*scalar_round_q*	scalar_round_q[6]	reg	1	FF_X64_Y31_N50
*scalar_round_q*	scalar_round_q[1]	reg	1	FF_X64_Y31_N35
*scalar_round_q*	scalar_round_q[8]	reg	1	FF_X64_Y31_N56
*scalar_round_q*	scalar_round_q[18]	reg	1	FF_X64_Y30_N26
*scalar_round_q*	scalar_round_q[20]	reg	1	FF_X64_Y30_N32
*scalar_round_q*	scalar_round_q[7]	reg	1	FF_X64_Y31_N53
*scalar_round_q*	scalar_round_q[27]	reg	1	FF_X64_Y30_N53
*scalar_round_q*	scalar_round_q[24]	reg	1	FF_X64_Y30_N44
*scalar_round_q*	scalar_round_q[25]	reg	1	FF_X64_Y30_N47
*scalar_round_q*	scalar_round_q[26]	reg	1	FF_X64_Y30_N50
*scalar_round_q*	scalar_round_q[33]	reg	1	FF_X64_Y29_N11
*scalar_round_q*	scalar_round_q[32]	reg	1	FF_X64_Y29_N8
*scalar_round_q*	scalar_round_q[31]	reg	1	FF_X64_Y29_N5
*scalar_round_q*	scalar_round_q[29]	reg	1	FF_X64_Y30_N59
*scalar_round_q*	scalar_round_q[28]	reg	1	FF_X64_Y30_N56
*scalar_round_q*	scalar_round_q[34]	reg	1	FF_X64_Y29_N14
*scalar_round_q*	scalar_round_q[37]	reg	1	FF_X64_Y29_N23
*scalar_round_q*	scalar_round_q[35]	reg	1	FF_X64_Y29_N17
*scalar_round_q*	scalar_round_q[38]	reg	1	FF_X64_Y29_N26
*scalar_round_q*	scalar_round_q[39]	reg	1	FF_X64_Y29_N29
*scalar_round_q*	scalar_round_q[40]	reg	1	FF_X64_Y29_N32
*scalar_round_q*	scalar_round_q[11]	reg	1	FF_X64_Y30_N5
Count	*scalar_packet*	32
*scalar_packet*	scalar_packet_valid_q~DUPLICATE	reg	1	FF_X64_Y46_N25
*scalar_packet*	scalar_packet_linear_q	reg	1	FF_X61_Y46_N32
*scalar_packet*	scalar_packet_valid_q	reg	1	FF_X64_Y46_N26
*scalar_packet*	scalar_packet_group_q[2]	reg	1	FF_X61_Y46_N25
*scalar_packet*	scalar_packet_group_q[1]	reg	1	FF_X61_Y46_N46
*scalar_packet*	scalar_packet_group_q[0]	reg	1	FF_X56_Y46_N55
*scalar_packet*	scalar_packet_lower_q	reg	1	FF_X64_Y29_N52
*scalar_packet*	scalar_packet_high_q	reg	1	FF_X64_Y29_N44
*scalar_packet*	scalar_packet_low_q[5]	reg	1	FF_X64_Y31_N19
*scalar_packet*	scalar_packet_low_q[16]	reg	1	FF_X66_Y30_N28
*scalar_packet*	scalar_packet_low_q[23]	reg	1	FF_X66_Y30_N44
*scalar_packet*	scalar_packet_low_q[4]	reg	1	FF_X64_Y31_N14
*scalar_packet*	scalar_packet_low_q[13]	reg	1	FF_X66_Y30_N16
*scalar_packet*	scalar_packet_low_q[12]	reg	1	FF_X66_Y30_N13
*scalar_packet*	scalar_packet_low_q[0]	reg	1	FF_X63_Y31_N28
*scalar_packet*	scalar_packet_low_q[3]	reg	1	FF_X64_Y31_N10
*scalar_packet*	scalar_packet_low_q[21]	reg	1	FF_X66_Y30_N7
*scalar_packet*	scalar_packet_low_q[10]	reg	1	FF_X66_Y30_N1
*scalar_packet*	scalar_packet_low_q[17]	reg	1	FF_X66_Y30_N59
*scalar_packet*	scalar_packet_low_q[9]	reg	1	FF_X63_Y31_N10
*scalar_packet*	scalar_packet_low_q[22]	reg	1	FF_X66_Y30_N10
*scalar_packet*	scalar_packet_low_q[2]	reg	1	FF_X64_Y31_N4
*scalar_packet*	scalar_packet_low_q[15]	reg	1	FF_X66_Y30_N34
*scalar_packet*	scalar_packet_low_q[19]	reg	1	FF_X66_Y30_N4
*scalar_packet*	scalar_packet_low_q[14]	reg	1	FF_X66_Y30_N31
*scalar_packet*	scalar_packet_low_q[6]	reg	1	FF_X63_Y31_N13
*scalar_packet*	scalar_packet_low_q[1]	reg	1	FF_X63_Y31_N19
*scalar_packet*	scalar_packet_low_q[8]	reg	1	FF_X64_Y31_N16
*scalar_packet*	scalar_packet_low_q[18]	reg	1	FF_X66_Y30_N19
*scalar_packet*	scalar_packet_low_q[20]	reg	1	FF_X66_Y30_N37
*scalar_packet*	scalar_packet_low_q[7]	reg	1	FF_X64_Y31_N23
*scalar_packet*	scalar_packet_low_q[11]	reg	1	FF_X66_Y30_N55
Count	*scalar_cluster*	60
*scalar_cluster*	scalar_cluster_group_q[0][1]	reg	1	FF_X68_Y77_N14
*scalar_cluster*	scalar_cluster_group_q[0][0]	reg	1	FF_X68_Y77_N17
*scalar_cluster*	scalar_cluster_valid_q[0]	reg	1	FF_X61_Y46_N55
*scalar_cluster*	scalar_cluster_lower_q[0]	reg	1	FF_X71_Y46_N11
*scalar_cluster*	scalar_cluster_group_q[1][1]	reg	1	FF_X43_Y51_N5
*scalar_cluster*	scalar_cluster_valid_q[1]	reg	1	FF_X61_Y46_N17
*scalar_cluster*	scalar_cluster_group_q[1][0]	reg	1	FF_X43_Y51_N2
*scalar_cluster*	scalar_cluster_lower_q[1]~DUPLICATE	reg	1	FF_X37_Y46_N13
*scalar_cluster*	scalar_cluster_high_q[1]	reg	1	FF_X37_Y46_N43
*scalar_cluster*	scalar_cluster_low_q[1][5]	reg	1	FF_X37_Y45_N25
*scalar_cluster*	scalar_cluster_lower_q[1]	reg	1	FF_X37_Y46_N14
*scalar_cluster*	scalar_cluster_low_q[1][16]	reg	1	FF_X37_Y45_N34
*scalar_cluster*	scalar_cluster_low_q[1][23]	reg	1	FF_X37_Y52_N22
*scalar_cluster*	scalar_cluster_low_q[1][4]	reg	1	FF_X37_Y45_N47
*scalar_cluster*	scalar_cluster_low_q[1][13]	reg	1	FF_X38_Y52_N53
*scalar_cluster*	scalar_cluster_low_q[1][12]	reg	1	FF_X35_Y52_N58
*scalar_cluster*	scalar_cluster_low_q[1][0]	reg	1	FF_X37_Y45_N8
*scalar_cluster*	scalar_cluster_low_q[1][3]	reg	1	FF_X35_Y52_N43
*scalar_cluster*	scalar_cluster_low_q[1][21]	reg	1	FF_X37_Y52_N19
*scalar_cluster*	scalar_cluster_low_q[1][10]	reg	1	FF_X38_Y52_N49
*scalar_cluster*	scalar_cluster_low_q[1][17]	reg	1	FF_X35_Y52_N7
*scalar_cluster*	scalar_cluster_low_q[1][9]	reg	1	FF_X37_Y45_N2
*scalar_cluster*	scalar_cluster_low_q[1][22]	reg	1	FF_X35_Y52_N16
*scalar_cluster*	scalar_cluster_low_q[1][2]	reg	1	FF_X37_Y45_N11
*scalar_cluster*	scalar_cluster_low_q[1][15]	reg	1	FF_X35_Y52_N28
*scalar_cluster*	scalar_cluster_low_q[1][19]	reg	1	FF_X35_Y52_N4
*scalar_cluster*	scalar_cluster_low_q[1][14]	reg	1	FF_X37_Y45_N28
*scalar_cluster*	scalar_cluster_low_q[1][6]	reg	1	FF_X37_Y45_N43
*scalar_cluster*	scalar_cluster_low_q[1][1]	reg	1	FF_X35_Y52_N49
*scalar_cluster*	scalar_cluster_low_q[1][8]	reg	1	FF_X37_Y45_N5
*scalar_cluster*	scalar_cluster_low_q[1][18]	reg	1	FF_X38_Y52_N58
*scalar_cluster*	scalar_cluster_low_q[1][20]	reg	1	FF_X35_Y52_N34
*scalar_cluster*	scalar_cluster_low_q[1][7]	reg	1	FF_X37_Y45_N31
*scalar_cluster*	scalar_cluster_low_q[0][5]	reg	1	FF_X68_Y77_N41
*scalar_cluster*	scalar_cluster_high_q[0]~DUPLICATE	reg	1	FF_X68_Y77_N28
*scalar_cluster*	scalar_cluster_low_q[0][16]	reg	1	FF_X68_Y77_N26
*scalar_cluster*	scalar_cluster_low_q[0][23]	reg	1	FF_X79_Y65_N32
*scalar_cluster*	scalar_cluster_low_q[0][4]	reg	1	FF_X68_Y77_N37
*scalar_cluster*	scalar_cluster_low_q[0][13]	reg	1	FF_X77_Y76_N41
*scalar_cluster*	scalar_cluster_low_q[0][12]	reg	1	FF_X77_Y77_N53
*scalar_cluster*	scalar_cluster_low_q[0][0]	reg	1	FF_X61_Y73_N49
*scalar_cluster*	scalar_cluster_high_q[0]	reg	1	FF_X68_Y77_N29
*scalar_cluster*	scalar_cluster_low_q[0][3]	reg	1	FF_X77_Y77_N26
*scalar_cluster*	scalar_cluster_low_q[0][21]	reg	1	FF_X77_Y76_N43
*scalar_cluster*	scalar_cluster_low_q[0][10]	reg	1	FF_X77_Y76_N38
*scalar_cluster*	scalar_cluster_low_q[0][17]	reg	1	FF_X68_Y77_N32
*scalar_cluster*	scalar_cluster_low_q[0][9]	reg	1	FF_X77_Y76_N2
*scalar_cluster*	scalar_cluster_low_q[0][22]	reg	1	FF_X77_Y77_N46
*scalar_cluster*	scalar_cluster_low_q[0][2]	reg	1	FF_X77_Y76_N4
*scalar_cluster*	scalar_cluster_low_q[0][15]	reg	1	FF_X77_Y77_N50
*scalar_cluster*	scalar_cluster_low_q[0][19]	reg	1	FF_X77_Y76_N46
*scalar_cluster*	scalar_cluster_low_q[0][14]	reg	1	FF_X77_Y77_N7
*scalar_cluster*	scalar_cluster_low_q[0][6]	reg	1	FF_X68_Y77_N59
*scalar_cluster*	scalar_cluster_low_q[0][1]	reg	1	FF_X68_Y77_N50
*scalar_cluster*	scalar_cluster_low_q[0][8]	reg	1	FF_X68_Y77_N53
*scalar_cluster*	scalar_cluster_low_q[0][18]	reg	1	FF_X77_Y76_N44
*scalar_cluster*	scalar_cluster_low_q[0][20]	reg	1	FF_X77_Y77_N44
*scalar_cluster*	scalar_cluster_low_q[0][7]	reg	1	FF_X68_Y77_N56
*scalar_cluster*	scalar_cluster_low_q[1][11]	reg	1	FF_X35_Y52_N37
*scalar_cluster*	scalar_cluster_low_q[0][11]	reg	1	FF_X77_Y77_N11
Count	*scalar_group_q*	207
*scalar_group_q*	scalar_group_q[3][11]	reg	1	FF_X70_Y78_N16
*scalar_group_q*	scalar_group_q[4][11]	reg	1	FF_X37_Y52_N53
*scalar_group_q*	scalar_group_q[5][11]	reg	1	FF_X38_Y64_N52
*scalar_group_q*	scalar_group_q[7][11]	reg	1	FF_X37_Y81_N10
*scalar_group_q*	scalar_group_q[0][11]	reg	1	FF_X75_Y81_N22
*scalar_group_q*	scalar_group_q[7][5]	reg	1	FF_X37_Y81_N4
*scalar_group_q*	scalar_group_q[7][16]	reg	1	FF_X36_Y82_N13
*scalar_group_q*	scalar_group_q[7][23]	reg	1	FF_X36_Y82_N46
*scalar_group_q*	scalar_group_q[7][4]	reg	1	FF_X37_Y81_N31
*scalar_group_q*	scalar_group_q[7][13]	reg	1	FF_X37_Y81_N16
*scalar_group_q*	scalar_group_q[7][12]	reg	1	FF_X37_Y81_N28
*scalar_group_q*	scalar_group_q[7][0]	reg	1	FF_X37_Y81_N40
*scalar_group_q*	scalar_group_q[7][3]	reg	1	FF_X37_Y81_N14
*scalar_group_q*	scalar_group_q[7][21]	reg	1	FF_X37_Y81_N19
*scalar_group_q*	scalar_group_q[7][10]	reg	1	FF_X36_Y82_N10
*scalar_group_q*	scalar_group_q[7][17]~DUPLICATE	reg	1	FF_X41_Y84_N25
*scalar_group_q*	scalar_group_q[7][9]	reg	1	FF_X37_Y81_N25
*scalar_group_q*	scalar_group_q[7][22]	reg	1	FF_X36_Y82_N22
*scalar_group_q*	scalar_group_q[7][2]	reg	1	FF_X37_Y81_N37
*scalar_group_q*	scalar_group_q[7][15]	reg	1	FF_X37_Y81_N49
*scalar_group_q*	scalar_group_q[7][19]~DUPLICATE	reg	1	FF_X41_Y84_N19
*scalar_group_q*	scalar_group_q[7][14]	reg	1	FF_X36_Y82_N52
*scalar_group_q*	scalar_group_q[7][6]	reg	1	FF_X36_Y82_N34
*scalar_group_q*	scalar_group_q[7][1]	reg	1	FF_X37_Y81_N55
*scalar_group_q*	scalar_group_q[7][8]	reg	1	FF_X36_Y82_N4
*scalar_group_q*	scalar_group_q[7][18]	reg	1	FF_X41_Y84_N55
*scalar_group_q*	scalar_group_q[7][20]	reg	1	FF_X41_Y84_N59
*scalar_group_q*	scalar_group_q[7][7]	reg	1	FF_X37_Y81_N44
*scalar_group_q*	scalar_group_q[3][11]~DUPLICATE	reg	1	FF_X70_Y78_N17
*scalar_group_q*	scalar_group_q[3][5]	reg	1	FF_X70_Y78_N19
*scalar_group_q*	scalar_group_q[3][16]	reg	1	FF_X68_Y79_N46
*scalar_group_q*	scalar_group_q[3][23]~DUPLICATE	reg	1	FF_X70_Y78_N38
*scalar_group_q*	scalar_group_q[3][4]	reg	1	FF_X70_Y78_N7
*scalar_group_q*	scalar_group_q[3][13]	reg	1	FF_X70_Y78_N52
*scalar_group_q*	scalar_group_q[3][12]	reg	1	FF_X70_Y78_N44
*scalar_group_q*	scalar_group_q[3][0]	reg	1	FF_X70_Y78_N4
*scalar_group_q*	scalar_group_q[3][3]	reg	1	FF_X71_Y77_N1
*scalar_group_q*	scalar_group_q[3][21]	reg	1	FF_X70_Y78_N31
*scalar_group_q*	scalar_group_q[3][10]	reg	1	FF_X70_Y78_N13
*scalar_group_q*	scalar_group_q[3][17]	reg	1	FF_X70_Y78_N46
*scalar_group_q*	scalar_group_q[3][9]	reg	1	FF_X68_Y79_N28
*scalar_group_q*	scalar_group_q[3][22]	reg	1	FF_X70_Y77_N25
*scalar_group_q*	scalar_group_q[3][2]	reg	1	FF_X71_Y77_N31
*scalar_group_q*	scalar_group_q[3][15]	reg	1	FF_X70_Y80_N7
*scalar_group_q*	scalar_group_q[3][19]	reg	1	FF_X70_Y78_N25
*scalar_group_q*	scalar_group_q[3][14]	reg	1	FF_X70_Y78_N10
*scalar_group_q*	scalar_group_q[3][6]	reg	1	FF_X68_Y80_N49
*scalar_group_q*	scalar_group_q[3][1]	reg	1	FF_X70_Y80_N43
*scalar_group_q*	scalar_group_q[3][8]~DUPLICATE	reg	1	FF_X68_Y77_N1
*scalar_group_q*	scalar_group_q[3][18]	reg	1	FF_X70_Y78_N58
*scalar_group_q*	scalar_group_q[3][20]	reg	1	FF_X70_Y77_N55
*scalar_group_q*	scalar_group_q[3][7]	reg	1	FF_X68_Y79_N58
*scalar_group_q*	scalar_group_q[7][17]	reg	1	FF_X41_Y84_N26
*scalar_group_q*	scalar_group_q[7][19]	reg	1	FF_X41_Y84_N20
*scalar_group_q*	scalar_group_q[5][5]	reg	1	FF_X36_Y74_N25
*scalar_group_q*	scalar_group_q[5][16]	reg	1	FF_X39_Y74_N22
*scalar_group_q*	scalar_group_q[5][23]	reg	1	FF_X37_Y64_N28
*scalar_group_q*	scalar_group_q[5][4]	reg	1	FF_X32_Y56_N19
*scalar_group_q*	scalar_group_q[5][13]	reg	1	FF_X35_Y71_N23
*scalar_group_q*	scalar_group_q[5][12]~DUPLICATE	reg	1	FF_X41_Y64_N53
*scalar_group_q*	scalar_group_q[5][0]	reg	1	FF_X39_Y74_N25
*scalar_group_q*	scalar_group_q[5][3]	reg	1	FF_X37_Y64_N22
*scalar_group_q*	scalar_group_q[5][21]	reg	1	FF_X37_Y64_N8
*scalar_group_q*	scalar_group_q[5][10]	reg	1	FF_X32_Y56_N31
*scalar_group_q*	scalar_group_q[5][17]	reg	1	FF_X41_Y74_N59
*scalar_group_q*	scalar_group_q[5][9]	reg	1	FF_X36_Y74_N5
*scalar_group_q*	scalar_group_q[5][22]	reg	1	FF_X38_Y64_N1
*scalar_group_q*	scalar_group_q[5][2]	reg	1	FF_X39_Y64_N59
*scalar_group_q*	scalar_group_q[5][15]	reg	1	FF_X41_Y74_N5
*scalar_group_q*	scalar_group_q[5][19]	reg	1	FF_X38_Y64_N46
*scalar_group_q*	scalar_group_q[5][14]	reg	1	FF_X42_Y67_N25
*scalar_group_q*	scalar_group_q[5][6]	reg	1	FF_X38_Y73_N41
*scalar_group_q*	scalar_group_q[5][1]	reg	1	FF_X32_Y56_N34
*scalar_group_q*	scalar_group_q[5][8]	reg	1	FF_X32_Y56_N1
*scalar_group_q*	scalar_group_q[5][18]~DUPLICATE	reg	1	FF_X37_Y64_N34
*scalar_group_q*	scalar_group_q[5][20]	reg	1	FF_X32_Y56_N10
*scalar_group_q*	scalar_group_q[5][7]	reg	1	FF_X32_Y56_N4
*scalar_group_q*	scalar_group_q[4][5]	reg	1	FF_X37_Y45_N41
*scalar_group_q*	scalar_group_q[4][16]	reg	1	FF_X37_Y45_N56
*scalar_group_q*	scalar_group_q[4][23]	reg	1	FF_X35_Y42_N13
*scalar_group_q*	scalar_group_q[4][4]	reg	1	FF_X37_Y45_N59
*scalar_group_q*	scalar_group_q[4][13]	reg	1	FF_X37_Y52_N59
*scalar_group_q*	scalar_group_q[4][12]	reg	1	FF_X37_Y52_N10
*scalar_group_q*	scalar_group_q[4][0]	reg	1	FF_X37_Y45_N49
*scalar_group_q*	scalar_group_q[4][3]	reg	1	FF_X37_Y52_N43
*scalar_group_q*	scalar_group_q[4][21]	reg	1	FF_X36_Y42_N7
*scalar_group_q*	scalar_group_q[4][10]	reg	1	FF_X36_Y42_N40
*scalar_group_q*	scalar_group_q[4][17]	reg	1	FF_X36_Y42_N56
*scalar_group_q*	scalar_group_q[4][9]	reg	1	FF_X37_Y45_N38
*scalar_group_q*	scalar_group_q[4][22]	reg	1	FF_X35_Y42_N50
*scalar_group_q*	scalar_group_q[4][2]	reg	1	FF_X37_Y45_N52
*scalar_group_q*	scalar_group_q[4][15]	reg	1	FF_X37_Y52_N56
*scalar_group_q*	scalar_group_q[4][19]	reg	1	FF_X36_Y42_N58
*scalar_group_q*	scalar_group_q[4][14]	reg	1	FF_X37_Y45_N17
*scalar_group_q*	scalar_group_q[4][6]	reg	1	FF_X37_Y45_N14
*scalar_group_q*	scalar_group_q[4][1]	reg	1	FF_X37_Y52_N7
*scalar_group_q*	scalar_group_q[4][8]	reg	1	FF_X37_Y45_N20
*scalar_group_q*	scalar_group_q[4][18]	reg	1	FF_X35_Y42_N56
*scalar_group_q*	scalar_group_q[4][20]	reg	1	FF_X36_Y42_N49
*scalar_group_q*	scalar_group_q[4][7]	reg	1	FF_X37_Y45_N23
*scalar_group_q*	scalar_group_q[6][11]~DUPLICATE	reg	1	FF_X34_Y80_N52
*scalar_group_q*	scalar_group_q[6][5]	reg	1	FF_X36_Y74_N55
*scalar_group_q*	scalar_group_q[6][16]	reg	1	FF_X32_Y80_N25
*scalar_group_q*	scalar_group_q[6][23]	reg	1	FF_X37_Y52_N26
*scalar_group_q*	scalar_group_q[6][4]	reg	1	FF_X32_Y56_N28
*scalar_group_q*	scalar_group_q[6][13]	reg	1	FF_X44_Y51_N1
*scalar_group_q*	scalar_group_q[6][12]	reg	1	FF_X39_Y52_N44
*scalar_group_q*	scalar_group_q[6][0]	reg	1	FF_X32_Y56_N37
*scalar_group_q*	scalar_group_q[6][3]	reg	1	FF_X37_Y52_N40
*scalar_group_q*	scalar_group_q[6][21]	reg	1	FF_X37_Y52_N32
*scalar_group_q*	scalar_group_q[6][10]	reg	1	FF_X37_Y52_N34
*scalar_group_q*	scalar_group_q[6][17]	reg	1	FF_X37_Y52_N29
*scalar_group_q*	scalar_group_q[6][9]	reg	1	FF_X36_Y74_N10
*scalar_group_q*	scalar_group_q[6][22]	reg	1	FF_X37_Y52_N17
*scalar_group_q*	scalar_group_q[6][2]~DUPLICATE	reg	1	FF_X44_Y59_N17
*scalar_group_q*	scalar_group_q[6][15]	reg	1	FF_X32_Y56_N40
*scalar_group_q*	scalar_group_q[6][19]	reg	1	FF_X37_Y52_N5
*scalar_group_q*	scalar_group_q[6][14]	reg	1	FF_X36_Y74_N22
*scalar_group_q*	scalar_group_q[6][6]	reg	1	FF_X39_Y52_N47
*scalar_group_q*	scalar_group_q[6][1]	reg	1	FF_X37_Y52_N14
*scalar_group_q*	scalar_group_q[6][8]	reg	1	FF_X43_Y59_N19
*scalar_group_q*	scalar_group_q[6][18]	reg	1	FF_X37_Y52_N2
*scalar_group_q*	scalar_group_q[6][20]	reg	1	FF_X32_Y56_N13
*scalar_group_q*	scalar_group_q[6][7]	reg	1	FF_X32_Y56_N46
*scalar_group_q*	scalar_group_q[1][11]	reg	1	FF_X79_Y81_N46
*scalar_group_q*	scalar_group_q[1][5]	reg	1	FF_X79_Y81_N14
*scalar_group_q*	scalar_group_q[1][16]	reg	1	FF_X79_Y81_N34
*scalar_group_q*	scalar_group_q[1][23]	reg	1	FF_X79_Y81_N1
*scalar_group_q*	scalar_group_q[1][4]	reg	1	FF_X79_Y81_N19
*scalar_group_q*	scalar_group_q[1][13]	reg	1	FF_X85_Y77_N44
*scalar_group_q*	scalar_group_q[1][12]	reg	1	FF_X75_Y78_N14
*scalar_group_q*	scalar_group_q[1][0]	reg	1	FF_X79_Y81_N16
*scalar_group_q*	scalar_group_q[1][3]	reg	1	FF_X84_Y79_N13
*scalar_group_q*	scalar_group_q[1][21]	reg	1	FF_X79_Y81_N31
*scalar_group_q*	scalar_group_q[1][10]	reg	1	FF_X79_Y81_N29
*scalar_group_q*	scalar_group_q[1][17]	reg	1	FF_X79_Y81_N22
*scalar_group_q*	scalar_group_q[1][9]	reg	1	FF_X79_Y81_N43
*scalar_group_q*	scalar_group_q[1][22]	reg	1	FF_X79_Y81_N4
*scalar_group_q*	scalar_group_q[1][2]	reg	1	FF_X75_Y78_N28
*scalar_group_q*	scalar_group_q[1][15]	reg	1	FF_X79_Y81_N52
*scalar_group_q*	scalar_group_q[1][19]	reg	1	FF_X79_Y81_N40
*scalar_group_q*	scalar_group_q[1][14]	reg	1	FF_X79_Y81_N50
*scalar_group_q*	scalar_group_q[1][6]	reg	1	FF_X79_Y81_N10
*scalar_group_q*	scalar_group_q[1][1]	reg	1	FF_X84_Y79_N35
*scalar_group_q*	scalar_group_q[1][8]	reg	1	FF_X79_Y81_N7
*scalar_group_q*	scalar_group_q[1][18]	reg	1	FF_X79_Y81_N37
*scalar_group_q*	scalar_group_q[1][20]	reg	1	FF_X79_Y81_N55
*scalar_group_q*	scalar_group_q[1][7]	reg	1	FF_X79_Y81_N25
*scalar_group_q*	scalar_group_q[5][12]	reg	1	FF_X41_Y64_N52
*scalar_group_q*	scalar_group_q[5][19]~DUPLICATE	reg	1	FF_X38_Y64_N47
*scalar_group_q*	scalar_group_q[4][17]~DUPLICATE	reg	1	FF_X36_Y42_N55
*scalar_group_q*	scalar_group_q[4][22]~DUPLICATE	reg	1	FF_X35_Y42_N49
*scalar_group_q*	scalar_group_q[0][5]	reg	1	FF_X68_Y77_N20
*scalar_group_q*	scalar_group_q[0][16]	reg	1	FF_X70_Y81_N10
*scalar_group_q*	scalar_group_q[0][23]	reg	1	FF_X70_Y80_N13
*scalar_group_q*	scalar_group_q[0][4]	reg	1	FF_X74_Y81_N19
*scalar_group_q*	scalar_group_q[0][13]	reg	1	FF_X73_Y80_N52
*scalar_group_q*	scalar_group_q[0][12]	reg	1	FF_X75_Y78_N22
*scalar_group_q*	scalar_group_q[0][0]	reg	1	FF_X73_Y80_N35
*scalar_group_q*	scalar_group_q[0][3]	reg	1	FF_X71_Y81_N16
*scalar_group_q*	scalar_group_q[0][21]	reg	1	FF_X75_Y81_N31
*scalar_group_q*	scalar_group_q[0][10]	reg	1	FF_X71_Y81_N37
*scalar_group_q*	scalar_group_q[0][17]	reg	1	FF_X70_Y81_N40
*scalar_group_q*	scalar_group_q[0][9]	reg	1	FF_X68_Y83_N1
*scalar_group_q*	scalar_group_q[0][22]	reg	1	FF_X75_Y81_N16
*scalar_group_q*	scalar_group_q[0][2]	reg	1	FF_X75_Y78_N10
*scalar_group_q*	scalar_group_q[0][15]	reg	1	FF_X70_Y81_N1
*scalar_group_q*	scalar_group_q[0][19]	reg	1	FF_X70_Y81_N52
*scalar_group_q*	scalar_group_q[0][14]	reg	1	FF_X75_Y81_N19
*scalar_group_q*	scalar_group_q[0][6]	reg	1	FF_X68_Y83_N34
*scalar_group_q*	scalar_group_q[0][1]	reg	1	FF_X70_Y80_N37
*scalar_group_q*	scalar_group_q[0][8]	reg	1	FF_X71_Y81_N43
*scalar_group_q*	scalar_group_q[0][18]	reg	1	FF_X70_Y81_N46
*scalar_group_q*	scalar_group_q[0][20]	reg	1	FF_X75_Y81_N13
*scalar_group_q*	scalar_group_q[0][7]	reg	1	FF_X68_Y83_N28
*scalar_group_q*	scalar_group_q[0][17]~DUPLICATE	reg	1	FF_X70_Y81_N41
*scalar_group_q*	scalar_group_q[5][23]~DUPLICATE	reg	1	FF_X37_Y64_N29
*scalar_group_q*	scalar_group_q[5][2]~DUPLICATE	reg	1	FF_X39_Y64_N58
*scalar_group_q*	scalar_group_q[5][18]	reg	1	FF_X37_Y64_N35
*scalar_group_q*	scalar_group_q[2][11]	reg	1	FF_X77_Y77_N34
*scalar_group_q*	scalar_group_q[2][5]	reg	1	FF_X77_Y76_N59
*scalar_group_q*	scalar_group_q[2][16]	reg	1	FF_X77_Y76_N52
*scalar_group_q*	scalar_group_q[2][23]	reg	1	FF_X79_Y65_N10
*scalar_group_q*	scalar_group_q[2][4]	reg	1	FF_X77_Y77_N31
*scalar_group_q*	scalar_group_q[2][13]	reg	1	FF_X77_Y76_N22
*scalar_group_q*	scalar_group_q[2][12]	reg	1	FF_X77_Y77_N22
*scalar_group_q*	scalar_group_q[2][0]	reg	1	FF_X79_Y69_N25
*scalar_group_q*	scalar_group_q[2][3]	reg	1	FF_X77_Y77_N16
*scalar_group_q*	scalar_group_q[2][21]	reg	1	FF_X77_Y76_N7
*scalar_group_q*	scalar_group_q[2][10]	reg	1	FF_X77_Y76_N25
*scalar_group_q*	scalar_group_q[2][17]	reg	1	FF_X77_Y76_N34
*scalar_group_q*	scalar_group_q[2][9]	reg	1	FF_X77_Y76_N19
*scalar_group_q*	scalar_group_q[2][22]	reg	1	FF_X77_Y77_N41
*scalar_group_q*	scalar_group_q[2][2]	reg	1	FF_X77_Y76_N28
*scalar_group_q*	scalar_group_q[2][15]	reg	1	FF_X77_Y77_N1
*scalar_group_q*	scalar_group_q[2][19]	reg	1	FF_X77_Y76_N17
*scalar_group_q*	scalar_group_q[2][14]	reg	1	FF_X77_Y77_N56
*scalar_group_q*	scalar_group_q[2][6]	reg	1	FF_X77_Y77_N59
*scalar_group_q*	scalar_group_q[2][1]	reg	1	FF_X81_Y73_N16
*scalar_group_q*	scalar_group_q[2][8]	reg	1	FF_X77_Y76_N50
*scalar_group_q*	scalar_group_q[2][18]	reg	1	FF_X77_Y76_N14
*scalar_group_q*	scalar_group_q[2][20]	reg	1	FF_X77_Y77_N38
*scalar_group_q*	scalar_group_q[2][7]	reg	1	FF_X77_Y77_N5
*scalar_group_q*	scalar_group_q[6][2]	reg	1	FF_X44_Y59_N16
*scalar_group_q*	scalar_group_q[6][11]	reg	1	FF_X34_Y80_N53
*scalar_group_q*	scalar_group_q[3][23]	reg	1	FF_X70_Y78_N37
*scalar_group_q*	scalar_group_q[3][8]	reg	1	FF_X68_Y77_N2
Count	*token_prompt*	108
*token_prompt*	token_prompt_bank_q[1]~DUPLICATE	reg	1	FF_X45_Y10_N4
*token_prompt*	token_prompt_address_q[5]	reg	1	FF_X48_Y14_N28
*token_prompt*	token_prompt_word_q[7][8]	reg	1	FF_X55_Y6_N59
*token_prompt*	token_prompt_address_q[2]	reg	1	FF_X61_Y10_N11
*token_prompt*	token_prompt_address_q[3]	reg	1	FF_X61_Y10_N17
*token_prompt*	token_prompt_address_q[0]	reg	1	FF_X63_Y11_N52
*token_prompt*	token_prompt_address_q[2]~DUPLICATE	reg	1	FF_X61_Y10_N10
*token_prompt*	token_prompt_address_q[1]	reg	1	FF_X61_Y10_N26
*token_prompt*	token_prompt_word_q[5][8]	reg	1	FF_X56_Y7_N49
*token_prompt*	token_prompt_word_q[6][8]	reg	1	FF_X56_Y5_N1
*token_prompt*	token_prompt_word_q[4][8]	reg	1	FF_X56_Y6_N52
*token_prompt*	token_prompt_bank_q[0]	reg	1	FF_X48_Y9_N49
*token_prompt*	token_prompt_address_q[4]	reg	1	FF_X48_Y14_N10
*token_prompt*	token_prompt_word_q[3][8]	reg	1	FF_X44_Y8_N13
*token_prompt*	token_prompt_word_q[2][8]	reg	1	FF_X51_Y4_N11
*token_prompt*	token_prompt_word_q[0][8]	reg	1	FF_X41_Y9_N28
*token_prompt*	token_prompt_word_q[1][8]	reg	1	FF_X47_Y8_N32
*token_prompt*	token_prompt_bank_q[2]	reg	1	FF_X51_Y12_N46
*token_prompt*	token_prompt_address_q[6]	reg	1	FF_X48_Y14_N52
*token_prompt*	token_prompt_word_q[1][7]	reg	1	FF_X46_Y8_N8
*token_prompt*	token_prompt_word_q[0][7]	reg	1	FF_X41_Y7_N34
*token_prompt*	token_prompt_word_q[2][7]	reg	1	FF_X48_Y4_N49
*token_prompt*	token_prompt_word_q[3][7]	reg	1	FF_X46_Y8_N5
*token_prompt*	token_prompt_word_q[7][7]	reg	1	FF_X53_Y6_N20
*token_prompt*	token_prompt_word_q[6][7]	reg	1	FF_X53_Y3_N46
*token_prompt*	token_prompt_word_q[4][7]	reg	1	FF_X53_Y6_N2
*token_prompt*	token_prompt_word_q[5][7]	reg	1	FF_X51_Y9_N55
*token_prompt*	token_prompt_word_q[7][6]	reg	1	FF_X53_Y3_N25
*token_prompt*	token_prompt_word_q[6][6]	reg	1	FF_X54_Y3_N7
*token_prompt*	token_prompt_word_q[4][6]	reg	1	FF_X56_Y4_N2
*token_prompt*	token_prompt_word_q[5][6]	reg	1	FF_X51_Y9_N4
*token_prompt*	token_prompt_word_q[2][6]	reg	1	FF_X48_Y4_N10
*token_prompt*	token_prompt_word_q[0][6]	reg	1	FF_X41_Y9_N40
*token_prompt*	token_prompt_word_q[1][6]	reg	1	FF_X47_Y8_N26
*token_prompt*	token_prompt_word_q[3][6]	reg	1	FF_X46_Y8_N16
*token_prompt*	token_prompt_word_q[1][5]	reg	1	FF_X48_Y8_N26
*token_prompt*	token_prompt_word_q[2][5]	reg	1	FF_X47_Y4_N43
*token_prompt*	token_prompt_word_q[0][5]	reg	1	FF_X43_Y9_N37
*token_prompt*	token_prompt_word_q[3][5]	reg	1	FF_X47_Y8_N46
*token_prompt*	token_prompt_word_q[5][5]	reg	1	FF_X51_Y9_N25
*token_prompt*	token_prompt_word_q[6][5]	reg	1	FF_X54_Y6_N47
*token_prompt*	token_prompt_word_q[4][5]	reg	1	FF_X54_Y6_N14
*token_prompt*	token_prompt_word_q[7][5]	reg	1	FF_X51_Y4_N4
*token_prompt*	token_prompt_word_q[6][4]	reg	1	FF_X54_Y3_N19
*token_prompt*	token_prompt_word_q[5][4]	reg	1	FF_X54_Y9_N19
*token_prompt*	token_prompt_word_q[4][4]	reg	1	FF_X56_Y5_N14
*token_prompt*	token_prompt_word_q[7][4]	reg	1	FF_X56_Y5_N43
*token_prompt*	token_prompt_word_q[0][4]	reg	1	FF_X43_Y9_N55
*token_prompt*	token_prompt_word_q[3][4]	reg	1	FF_X46_Y8_N34
*token_prompt*	token_prompt_word_q[2][4]	reg	1	FF_X47_Y4_N13
*token_prompt*	token_prompt_word_q[1][4]	reg	1	FF_X48_Y9_N38
*token_prompt*	token_prompt_word_q[7][3]	reg	1	FF_X51_Y4_N49
*token_prompt*	token_prompt_word_q[4][3]	reg	1	FF_X56_Y5_N8
*token_prompt*	token_prompt_word_q[6][3]	reg	1	FF_X56_Y5_N49
*token_prompt*	token_prompt_word_q[5][3]	reg	1	FF_X54_Y9_N1
*token_prompt*	token_prompt_word_q[1][3]	reg	1	FF_X46_Y8_N26
*token_prompt*	token_prompt_word_q[0][3]	reg	1	FF_X48_Y9_N55
*token_prompt*	token_prompt_word_q[2][3]	reg	1	FF_X51_Y4_N43
*token_prompt*	token_prompt_word_q[3][3]	reg	1	FF_X46_Y8_N59
*token_prompt*	token_prompt_word_q[1][2]	reg	1	FF_X47_Y6_N25
*token_prompt*	token_prompt_word_q[2][2]	reg	1	FF_X48_Y4_N31
*token_prompt*	token_prompt_word_q[3][2]	reg	1	FF_X44_Y8_N10
*token_prompt*	token_prompt_word_q[0][2]	reg	1	FF_X43_Y9_N31
*token_prompt*	token_prompt_word_q[6][2]	reg	1	FF_X53_Y3_N37
*token_prompt*	token_prompt_word_q[5][2]	reg	1	FF_X51_Y9_N49
*token_prompt*	token_prompt_word_q[7][2]	reg	1	FF_X51_Y4_N40
*token_prompt*	token_prompt_word_q[4][2]	reg	1	FF_X54_Y6_N25
*token_prompt*	token_prompt_word_q[4][10]	reg	1	FF_X56_Y4_N50
*token_prompt*	token_prompt_word_q[7][10]	reg	1	FF_X56_Y4_N59
*token_prompt*	token_prompt_word_q[5][10]	reg	1	FF_X54_Y9_N56
*token_prompt*	token_prompt_word_q[6][10]	reg	1	FF_X54_Y3_N25
*token_prompt*	token_prompt_word_q[0][10]	reg	1	FF_X43_Y9_N4
*token_prompt*	token_prompt_word_q[2][10]	reg	1	FF_X51_Y4_N13
*token_prompt*	token_prompt_word_q[1][10]	reg	1	FF_X47_Y8_N7
*token_prompt*	token_prompt_word_q[3][10]	reg	1	FF_X44_Y8_N22
*token_prompt*	token_prompt_word_q[1][9]	reg	1	FF_X47_Y7_N26
*token_prompt*	token_prompt_word_q[3][9]	reg	1	FF_X44_Y8_N49
*token_prompt*	token_prompt_word_q[0][9]	reg	1	FF_X41_Y7_N1
*token_prompt*	token_prompt_word_q[2][9]	reg	1	FF_X47_Y4_N37
*token_prompt*	token_prompt_word_q[4][9]	reg	1	FF_X55_Y6_N50
*token_prompt*	token_prompt_word_q[5][9]	reg	1	FF_X54_Y9_N52
*token_prompt*	token_prompt_word_q[7][9]	reg	1	FF_X55_Y6_N44
*token_prompt*	token_prompt_word_q[6][9]	reg	1	FF_X53_Y3_N13
*token_prompt*	token_prompt_word_q[3][11]	reg	1	FF_X44_Y10_N37
*token_prompt*	token_prompt_word_q[1][11]	reg	1	FF_X45_Y10_N56
*token_prompt*	token_prompt_word_q[2][11]	reg	1	FF_X47_Y4_N31
*token_prompt*	token_prompt_word_q[0][11]	reg	1	FF_X41_Y9_N31
*token_prompt*	token_prompt_bank_q[1]	reg	1	FF_X45_Y10_N5
*token_prompt*	token_prompt_word_q[7][11]	reg	1	FF_X51_Y6_N16
*token_prompt*	token_prompt_word_q[5][11]	reg	1	FF_X56_Y7_N19
*token_prompt*	token_prompt_word_q[6][11]	reg	1	FF_X56_Y6_N47
*token_prompt*	token_prompt_word_q[4][11]	reg	1	FF_X55_Y6_N8
*token_prompt*	token_prompt_word_q[6][0]	reg	1	FF_X54_Y3_N37
*token_prompt*	token_prompt_word_q[7][0]	reg	1	FF_X56_Y4_N22
*token_prompt*	token_prompt_word_q[4][0]	reg	1	FF_X56_Y6_N25
*token_prompt*	token_prompt_word_q[5][0]	reg	1	FF_X54_Y9_N16
*token_prompt*	token_prompt_word_q[0][0]	reg	1	FF_X48_Y9_N26
*token_prompt*	token_prompt_word_q[2][0]	reg	1	FF_X48_Y4_N13
*token_prompt*	token_prompt_word_q[1][0]	reg	1	FF_X48_Y9_N11
*token_prompt*	token_prompt_word_q[3][0]	reg	1	FF_X48_Y9_N2
*token_prompt*	token_prompt_word_q[0][1]	reg	1	FF_X45_Y10_N11
*token_prompt*	token_prompt_word_q[2][1]	reg	1	FF_X51_Y4_N31
*token_prompt*	token_prompt_word_q[3][1]	reg	1	FF_X45_Y10_N44
*token_prompt*	token_prompt_word_q[1][1]	reg	1	FF_X45_Y10_N53
*token_prompt*	token_prompt_word_q[6][1]	reg	1	FF_X53_Y3_N10
*token_prompt*	token_prompt_word_q[7][1]	reg	1	FF_X53_Y6_N14
*token_prompt*	token_prompt_word_q[5][1]	reg	1	FF_X51_Y9_N43
*token_prompt*	token_prompt_word_q[4][1]	reg	1	FF_X53_Y6_N11
Count	token_q*	12
token_q*	token_q[8]	reg	1	FF_X61_Y24_N40
token_q*	token_q[7]	reg	1	FF_X61_Y24_N55
token_q*	token_q[6]	reg	1	FF_X61_Y24_N37
token_q*	token_q[5]	reg	1	FF_X63_Y24_N31
token_q*	token_q[4]	reg	1	FF_X61_Y24_N13
token_q*	token_q[3]	reg	1	FF_X61_Y24_N46
token_q*	token_q[2]	reg	1	FF_X61_Y24_N26
token_q*	token_q[1]	reg	1	FF_X59_Y25_N46
token_q*	token_q[10]	reg	1	FF_X61_Y24_N19
token_q*	token_q[9]	reg	1	FF_X61_Y24_N28
token_q*	token_q[11]	reg	1	FF_X61_Y24_N43
token_q*	token_q[0]	reg	1	FF_X59_Y25_N13
Count	*round16_group_q*	8
*round16_group_q*	round16_group_q[3]	reg	1	FF_X77_Y74_N14
*round16_group_q*	round16_group_q[2]	reg	1	FF_X77_Y52_N14
*round16_group_q*	round16_group_q[1]	reg	1	FF_X77_Y74_N8
*round16_group_q*	round16_group_q[5]	reg	1	FF_X41_Y62_N56
*round16_group_q*	round16_group_q[7]	reg	1	FF_X48_Y82_N14
*round16_group_q*	round16_group_q[6]	reg	1	FF_X41_Y62_N32
*round16_group_q*	round16_group_q[0]	reg	1	FF_X66_Y78_N32
*round16_group_q*	round16_group_q[4]	reg	1	FF_X41_Y41_N38
Count	*return_scalar*	1
*return_scalar*	return_scalar.RET_SCALAR_H_ROUND	reg	1	FF_X63_Y44_N31
