------------------------------------------------------------
Timing Analyzer Summary
------------------------------------------------------------

Type  : Slow 1100mV 85C Model Setup 'clk'
Slack : 0.126
TNS   : 0.000

Type  : Slow 1100mV 85C Model Hold 'clk'
Slack : 0.244
TNS   : 0.000

Type  : Slow 1100mV 85C Model Recovery 'clk'
Slack : 0.221
TNS   : 0.000

Type  : Slow 1100mV 85C Model Removal 'clk'
Slack : 1.817
TNS   : 0.000

Type  : Slow 1100mV 85C Model Minimum Pulse Width 'clk'
Slack : 3.600
TNS   : 0.000

Type  : Slow 1100mV 0C Model Setup 'clk'
Slack : 0.151
TNS   : 0.000

Type  : Slow 1100mV 0C Model Hold 'clk'
Slack : 0.234
TNS   : 0.000

Type  : Slow 1100mV 0C Model Recovery 'clk'
Slack : 0.435
TNS   : 0.000

Type  : Slow 1100mV 0C Model Removal 'clk'
Slack : 3.434
TNS   : 0.000

Type  : Slow 1100mV 0C Model Minimum Pulse Width 'clk'
Slack : 3.548
TNS   : 0.000

Type  : Fast 1100mV 85C Model Setup 'clk'
Slack : 3.436
TNS   : 0.000

Type  : Fast 1100mV 85C Model Hold 'clk'
Slack : 0.128
TNS   : 0.000

Type  : Fast 1100mV 85C Model Recovery 'clk'
Slack : 4.390
TNS   : 0.000

Type  : Fast 1100mV 85C Model Removal 'clk'
Slack : 2.293
TNS   : 0.000

Type  : Fast 1100mV 85C Model Minimum Pulse Width 'clk'
Slack : 3.799
TNS   : 0.000

Type  : Fast 1100mV 0C Model Setup 'clk'
Slack : 4.014
TNS   : 0.000

Type  : Fast 1100mV 0C Model Hold 'clk'
Slack : 0.117
TNS   : 0.000

Type  : Fast 1100mV 0C Model Recovery 'clk'
Slack : 5.517
TNS   : 0.000

Type  : Fast 1100mV 0C Model Removal 'clk'
Slack : 1.160
TNS   : 0.000

Type  : Fast 1100mV 0C Model Minimum Pulse Width 'clk'
Slack : 3.789
TNS   : 0.000

------------------------------------------------------------
