----------------
; Command Info ;
----------------
Report Timing: Found 1 setup paths (0 violated).  Worst case slack is 6.880 

Tcl Command:
    report_timing -setup -show_routing -file {D:/2151097_Nguyen Nhut Khanh/docs/verification/timing/phase1a_linear_20261008/slow_1100mv_0c_scalar_return.rpt} -from [get_registers {op*}] -to [get_registers {*return_scalar*}] -nworst 1 -npaths 20 -detail full_path

Options:
    -from [get_registers {op*}] 
    -to [get_registers {*return_scalar*}] 
    -setup 
    -nworst 1 
    -npaths 20 
    -show_routing 
    -detail full_path 
    -file {D:/2151097_Nguyen Nhut Khanh/docs/verification/timing/phase1a_linear_20261008/slow_1100mv_0c_scalar_return.rpt} 

Delay Model:
    Slow 1100mV 0C Model

+----------------------------------------------------------------------------------------------------------------------------+
; Summary of Paths                                                                                                           ;
+-------+-----------+----------------------------------+--------------+-------------+--------------+------------+------------+
; Slack ; From Node ; To Node                          ; Launch Clock ; Latch Clock ; Relationship ; Clock Skew ; Data Delay ;
+-------+-----------+----------------------------------+--------------+-------------+--------------+------------+------------+
; 6.880 ; op[72]    ; return_scalar.RET_SCALAR_H_ROUND ; clk          ; clk         ; 10.000       ; -0.096     ; 2.924      ;
+-------+-----------+----------------------------------+--------------+-------------+--------------+------------+------------+

Path #1: Setup slack is 6.880 
===============================================================================
+-------------------------------------------------------+
; Path Summary                                          ;
+--------------------+----------------------------------+
; Property           ; Value                            ;
+--------------------+----------------------------------+
; From Node          ; op[72]                           ;
; To Node            ; return_scalar.RET_SCALAR_H_ROUND ;
; Launch Clock       ; clk                              ;
; Latch Clock        ; clk                              ;
; Data Arrival Time  ; 7.527                            ;
; Data Required Time ; 14.407                           ;
; Slack              ; 6.880                            ;
+--------------------+----------------------------------+

+-------------------------------------------------------------------------------------+
; Statistics                                                                          ;
+------------------------+--------+-------+-------------+------------+--------+-------+
; Property               ; Value  ; Count ; Total Delay ; % of Total ; Min    ; Max   ;
+------------------------+--------+-------+-------------+------------+--------+-------+
; Setup Relationship     ; 10.000 ;       ;             ;            ;        ;       ;
; Clock Skew             ; -0.096 ;       ;             ;            ;        ;       ;
; Data Delay             ; 2.924  ;       ;             ;            ;        ;       ;
; Number of Logic Levels ;        ; 1     ;             ;            ;        ;       ;
; Physical Delays        ;        ;       ;             ;            ;        ;       ;
;  Arrival Path          ;        ;       ;             ;            ;        ;       ;
;   Clock                ;        ;       ;             ;            ;        ;       ;
;    IC                  ;        ; 3     ; 0.001       ; 0          ; 0.000  ; 0.001 ;
;    Cell                ;        ; 3     ; 1.768       ; 38         ; 0.335  ; 0.917 ;
;    Routing Element     ;        ; 25    ; 2.834       ; 62         ; 0.000  ; 1.032 ;
;   Data                 ;        ;       ;             ;            ;        ;       ;
;    IC                  ;        ; 2     ; 0.001       ; 0          ; 0.000  ; 0.001 ;
;    Cell                ;        ; 3     ; 0.808       ; 28         ; 0.000  ; 0.538 ;
;    uTco                ;        ; 1     ; 0.000       ; 0          ; 0.000  ; 0.000 ;
;    Routing Element     ;        ; 12    ; 2.115       ; 72         ; 0.000  ; 0.308 ;
;  Required Path         ;        ;       ;             ;            ;        ;       ;
;   Clock                ;        ;       ;             ;            ;        ;       ;
;    IC                  ;        ; 3     ; -0.001      ; 0          ; -0.001 ; 0.000 ;
;    Cell                ;        ; 3     ; 1.709       ; 41         ; 0.312  ; 0.917 ;
;    Routing Element     ;        ; 25    ; 2.508       ; 59         ; 0.000  ; 0.989 ;
+------------------------+--------+-------+-------------+------------+--------+-------+
Note: Negative delays are omitted from totals when calculating percentages

+-------------------------------------------------------------------------------------------------------------------+
; Data Arrival Path                                                                                                 ;
+---------+---------+----+------+--------+-------------------------------------+------------------------------------+
; Total   ; Incr    ; RF ; Type ; Fanout ; Location                            ; Element                            ;
+---------+---------+----+------+--------+-------------------------------------+------------------------------------+
; 0.000   ; 0.000   ;    ;      ;        ;                                     ; launch edge time                   ;
; 4.603   ; 4.603   ;    ;      ;        ;                                     ; clock path                         ;
;   0.000 ;   0.000 ;    ;      ;        ;                                     ; source latency                     ;
;   0.000 ;   0.000 ;    ;      ; 1      ; PIN_AC18                            ; clk                                ;
;   0.000 ;   0.000 ;    ; RE   ; 1      ; IOPAD_X54_Y0_N0                     ; ARRIAV_IO_PAD                      ;
;   0.000 ;   0.000 ;    ; RE   ; 1      ; IO_PAD_OUTPUT_X54_Y0_N0_I1          ; IO_PAD_OUTPUT                      ;
;   0.000 ;   0.000 ;    ; RE   ; 1      ; IO_INPUT_BUFFER_INPUT_X54_Y0_N1_I0  ; IO_INPUT_BUFFER_INPUT              ;
;   0.000 ;   0.000 ; RR ; IC   ; 1      ; IOIBUF_X54_Y0_N1                    ; clk~input|i                        ;
;   0.917 ;   0.917 ; RR ; CELL ; 1      ; IOIBUF_X54_Y0_N1                    ; clk~input|o                        ;
;   0.917 ;   0.000 ;    ; RE   ; 1      ; IOIBUF_X54_Y0_N1                    ; ARRIAV_IO_IBUF                     ;
;   0.917 ;   0.000 ;    ; RE   ; 1      ; IO_INPUT_BUFFER_OUTPUT_X54_Y0_N1_I2 ; IO_INPUT_BUFFER_OUTPUT             ;
;   0.917 ;   0.000 ;    ; RE   ; 1      ; IO_RE_X54_Y0_N0_I96                 ; IO_RE                              ;
;   1.133 ;   0.216 ;    ; RE   ; 1      ; IO_RE_X54_Y0_N0_I66                 ; IO_RE                              ;
;   1.320 ;   0.187 ;    ; RE   ; 1      ; CLKBUF_CLUSTER_RE_X58_Y0_N0_I1614   ; CLKBUF_CLUSTER_RE                  ;
;   1.320 ;   0.000 ;    ; RE   ; 1      ; CLKBUF_CLUSTER_RE_X58_Y0_N0_I616    ; CLKBUF_CLUSTER_RE                  ;
;   1.320 ;   0.000 ;    ; RE   ; 1      ; GCLK_CLUSTER_RE_X58_Y0_N6_I10       ; GCLK_CLUSTER_RE                    ;
;   1.320 ;   0.000 ;    ; RE   ; 1      ; CLKBUFBLOCK_INPUT_X58_Y0_N7_I0      ; CLKBUFBLOCK_INPUT                  ;
;   1.320 ;   0.000 ; RR ; IC   ; 1      ; CLKCTRL_G6                          ; clk~inputCLKENA0|inclk             ;
;   1.655 ;   0.335 ; RR ; CELL ; 68215  ; CLKCTRL_G6                          ; clk~inputCLKENA0|outclk            ;
;   1.655 ;   0.000 ;    ; RE   ; 1      ; CLKCTRL_G6                          ; ARRIAV_CLKBUF                      ;
;   1.655 ;   0.000 ;    ; RE   ; 1      ; CLKBUFBLOCK_OUTPUT_X58_Y0_N7_I2     ; CLKBUFBLOCK_OUTPUT                 ;
;   1.655 ;   0.000 ;    ; RE   ; 1      ; GCLK_CLUSTER_RE_X58_Y0_N6_I12       ; GCLK_CLUSTER_RE                    ;
;   1.655 ;   0.000 ;    ; RE   ; 1      ; CLKBUF_CLUSTER_RE_X58_Y0_N0_I417    ; CLKBUF_CLUSTER_RE                  ;
;   2.687 ;   1.032 ;    ; RE   ; 16     ; GLOBAL_CLOCK_X0_Y58_N0_I6           ; GLOBAL_CLOCK                       ;
;   2.866 ;   0.179 ;    ; RE   ; 29     ; SPINE_CLOCK_X75_Y30_N0_I22          ; SPINE_CLOCK                        ;
;   3.325 ;   0.459 ;    ; RE   ; 1      ; SCLK_TO_ROWCLK_BUF_X75_Y47_N0_I133  ; SCLK_TO_ROWCLK_BUF                 ;
;   3.413 ;   0.088 ;    ; RE   ; 2      ; SCLK_TO_ROWCLK_BUF_X75_Y47_N0_I136  ; SCLK_TO_ROWCLK_BUF                 ;
;   3.852 ;   0.439 ;    ; RE   ; 14     ; LAB_CLK_X61_Y47_N0_I5               ; LAB_CLK                            ;
;   3.992 ;   0.140 ;    ; RE   ; 1      ; BLK_CLK_BUF_X61_Y47_N0_I5           ; BLK_CLK_BUF                        ;
;   4.047 ;   0.055 ;    ; RE   ; 1      ; ROWCLKSEL_PREBUF_X61_Y47_N0_I5      ; ROWCLKSEL_PREBUF                   ;
;   4.086 ;   0.039 ;    ; RE   ; 1      ; ROWCLKSEL_X61_Y47_N0_I0             ; ROWCLKSEL                          ;
;   4.086 ;   0.000 ;    ; RE   ; 2      ; GLOBAL_LOCAL_SEL_X61_Y47_N0_I0      ; GLOBAL_LOCAL_SEL                   ;
;   4.086 ;   0.000 ;    ; RE   ; 1      ; LAB_INPUT_X61_Y47_N0_I2             ; LAB_INPUT                          ;
;   4.087 ;   0.001 ; RR ; IC   ; 1      ; FF_X61_Y47_N56                      ; op[72]|clk                         ;
;   4.603 ;   0.516 ; RR ; CELL ; 1      ; FF_X61_Y47_N56                      ; op[72]                             ;
; 7.527   ; 2.924   ;    ;      ;        ;                                     ; data path                          ;
;   4.603 ;   0.000 ;    ; uTco ; 1      ; FF_X61_Y47_N56                      ; op[72]                             ;
;   4.603 ;   0.000 ; FF ; CELL ; 8      ; FF_X61_Y47_N56                      ; op[72]|q                           ;
;   4.660 ;   0.057 ;    ; RE   ; 3      ; FF_X61_Y47_N56                      ; ARRIAV_FF                          ;
;   4.730 ;   0.070 ;    ; RE   ; 2      ; LE_BUFFER_X61_Y47_N0_I37            ; LE_BUFFER                          ;
;   4.921 ;   0.191 ;    ; RE   ; 2      ; R3_X61_Y47_N0_I3                    ; H_SEG3                             ;
;   5.196 ;   0.275 ;    ; RE   ; 1      ; C4_X63_Y43_N0_I8                    ; V_SEG4                             ;
;   5.504 ;   0.308 ;    ; RE   ; 2      ; C4_X63_Y39_N0_I8                    ; V_SEG4                             ;
;   5.810 ;   0.306 ;    ; RE   ; 1      ; R6_X64_Y41_N0_I3                    ; H_SEG6                             ;
;   6.060 ;   0.250 ;    ; RE   ; 1      ; C2_X64_Y42_N0_I0                    ; V_SEG2                             ;
;   6.253 ;   0.193 ;    ; RE   ; 1      ; C2_X64_Y44_N0_I0                    ; V_SEG2                             ;
;   6.449 ;   0.196 ;    ; RE   ; 1      ; R3_X62_Y44_N0_I18                   ; H_SEG3                             ;
;   6.606 ;   0.157 ;    ; RE   ; 1      ; LOCAL_INTERCONNECT_X63_Y44_N0_I26   ; LAB_LINE                           ;
;   6.718 ;   0.112 ;    ; RE   ; 1      ; BLOCK_INPUT_MUX_X63_Y44_N0_I44      ; LEIM_INPUT                         ;
;   6.719 ;   0.001 ; FF ; IC   ; 1      ; MLABCELL_X63_Y44_N30                ; return_scalar~9|datac              ;
;   7.257 ;   0.538 ; FF ; CELL ; 1      ; MLABCELL_X63_Y44_N30                ; return_scalar~9|combout            ;
;   7.257 ;   0.000 ;    ; RE   ; 1      ; MLABCELL_X63_Y44_N30                ; ARRIAV_LCELL_COMB                  ;
;   7.257 ;   0.000 ; FF ; IC   ; 1      ; FF_X63_Y44_N31                      ; return_scalar.RET_SCALAR_H_ROUND|d ;
;   7.527 ;   0.270 ; FF ; CELL ; 1      ; FF_X63_Y44_N31                      ; return_scalar.RET_SCALAR_H_ROUND   ;
+---------+---------+----+------+--------+-------------------------------------+------------------------------------+

+-----------------------------------------------------------------------------------------------------------------------+
; Data Required Path                                                                                                    ;
+----------+----------+----+------+--------+-------------------------------------+--------------------------------------+
; Total    ; Incr     ; RF ; Type ; Fanout ; Location                            ; Element                              ;
+----------+----------+----+------+--------+-------------------------------------+--------------------------------------+
; 10.000   ; 10.000   ;    ;      ;        ;                                     ; latch edge time                      ;
; 14.507   ; 4.507    ;    ;      ;        ;                                     ; clock path                           ;
;   10.000 ;   0.000  ;    ;      ;        ;                                     ; source latency                       ;
;   10.000 ;   0.000  ;    ;      ; 1      ; PIN_AC18                            ; clk                                  ;
;   10.000 ;   0.000  ;    ; RE   ; 1      ; IOPAD_X54_Y0_N0                     ; ARRIAV_IO_PAD                        ;
;   10.000 ;   0.000  ;    ; RE   ; 1      ; IO_PAD_OUTPUT_X54_Y0_N0_I1          ; IO_PAD_OUTPUT                        ;
;   10.000 ;   0.000  ;    ; RE   ; 1      ; IO_INPUT_BUFFER_INPUT_X54_Y0_N1_I0  ; IO_INPUT_BUFFER_INPUT                ;
;   10.000 ;   0.000  ; RR ; IC   ; 1      ; IOIBUF_X54_Y0_N1                    ; clk~input|i                          ;
;   10.917 ;   0.917  ; RR ; CELL ; 1      ; IOIBUF_X54_Y0_N1                    ; clk~input|o                          ;
;   10.917 ;   0.000  ;    ; RE   ; 1      ; IOIBUF_X54_Y0_N1                    ; ARRIAV_IO_IBUF                       ;
;   10.917 ;   0.000  ;    ; RE   ; 1      ; IO_INPUT_BUFFER_OUTPUT_X54_Y0_N1_I2 ; IO_INPUT_BUFFER_OUTPUT               ;
;   10.917 ;   0.000  ;    ; RE   ; 1      ; IO_RE_X54_Y0_N0_I96                 ; IO_RE                                ;
;   11.095 ;   0.178  ;    ; RE   ; 1      ; IO_RE_X54_Y0_N0_I66                 ; IO_RE                                ;
;   11.095 ;   0.000  ;    ; RE   ; 1      ; CLKBUF_CLUSTER_RE_X58_Y0_N0_I1614   ; CLKBUF_CLUSTER_RE                    ;
;   11.095 ;   0.000  ;    ; RE   ; 1      ; CLKBUF_CLUSTER_RE_X58_Y0_N0_I616    ; CLKBUF_CLUSTER_RE                    ;
;   11.095 ;   0.000  ;    ; RE   ; 1      ; GCLK_CLUSTER_RE_X58_Y0_N6_I10       ; GCLK_CLUSTER_RE                      ;
;   11.095 ;   0.000  ;    ; RE   ; 1      ; CLKBUFBLOCK_INPUT_X58_Y0_N7_I0      ; CLKBUFBLOCK_INPUT                    ;
;   11.095 ;   0.000  ; RR ; IC   ; 1      ; CLKCTRL_G6                          ; clk~inputCLKENA0|inclk               ;
;   11.407 ;   0.312  ; RR ; CELL ; 68215  ; CLKCTRL_G6                          ; clk~inputCLKENA0|outclk              ;
;   11.407 ;   0.000  ;    ; RE   ; 1      ; CLKCTRL_G6                          ; ARRIAV_CLKBUF                        ;
;   11.407 ;   0.000  ;    ; RE   ; 1      ; CLKBUFBLOCK_OUTPUT_X58_Y0_N7_I2     ; CLKBUFBLOCK_OUTPUT                   ;
;   11.407 ;   0.000  ;    ; RE   ; 1      ; GCLK_CLUSTER_RE_X58_Y0_N6_I12       ; GCLK_CLUSTER_RE                      ;
;   11.407 ;   0.000  ;    ; RE   ; 1      ; CLKBUF_CLUSTER_RE_X58_Y0_N0_I417    ; CLKBUF_CLUSTER_RE                    ;
;   12.396 ;   0.989  ;    ; RE   ; 16     ; GLOBAL_CLOCK_X0_Y58_N0_I6           ; GLOBAL_CLOCK                         ;
;   12.568 ;   0.172  ;    ; RE   ; 29     ; SPINE_CLOCK_X75_Y30_N0_I22          ; SPINE_CLOCK                          ;
;   13.011 ;   0.443  ;    ; RE   ; 1      ; SCLK_TO_ROWCLK_BUF_X75_Y44_N0_I133  ; SCLK_TO_ROWCLK_BUF                   ;
;   13.096 ;   0.085  ;    ; RE   ; 2      ; SCLK_TO_ROWCLK_BUF_X75_Y44_N0_I136  ; SCLK_TO_ROWCLK_BUF                   ;
;   13.519 ;   0.423  ;    ; RE   ; 14     ; LAB_CLK_X61_Y44_N0_I5               ; LAB_CLK                              ;
;   13.648 ;   0.129  ;    ; RE   ; 1      ; BLK_CLK_BUF_X63_Y44_N0_I5           ; BLK_CLK_BUF                          ;
;   13.701 ;   0.053  ;    ; RE   ; 1      ; ROWCLKSEL_PREBUF_X63_Y44_N0_I5      ; ROWCLKSEL_PREBUF                     ;
;   13.737 ;   0.036  ;    ; RE   ; 1      ; ROWCLKSEL_X63_Y44_N0_I0             ; ROWCLKSEL                            ;
;   13.737 ;   0.000  ;    ; RE   ; 3      ; GLOBAL_LOCAL_SEL_X63_Y44_N0_I0      ; GLOBAL_LOCAL_SEL                     ;
;   13.737 ;   0.000  ;    ; RE   ; 6      ; LAB_INPUT_X63_Y44_N0_I1             ; LAB_INPUT                            ;
;   13.736 ;   -0.001 ; RR ; IC   ; 1      ; FF_X63_Y44_N31                      ; return_scalar.RET_SCALAR_H_ROUND|clk ;
;   14.216 ;   0.480  ; RR ; CELL ; 1      ; FF_X63_Y44_N31                      ; return_scalar.RET_SCALAR_H_ROUND     ;
;   14.507 ;   0.291  ;    ;      ;        ;                                     ; clock pessimism removed              ;
; 14.407   ; -0.100   ;    ;      ;        ;                                     ; clock uncertainty                    ;
; 14.407   ; 0.000    ;    ; uTsu ; 1      ; FF_X63_Y44_N31                      ; return_scalar.RET_SCALAR_H_ROUND     ;
+----------+----------+----+------+--------+-------------------------------------+--------------------------------------+

----------------------------
; Extra Fitter Information ;
----------------------------
HTML report is unavailable in plain text report export.


