Info: *******************************************************************
Info: Running Quartus Prime Analysis & Synthesis
    Info: Version 18.1.0 Build 625 09/12/2018 SJ Lite Edition
    Info: Copyright (C) 2018  Intel Corporation. All rights reserved.
    Info: Your use of Intel Corporation's design tools, logic functions 
    Info: and other software and tools, and its AMPP partner logic 
    Info: functions, and any output files from any of the foregoing 
    Info: (including device programming or simulation files), and any 
    Info: associated documentation or information are expressly subject 
    Info: to the terms and conditions of the Intel Program License 
    Info: Subscription Agreement, the Intel Quartus Prime License Agreement,
    Info: the Intel FPGA IP License Agreement, or other applicable license
    Info: agreement, including, without limitation, that your use is for
    Info: the sole purpose of programming logic devices manufactured by
    Info: Intel and sold by Intel or its authorized distributors.  Please
    Info: refer to the applicable agreement for further details.
    Info: Processing started: Thu Oct 01 21:58:01 2026
Info: Command: quartus_map --read_settings_files=on --write_settings_files=off llm_soc -c llm_soc
Info (20030): Parallel compilation is enabled and will use 16 of the 16 processors detected
Info (12021): Found 1 design units, including 0 entities, in source file rtl/npu_pkg.sv
    Info (12022): Found design unit 1: npu_pkg (SystemVerilog) File: D:/2151097_Nguyen Nhut Khanh/tests/sim/fullrtl100_current_build/rtl/npu_pkg.sv Line: 1
Info (12021): Found 1 design units, including 0 entities, in source file rtl/llm_pkg.sv
    Info (12022): Found design unit 1: llm_pkg (SystemVerilog) File: D:/2151097_Nguyen Nhut Khanh/tests/sim/fullrtl100_current_build/rtl/llm_pkg.sv Line: 1
Info (12021): Found 1 design units, including 1 entities, in source file rtl/div.sv
    Info (12023): Found entity 1: div File: D:/2151097_Nguyen Nhut Khanh/tests/sim/fullrtl100_current_build/rtl/div.sv Line: 3
Info (12021): Found 1 design units, including 1 entities, in source file rtl/llm_bank_ram.sv
    Info (12023): Found entity 1: llm_bank_ram File: D:/2151097_Nguyen Nhut Khanh/tests/sim/fullrtl100_current_build/rtl/llm_bank_ram.sv Line: 3
Info (12021): Found 1 design units, including 1 entities, in source file rtl/llm_math.sv
    Info (12023): Found entity 1: llm_math File: D:/2151097_Nguyen Nhut Khanh/tests/sim/fullrtl100_current_build/rtl/llm_math.sv Line: 3
Info (12021): Found 1 design units, including 1 entities, in source file rtl/llm_soc.sv
    Info (12023): Found entity 1: llm_soc File: D:/2151097_Nguyen Nhut Khanh/tests/sim/fullrtl100_current_build/rtl/llm_soc.sv Line: 3
Info (12021): Found 2 design units, including 2 entities, in source file rtl/norm.sv
    Info (12023): Found entity 1: isqrt_u64 File: D:/2151097_Nguyen Nhut Khanh/tests/sim/fullrtl100_current_build/rtl/norm.sv Line: 1
    Info (12023): Found entity 2: norm File: D:/2151097_Nguyen Nhut Khanh/tests/sim/fullrtl100_current_build/rtl/norm.sv Line: 65
Info (12021): Found 1 design units, including 1 entities, in source file rtl/sigmoid.sv
    Info (12023): Found entity 1: sigmoid File: D:/2151097_Nguyen Nhut Khanh/tests/sim/fullrtl100_current_build/rtl/sigmoid.sv Line: 1
Info (12021): Found 1 design units, including 1 entities, in source file rtl/sram_256_wrapper.sv
    Info (12023): Found entity 1: sram_256_wrapper File: D:/2151097_Nguyen Nhut Khanh/tests/sim/fullrtl100_current_build/rtl/sram_256_wrapper.sv Line: 3
Info (12127): Elaborating entity "llm_soc" for the top level hierarchy
Warning (10762): Verilog HDL Case Statement warning at llm_soc.sv(120): can't check case statement for completeness because the case expression has too many possible states File: D:/2151097_Nguyen Nhut Khanh/tests/sim/fullrtl100_current_build/rtl/llm_soc.sv Line: 120
Warning (10230): Verilog HDL assignment warning at llm_soc.sv(365): truncated value with size 5 to match size of target (4) File: D:/2151097_Nguyen Nhut Khanh/tests/sim/fullrtl100_current_bui
