------------------------------------------------------------
Timing Analyzer Summary
------------------------------------------------------------

Type  : Slow 1100mV 85C Model Setup 'clk'
Slack : -1.430
TNS   : -157.190

Type  : Slow 1100mV 85C Model Hold 'clk'
Slack : 0.247
TNS   : 0.000

Type  : Slow 1100mV 85C Model Recovery 'clk'
Slack : 4.518
TNS   : 0.000

Type  : Slow 1100mV 85C Model Removal 'clk'
Slack : 0.765
TNS   : 0.000

Type  : Slow 1100mV 85C Model Minimum Pulse Width 'clk'
Slack : 3.600
TNS   : 0.000

Type  : Slow 1100mV 0C Model Setup 'clk'
Slack : -1.253
TNS   : -250.719

Type  : Slow 1100mV 0C Model Hold 'clk'
Slack : 0.236
TNS   : 0.000

Type  : Slow 1100mV 0C Model Recovery 'clk'
Slack : 4.697
TNS   : 0.000

Type  : Slow 1100mV 0C Model Removal 'clk'
Slack : 0.635
TNS   : 0.000

Type  : Slow 1100mV 0C Model Minimum Pulse Width 'clk'
Slack : 3.548
TNS   : 0.000

Type  : Fast 1100mV 85C Model Setup 'clk'
Slack : 2.354
TNS   : 0.000

Type  : Fast 1100mV 85C Model Hold 'clk'
Slack : 0.130
TNS   : 0.000

Type  : Fast 1100mV 85C Model Recovery 'clk'
Slack : 6.180
TNS   : 0.000

Type  : Fast 1100mV 85C Model Removal 'clk'
Slack : 0.735
TNS   : 0.000

Type  : Fast 1100mV 85C Model Minimum Pulse Width 'clk'
Slack : 3.799
TNS   : 0.000

Type  : Fast 1100mV 0C Model Setup 'clk'
Slack : 3.339
TNS   : 0.000

Type  : Fast 1100mV 0C Model Hold 'clk'
Slack : 0.118
TNS   : 0.000

Type  : Fast 1100mV 0C Model Recovery 'clk'
Slack : 6.191
TNS   : 0.000

Type  : Fast 1100mV 0C Model Removal 'clk'
Slack : 0.730
TNS   : 0.000

Type  : Fast 1100mV 0C Model Minimum Pulse Width 'clk'
Slack : 3.789
TNS   : 0.000

------------------------------------------------------------
