------------------------------------------------------------
Timing Analyzer Summary
------------------------------------------------------------

Type  : Slow 1100mV 85C Model Setup 'clk'
Slack : -0.769
TNS   : -28.611

Type  : Slow 1100mV 85C Model Hold 'clk'
Slack : -0.152
TNS   : -0.499

Type  : Slow 1100mV 85C Model Recovery 'clk'
Slack : -1.288
TNS   : -7.565

Type  : Slow 1100mV 85C Model Removal 'clk'
Slack : 4.156
TNS   : 0.000

Type  : Slow 1100mV 85C Model Minimum Pulse Width 'clk'
Slack : 3.541
TNS   : 0.000

Type  : Slow 1100mV 0C Model Setup 'clk'
Slack : -0.782
TNS   : -26.071

Type  : Slow 1100mV 0C Model Hold 'clk'
Slack : 0.235
TNS   : 0.000

Type  : Slow 1100mV 0C Model Recovery 'clk'
Slack : -0.910
TNS   : -5.311

Type  : Slow 1100mV 0C Model Removal 'clk'
Slack : 3.743
TNS   : 0.000

Type  : Slow 1100mV 0C Model Minimum Pulse Width 'clk'
Slack : 3.507
TNS   : 0.000

Type  : Fast 1100mV 85C Model Setup 'clk'
Slack : 3.094
TNS   : 0.000

Type  : Fast 1100mV 85C Model Hold 'clk'
Slack : 0.128
TNS   : 0.000

Type  : Fast 1100mV 85C Model Recovery 'clk'
Slack : 3.020
TNS   : 0.000

Type  : Fast 1100mV 85C Model Removal 'clk'
Slack : 2.317
TNS   : 0.000

Type  : Fast 1100mV 85C Model Minimum Pulse Width 'clk'
Slack : 3.877
TNS   : 0.000

Type  : Fast 1100mV 0C Model Setup 'clk'
Slack : 3.417
TNS   : 0.000

Type  : Fast 1100mV 0C Model Hold 'clk'
Slack : 0.046
TNS   : 0.000

Type  : Fast 1100mV 0C Model Recovery 'clk'
Slack : 3.421
TNS   : 0.000

Type  : Fast 1100mV 0C Model Removal 'clk'
Slack : 1.957
TNS   : 0.000

Type  : Fast 1100mV 0C Model Minimum Pulse Width 'clk'
Slack : 3.872
TNS   : 0.000

------------------------------------------------------------
